<?xml version="1.0" encoding="UTF-8"?>
<testsuites name="deno test" tests="6659" failures="1" errors="0" time="312.720">
    <testsuite name="./test/CRISPR/Aliases.ts" tests="4" disabled="0" errors="0" failures="0">
        <testcase name="editAliases" classname="./test/CRISPR/Aliases.ts" time="0.001" line="3" col="6">
        </testcase>
        <testcase name="editAliases rewrites toUUID" classname="./test/CRISPR/Aliases.ts" time="0.000" line="16" col="6">
        </testcase>
        <testcase name="editAliases rewrites neuron uuid" classname="./test/CRISPR/Aliases.ts" time="0.000" line="37" col="6">
        </testcase>
        <testcase name="editAliases no-op when alias matches nothing" classname="./test/CRISPR/Aliases.ts" time="0.000" line="57" col="6">
        </testcase>
    </testsuite>
    <testsuite name="./test/CRISPR/CRISPRCycling.ts" tests="5" disabled="0" errors="0" failures="0">
        <testcase name="CRISPR cycling - CRISPRs survive across generations" classname="./test/CRISPR/CRISPRCycling.ts" time="0.133" line="26" col="6">
        </testcase>
        <testcase name="CRISPR cycling - failed CRISPR retryable on mutated creature" classname="./test/CRISPR/CRISPRCycling.ts" time="0.000" line="105" col="6">
        </testcase>
        <testcase name="CRISPR cycling - default maxCRISPRsPerGeneration is 1" classname="./test/CRISPR/CRISPRCycling.ts" time="0.062" line="166" col="6">
        </testcase>
        <testcase name="CRISPR cycling - multiple CRISPRs per generation" classname="./test/CRISPR/CRISPRCycling.ts" time="0.001" line="235" col="6">
        </testcase>
        <testcase name="CRISPR cycling - round-robin across generations" classname="./test/CRISPR/CRISPRCycling.ts" time="0.001" line="319" col="6">
        </testcase>
    </testsuite>
    <testsuite name="./test/CRISPR/CRISPR.ts" tests="7" disabled="0" errors="0" failures="0">
        <testcase name="CRISPR" classname="./test/CRISPR/CRISPR.ts" time="0.020" line="11" col="6">
        </testcase>
        <testcase name="CRISPR_twice" classname="./test/CRISPR/CRISPR.ts" time="0.008" line="43" col="6">
        </testcase>
        <testcase name="CRISPR-Volume" classname="./test/CRISPR/CRISPR.ts" time="0.009" line="70" col="6">
        </testcase>
        <testcase name="REMOVE" classname="./test/CRISPR/CRISPR.ts" time="0.014" line="105" col="6">
        </testcase>
        <testcase name="CRISPR-multi-outputs1" classname="./test/CRISPR/CRISPR.ts" time="0.002" line="136" col="6">
        </testcase>
        <testcase name="CRISPR-multi-outputs2" classname="./test/CRISPR/CRISPR.ts" time="0.001" line="231" col="6">
        </testcase>
        <testcase name="CRISPR-uuid" classname="./test/CRISPR/CRISPR.ts" time="0.001" line="301" col="6">
        </testcase>
    </testsuite>
    <testsuite name="./test/CRISPR/AppendDemoteOutput.ts" tests="4" disabled="0" errors="0" failures="0">
        <testcase name="CRISPR constants - FROM_RELATIVE_DEMOTED_OUTPUT is one less than the default first DNA output index" classname="./test/CRISPR/AppendDemoteOutput.ts" time="0.000" line="20" col="6">
        </testcase>
        <testcase name="CRISPR append+demote - fromRelative: FROM_RELATIVE_DEMOTED_OUTPUT wires the demoted previous output into the new output (Issue #2509)" classname="./test/CRISPR/AppendDemoteOutput.ts" time="0.007" line="29" col="6">
        </testcase>
        <testcase name="CRISPR append+demote - DNA-SANE.json reproduces the multi-output demote pattern with relative anchors" classname="./test/CRISPR/AppendDemoteOutput.ts" time="0.001" line="105" col="6">
        </testcase>
        <testcase name="CRISPR append+demote - demoted previous outputs with wire-format `output-N` uuids do not collide with new outputs (Issue #2618, multi-output)" classname="./test/CRISPR/AppendDemoteOutput.ts" time="0.005" line="175" col="6">
        </testcase>
    </testsuite>
    <testsuite name="./test/CRISPR/CRISPRUntestedPaths.ts" tests="8" disabled="0" errors="0" failures="0">
        <testcase name="cleaveDNA - returns original creature when modification produces invalid result" classname="./test/CRISPR/CRISPRUntestedPaths.ts" time="0.009" line="51" col="6">
        </testcase>
        <testcase name="cleaveDNA - detects already-processed DNA via synapse CRISPR tag" classname="./test/CRISPR/CRISPRUntestedPaths.ts" time="0.000" line="90" col="6">
        </testcase>
        <testcase name="cleaveDNA - no CRISPR-SOURCE/CRISPR-DNA tags when UUID is unchanged" classname="./test/CRISPR/CRISPRUntestedPaths.ts" time="0.003" line="125" col="6">
        </testcase>
        <testcase name="insert - skips neuron whose UUID already exists in creature" classname="./test/CRISPR/CRISPRUntestedPaths.ts" time="0.000" line="157" col="6">
        </testcase>
        <testcase name="cleaveDNA - insert with output neurons skips invalid DNA (warn, return original)" classname="./test/CRISPR/CRISPRUntestedPaths.ts" time="0.000" line="193" col="6">
        </testcase>
        <testcase name="append - re-assigns UUID when hidden neuron UUID collides with existing" classname="./test/CRISPR/CRISPRUntestedPaths.ts" time="0.001" line="233" col="6">
        </testcase>
        <testcase name="append - handles output neurons without index field" classname="./test/CRISPR/CRISPRUntestedPaths.ts" time="0.003" line="294" col="6">
        </testcase>
        <testcase name="CRISPRs survive deepCloneAndShuffle round-trip" classname="./test/CRISPR/CRISPRUntestedPaths.ts" time="0.000" line="333" col="6">
        </testcase>
    </testsuite>
    <testsuite name="./test/CRISPR/CheckDNACompatibility.ts" tests="10" disabled="0" errors="0" failures="0">
        <testcase name="checkDNACompatibility - insert mode rejects missing fromId" classname="./test/CRISPR/CheckDNACompatibility.ts" time="0.007" line="73" col="6">
        </testcase>
        <testcase name="checkDNACompatibility - insert mode rejects missing toId" classname="./test/CRISPR/CheckDNACompatibility.ts" time="0.000" line="96" col="6">
        </testcase>
        <testcase name="checkDNACompatibility - append mode rejects missing fromId" classname="./test/CRISPR/CheckDNACompatibility.ts" time="0.000" line="117" col="6">
        </testcase>
        <testcase name="checkDNACompatibility - append mode rejects missing toId" classname="./test/CRISPR/CheckDNACompatibility.ts" time="0.000" line="140" col="6">
        </testcase>
        <testcase name="checkDNACompatibility - error message lists all missing UUIDs" classname="./test/CRISPR/CheckDNACompatibility.ts" time="0.000" line="163" col="6">
        </testcase>
        <testcase name="checkDNACompatibility - DNA-defined neurons are included in UUID set" classname="./test/CRISPR/CheckDNACompatibility.ts" time="0.004" line="210" col="6">
        </testcase>
        <testcase name="checkDNACompatibility - compatible insert-mode DNA passes through" classname="./test/CRISPR/CheckDNACompatibility.ts" time="0.001" line="250" col="6">
        </testcase>
        <testcase name="checkDNACompatibility - append mode with non-UUID refs passes through" classname="./test/CRISPR/CheckDNACompatibility.ts" time="0.004" line="289" col="6">
        </testcase>
        <testcase name="checkDNACompatibility - reports only missing UUIDs, not valid ones" classname="./test/CRISPR/CheckDNACompatibility.ts" time="0.000" line="312" col="6">
        </testcase>
        <testcase name="checkDNACompatibility - catches errors before creature modification" classname="./test/CRISPR/CheckDNACompatibility.ts" time="0.001" line="362" col="6">
        </testcase>
    </testsuite>
    <testsuite name="./test/CRISPR/CrisprError.ts" tests="17" disabled="0" errors="0" failures="0">
        <testcase name="CrisprError - has correct name and code properties" classname="./test/CRISPR/CrisprError.ts" time="0.001" line="31" col="6">
        </testcase>
        <testcase name="CrisprError - supports all error codes" classname="./test/CRISPR/CrisprError.ts" time="0.000" line="40" col="6">
        </testcase>
        <testcase name="CrisprError - insert with missing fromUUID returns original creature" classname="./test/CRISPR/CrisprError.ts" time="0.004" line="57" col="6">
        </testcase>
        <testcase name="CrisprError - insert with missing toUUID returns original creature" classname="./test/CRISPR/CrisprError.ts" time="0.000" line="74" col="6">
        </testcase>
        <testcase name="CrisprError - append with missing fromId UUID returns original creature" classname="./test/CRISPR/CrisprError.ts" time="0.000" line="90" col="6">
        </testcase>
        <testcase name="CrisprError - append with missing toId UUID returns original creature" classname="./test/CRISPR/CrisprError.ts" time="0.000" line="110" col="6">
        </testcase>
        <testcase name="CrisprError - insert throws INVALID_DNA for output neurons" classname="./test/CRISPR/CrisprError.ts" time="0.001" line="145" col="6">
        </testcase>
        <testcase name="CrisprError - insert throws INVALID_DNA for relative synapses" classname="./test/CRISPR/CrisprError.ts" time="0.000" line="167" col="6">
        </testcase>
        <testcase name="CrisprError - insert throws INVALID_DNA for static from index" classname="./test/CRISPR/CrisprError.ts" time="0.000" line="186" col="6">
        </testcase>
        <testcase name="CrisprError - insert throws INVALID_DNA for missing synapse UUID" classname="./test/CRISPR/CrisprError.ts" time="0.000" line="205" col="6">
        </testcase>
        <testcase name="CrisprError - insert throws MISSING_UUID when fromUUID not found" classname="./test/CRISPR/CrisprError.ts" time="0.000" line="224" col="6">
        </testcase>
        <testcase name="CrisprError - insert throws MISSING_UUID when toUUID not found" classname="./test/CRISPR/CrisprError.ts" time="0.000" line="243" col="6">
        </testcase>
        <testcase name="CrisprError - append throws MISSING_UUID when fromId not found" classname="./test/CRISPR/CrisprError.ts" time="0.001" line="262" col="6">
        </testcase>
        <testcase name="CrisprError - append throws MISSING_UUID when toId not found" classname="./test/CRISPR/CrisprError.ts" time="0.000" line="286" col="6">
        </testcase>
        <testcase name="CrisprError - append throws INVALID_CONNECTION for negative from index" classname="./test/CRISPR/CrisprError.ts" time="0.000" line="310" col="6">
        </testcase>
        <testcase name="CrisprError - append throws INVALID_CONNECTION for non-finite to index" classname="./test/CRISPR/CrisprError.ts" time="0.000" line="332" col="6">
        </testcase>
        <testcase name="CrisprError - cleaveDNA returns original creature on operational CrisprError" classname="./test/CRISPR/CrisprError.ts" time="0.000" line="356" col="6">
        </testcase>
    </testsuite>
    <testsuite name="./test/CRISPR/ForwardOnly.ts" tests="1" disabled="0" errors="0" failures="0">
        <testcase name="CRISPR: rejects backward synapse injection for 4.x forward-only creatures" classname="./test/CRISPR/ForwardOnly.ts" time="0.010" line="14" col="6">
        </testcase>
    </testsuite>
    <testsuite name="./test/CRISPR/ForwardOnlySemanticVersionBump.ts" tests="1" disabled="0" errors="0" failures="0">
        <testcase name="CRISPR: preserves semanticVersion through forward-only mutation" classname="./test/CRISPR/ForwardOnlySemanticVersionBump.ts" time="0.014" line="14" col="6">
        </testcase>
    </testsuite>
    <testsuite name="./test/CRISPR/From.ts" tests="1" disabled="0" errors="0" failures="0">
        <testcase name="FromUUID" classname="./test/CRISPR/From.ts" time="0.021" line="8" col="6">
        </testcase>
    </testsuite>
    <testsuite name="./test/CRISPR/Inject.ts" tests="1" disabled="0" errors="0" failures="0">
        <testcase name="CRISPR inject" classname="./test/CRISPR/Inject.ts" time="25.526" line="11" col="6">
        </testcase>
    </testsuite>
    <testsuite name="./test/CRISPR/UuidAliases.ts" tests="6" disabled="0" errors="0" failures="0">
        <testcase name="editAliases resolves UUID aliases in synapse fromUUID" classname="./test/CRISPR/UuidAliases.ts" time="0.001" line="4" col="6">
        </testcase>
        <testcase name="editAliases resolves UUID aliases in synapse toUUID" classname="./test/CRISPR/UuidAliases.ts" time="0.000" line="26" col="6">
        </testcase>
        <testcase name="editAliases resolves UUID aliases in neuron uuid" classname="./test/CRISPR/UuidAliases.ts" time="0.000" line="43" col="6">
        </testcase>
        <testcase name="editAliases UUID aliases no-op when nothing matches" classname="./test/CRISPR/UuidAliases.ts" time="0.000" line="66" col="6">
        </testcase>
        <testcase name="editAliases numeric aliases still work (backward compatible)" classname="./test/CRISPR/UuidAliases.ts" time="0.000" line="87" col="6">
        </testcase>
        <testcase name="editAliases does not mutate original DNA" classname="./test/CRISPR/UuidAliases.ts" time="0.000" line="102" col="6">
        </testcase>
    </testsuite>
    <testsuite name="./test/CRISPR/ValidateDNA.ts" tests="29" disabled="0" errors="0" failures="0">
        <testcase name="validateDNA - missing id throws descriptive error" classname="./test/CRISPR/ValidateDNA.ts" time="0.001" line="4" col="6">
        </testcase>
        <testcase name="validateDNA - empty id throws descriptive error" classname="./test/CRISPR/ValidateDNA.ts" time="0.000" line="16" col="6">
        </testcase>
        <testcase name="validateDNA - invalid mode throws descriptive error" classname="./test/CRISPR/ValidateDNA.ts" time="0.000" line="29" col="6">
        </testcase>
        <testcase name="validateDNA - missing mode defaults to append (no throw)" classname="./test/CRISPR/ValidateDNA.ts" time="0.000" line="42" col="6">
        </testcase>
        <testcase name="validateDNA - missing weight throws descriptive error" classname="./test/CRISPR/ValidateDNA.ts" time="0.000" line="54" col="6">
        </testcase>
        <testcase name="validateDNA - non-finite weight throws descriptive error" classname="./test/CRISPR/ValidateDNA.ts" time="0.000" line="67" col="6">
        </testcase>
        <testcase name="validateDNA - insert-mode with static from index throws" classname="./test/CRISPR/ValidateDNA.ts" time="0.000" line="80" col="6">
        </testcase>
        <testcase name="validateDNA - insert-mode with static to index throws" classname="./test/CRISPR/ValidateDNA.ts" time="0.000" line="93" col="6">
        </testcase>
        <testcase name="validateDNA - insert-mode with fromRelative throws" classname="./test/CRISPR/ValidateDNA.ts" time="0.000" line="106" col="6">
        </testcase>
        <testcase name="validateDNA - insert-mode with toRelative throws" classname="./test/CRISPR/ValidateDNA.ts" time="0.000" line="119" col="6">
        </testcase>
        <testcase name="validateDNA - insert-mode with output neurons throws" classname="./test/CRISPR/ValidateDNA.ts" time="0.000" line="132" col="6">
        </testcase>
        <testcase name="validateDNA - neuron missing type throws" classname="./test/CRISPR/ValidateDNA.ts" time="0.000" line="148" col="6">
        </testcase>
        <testcase name="validateDNA - neuron missing squash throws" classname="./test/CRISPR/ValidateDNA.ts" time="0.000" line="164" col="6">
        </testcase>
        <testcase name="validateDNA - neuron missing bias throws" classname="./test/CRISPR/ValidateDNA.ts" time="0.000" line="180" col="6">
        </testcase>
        <testcase name="validateDNA - valid append-mode DNA passes" classname="./test/CRISPR/ValidateDNA.ts" time="0.000" line="196" col="6">
        </testcase>
        <testcase name="validateDNA - valid insert-mode DNA passes" classname="./test/CRISPR/ValidateDNA.ts" time="0.000" line="215" col="6">
        </testcase>
        <testcase name="validateDNA - accepts legacy &apos;nodes&apos; and &apos;connections&apos; fields" classname="./test/CRISPR/ValidateDNA.ts" time="0.000" line="232" col="6">
        </testcase>
        <testcase name="validateDNA - append-mode synapse missing all source references throws" classname="./test/CRISPR/ValidateDNA.ts" time="0.000" line="249" col="6">
        </testcase>
        <testcase name="validateDNA - append-mode synapse missing all target references throws" classname="./test/CRISPR/ValidateDNA.ts" time="0.000" line="262" col="6">
        </testcase>
        <testcase name="validateDNA - append-mode synapse with no references at all throws" classname="./test/CRISPR/ValidateDNA.ts" time="0.000" line="275" col="6">
        </testcase>
        <testcase name="validateDNA - append-mode synapse with fromRelative/toRelative passes" classname="./test/CRISPR/ValidateDNA.ts" time="0.000" line="288" col="6">
        </testcase>
        <testcase name="validateDNA - append-mode synapse with fromId/toId passes" classname="./test/CRISPR/ValidateDNA.ts" time="0.000" line="299" col="6">
        </testcase>
        <testcase name="validateDNA - append-mode synapse with fromUUID/toUUID alone passes (Issue #2509)" classname="./test/CRISPR/ValidateDNA.ts" time="0.000" line="310" col="6">
        </testcase>
        <testcase name="validateDNA - append-mode synapse with only fromUUID still requires a target reference" classname="./test/CRISPR/ValidateDNA.ts" time="0.000" line="328" col="6">
        </testcase>
        <testcase name="validateDNA - append-mode synapse with only toUUID still requires a source reference" classname="./test/CRISPR/ValidateDNA.ts" time="0.000" line="341" col="6">
        </testcase>
        <testcase name="validateDNA - insert-mode synapse with fromUUID/toUUID still passes" classname="./test/CRISPR/ValidateDNA.ts" time="0.000" line="354" col="6">
        </testcase>
        <testcase name="validateDNA - default mode synapse missing source reference throws" classname="./test/CRISPR/ValidateDNA.ts" time="0.000" line="370" col="6">
        </testcase>
        <testcase name="validateDNA - null input throws" classname="./test/CRISPR/ValidateDNA.ts" time="0.000" line="383" col="6">
        </testcase>
        <testcase name="validateDNA - missing synapses throws" classname="./test/CRISPR/ValidateDNA.ts" time="0.000" line="391" col="6">
        </testcase>
    </testsuite>
    <testsuite name="./test/ErrorGuidedStructuralEvolution/AnalysisHeapGuard.ts" tests="11" disabled="0" errors="0" failures="0">
        <testcase name="sampleHeapPressure: critical when ratio above default threshold" classname="./test/ErrorGuidedStructuralEvolution/AnalysisHeapGuard.ts" time="0.001" line="30" col="6">
        </testcase>
        <testcase name="sampleHeapPressure: warning between warning and critical" classname="./test/ErrorGuidedStructuralEvolution/AnalysisHeapGuard.ts" time="0.000" line="39" col="6">
        </testcase>
        <testcase name="sampleHeapPressure: normal below warning threshold" classname="./test/ErrorGuidedStructuralEvolution/AnalysisHeapGuard.ts" time="0.000" line="47" col="6">
        </testcase>
        <testcase name="sampleHeapPressure: heapTotal=0 reports normal (no telemetry)" classname="./test/ErrorGuidedStructuralEvolution/AnalysisHeapGuard.ts" time="0.000" line="55" col="6">
        </testcase>
        <testcase name="isHeapCritical: returns true when heap at critical" classname="./test/ErrorGuidedStructuralEvolution/AnalysisHeapGuard.ts" time="0.000" line="64" col="6">
        </testcase>
        <testcase name="isHeapCritical: false when monitoring disabled even if heap critical" classname="./test/ErrorGuidedStructuralEvolution/AnalysisHeapGuard.ts" time="0.000" line="74" col="6">
        </testcase>
        <testcase name="isHeapCritical: respects custom criticalThreshold" classname="./test/ErrorGuidedStructuralEvolution/AnalysisHeapGuard.ts" time="0.000" line="85" col="6">
        </testcase>
        <testcase name="checkAnalysisHeapAbort: aborts and logs once when critical" classname="./test/ErrorGuidedStructuralEvolution/AnalysisHeapGuard.ts" time="0.000" line="97" col="6">
        </testcase>
        <testcase name="checkAnalysisHeapAbort: no abort and no log when normal" classname="./test/ErrorGuidedStructuralEvolution/AnalysisHeapGuard.ts" time="0.000" line="118" col="6">
        </testcase>
        <testcase name="checkAnalysisHeapAbort: no abort when monitoring disabled even if critical" classname="./test/ErrorGuidedStructuralEvolution/AnalysisHeapGuard.ts" time="0.000" line="131" col="6">
        </testcase>
        <testcase name="_setHeapGuardProviderForTests: module-level override is honoured" classname="./test/ErrorGuidedStructuralEvolution/AnalysisHeapGuard.ts" time="0.000" line="144" col="6">
        </testcase>
    </testsuite>
    <testsuite name="./test/ErrorGuidedStructuralEvolution/AnalyzeParallelGpuGuard.ts" tests="4" disabled="3" errors="0" failures="0">
        <testcase name="analyzeParallel returns graceful failure when library available but GPU unavailable" classname="./test/ErrorGuidedStructuralEvolution/AnalyzeParallelGpuGuard.ts" time="0.000" line="37" col="6">
            <skipped/>
        </testcase>
        <testcase name="analyzeParallel proceeds when requireGpu is false even without GPU" classname="./test/ErrorGuidedStructuralEvolution/AnalyzeParallelGpuGuard.ts" time="0.000" line="64" col="6">
            <skipped/>
        </testcase>
        <testcase name="analyzeParallel with requireGpu=false returns structured Rust error when GPU unavailable (Issue #2116)" classname="./test/ErrorGuidedStructuralEvolution/AnalyzeParallelGpuGuard.ts" time="0.000" line="87" col="6">
            <skipped/>
        </testcase>
        <testcase name="analyzeParallel returns null when library is unavailable" classname="./test/ErrorGuidedStructuralEvolution/AnalyzeParallelGpuGuard.ts" time="0.001" line="121" col="6">
        </testcase>
    </testsuite>
    <testsuite name="./test/ErrorGuidedStructuralEvolution/DiscoverAnalysisChunking.ts" tests="9" disabled="0" errors="0" failures="0">
        <testcase name="chunkFocusList splits into fixed-size sublists" classname="./test/ErrorGuidedStructuralEvolution/DiscoverAnalysisChunking.ts" time="0.001" line="200" col="6">
        </testcase>
        <testcase name="chunkFocusList treats chunkSize&lt;=0 as chunking-disabled" classname="./test/ErrorGuidedStructuralEvolution/DiscoverAnalysisChunking.ts" time="0.000" line="206" col="6">
        </testcase>
        <testcase name="chunkFocusList returns [] for empty input" classname="./test/ErrorGuidedStructuralEvolution/DiscoverAnalysisChunking.ts" time="0.000" line="211" col="6">
        </testcase>
        <testcase name="runAnalysisLoop submits the focus list in chunks of analysisChunkSize" classname="./test/ErrorGuidedStructuralEvolution/DiscoverAnalysisChunking.ts" time="0.090" line="215" col="6">
        </testcase>
        <testcase name="runAnalysisLoop submits whole focus list in one call when chunking disabled" classname="./test/ErrorGuidedStructuralEvolution/DiscoverAnalysisChunking.ts" time="0.016" line="241" col="6">
        </testcase>
        <testcase name="runAnalysisLoop aborts retries when a single chunk exceeds perChunkMaxMs (stall guard)" classname="./test/ErrorGuidedStructuralEvolution/DiscoverAnalysisChunking.ts" time="0.015" line="264" col="6">
        </testcase>
        <testcase name="runAnalysisLoop forwards a tight per-chunk deadline to Rust (Issue #2501)" classname="./test/ErrorGuidedStructuralEvolution/DiscoverAnalysisChunking.ts" time="0.032" line="300" col="6">
        </testcase>
        <testcase name="runAnalysisLoop omits per-chunk deadline tightening when stall guard disabled (Issue #2501)" classname="./test/ErrorGuidedStructuralEvolution/DiscoverAnalysisChunking.ts" time="0.013" line="343" col="6">
        </testcase>
        <testcase name="runAnalysisLoop does not mark analysisStalled when all chunks finish within budget" classname="./test/ErrorGuidedStructuralEvolution/DiscoverAnalysisChunking.ts" time="0.018" line="378" col="6">
        </testcase>
    </testsuite>
    <testsuite name="./test/ErrorGuidedStructuralEvolution/DiscoverAnalysisPerChunkTimeout.ts" tests="3" disabled="0" errors="0" failures="0">
        <testcase name="runAnalysisLoop aborts runParallelAnalysis mid-flight when it never resolves" classname="./test/ErrorGuidedStructuralEvolution/DiscoverAnalysisPerChunkTimeout.ts" time="0.205" line="163" col="6">
        </testcase>
        <testcase name="runAnalysisLoop records no stall when runParallelAnalysis resolves within budget" classname="./test/ErrorGuidedStructuralEvolution/DiscoverAnalysisPerChunkTimeout.ts" time="0.022" line="193" col="6">
        </testcase>
        <testcase name="runAnalysisLoop defence-in-depth cap aborts remaining chunks when iteration wall-clock exceeds perChunkMaxMs * chunks" classname="./test/ErrorGuidedStructuralEvolution/DiscoverAnalysisPerChunkTimeout.ts" time="0.017" line="208" col="6">
        </testcase>
    </testsuite>
    <testsuite name="./test/ErrorGuidedStructuralEvolution/DiscoverAnalysisStallWarmup.ts" tests="5" disabled="0" errors="0" failures="0">
        <testcase name="warm-up gate: a single slow first chunk does NOT trip iterationStalled" classname="./test/ErrorGuidedStructuralEvolution/DiscoverAnalysisStallWarmup.ts" time="0.041" line="166" col="6">
        </testcase>
        <testcase name="warm-up gate: sustained slow chunks past warm-up DO trip iterationStalled" classname="./test/ErrorGuidedStructuralEvolution/DiscoverAnalysisStallWarmup.ts" time="0.011" line="202" col="6">
        </testcase>
        <testcase name="warm-up gate: stall guard never fires when chunks complete within budget" classname="./test/ErrorGuidedStructuralEvolution/DiscoverAnalysisStallWarmup.ts" time="0.010" line="234" col="6">
        </testcase>
        <testcase name="deadline exhaustion between chunks is NOT reported as a throughput stall (GRQ #2312)" classname="./test/ErrorGuidedStructuralEvolution/DiscoverAnalysisStallWarmup.ts" time="0.008" line="256" col="6">
        </testcase>
        <testcase name="formatStallMemoryDiagnostics returns a non-empty diagnostic string" classname="./test/ErrorGuidedStructuralEvolution/DiscoverAnalysisStallWarmup.ts" time="0.000" line="300" col="6">
        </testcase>
    </testsuite>
    <testsuite name="./test/ErrorGuidedStructuralEvolution/DiscoverDirectoryPerformanceSummary.ts" tests="1" disabled="0" errors="0" failures="0">
        <testcase name="formatDiscoveryPerformanceSummary includes coordinated structural candidate counts" classname="./test/ErrorGuidedStructuralEvolution/DiscoverDirectoryPerformanceSummary.ts" time="0.001" line="4" col="6">
        </testcase>
    </testsuite>
    <testsuite name="./test/ErrorGuidedStructuralEvolution/DiscoverInputOptimization.ts" tests="2" disabled="2" errors="0" failures="0">
        <testcase name="Baseline: Input neurons are correctly loaded from binary when indices are provided" classname="./test/ErrorGuidedStructuralEvolution/DiscoverInputOptimization.ts" time="0.000" line="86" col="6">
            <skipped/>
        </testcase>
        <testcase name="Integration: recordDirectory with CSV reads input values correctly" classname="./test/ErrorGuidedStructuralEvolution/DiscoverInputOptimization.ts" time="0.000" line="194" col="6">
            <skipped/>
        </testcase>
    </testsuite>
    <testsuite name="./test/ErrorGuidedStructuralEvolution/DiscoverRecordErrors.ts" tests="1" disabled="0" errors="0" failures="0">
        <testcase name="discovery records store errors as numeric arrays" classname="./test/ErrorGuidedStructuralEvolution/DiscoverRecordErrors.ts" time="0.008" line="6" col="6">
        </testcase>
    </testsuite>
    <testsuite name="./test/ErrorGuidedStructuralEvolution/DiscoverRecordTimeout.ts" tests="1" disabled="0" errors="0" failures="0">
        <testcase name="DiscoverStructure.record aborts when timeout already expired" classname="./test/ErrorGuidedStructuralEvolution/DiscoverRecordTimeout.ts" time="0.009" line="67" col="6">
        </testcase>
    </testsuite>
    <testsuite name="./test/ErrorGuidedStructuralEvolution/DiscoverSquash.ts" tests="1" disabled="1" errors="0" failures="0">
        <testcase name="Error-Driven Squash Discovery" classname="./test/ErrorGuidedStructuralEvolution/DiscoverSquash.ts" time="0.000" line="93" col="6">
            <skipped/>
        </testcase>
    </testsuite>
    <testsuite name="./test/ErrorGuidedStructuralEvolution/DiscoverSquashAnalysis.ts" tests="7" disabled="0" errors="0" failures="0">
        <testcase name="calculateSquashError - returns zero for identical arrays" classname="./test/ErrorGuidedStructuralEvolution/DiscoverSquashAnalysis.ts" time="0.001" line="10" col="6">
        </testcase>
        <testcase name="calculateSquashError - returns correct MSE for differing arrays" classname="./test/ErrorGuidedStructuralEvolution/DiscoverSquashAnalysis.ts" time="0.000" line="17" col="6">
        </testcase>
        <testcase name="calculateSquashError - handles single element" classname="./test/ErrorGuidedStructuralEvolution/DiscoverSquashAnalysis.ts" time="0.000" line="26" col="6">
        </testcase>
        <testcase name="calculateSquashError - throws on undefined activation" classname="./test/ErrorGuidedStructuralEvolution/DiscoverSquashAnalysis.ts" time="0.001" line="34" col="6">
        </testcase>
        <testcase name="calculateSquashError - consistent results across multiple calls" classname="./test/ErrorGuidedStructuralEvolution/DiscoverSquashAnalysis.ts" time="0.000" line="44" col="6">
        </testcase>
        <testcase name="calculateSquashError - handles large arrays" classname="./test/ErrorGuidedStructuralEvolution/DiscoverSquashAnalysis.ts" time="0.007" line="52" col="6">
        </testcase>
        <testcase name="analyzeSelectedNeuronsForHarmfulRemoval loads records via wire uuid path" classname="./test/ErrorGuidedStructuralEvolution/DiscoverSquashAnalysis.ts" time="0.004" line="61" col="6">
        </testcase>
    </testsuite>
    <testsuite name="./test/ErrorGuidedStructuralEvolution/DiscoverStructureChunkCleanup.ts" tests="2" disabled="0" errors="0" failures="0">
        <testcase name="flushRustRecording cleans up chunk files and directories after merge" classname="./test/ErrorGuidedStructuralEvolution/DiscoverStructureChunkCleanup.ts" time="0.038" line="65" col="6">
        </testcase>
        <testcase name="flushRustRecording preserves chunk files when cleanup is disabled" classname="./test/ErrorGuidedStructuralEvolution/DiscoverStructureChunkCleanup.ts" time="0.006" line="157" col="6">
        </testcase>
    </testsuite>
    <testsuite name="./test/ErrorGuidedStructuralEvolution/DiscoverStructureCleanUp.ts" tests="1" disabled="0" errors="0" failures="0">
        <testcase name="cleanUp clears neuron discovery references" classname="./test/ErrorGuidedStructuralEvolution/DiscoverStructureCleanUp.ts" time="0.012" line="43" col="6">
        </testcase>
    </testsuite>
    <testsuite name="./test/ErrorGuidedStructuralEvolution/DiscoveryApplication.ts" tests="17" disabled="0" errors="0" failures="0">
        <testcase name="validateAndFixIfNeeded succeeds for valid creature" classname="./test/ErrorGuidedStructuralEvolution/DiscoveryApplication.ts" time="0.006" line="69" col="6">
        </testcase>
        <testcase name="removeSynapse returns null for undefined candidate" classname="./test/ErrorGuidedStructuralEvolution/DiscoveryApplication.ts" time="0.000" line="86" col="6">
        </testcase>
        <testcase name="removeSynapse removes an existing synapse" classname="./test/ErrorGuidedStructuralEvolution/DiscoveryApplication.ts" time="0.006" line="93" col="6">
        </testcase>
        <testcase name="removeSynapse returns null for non-existent synapse" classname="./test/ErrorGuidedStructuralEvolution/DiscoveryApplication.ts" time="0.000" line="118" col="6">
        </testcase>
        <testcase name="addHelpfulSynapses returns undefined for empty candidates" classname="./test/ErrorGuidedStructuralEvolution/DiscoveryApplication.ts" time="0.000" line="138" col="6">
        </testcase>
        <testcase name="addHelpfulSynapses adds a new synapse" classname="./test/ErrorGuidedStructuralEvolution/DiscoveryApplication.ts" time="0.001" line="145" col="6">
        </testcase>
        <testcase name="addHelpfulSynapses skips already existing synapse" classname="./test/ErrorGuidedStructuralEvolution/DiscoveryApplication.ts" time="0.003" line="169" col="6">
        </testcase>
        <testcase name="changeSquash returns undefined for empty candidates" classname="./test/ErrorGuidedStructuralEvolution/DiscoveryApplication.ts" time="0.000" line="189" col="6">
        </testcase>
        <testcase name="changeSquash modifies neuron squash function" classname="./test/ErrorGuidedStructuralEvolution/DiscoveryApplication.ts" time="0.000" line="196" col="6">
        </testcase>
        <testcase name="addHelpfulNeurons returns undefined for empty candidates" classname="./test/ErrorGuidedStructuralEvolution/DiscoveryApplication.ts" time="0.000" line="217" col="6">
        </testcase>
        <testcase name="addHelpfulNeurons adds a new neuron with synapses" classname="./test/ErrorGuidedStructuralEvolution/DiscoveryApplication.ts" time="0.001" line="224" col="6">
        </testcase>
        <testcase name="addHelpfulNeurons assigns stable uuid endpoints for Rust export" classname="./test/ErrorGuidedStructuralEvolution/DiscoveryApplication.ts" time="0.001" line="251" col="6">
        </testcase>
        <testcase name="removeHarmfulNeuron returns undefined for undefined candidate" classname="./test/ErrorGuidedStructuralEvolution/DiscoveryApplication.ts" time="0.000" line="308" col="6">
        </testcase>
        <testcase name="removeHarmfulNeuron removes a hidden neuron" classname="./test/ErrorGuidedStructuralEvolution/DiscoveryApplication.ts" time="0.002" line="314" col="6">
        </testcase>
        <testcase name="removeHarmfulNeuron refuses to remove output neurons" classname="./test/ErrorGuidedStructuralEvolution/DiscoveryApplication.ts" time="0.000" line="341" col="6">
        </testcase>
        <testcase name="resetRemovalDiagnostics and getRemovalSameUUIDCount work together" classname="./test/ErrorGuidedStructuralEvolution/DiscoveryApplication.ts" time="0.000" line="357" col="6">
        </testcase>
        <testcase name="recordDiscoveryIssue writes diagnostic files" classname="./test/ErrorGuidedStructuralEvolution/DiscoveryApplication.ts" time="0.003" line="362" col="6">
        </testcase>
    </testsuite>
    <testsuite name="./test/ErrorGuidedStructuralEvolution/DiscoveryFromJSONRobustness.ts" tests="16" disabled="0" errors="0" failures="0">
        <testcase name="addHelpfulSynapses returns undefined for non-existent source neuron ID" classname="./test/ErrorGuidedStructuralEvolution/DiscoveryFromJSONRobustness.ts" time="0.010" line="90" col="6">
        </testcase>
        <testcase name="addHelpfulSynapses returns undefined for non-existent target neuron ID" classname="./test/ErrorGuidedStructuralEvolution/DiscoveryFromJSONRobustness.ts" time="0.000" line="116" col="6">
        </testcase>
        <testcase name="addHelpfulNeurons returns undefined for non-existent source neuron ID" classname="./test/ErrorGuidedStructuralEvolution/DiscoveryFromJSONRobustness.ts" time="0.005" line="142" col="6">
        </testcase>
        <testcase name="removeSynapse returns null for non-existent source neuron" classname="./test/ErrorGuidedStructuralEvolution/DiscoveryFromJSONRobustness.ts" time="0.000" line="171" col="6">
        </testcase>
        <testcase name="removeHarmfulNeuron returns undefined for non-existent neuron" classname="./test/ErrorGuidedStructuralEvolution/DiscoveryFromJSONRobustness.ts" time="0.000" line="197" col="6">
        </testcase>
        <testcase name="changeSquash returns undefined for non-existent neuron" classname="./test/ErrorGuidedStructuralEvolution/DiscoveryFromJSONRobustness.ts" time="0.000" line="220" col="6">
        </testcase>
        <testcase name="removeLowImpactNeuron returns undefined for non-existent neuron" classname="./test/ErrorGuidedStructuralEvolution/DiscoveryFromJSONRobustness.ts" time="0.000" line="244" col="6">
        </testcase>
        <testcase name="Creature.fromJSON provides diagnostic info when synapse references missing neuron" classname="./test/ErrorGuidedStructuralEvolution/DiscoveryFromJSONRobustness.ts" time="0.002" line="269" col="6">
        </testcase>
        <testcase name="buildSingleSynapseCandidates gracefully skips invalid candidates" classname="./test/ErrorGuidedStructuralEvolution/DiscoveryFromJSONRobustness.ts" time="0.001" line="320" col="6">
        </testcase>
        <testcase name="buildSingleNeuronCandidates gracefully skips invalid candidates" classname="./test/ErrorGuidedStructuralEvolution/DiscoveryFromJSONRobustness.ts" time="0.000" line="358" col="6">
        </testcase>
        <testcase name="removeSynapse produces a structurally valid creature" classname="./test/ErrorGuidedStructuralEvolution/DiscoveryFromJSONRobustness.ts" time="0.005" line="391" col="6">
        </testcase>
        <testcase name="addHelpfulSynapses produces a structurally valid creature" classname="./test/ErrorGuidedStructuralEvolution/DiscoveryFromJSONRobustness.ts" time="0.001" line="424" col="6">
        </testcase>
        <testcase name="removeHarmfulNeuron produces a structurally valid creature" classname="./test/ErrorGuidedStructuralEvolution/DiscoveryFromJSONRobustness.ts" time="0.001" line="456" col="6">
        </testcase>
        <testcase name="removeLowImpactNeuron produces a structurally valid creature" classname="./test/ErrorGuidedStructuralEvolution/DiscoveryFromJSONRobustness.ts" time="0.000" line="503" col="6">
        </testcase>
        <testcase name="addHelpfulNeurons produces a structurally valid creature" classname="./test/ErrorGuidedStructuralEvolution/DiscoveryFromJSONRobustness.ts" time="0.000" line="535" col="6">
        </testcase>
        <testcase name="changeSquash produces a structurally valid creature" classname="./test/ErrorGuidedStructuralEvolution/DiscoveryFromJSONRobustness.ts" time="0.000" line="570" col="6">
        </testcase>
    </testsuite>
    <testsuite name="./test/ErrorGuidedStructuralEvolution/DiscoveryOperationIntegrity.ts" tests="7" disabled="0" errors="0" failures="0">
        <testcase name="removeSynapse: deep cascade cleans up entire chain" classname="./test/ErrorGuidedStructuralEvolution/DiscoveryOperationIntegrity.ts" time="0.009" line="53" col="6">
        </testcase>
        <testcase name="removeHarmfulNeuron: hub neuron removal cascades to dependants" classname="./test/ErrorGuidedStructuralEvolution/DiscoveryOperationIntegrity.ts" time="0.001" line="129" col="6">
        </testcase>
        <testcase name="removeLowImpactNeuron: downstream constant neuron cleaned up" classname="./test/ErrorGuidedStructuralEvolution/DiscoveryOperationIntegrity.ts" time="0.001" line="222" col="6">
        </testcase>
        <testcase name="addHelpfulNeurons: output contiguity maintained with multi-output creature" classname="./test/ErrorGuidedStructuralEvolution/DiscoveryOperationIntegrity.ts" time="0.002" line="312" col="6">
        </testcase>
        <testcase name="removeSynapse: self-loops do not prevent orphan cleanup" classname="./test/ErrorGuidedStructuralEvolution/DiscoveryOperationIntegrity.ts" time="0.000" line="393" col="6">
        </testcase>
        <testcase name="removeHarmfulNeuron: sequential removal of chained neurons" classname="./test/ErrorGuidedStructuralEvolution/DiscoveryOperationIntegrity.ts" time="0.000" line="459" col="6">
        </testcase>
        <testcase name="removeSynapse: three-deep cascade fully resolved" classname="./test/ErrorGuidedStructuralEvolution/DiscoveryOperationIntegrity.ts" time="0.000" line="558" col="6">
        </testcase>
    </testsuite>
    <testsuite name="./test/ErrorGuidedStructuralEvolution/DiscoveryRobustness.ts" tests="6" disabled="6" errors="0" failures="0">
        <testcase name="Discovery handles large number of neurons (1967+) without file descriptor exhaustion" classname="./test/ErrorGuidedStructuralEvolution/DiscoveryRobustness.ts" time="0.000" line="113" col="6">
            <skipped/>
        </testcase>
        <testcase name="Discovery weighted selection completes within max iterations (prevents infinite loops)" classname="./test/ErrorGuidedStructuralEvolution/DiscoveryRobustness.ts" time="0.000" line="178" col="6">
            <skipped/>
        </testcase>
        <testcase name="Discovery handles timeout during listViableNeurons gracefully" classname="./test/ErrorGuidedStructuralEvolution/DiscoveryRobustness.ts" time="0.000" line="234" col="6">
            <skipped/>
        </testcase>
        <testcase name="Discovery handles all-zero error case without infinite loop" classname="./test/ErrorGuidedStructuralEvolution/DiscoveryRobustness.ts" time="0.000" line="309" col="6">
            <skipped/>
        </testcase>
        <testcase name="Discovery analyze phases respect timeout" classname="./test/ErrorGuidedStructuralEvolution/DiscoveryRobustness.ts" time="0.000" line="374" col="6">
            <skipped/>
        </testcase>
        <testcase name="Discovery batching processes neurons in chunks" classname="./test/ErrorGuidedStructuralEvolution/DiscoveryRobustness.ts" time="0.000" line="451" col="6">
            <skipped/>
        </testcase>
    </testsuite>
    <testsuite name="./test/ErrorGuidedStructuralEvolution/DiscoveryRustFlush.ts" tests="2" disabled="0" errors="0" failures="0">
        <testcase name="Discovery flushes Rust recording in configured chunks" classname="./test/ErrorGuidedStructuralEvolution/DiscoveryRustFlush.ts" time="0.049" line="18" col="6">
        </testcase>
        <testcase name="Discovery flushes Rust recording based on estimated payload size" classname="./test/ErrorGuidedStructuralEvolution/DiscoveryRustFlush.ts" time="0.030" line="149" col="6">
        </testcase>
    </testsuite>
    <testsuite name="./test/ErrorGuidedStructuralEvolution/DiscoveryTimeout.ts" tests="4" disabled="4" errors="0" failures="0">
        <testcase name="Batch size 128 saves more batches than 512 on timeout" classname="./test/ErrorGuidedStructuralEvolution/DiscoveryTimeout.ts" time="0.000" line="195" col="6">
            <skipped/>
        </testcase>
        <testcase name="DiscoverDirectory returns partial results on timeout" classname="./test/ErrorGuidedStructuralEvolution/DiscoveryTimeout.ts" time="0.000" line="340" col="6">
            <skipped/>
        </testcase>
        <testcase name="Timeout during file reading returns partial data" classname="./test/ErrorGuidedStructuralEvolution/DiscoveryTimeout.ts" time="0.000" line="417" col="6">
            <skipped/>
        </testcase>
        <testcase name="Discovery completes successfully with reasonable timeout" classname="./test/ErrorGuidedStructuralEvolution/DiscoveryTimeout.ts" time="0.000" line="496" col="6">
            <skipped/>
        </testcase>
    </testsuite>
    <testsuite name="./test/ErrorGuidedStructuralEvolution/ForwardOnlyNeuronAdditionGuard.ts" tests="5" disabled="0" errors="0" failures="0">
        <testcase name="addHelpfulNeurons: valid forward neuron addition in forward-only creature produces no backward synapses" classname="./test/ErrorGuidedStructuralEvolution/ForwardOnlyNeuronAdditionGuard.ts" time="0.019" line="67" col="6">
        </testcase>
        <testcase name="addHelpfulNeurons: backward candidate is rejected for forward-only creature" classname="./test/ErrorGuidedStructuralEvolution/ForwardOnlyNeuronAdditionGuard.ts" time="0.001" line="110" col="6">
        </testcase>
        <testcase name="addHelpfulNeurons: neuron addition with output target in forward-only creature creates no backward synapses" classname="./test/ErrorGuidedStructuralEvolution/ForwardOnlyNeuronAdditionGuard.ts" time="0.003" line="127" col="6">
        </testcase>
        <testcase name="addHelpfulNeurons: mixed candidates filtered correctly for forward-only creature" classname="./test/ErrorGuidedStructuralEvolution/ForwardOnlyNeuronAdditionGuard.ts" time="0.000" line="165" col="6">
        </testcase>
        <testcase name="addHelpfulNeurons: self-referencing neuron candidate rejected for forward-only creature" classname="./test/ErrorGuidedStructuralEvolution/ForwardOnlyNeuronAdditionGuard.ts" time="0.000" line="210" col="6">
        </testcase>
    </testsuite>
    <testsuite name="./test/ErrorGuidedStructuralEvolution/ForwardOnlySynapseGuardDiscovery.ts" tests="4" disabled="0" errors="0" failures="0">
        <testcase name="addHelpfulSynapses rejects self-loop synapse for forward-only creature" classname="./test/ErrorGuidedStructuralEvolution/ForwardOnlySynapseGuardDiscovery.ts" time="0.008" line="61" col="6">
        </testcase>
        <testcase name="addHelpfulSynapses rejects backward synapse for forward-only creature" classname="./test/ErrorGuidedStructuralEvolution/ForwardOnlySynapseGuardDiscovery.ts" time="0.000" line="82" col="6">
        </testcase>
        <testcase name="addHelpfulSynapses allows valid forward synapse for forward-only creature" classname="./test/ErrorGuidedStructuralEvolution/ForwardOnlySynapseGuardDiscovery.ts" time="0.001" line="103" col="6">
        </testcase>
        <testcase name="addHelpfulSynapses filters mixed candidates keeping only forward ones" classname="./test/ErrorGuidedStructuralEvolution/ForwardOnlySynapseGuardDiscovery.ts" time="0.000" line="129" col="6">
        </testcase>
    </testsuite>
    <testsuite name="./test/ErrorGuidedStructuralEvolution/InvalidDataDetection.ts" tests="2" disabled="2" errors="0" failures="0">
        <testcase name="Discovery validates all neurons have finite error values" classname="./test/ErrorGuidedStructuralEvolution/InvalidDataDetection.ts" time="0.000" line="61" col="6">
            <skipped/>
        </testcase>
        <testcase name="Discovery selection falls back gracefully on invalid totalErrorSum" classname="./test/ErrorGuidedStructuralEvolution/InvalidDataDetection.ts" time="0.000" line="134" col="6">
            <skipped/>
        </testcase>
    </testsuite>
    <testsuite name="./test/ErrorGuidedStructuralEvolution/MinimalCreature.ts" tests="3" disabled="3" errors="0" failures="0">
        <testcase name="Discovery handles minimal creature (1 input, 1 output)" classname="./test/ErrorGuidedStructuralEvolution/MinimalCreature.ts" time="0.000" line="21" col="6">
            <skipped/>
        </testcase>
        <testcase name="Discovery handles small creature (2 inputs, 1 hidden, 1 output)" classname="./test/ErrorGuidedStructuralEvolution/MinimalCreature.ts" time="0.000" line="100" col="6">
            <skipped/>
        </testcase>
        <testcase name="Discovery selection respects neuron count limit" classname="./test/ErrorGuidedStructuralEvolution/MinimalCreature.ts" time="0.000" line="197" col="6">
            <skipped/>
        </testcase>
    </testsuite>
    <testsuite name="./test/ErrorGuidedStructuralEvolution/NeuronDiscoveryIntegration.ts" tests="4" disabled="4" errors="0" failures="0">
        <testcase name="Neuron discovery: simple creature finds and adds missing hidden neuron" classname="./test/ErrorGuidedStructuralEvolution/NeuronDiscoveryIntegration.ts" time="0.000" line="282" col="6">
            <skipped/>
        </testcase>
        <testcase name="Neuron discovery: multi-layer creature analyses each output independently" classname="./test/ErrorGuidedStructuralEvolution/NeuronDiscoveryIntegration.ts" time="0.000" line="332" col="6">
            <skipped/>
        </testcase>
        <testcase name="Neuron discovery: wide creature with many inputs and hidden neurons" classname="./test/ErrorGuidedStructuralEvolution/NeuronDiscoveryIntegration.ts" time="0.000" line="388" col="6">
            <skipped/>
        </testcase>
        <testcase name="Neuron discovery: collectRustAnalysisCandidates returns analysis bundle" classname="./test/ErrorGuidedStructuralEvolution/NeuronDiscoveryIntegration.ts" time="0.000" line="423" col="6">
            <skipped/>
        </testcase>
    </testsuite>
    <testsuite name="./test/ErrorGuidedStructuralEvolution/PhaseDiagnostics.ts" tests="2" disabled="0" errors="0" failures="0">
        <testcase name="phase diagnostics tracks sequential and parallel phases" classname="./test/ErrorGuidedStructuralEvolution/PhaseDiagnostics.ts" time="0.001" line="5" col="6">
        </testcase>
        <testcase name="phase diagnostics snapshot reports active phases" classname="./test/ErrorGuidedStructuralEvolution/PhaseDiagnostics.ts" time="0.000" line="33" col="6">
        </testcase>
    </testsuite>
    <testsuite name="./test/ErrorGuidedStructuralEvolution/NeuronDiscoveryUnit.ts" tests="3" disabled="1" errors="0" failures="0">
        <testcase name="addHelpfulNeurons: inserts discovered neuron before hidden target (prevents backwards edge)" classname="./test/ErrorGuidedStructuralEvolution/NeuronDiscoveryUnit.ts" time="0.008" line="35" col="6">
        </testcase>
        <testcase name="addHelpfulNeurons: output targets insert discovered neuron before first output (not between outputs)" classname="./test/ErrorGuidedStructuralEvolution/NeuronDiscoveryUnit.ts" time="0.001" line="106" col="6">
        </testcase>
        <testcase name="addHelpfulNeurons: creates valid creature structure" classname="./test/ErrorGuidedStructuralEvolution/NeuronDiscoveryUnit.ts" time="0.000" line="168" col="6">
            <skipped/>
        </testcase>
    </testsuite>
    <testsuite name="./test/ErrorGuidedStructuralEvolution/PromiseChainErrorHandling.ts" tests="1" disabled="0" errors="0" failures="0">
        <testcase name="Discovery record and flush completes all promises without deadlocking" classname="./test/ErrorGuidedStructuralEvolution/PromiseChainErrorHandling.ts" time="0.020" line="72" col="6">
        </testcase>
    </testsuite>
    <testsuite name="./test/ErrorGuidedStructuralEvolution/RustAnalysisCacheGpuGuard.ts" tests="1" disabled="0" errors="0" failures="0">
        <testcase name="ensureRustCombinedAnalysis omits requireGpu so GPU guard can protect FFI calls (Issue #2142)" classname="./test/ErrorGuidedStructuralEvolution/RustAnalysisCacheGpuGuard.ts" time="0.005" line="29" col="6">
        </testcase>
    </testsuite>
    <testsuite name="./test/ErrorGuidedStructuralEvolution/RustDiscoveryAlwaysOptional.ts" tests="1" disabled="0" errors="0" failures="0">
        <testcase name="shouldSkipRustDiscoveryTests returns inverse of isRustDiscoveryEnabled without env var" classname="./test/ErrorGuidedStructuralEvolution/RustDiscoveryAlwaysOptional.ts" time="0.003" line="16" col="6">
        </testcase>
    </testsuite>
    <testsuite name="./test/ErrorGuidedStructuralEvolution/RustDiscoveryCStringLimit.ts" tests="1" disabled="0" errors="0" failures="0">
        <testcase name="readDiscoveryRecords accepts large JSON payloads from Rust" classname="./test/ErrorGuidedStructuralEvolution/RustDiscoveryCStringLimit.ts" time="0.657" line="25" col="6">
        </testcase>
    </testsuite>
    <testsuite name="./test/ErrorGuidedStructuralEvolution/RustDiscoveryCrossPlatformGpu.ts" tests="4" disabled="4" errors="0" failures="0">
        <testcase name="discovery enabled with library available (CPU fallback supported)" classname="./test/ErrorGuidedStructuralEvolution/RustDiscoveryCrossPlatformGpu.ts" time="0.000" line="22" col="6">
            <skipped/>
        </testcase>
        <testcase name="GPU backend is a known wgpu backend when GPU is available" classname="./test/ErrorGuidedStructuralEvolution/RustDiscoveryCrossPlatformGpu.ts" time="0.000" line="45" col="6">
            <skipped/>
        </testcase>
        <testcase name="GPU backend matches platform expectations" classname="./test/ErrorGuidedStructuralEvolution/RustDiscoveryCrossPlatformGpu.ts" time="0.000" line="78" col="6">
            <skipped/>
        </testcase>
        <testcase name="discovery does not require GPU — library alone is sufficient" classname="./test/ErrorGuidedStructuralEvolution/RustDiscoveryCrossPlatformGpu.ts" time="0.000" line="113" col="6">
            <skipped/>
        </testcase>
    </testsuite>
    <testsuite name="./test/ErrorGuidedStructuralEvolution/RustDiscoveryCandidateCommentCompatibility.ts" tests="2" disabled="0" errors="0" failures="0">
        <testcase name="Rust discovery candidate parsing succeeds with optional comment field" classname="./test/ErrorGuidedStructuralEvolution/RustDiscoveryCandidateCommentCompatibility.ts" time="0.008" line="35" col="6">
        </testcase>
        <testcase name="Rust discovery candidate parsing succeeds when comment is absent" classname="./test/ErrorGuidedStructuralEvolution/RustDiscoveryCandidateCommentCompatibility.ts" time="0.001" line="102" col="6">
        </testcase>
    </testsuite>
    <testsuite name="./test/ErrorGuidedStructuralEvolution/RustDiscoveryErrorValidation.ts" tests="6" disabled="0" errors="0" failures="0">
        <testcase name="computeRustRecordStats rejects neuron with excessive errors per neuron" classname="./test/ErrorGuidedStructuralEvolution/RustDiscoveryErrorValidation.ts" time="0.002" line="14" col="6">
        </testcase>
        <testcase name="computeRustRecordStats rejects excessive total errors" classname="./test/ErrorGuidedStructuralEvolution/RustDiscoveryErrorValidation.ts" time="0.000" line="58" col="6">
        </testcase>
        <testcase name="computeRustRecordStats accepts reasonable error counts" classname="./test/ErrorGuidedStructuralEvolution/RustDiscoveryErrorValidation.ts" time="0.000" line="107" col="6">
        </testcase>
        <testcase name="computeRustRecordStats accepts up to 50 errors per neuron (minimum)" classname="./test/ErrorGuidedStructuralEvolution/RustDiscoveryErrorValidation.ts" time="0.000" line="151" col="6">
        </testcase>
        <testcase name="computeRustRecordStats rejects 51 errors for small network" classname="./test/ErrorGuidedStructuralEvolution/RustDiscoveryErrorValidation.ts" time="0.000" line="193" col="6">
        </testcase>
        <testcase name="computeRustRecordStats accepts errors based on sample count and outputs" classname="./test/ErrorGuidedStructuralEvolution/RustDiscoveryErrorValidation.ts" time="0.000" line="238" col="6">
        </testcase>
    </testsuite>
    <testsuite name="./test/ErrorGuidedStructuralEvolution/RustDiscoveryPath.ts" tests="1" disabled="0" errors="0" failures="0">
        <testcase name="rust discovery honours NEAT_AI_DISCOVERY_LIB_PATH override" classname="./test/ErrorGuidedStructuralEvolution/RustDiscoveryPath.ts" time="0.001" line="17" col="6">
        </testcase>
    </testsuite>
    <testsuite name="./test/ErrorGuidedStructuralEvolution/RustDiscoveryRequired.ts" tests="1" disabled="1" errors="0" failures="0">
        <testcase name="rust discovery library must be available when FFI tests run" classname="./test/ErrorGuidedStructuralEvolution/RustDiscoveryRequired.ts" time="0.000" line="7" col="6">
            <skipped/>
        </testcase>
    </testsuite>
    <testsuite name="./test/ErrorGuidedStructuralEvolution/RustDiscoveryStringifyFailure.ts" tests="1" disabled="0" errors="0" failures="0">
        <testcase name="recordDiscovery handles stringify failure before encoding" classname="./test/ErrorGuidedStructuralEvolution/RustDiscoveryStringifyFailure.ts" time="0.004" line="10" col="6">
        </testcase>
    </testsuite>
    <testsuite name="./test/ErrorGuidedStructuralEvolution/RustFlushDiagnostics.ts" tests="15" disabled="0" errors="0" failures="0">
        <testcase name="truncateForLogValue leaves short strings unchanged" classname="./test/ErrorGuidedStructuralEvolution/RustFlushDiagnostics.ts" time="0.000" line="19" col="6">
        </testcase>
        <testcase name="truncateForLogValue truncates long strings" classname="./test/ErrorGuidedStructuralEvolution/RustFlushDiagnostics.ts" time="0.000" line="24" col="6">
        </testcase>
        <testcase name="truncateForLogValue uses default max of 120" classname="./test/ErrorGuidedStructuralEvolution/RustFlushDiagnostics.ts" time="0.000" line="31" col="6">
        </testcase>
        <testcase name="createRustFlushAggregation initialises metrics to zero" classname="./test/ErrorGuidedStructuralEvolution/RustFlushDiagnostics.ts" time="0.000" line="40" col="6">
        </testcase>
        <testcase name="observeRustTrainingRecord counts samples" classname="./test/ErrorGuidedStructuralEvolution/RustFlushDiagnostics.ts" time="0.000" line="54" col="6">
        </testcase>
        <testcase name="observeRustTrainingRecord detects input/output mismatches" classname="./test/ErrorGuidedStructuralEvolution/RustFlushDiagnostics.ts" time="0.000" line="69" col="6">
        </testcase>
        <testcase name="observeRustTrainingRecord detects missing neuron data" classname="./test/ErrorGuidedStructuralEvolution/RustFlushDiagnostics.ts" time="0.000" line="83" col="6">
        </testcase>
        <testcase name="observeRustTrainingRecord detects missing UUIDs" classname="./test/ErrorGuidedStructuralEvolution/RustFlushDiagnostics.ts" time="0.000" line="95" col="6">
        </testcase>
        <testcase name="observeRustTrainingRecord detects non-finite activations" classname="./test/ErrorGuidedStructuralEvolution/RustFlushDiagnostics.ts" time="0.000" line="112" col="6">
        </testcase>
        <testcase name="observeRustTrainingRecord detects non-finite errors" classname="./test/ErrorGuidedStructuralEvolution/RustFlushDiagnostics.ts" time="0.000" line="129" col="6">
        </testcase>
        <testcase name="observeRustTrainingRecord throws on unreasonable error counts" classname="./test/ErrorGuidedStructuralEvolution/RustFlushDiagnostics.ts" time="0.001" line="146" col="6">
        </testcase>
        <testcase name="observeRustTrainingRecord tracks longest UUID" classname="./test/ErrorGuidedStructuralEvolution/RustFlushDiagnostics.ts" time="0.000" line="163" col="6">
        </testcase>
        <testcase name="finalizeRustFlushDiagnostics produces summary and warnings" classname="./test/ErrorGuidedStructuralEvolution/RustFlushDiagnostics.ts" time="0.000" line="185" col="6">
        </testcase>
        <testcase name="finalizeRustFlushDiagnostics reports errors for missing UUIDs" classname="./test/ErrorGuidedStructuralEvolution/RustFlushDiagnostics.ts" time="0.000" line="206" col="6">
        </testcase>
        <testcase name="computeRustFlushMetrics processes batch correctly" classname="./test/ErrorGuidedStructuralEvolution/RustFlushDiagnostics.ts" time="0.000" line="221" col="6">
        </testcase>
    </testsuite>
    <testsuite name="./test/ErrorGuidedStructuralEvolution/SubmitDiscoveryRecordBatch.ts" tests="2" disabled="0" errors="0" failures="0">
        <testcase name="submitDiscoveryRecordBatch: preserves buffers when record() returns false (avoids splice data loss)" classname="./test/ErrorGuidedStructuralEvolution/SubmitDiscoveryRecordBatch.ts" time="0.001" line="5" col="6">
        </testcase>
        <testcase name="submitDiscoveryRecordBatch: clears buffers when record() returns true" classname="./test/ErrorGuidedStructuralEvolution/SubmitDiscoveryRecordBatch.ts" time="0.000" line="64" col="6">
        </testcase>
    </testsuite>
    <testsuite name="./test/NEAT/AdaptiveMutationRateFitnessProgress.ts" tests="19" disabled="0" errors="0" failures="0">
        <testcase name="AdaptiveMutationFitnessProgress: config has responseImprovementMultiplier with default 0.8" classname="./test/NEAT/AdaptiveMutationRateFitnessProgress.ts" time="0.005" line="30" col="6">
        </testcase>
        <testcase name="AdaptiveMutationFitnessProgress: config has rapidImprovementRate with default 0.01" classname="./test/NEAT/AdaptiveMutationRateFitnessProgress.ts" time="0.000" line="48" col="6">
        </testcase>
        <testcase name="AdaptiveMutationFitnessProgress: config accepts custom improvement settings" classname="./test/NEAT/AdaptiveMutationRateFitnessProgress.ts" time="0.000" line="66" col="6">
        </testcase>
        <testcase name="AdaptiveMutationFitnessProgress: validation - responseImprovementMultiplier must be between 0 and 1" classname="./test/NEAT/AdaptiveMutationRateFitnessProgress.ts" time="0.002" line="82" col="6">
        </testcase>
        <testcase name="AdaptiveMutationFitnessProgress: validation - responseImprovementMultiplier allows boundary values" classname="./test/NEAT/AdaptiveMutationRateFitnessProgress.ts" time="0.000" line="113" col="6">
        </testcase>
        <testcase name="AdaptiveMutationFitnessProgress: validation - rapidImprovementRate must be between 0 and 1" classname="./test/NEAT/AdaptiveMutationRateFitnessProgress.ts" time="0.000" line="134" col="6">
        </testcase>
        <testcase name="AdaptiveMutationFitnessProgress: validation - rapidImprovementRate must be greater than minImprovementRate" classname="./test/NEAT/AdaptiveMutationRateFitnessProgress.ts" time="0.000" line="163" col="6">
        </testcase>
        <testcase name="PlateauDetector: isImproving returns false when insufficient history" classname="./test/NEAT/AdaptiveMutationRateFitnessProgress.ts" time="0.000" line="201" col="6">
        </testcase>
        <testcase name="PlateauDetector: isImproving returns true during rapid improvement" classname="./test/NEAT/AdaptiveMutationRateFitnessProgress.ts" time="0.000" line="217" col="6">
        </testcase>
        <testcase name="PlateauDetector: isImproving returns false during slow improvement" classname="./test/NEAT/AdaptiveMutationRateFitnessProgress.ts" time="0.000" line="237" col="6">
        </testcase>
        <testcase name="PlateauDetector: isImproving returns false when disabled" classname="./test/NEAT/AdaptiveMutationRateFitnessProgress.ts" time="0.000" line="257" col="6">
        </testcase>
        <testcase name="PlateauDetector: getMutationMultiplier returns &lt; 1 during rapid improvement" classname="./test/NEAT/AdaptiveMutationRateFitnessProgress.ts" time="0.000" line="279" col="6">
        </testcase>
        <testcase name="PlateauDetector: getMutationMultiplier returns 1.0 during stable progress" classname="./test/NEAT/AdaptiveMutationRateFitnessProgress.ts" time="0.000" line="302" col="6">
        </testcase>
        <testcase name="PlateauDetector: getMutationMultiplier returns &gt; 1 during stagnation" classname="./test/NEAT/AdaptiveMutationRateFitnessProgress.ts" time="0.000" line="326" col="6">
        </testcase>
        <testcase name="PlateauDetector: transitions correctly between states" classname="./test/NEAT/AdaptiveMutationRateFitnessProgress.ts" time="0.000" line="353" col="6">
        </testcase>
        <testcase name="PlateauDetector: reset clears improvement tracking" classname="./test/NEAT/AdaptiveMutationRateFitnessProgress.ts" time="0.000" line="387" col="6">
        </testcase>
        <testcase name="PlateauDetector: handles negative fitness improvements correctly" classname="./test/NEAT/AdaptiveMutationRateFitnessProgress.ts" time="0.000" line="414" col="6">
        </testcase>
        <testcase name="PlateauDetector: improvement detection respects responseImprovementMultiplier of 1.0" classname="./test/NEAT/AdaptiveMutationRateFitnessProgress.ts" time="0.000" line="435" col="6">
        </testcase>
        <testcase name="AdaptiveMutationFitnessProgress: default values work with existing plateau detection" classname="./test/NEAT/AdaptiveMutationRateFitnessProgress.ts" time="0.000" line="462" col="6">
        </testcase>
    </testsuite>
    <testsuite name="./test/ErrorGuidedStructuralEvolution/ValidateAndFixIfNeeded.ts" tests="6" disabled="0" errors="0" failures="0">
        <testcase name="removeSynapse calls validate before fix" classname="./test/ErrorGuidedStructuralEvolution/ValidateAndFixIfNeeded.ts" time="0.008" line="62" col="6">
        </testcase>
        <testcase name="addHelpfulSynapses calls validate before fix" classname="./test/ErrorGuidedStructuralEvolution/ValidateAndFixIfNeeded.ts" time="0.001" line="102" col="6">
        </testcase>
        <testcase name="removeLowImpactNeuron calls validate before fix" classname="./test/ErrorGuidedStructuralEvolution/ValidateAndFixIfNeeded.ts" time="0.001" line="138" col="6">
        </testcase>
        <testcase name="validation issues are recorded when discoveryFailureCacheDir is set" classname="./test/ErrorGuidedStructuralEvolution/ValidateAndFixIfNeeded.ts" time="0.001" line="170" col="6">
        </testcase>
        <testcase name="addHelpfulNeurons records an issue when from neuron is after target neuron" classname="./test/ErrorGuidedStructuralEvolution/ValidateAndFixIfNeeded.ts" time="0.005" line="224" col="6">
        </testcase>
        <testcase name="discoveryFailureCacheDir parameter is passed through all DiscoverStructure methods" classname="./test/ErrorGuidedStructuralEvolution/ValidateAndFixIfNeeded.ts" time="0.003" line="300" col="6">
        </testcase>
    </testsuite>
    <testsuite name="./test/NEAT/AdaptiveMutationRate.ts" tests="15" disabled="0" errors="0" failures="0">
        <testcase name="AdaptiveMutation: config defaults are applied when not specified" classname="./test/NEAT/AdaptiveMutationRate.ts" time="0.005" line="26" col="6">
        </testcase>
        <testcase name="AdaptiveMutation: config accepts custom threshold values" classname="./test/NEAT/AdaptiveMutationRate.ts" time="0.000" line="50" col="6">
        </testcase>
        <testcase name="AdaptiveMutation: config allows partial overrides with defaults" classname="./test/NEAT/AdaptiveMutationRate.ts" time="0.000" line="79" col="6">
        </testcase>
        <testcase name="AdaptiveMutation: config validates medium threshold is positive integer" classname="./test/NEAT/AdaptiveMutationRate.ts" time="0.002" line="106" col="6">
        </testcase>
        <testcase name="AdaptiveMutation: config validates large threshold is positive integer" classname="./test/NEAT/AdaptiveMutationRate.ts" time="0.000" line="150" col="6">
        </testcase>
        <testcase name="AdaptiveMutation: config validates large threshold is greater than medium" classname="./test/NEAT/AdaptiveMutationRate.ts" time="0.000" line="194" col="6">
        </testcase>
        <testcase name="AdaptiveMutation: config validates largeTopologyWeight is between 0 and 1" classname="./test/NEAT/AdaptiveMutationRate.ts" time="0.000" line="227" col="6">
        </testcase>
        <testcase name="AdaptiveMutation: config allows edge case values for largeTopologyWeight" classname="./test/NEAT/AdaptiveMutationRate.ts" time="0.000" line="258" col="6">
        </testcase>
        <testcase name="AdaptiveMutation: small creatures use standard mutation selection" classname="./test/NEAT/AdaptiveMutationRate.ts" time="0.048" line="291" col="6">
        </testcase>
        <testcase name="AdaptiveMutation: large creatures heavily favour weight/bias mutations" classname="./test/NEAT/AdaptiveMutationRate.ts" time="0.324" line="342" col="6">
        </testcase>
        <testcase name="AdaptiveMutation: large creatures still allow topology mutations occasionally" classname="./test/NEAT/AdaptiveMutationRate.ts" time="0.315" line="413" col="6">
        </testcase>
        <testcase name="AdaptiveMutation: largeTopologyWeight of 0 completely disables topology mutations for large creatures" classname="./test/NEAT/AdaptiveMutationRate.ts" time="0.216" line="458" col="6">
        </testcase>
        <testcase name="AdaptiveMutation: medium creatures have reduced topology expansion" classname="./test/NEAT/AdaptiveMutationRate.ts" time="0.108" line="502" col="6">
        </testcase>
        <testcase name="AdaptiveMutation: creature at exactly medium threshold starts interpolation" classname="./test/NEAT/AdaptiveMutationRate.ts" time="0.056" line="584" col="6">
        </testcase>
        <testcase name="AdaptiveMutation: creature at exactly large threshold is treated as large" classname="./test/NEAT/AdaptiveMutationRate.ts" time="0.073" line="636" col="6">
        </testcase>
    </testsuite>
    <testsuite name="./test/NEAT/AdaptivePopulationSizer.ts" tests="16" disabled="0" errors="0" failures="0">
        <testcase name="AdaptivePopulationSizer - returns base size when disabled" classname="./test/NEAT/AdaptivePopulationSizer.ts" time="0.001" line="10" col="6">
        </testcase>
        <testcase name="AdaptivePopulationSizer - grows on low diversity" classname="./test/NEAT/AdaptivePopulationSizer.ts" time="0.000" line="21" col="6">
        </testcase>
        <testcase name="AdaptivePopulationSizer - shrinks on high diversity with plateau" classname="./test/NEAT/AdaptivePopulationSizer.ts" time="0.000" line="33" col="6">
        </testcase>
        <testcase name="AdaptivePopulationSizer - no change for normal diversity" classname="./test/NEAT/AdaptivePopulationSizer.ts" time="0.000" line="45" col="6">
        </testcase>
        <testcase name="AdaptivePopulationSizer - high diversity without plateau stays same" classname="./test/NEAT/AdaptivePopulationSizer.ts" time="0.000" line="58" col="6">
        </testcase>
        <testcase name="AdaptivePopulationSizer - respects maximum bound" classname="./test/NEAT/AdaptivePopulationSizer.ts" time="0.000" line="70" col="6">
        </testcase>
        <testcase name="AdaptivePopulationSizer - respects minimum bound" classname="./test/NEAT/AdaptivePopulationSizer.ts" time="0.000" line="82" col="6">
        </testcase>
        <testcase name="AdaptivePopulationSizer - adjustment rate controls step size" classname="./test/NEAT/AdaptivePopulationSizer.ts" time="0.000" line="94" col="6">
        </testcase>
        <testcase name="AdaptivePopulationSizer - minCreaturesPerWorker default is 3" classname="./test/NEAT/AdaptivePopulationSizer.ts" time="0.000" line="123" col="6">
        </testcase>
        <testcase name="AdaptivePopulationSizer - worker floor raises effective size" classname="./test/NEAT/AdaptivePopulationSizer.ts" time="0.000" line="127" col="6">
        </testcase>
        <testcase name="AdaptivePopulationSizer - worker floor has no effect with few workers" classname="./test/NEAT/AdaptivePopulationSizer.ts" time="0.000" line="155" col="6">
        </testcase>
        <testcase name="AdaptivePopulationSizer - worker floor disabled when minCreaturesPerWorker is 0" classname="./test/NEAT/AdaptivePopulationSizer.ts" time="0.000" line="170" col="6">
        </testcase>
        <testcase name="AdaptivePopulationSizer - growth combined with worker floor" classname="./test/NEAT/AdaptivePopulationSizer.ts" time="0.000" line="178" col="6">
        </testcase>
        <testcase name="AdaptivePopulationSizer - successive growth across generations" classname="./test/NEAT/AdaptivePopulationSizer.ts" time="0.000" line="198" col="6">
        </testcase>
        <testcase name="AdaptivePopulationSizer - growth capped at maxPopulationFraction" classname="./test/NEAT/AdaptivePopulationSizer.ts" time="0.000" line="214" col="6">
        </testcase>
        <testcase name="AdaptivePopulationSizer - shrink then stabilise" classname="./test/NEAT/AdaptivePopulationSizer.ts" time="0.000" line="229" col="6">
        </testcase>
    </testsuite>
    <testsuite name="./test/NEAT/AsyncDiskIO.ts" tests="7" disabled="0" errors="0" failures="0">
        <testcase name="writeScores writes correct score files asynchronously" classname="./test/NEAT/AsyncDiskIO.ts" time="0.022" line="16" col="6">
        </testcase>
        <testcase name="writeScores handles multiple creatures correctly" classname="./test/NEAT/AsyncDiskIO.ts" time="0.028" line="41" col="6">
        </testcase>
        <testcase name="writeScores skips when no experimentStore configured" classname="./test/NEAT/AsyncDiskIO.ts" time="0.000" line="76" col="6">
        </testcase>
        <testcase name="writeScores overwrites existing score files" classname="./test/NEAT/AsyncDiskIO.ts" time="0.002" line="83" col="6">
        </testcase>
        <testcase name="writeScores caches directory creation across creatures" classname="./test/NEAT/AsyncDiskIO.ts" time="0.047" line="112" col="6">
        </testcase>
        <testcase name="compact JSON checkpoint files round-trip correctly" classname="./test/NEAT/AsyncDiskIO.ts" time="0.008" line="155" col="6">
        </testcase>
        <testcase name="compact JSON is valid and round-trips correctly" classname="./test/NEAT/AsyncDiskIO.ts" time="0.004" line="197" col="6">
        </testcase>
    </testsuite>
    <testsuite name="./test/NEAT/BatchDiscoveryProcessing.ts" tests="5" disabled="0" errors="0" failures="0">
        <testcase name="DiscoverStructure.addHelpfulSynapses creates modified creature correctly" classname="./test/NEAT/BatchDiscoveryProcessing.ts" time="0.008" line="40" col="6">
        </testcase>
        <testcase name="DiscoverStructure.removeSynapse creates modified creature correctly" classname="./test/NEAT/BatchDiscoveryProcessing.ts" time="0.001" line="94" col="6">
        </testcase>
        <testcase name="Discovery response can include improved creature JSON for direct addition to population" classname="./test/NEAT/BatchDiscoveryProcessing.ts" time="0.000" line="143" col="6">
        </testcase>
        <testcase name="Discovered creature should preserve discovery tags when added to population" classname="./test/NEAT/BatchDiscoveryProcessing.ts" time="0.003" line="200" col="6">
        </testcase>
        <testcase name="Population can include discovered creatures alongside normal evolution" classname="./test/NEAT/BatchDiscoveryProcessing.ts" time="0.000" line="248" col="6">
        </testcase>
    </testsuite>
    <testsuite name="./test/NEAT/CpuUtilisation.ts" tests="7" disabled="0" errors="0" failures="0">
        <testcase name="computeOverallCpuUtilisation: returns 0 when totalMs is non-positive" classname="./test/NEAT/CpuUtilisation.ts" time="0.001" line="24" col="6">
        </testcase>
        <testcase name="computeOverallCpuUtilisation: weights each phase by its duration" classname="./test/NEAT/CpuUtilisation.ts" time="0.000" line="29" col="6">
        </testcase>
        <testcase name="computeOverallCpuUtilisation: combines fast and heavy pool workers" classname="./test/NEAT/CpuUtilisation.ts" time="0.000" line="49" col="6">
        </testcase>
        <testcase name="computeOverallCpuUtilisation: zero-duration phases contribute nothing" classname="./test/NEAT/CpuUtilisation.ts" time="0.000" line="66" col="6">
        </testcase>
        <testcase name="computeOverallCpuUtilisation: snapshot with zero workers yields 0" classname="./test/NEAT/CpuUtilisation.ts" time="0.000" line="85" col="6">
        </testcase>
        <testcase name="captureUtilisationSnapshot: reports fast and heavy utilisation percentages" classname="./test/NEAT/CpuUtilisation.ts" time="0.000" line="101" col="6">
        </testcase>
        <testcase name="captureUtilisationSnapshot: handles pools with zero workers" classname="./test/NEAT/CpuUtilisation.ts" time="0.000" line="114" col="6">
        </testcase>
    </testsuite>
    <testsuite name="./test/NEAT/BreedingTimingSplit.ts" tests="4" disabled="0" errors="0" failures="0">
        <testcase name="BreedingTimingSplit: breedingWorkerMs and mainThreadOverlapMs are present" classname="./test/NEAT/BreedingTimingSplit.ts" time="0.308" line="27" col="6">
        </testcase>
        <testcase name="BreedingTimingSplit: semantic invariants hold between timing fields" classname="./test/NEAT/BreedingTimingSplit.ts" time="0.224" line="92" col="6">
        </testcase>
        <testcase name="BreedingTimingSplit: fields are optional for backward compatibility" classname="./test/NEAT/BreedingTimingSplit.ts" time="0.000" line="138" col="6">
        </testcase>
        <testcase name="BreedingTimingSplit: timing invariant holds with new fields included" classname="./test/NEAT/BreedingTimingSplit.ts" time="0.117" line="162" col="6">
        </testcase>
    </testsuite>
    <testsuite name="./test/NEAT/BloomFilterDeDuplication.ts" tests="6" disabled="0" errors="0" failures="0">
        <testcase name="BloomFilterDeDuplication - no false negatives" classname="./test/NEAT/BloomFilterDeDuplication.ts" time="0.059" line="25" col="6">
        </testcase>
        <testcase name="BloomFilterDeDuplication - large population" classname="./test/NEAT/BloomFilterDeDuplication.ts" time="0.084" line="80" col="6">
        </testcase>
        <testcase name="BloomFilterDeDuplication - small population" classname="./test/NEAT/BloomFilterDeDuplication.ts" time="0.000" line="156" col="6">
        </testcase>
        <testcase name="BloomFilterDeDuplication - all duplicates" classname="./test/NEAT/BloomFilterDeDuplication.ts" time="0.055" line="193" col="6">
        </testcase>
        <testcase name="BloomFilterDeDuplication - multiple perform calls" classname="./test/NEAT/BloomFilterDeDuplication.ts" time="0.002" line="240" col="6">
        </testcase>
        <testcase name="BloomFilterDeDuplication - integration with evolution" classname="./test/NEAT/BloomFilterDeDuplication.ts" time="0.315" line="295" col="6">
        </testcase>
    </testsuite>
    <testsuite name="./test/NEAT/CreativeThinkingClone.ts" tests="7" disabled="0" errors="0" failures="0">
        <testcase name="CreativeThinkingClone: shallowClone produces equivalent structure to JSON clone" classname="./test/NEAT/CreativeThinkingClone.ts" time="0.017" line="31" col="6">
        </testcase>
        <testcase name="CreativeThinkingClone: deleting memetic from clone does not affect original" classname="./test/NEAT/CreativeThinkingClone.ts" time="0.001" line="120" col="6">
        </testcase>
        <testcase name="CreativeThinkingClone: adding connections to clone does not affect original" classname="./test/NEAT/CreativeThinkingClone.ts" time="0.002" line="172" col="6">
        </testcase>
        <testcase name="CreativeThinkingClone: full creative thinking workflow preserves original" classname="./test/NEAT/CreativeThinkingClone.ts" time="0.003" line="212" col="6">
        </testcase>
        <testcase name="CreativeThinkingClone: clone activation matches original before modifications" classname="./test/NEAT/CreativeThinkingClone.ts" time="0.006" line="288" col="6">
        </testcase>
        <testcase name="CreativeThinkingClone: clone UUID changes after modification" classname="./test/NEAT/CreativeThinkingClone.ts" time="0.003" line="322" col="6">
        </testcase>
        <testcase name="CreativeThinkingClone: forwardOnly flag preserved through creative thinking" classname="./test/NEAT/CreativeThinkingClone.ts" time="0.000" line="359" col="6">
        </testcase>
    </testsuite>
    <testsuite name="./test/NEAT/DeDuplicate.ts" tests="1" disabled="0" errors="0" failures="0">
        <testcase name="DeDuplicate" classname="./test/NEAT/DeDuplicate.ts" time="0.164" line="13" col="6">
        </testcase>
    </testsuite>
    <testsuite name="./test/NEAT/DeDuplicateBulkRemoval.ts" tests="3" disabled="0" errors="0" failures="0">
        <testcase name="DeDuplicator bulk removal preserves unique creatures" classname="./test/NEAT/DeDuplicateBulkRemoval.ts" time="0.019" line="32" col="6">
        </testcase>
        <testcase name="DeDuplicator bulk removal handles all-duplicates correctly" classname="./test/NEAT/DeDuplicateBulkRemoval.ts" time="0.028" line="91" col="6">
        </testcase>
        <testcase name="DeDuplicator preserves array order for non-removed elements" classname="./test/NEAT/DeDuplicateBulkRemoval.ts" time="0.002" line="132" col="6">
        </testcase>
    </testsuite>
    <testsuite name="./test/NEAT/DeDuplicateRetryCap.ts" tests="4" disabled="0" errors="0" failures="0">
        <testcase name="DeDuplicator retry cap preserves population under duplication pressure" classname="./test/NEAT/DeDuplicateRetryCap.ts" time="0.053" line="37" col="6">
        </testcase>
        <testcase name="DeDuplicator default maxDedupRetries is 16" classname="./test/NEAT/DeDuplicateRetryCap.ts" time="0.000" line="87" col="6">
        </testcase>
        <testcase name="DeDuplicator async perform produces unique creatures" classname="./test/NEAT/DeDuplicateRetryCap.ts" time="0.031" line="95" col="6">
        </testcase>
        <testcase name="DeDuplicator previousExperiment caches results" classname="./test/NEAT/DeDuplicateRetryCap.ts" time="0.000" line="135" col="6">
        </testcase>
    </testsuite>
    <testsuite name="./test/NEAT/DiscoveryCacheDir.ts" tests="6" disabled="0" errors="0" failures="0">
        <testcase name="NeatConfig discoveryCacheDir - not set by default" classname="./test/NEAT/DiscoveryCacheDir.ts" time="0.005" line="13" col="6">
        </testcase>
        <testcase name="NeatConfig discoveryCacheDir - accepts valid directory path" classname="./test/NEAT/DiscoveryCacheDir.ts" time="0.000" line="18" col="6">
        </testcase>
        <testcase name="NeatConfig discoveryCacheDir - accepts relative path" classname="./test/NEAT/DiscoveryCacheDir.ts" time="0.000" line="25" col="6">
        </testcase>
        <testcase name="NeatConfig discoveryCacheDir - sets success and failure cache subdirectories" classname="./test/NEAT/DiscoveryCacheDir.ts" time="0.000" line="32" col="6">
        </testcase>
        <testcase name="NeatConfig discoveryCacheDir - explicit success/failure dirs override derived ones" classname="./test/NEAT/DiscoveryCacheDir.ts" time="0.000" line="54" col="6">
        </testcase>
        <testcase name="NeatConfig discoveryCacheDir - empty string is treated as undefined" classname="./test/NEAT/DiscoveryCacheDir.ts" time="0.000" line="66" col="6">
        </testcase>
    </testsuite>
    <testsuite name="./test/NEAT/DeDuplicatorAsyncOptimisation.ts" tests="4" disabled="0" errors="0" failures="0">
        <testcase name="DeDuplicator async perform resolves with unique population" classname="./test/NEAT/DeDuplicatorAsyncOptimisation.ts" time="0.015" line="37" col="6">
        </testcase>
        <testcase name="DeDuplicator previousExperiment caches results per generation" classname="./test/NEAT/DeDuplicatorAsyncOptimisation.ts" time="0.000" line="83" col="6">
        </testcase>
        <testcase name="DeDuplicator replacement retries respect configurable cap" classname="./test/NEAT/DeDuplicatorAsyncOptimisation.ts" time="0.025" line="111" col="6">
        </testcase>
        <testcase name="DeDuplicator with default retry cap handles many duplicates" classname="./test/NEAT/DeDuplicatorAsyncOptimisation.ts" time="0.013" line="151" col="6">
        </testcase>
    </testsuite>
    <testsuite name="./test/NEAT/DeDuplicatorShallowClone.ts" tests="3" disabled="0" errors="0" failures="0">
        <testcase name="shallowClone + mutate produces independent creature with new UUID" classname="./test/NEAT/DeDuplicatorShallowClone.ts" time="0.004" line="13" col="6">
        </testcase>
        <testcase name="shallowClone preserves neuron UUIDs for breeding compatibility" classname="./test/NEAT/DeDuplicatorShallowClone.ts" time="0.000" line="46" col="6">
        </testcase>
        <testcase name="shallowClone creates structurally independent copy" classname="./test/NEAT/DeDuplicatorShallowClone.ts" time="0.000" line="73" col="6">
        </testcase>
    </testsuite>
    <testsuite name="./test/NEAT/DiscoveryReplayIntegration.ts" tests="14" disabled="0" errors="0" failures="0">
        <testcase name="DiscoveryReplayIntegration - creates creature from improvement result" classname="./test/NEAT/DiscoveryReplayIntegration.ts" time="0.005" line="79" col="6">
        </testcase>
        <testcase name="DiscoveryReplayIntegration - tags creature with discovery-replay approach" classname="./test/NEAT/DiscoveryReplayIntegration.ts" time="0.001" line="125" col="6">
        </testcase>
        <testcase name="DiscoveryReplayIntegration - validates replayed creature" classname="./test/NEAT/DiscoveryReplayIntegration.ts" time="0.003" line="150" col="6">
        </testcase>
        <testcase name="DiscoveryReplayIntegration - adds replayed creature to population array" classname="./test/NEAT/DiscoveryReplayIntegration.ts" time="0.000" line="174" col="6">
        </testcase>
        <testcase name="DiscoveryReplayIntegration - logs verbose output when creature is added" classname="./test/NEAT/DiscoveryReplayIntegration.ts" time="0.001" line="240" col="6">
        </testcase>
        <testcase name="DiscoveryReplayIntegration - skips when improvement has null creature" classname="./test/NEAT/DiscoveryReplayIntegration.ts" time="0.000" line="294" col="6">
        </testcase>
        <testcase name="DiscoveryReplayIntegration - skips when no improvement" classname="./test/NEAT/DiscoveryReplayIntegration.ts" time="0.000" line="337" col="6">
        </testcase>
        <testcase name="DiscoveryReplayIntegration - processes multiple replay results" classname="./test/NEAT/DiscoveryReplayIntegration.ts" time="0.000" line="370" col="6">
        </testcase>
        <testcase name="DiscoveryReplayIntegration - calls logReplaySummary for each result" classname="./test/NEAT/DiscoveryReplayIntegration.ts" time="0.006" line="466" col="6">
        </testcase>
        <testcase name="DiscoveryReplayIntegration - skips verbose logging when verbose is false" classname="./test/NEAT/DiscoveryReplayIntegration.ts" time="0.000" line="537" col="6">
        </testcase>
        <testcase name="DiscoveryReplayIntegration - uses replay as fallback key" classname="./test/NEAT/DiscoveryReplayIntegration.ts" time="0.000" line="575" col="6">
        </testcase>
        <testcase name="DiscoveryReplayIntegration - handles undefined scoreDelta" classname="./test/NEAT/DiscoveryReplayIntegration.ts" time="0.000" line="617" col="6">
        </testcase>
        <testcase name="DiscoveryReplayIntegration - handles undefined uuid in logging" classname="./test/NEAT/DiscoveryReplayIntegration.ts" time="0.000" line="661" col="6">
        </testcase>
        <testcase name="DiscoveryReplayIntegration - results are cleared after processing" classname="./test/NEAT/DiscoveryReplayIntegration.ts" time="0.003" line="702" col="6">
        </testcase>
    </testsuite>
    <testsuite name="./test/NEAT/DiscoveryReplayQueue.ts" tests="13" disabled="0" errors="0" failures="0">
        <testcase name="DiscoveryReplayQueue - schedules replay when new fittest is detected" classname="./test/NEAT/DiscoveryReplayQueue.ts" time="0.011" line="18" col="6">
        </testcase>
        <testcase name="DiscoveryReplayQueue - only one replay at a time" classname="./test/NEAT/DiscoveryReplayQueue.ts" time="0.105" line="55" col="6">
        </testcase>
        <testcase name="DiscoveryReplayQueue - returns improved creature" classname="./test/NEAT/DiscoveryReplayQueue.ts" time="0.003" line="111" col="6">
        </testcase>
        <testcase name="DiscoveryReplayQueue - skips replay if no cache directory" classname="./test/NEAT/DiscoveryReplayQueue.ts" time="0.000" line="159" col="6">
        </testcase>
        <testcase name="DiscoveryReplayQueue - queues newest fittest when replay in progress" classname="./test/NEAT/DiscoveryReplayQueue.ts" time="0.016" line="198" col="6">
        </testcase>
        <testcase name="DiscoveryReplayQueue - isReplayInProgress returns correct state" classname="./test/NEAT/DiscoveryReplayQueue.ts" time="0.014" line="269" col="6">
        </testcase>
        <testcase name="DiscoveryReplayQueue - clearCompletedResults removes results" classname="./test/NEAT/DiscoveryReplayQueue.ts" time="0.002" line="333" col="6">
        </testcase>
        <testcase name="DiscoveryReplayQueue - skips replay when remaining time is below minimum threshold" classname="./test/NEAT/DiscoveryReplayQueue.ts" time="0.000" line="396" col="6">
        </testcase>
        <testcase name="DiscoveryReplayQueue - passes timeout to replay function" classname="./test/NEAT/DiscoveryReplayQueue.ts" time="0.002" line="438" col="6">
        </testcase>
        <testcase name="DiscoveryReplayQueue - caps timeout to configured maximum" classname="./test/NEAT/DiscoveryReplayQueue.ts" time="0.003" line="481" col="6">
        </testcase>
        <testcase name="DiscoveryReplayQueue - uses default timeout when no remaining time provided" classname="./test/NEAT/DiscoveryReplayQueue.ts" time="0.002" line="524" col="6">
        </testcase>
        <testcase name="DiscoveryReplayQueue - custom minimum time threshold" classname="./test/NEAT/DiscoveryReplayQueue.ts" time="0.000" line="567" col="6">
        </testcase>
        <testcase name="DiscoveryReplayQueue - allows replay when remaining time equals minimum threshold" classname="./test/NEAT/DiscoveryReplayQueue.ts" time="0.002" line="609" col="6">
        </testcase>
    </testsuite>
    <testsuite name="./test/NEAT/DiscoveryReplayQueueCompletion.ts" tests="3" disabled="0" errors="0" failures="0">
        <testcase name="DiscoveryReplayQueue - waitForCompletion resolves after all replays finish" classname="./test/NEAT/DiscoveryReplayQueueCompletion.ts" time="0.060" line="28" col="6">
        </testcase>
        <testcase name="DiscoveryReplayQueue - waitForCompletion waits for queued replays too" classname="./test/NEAT/DiscoveryReplayQueueCompletion.ts" time="0.065" line="86" col="6">
        </testcase>
        <testcase name="DiscoveryReplayQueue - waitForCompletion is safe when no replays pending" classname="./test/NEAT/DiscoveryReplayQueueCompletion.ts" time="0.000" line="142" col="6">
        </testcase>
    </testsuite>
    <testsuite name="./test/NEAT/DiscoveryReplaySummaryLogging.ts" tests="6" disabled="0" errors="0" failures="0">
        <testcase name="logReplaySummary - logs improvement with change type and score delta" classname="./test/NEAT/DiscoveryReplaySummaryLogging.ts" time="0.012" line="29" col="6">
        </testcase>
        <testcase name="logReplaySummary - logs no improvement case correctly" classname="./test/NEAT/DiscoveryReplaySummaryLogging.ts" time="0.000" line="100" col="6">
        </testcase>
        <testcase name="logReplaySummary - logs timeout status" classname="./test/NEAT/DiscoveryReplaySummaryLogging.ts" time="0.000" line="154" col="6">
        </testcase>
        <testcase name="logReplaySummary - logs successful candidates in verbose mode" classname="./test/NEAT/DiscoveryReplaySummaryLogging.ts" time="0.003" line="184" col="6">
        </testcase>
        <testcase name="logReplaySummary - does not log candidates when not in verbose mode" classname="./test/NEAT/DiscoveryReplaySummaryLogging.ts" time="0.000" line="288" col="6">
        </testcase>
        <testcase name="logReplaySummary - handles minimal result with zeros correctly" classname="./test/NEAT/DiscoveryReplaySummaryLogging.ts" time="0.000" line="351" col="6">
        </testcase>
    </testsuite>
    <testsuite name="./test/NEAT/EarlyDeDuplication.ts" tests="3" disabled="0" errors="0" failures="0">
        <testcase name="EarlyDeDuplication - duplicates removed before fitness evaluation" classname="./test/NEAT/EarlyDeDuplication.ts" time="0.233" line="19" col="6">
        </testcase>
        <testcase name="EarlyDeDuplication - bred population is de-duplicated" classname="./test/NEAT/EarlyDeDuplication.ts" time="0.069" line="86" col="6">
        </testcase>
        <testcase name="EarlyDeDuplication - fitness evaluations reduced" classname="./test/NEAT/EarlyDeDuplication.ts" time="0.125" line="194" col="6">
        </testcase>
    </testsuite>
    <testsuite name="./test/NEAT/Elitism.ts" tests="8" disabled="0" errors="0" failures="0">
        <testcase name="makeElitists: selects single best creature from population" classname="./test/NEAT/Elitism.ts" time="0.005" line="38" col="6">
        </testcase>
        <testcase name="makeElitists: selects top three creatures in score order" classname="./test/NEAT/Elitism.ts" time="0.000" line="63" col="6">
        </testcase>
        <testcase name="makeElitists: selects all creatures when population equals requested count" classname="./test/NEAT/Elitism.ts" time="0.000" line="87" col="6">
        </testcase>
        <testcase name="makeElitists: caps elitists at population size when requested more" classname="./test/NEAT/Elitism.ts" time="0.000" line="109" col="6">
        </testcase>
        <testcase name="makeElitists: handles ascending-score population correctly" classname="./test/NEAT/Elitism.ts" time="0.017" line="134" col="6">
        </testcase>
        <testcase name="makeElitists: handles descending-score population correctly" classname="./test/NEAT/Elitism.ts" time="0.012" line="161" col="6">
        </testcase>
        <testcase name="makeElitists: maintains score order with duplicate scores" classname="./test/NEAT/Elitism.ts" time="0.020" line="189" col="6">
        </testcase>
        <testcase name="logVerbose: returns correct average score for population" classname="./test/NEAT/Elitism.ts" time="0.005" line="241" col="6">
        </testcase>
    </testsuite>
    <testsuite name="./test/NEAT/Evolve.ts" tests="5" disabled="0" errors="0" failures="0">
        <testcase name="AND" classname="./test/NEAT/Evolve.ts" time="2.031" line="16" col="6">
        </testcase>
        <testcase name="evolve-MT" classname="./test/NEAT/Evolve.ts" time="0.784" line="59" col="6">
        </testcase>
        <testcase name="XOR-evolve" classname="./test/NEAT/Evolve.ts" time="34.767" line="88" col="6">
        </testcase>
        <testcase name="booleanXOR" classname="./test/NEAT/Evolve.ts" time="3.411" line="127" col="6">
        </testcase>
        <testcase name="XNOR - evolve" classname="./test/NEAT/Evolve.ts" time="2.593" line="173" col="6">
        </testcase>
    </testsuite>
    <testsuite name="./test/NEAT/EvolveCrisprWarning.ts" tests="2" disabled="0" errors="0" failures="0">
        <testcase name="evolve: invalid CRISPR DNA warns instead of crashing (#2167)" classname="./test/NEAT/EvolveCrisprWarning.ts" time="0.114" line="50" col="6">
        </testcase>
        <testcase name="evolve: valid CRISPRs still apply after skipping invalid ones (#2167)" classname="./test/NEAT/EvolveCrisprWarning.ts" time="0.048" line="103" col="6">
        </testcase>
    </testsuite>
    <testsuite name="./test/NEAT/EvolvePhaseTiming.ts" tests="1" disabled="0" errors="0" failures="0">
        <testcase name="EvolvePhaseTiming: generation_complete includes phaseTiming data" classname="./test/NEAT/EvolvePhaseTiming.ts" time="0.156" line="15" col="6">
        </testcase>
    </testsuite>
    <testsuite name="./test/NEAT/EvolvePhaseTiming_Extended.ts" tests="3" disabled="0" errors="0" failures="0">
        <testcase name="EvolvePhaseTiming: new phase fields are present in phaseTiming" classname="./test/NEAT/EvolvePhaseTiming_Extended.ts" time="0.148" line="17" col="6">
        </testcase>
        <testcase name="EvolvePhaseTiming: new timing fields are optional in GenerationPhaseTiming" classname="./test/NEAT/EvolvePhaseTiming_Extended.ts" time="0.000" line="145" col="6">
        </testcase>
        <testcase name="EvolvePhaseTiming: all timing fields are numbers or undefined" classname="./test/NEAT/EvolvePhaseTiming_Extended.ts" time="0.173" line="178" col="6">
        </testcase>
    </testsuite>
    <testsuite name="./test/NEAT/EvolveWasmPanicRecovery.ts" tests="2" disabled="0" errors="0" failures="0">
        <testcase name="evolve: creatures with -Infinity score are excluded from genus without crashing" classname="./test/NEAT/EvolveWasmPanicRecovery.ts" time="0.137" line="36" col="6">
        </testcase>
        <testcase name="evolve: majority of creatures with -Infinity score still evolves" classname="./test/NEAT/EvolveWasmPanicRecovery.ts" time="0.070" line="87" col="6">
        </testcase>
    </testsuite>
    <testsuite name="./test/NEAT/ExperimentStore.ts" tests="1" disabled="0" errors="0" failures="0">
        <testcase name="previous" classname="./test/NEAT/ExperimentStore.ts" time="0.018" line="13" col="6">
        </testcase>
    </testsuite>
    <testsuite name="./test/NEAT/FitnessBatchRustScorer.ts" tests="2" disabled="0" errors="0" failures="0">
        <testcase name="Fitness.calculate batch rust scorer - one scorer process per generation" classname="./test/NEAT/FitnessBatchRustScorer.ts" time="0.019" line="84" col="6">
        </testcase>
        <testcase name="Fitness.calculate batch rust scorer - falls back to worker path on reconciliation failure" classname="./test/NEAT/FitnessBatchRustScorer.ts" time="0.004" line="165" col="6">
        </testcase>
    </testsuite>
    <testsuite name="./test/NEAT/FitnessQueueDequeue.ts" tests="3" disabled="0" errors="0" failures="0">
        <testcase name="Fitness.calculate - all unique creatures evaluated with multiple workers" classname="./test/NEAT/FitnessQueueDequeue.ts" time="0.038" line="64" col="6">
        </testcase>
        <testcase name="Fitness.calculate - empty population handled correctly" classname="./test/NEAT/FitnessQueueDequeue.ts" time="0.000" line="112" col="6">
        </testcase>
        <testcase name="Fitness.calculate - single creature with multiple workers" classname="./test/NEAT/FitnessQueueDequeue.ts" time="0.003" line="132" col="6">
        </testcase>
    </testsuite>
    <testsuite name="./test/NEAT/FitnessDeduplication.ts" tests="4" disabled="0" errors="0" failures="0">
        <testcase name="Fitness.calculate - deduplicates identical creatures by UUID" classname="./test/NEAT/FitnessDeduplication.ts" time="0.009" line="70" col="6">
        </testcase>
        <testcase name="Fitness.calculate - different creatures are evaluated separately" classname="./test/NEAT/FitnessDeduplication.ts" time="0.005" line="152" col="6">
        </testcase>
        <testcase name="Fitness.calculate - skips creatures that already have scores" classname="./test/NEAT/FitnessDeduplication.ts" time="0.003" line="207" col="6">
        </testcase>
        <testcase name="Fitness.calculate - mixed population with duplicates and uniques" classname="./test/NEAT/FitnessDeduplication.ts" time="0.006" line="261" col="6">
        </testcase>
    </testsuite>
    <testsuite name="./test/NEAT/FocusCachePreservation.ts" tests="7" disabled="0" errors="0" failures="0">
        <testcase name="clearCache should NOT clear focus cache" classname="./test/NEAT/FocusCachePreservation.ts" time="0.009" line="23" col="6">
        </testcase>
        <testcase name="clearFocusCache should clear only focus cache" classname="./test/NEAT/FocusCachePreservation.ts" time="0.000" line="53" col="6">
        </testcase>
        <testcase name="inFocus should use cached results within same focus list" classname="./test/NEAT/FocusCachePreservation.ts" time="0.000" line="76" col="6">
        </testcase>
        <testcase name="different focus lists should not share cache" classname="./test/NEAT/FocusCachePreservation.ts" time="0.000" line="106" col="6">
        </testcase>
        <testcase name="mutation batch with constant focus list should preserve focus cache" classname="./test/NEAT/FocusCachePreservation.ts" time="0.011" line="150" col="6">
        </testcase>
        <testcase name="Mutator should clear focus cache only when focus list changes" classname="./test/NEAT/FocusCachePreservation.ts" time="0.016" line="188" col="6">
        </testcase>
        <testcase name="empty focus list should always return true (no cache needed)" classname="./test/NEAT/FocusCachePreservation.ts" time="0.000" line="224" col="6">
        </testcase>
    </testsuite>
    <testsuite name="./test/NEAT/Genus.ts" tests="4" disabled="0" errors="0" failures="0">
        <testcase name="Add Creature to Genus and Create New Species" classname="./test/NEAT/Genus.ts" time="0.005" line="84" col="6">
        </testcase>
        <testcase name="Find Species by Creature UUID" classname="./test/NEAT/Genus.ts" time="0.000" line="97" col="6">
        </testcase>
        <testcase name="Error Handling for Undefined Creature in addCreature" classname="./test/NEAT/Genus.ts" time="0.001" line="111" col="6">
        </testcase>
        <testcase name="Find Closest Matching Species" classname="./test/NEAT/Genus.ts" time="0.013" line="124" col="6">
        </testcase>
    </testsuite>
    <testsuite name="./test/NEAT/GroupRelativeAdvantage.ts" tests="14" disabled="0" errors="0" failures="0">
        <testcase name="GRPO advantage: signs match expected ordering for a known cohort" classname="./test/NEAT/GroupRelativeAdvantage.ts" time="0.001" line="18" col="6">
        </testcase>
        <testcase name="GRPO advantage: empty cohort returns empty array" classname="./test/NEAT/GroupRelativeAdvantage.ts" time="0.000" line="32" col="6">
        </testcase>
        <testcase name="GRPO advantage: single-member cohort returns [0] (no signal)" classname="./test/NEAT/GroupRelativeAdvantage.ts" time="0.000" line="36" col="6">
        </testcase>
        <testcase name="GRPO advantage: zero-variance cohort does not divide by zero" classname="./test/NEAT/GroupRelativeAdvantage.ts" time="0.000" line="43" col="6">
        </testcase>
        <testcase name="GRPO advantage: invariant to additive shift of all rewards" classname="./test/NEAT/GroupRelativeAdvantage.ts" time="0.000" line="52" col="6">
        </testcase>
        <testcase name="GRPO advantage: clip bounds the magnitude" classname="./test/NEAT/GroupRelativeAdvantage.ts" time="0.000" line="63" col="6">
        </testcase>
        <testcase name="GRPO advantage: non-finite scores receive zero advantage" classname="./test/NEAT/GroupRelativeAdvantage.ts" time="0.000" line="76" col="6">
        </testcase>
        <testcase name="GRPO advantage: default clip is ±10" classname="./test/NEAT/GroupRelativeAdvantage.ts" time="0.000" line="84" col="6">
        </testcase>
        <testcase name="computeAdvantageStats: skips non-finite entries" classname="./test/NEAT/GroupRelativeAdvantage.ts" time="0.000" line="90" col="6">
        </testcase>
        <testcase name="computeAdvantageStats: zero-length cohort" classname="./test/NEAT/GroupRelativeAdvantage.ts" time="0.000" line="96" col="6">
        </testcase>
        <testcase name="normaliseDeltaWithCohortStd: divides delta by std + eps" classname="./test/NEAT/GroupRelativeAdvantage.ts" time="0.000" line="101" col="6">
        </testcase>
        <testcase name="normaliseDeltaWithCohortStd: zero-std cohort still finite (no divide by zero)" classname="./test/NEAT/GroupRelativeAdvantage.ts" time="0.000" line="107" col="6">
        </testcase>
        <testcase name="normaliseDeltaWithCohortStd: clipped symmetrically" classname="./test/NEAT/GroupRelativeAdvantage.ts" time="0.000" line="115" col="6">
        </testcase>
        <testcase name="normaliseDeltaWithCohortStd: non-finite delta returns 0" classname="./test/NEAT/GroupRelativeAdvantage.ts" time="0.000" line="123" col="6">
        </testcase>
    </testsuite>
    <testsuite name="./test/NEAT/HyperparameterEvolution.ts" tests="12" disabled="0" errors="0" failures="0">
        <testcase name="createDefaultHyperparameters - returns defaults when disabled" classname="./test/NEAT/HyperparameterEvolution.ts" time="0.001" line="18" col="6">
        </testcase>
        <testcase name="createDefaultHyperparameters - adds variation when enabled" classname="./test/NEAT/HyperparameterEvolution.ts" time="0.000" line="33" col="6">
        </testcase>
        <testcase name="createDefaultHyperparameters - values within bounds" classname="./test/NEAT/HyperparameterEvolution.ts" time="0.000" line="44" col="6">
        </testcase>
        <testcase name="mutateHyperparameters - produces different values" classname="./test/NEAT/HyperparameterEvolution.ts" time="0.000" line="86" col="6">
        </testcase>
        <testcase name="mutateHyperparameters - values stay within bounds" classname="./test/NEAT/HyperparameterEvolution.ts" time="0.002" line="99" col="6">
        </testcase>
        <testcase name="crossoverHyperparameters - blends parent values" classname="./test/NEAT/HyperparameterEvolution.ts" time="0.000" line="144" col="6">
        </testcase>
        <testcase name="crossoverHyperparameters - handles undefined parents" classname="./test/NEAT/HyperparameterEvolution.ts" time="0.000" line="177" col="6">
        </testcase>
        <testcase name="crossoverHyperparameters - child values within bounds" classname="./test/NEAT/HyperparameterEvolution.ts" time="0.001" line="198" col="6">
        </testcase>
        <testcase name="computeSpeciesDiversity - single species" classname="./test/NEAT/HyperparameterEvolution.ts" time="0.000" line="231" col="6">
        </testcase>
        <testcase name="computeSpeciesDiversity - all unique species" classname="./test/NEAT/HyperparameterEvolution.ts" time="0.000" line="236" col="6">
        </testcase>
        <testcase name="computeSpeciesDiversity - population of 1" classname="./test/NEAT/HyperparameterEvolution.ts" time="0.000" line="241" col="6">
        </testcase>
        <testcase name="computeSpeciesDiversity - more species than population capped at 1" classname="./test/NEAT/HyperparameterEvolution.ts" time="0.000" line="246" col="6">
        </testcase>
    </testsuite>
    <testsuite name="./test/NEAT/HyperparameterSerialisation.ts" tests="5" disabled="0" errors="0" failures="0">
        <testcase name="Hyperparameter serialisation - export and import preserves values" classname="./test/NEAT/HyperparameterSerialisation.ts" time="0.006" line="39" col="6">
        </testcase>
        <testcase name="Hyperparameter serialisation - absent when not set" classname="./test/NEAT/HyperparameterSerialisation.ts" time="0.000" line="68" col="6">
        </testcase>
        <testcase name="Hyperparameter shallow clone preserves values" classname="./test/NEAT/HyperparameterSerialisation.ts" time="0.000" line="74" col="6">
        </testcase>
        <testcase name="Hyperparameter crossover inheritance during breeding" classname="./test/NEAT/HyperparameterSerialisation.ts" time="0.012" line="99" col="6">
        </testcase>
        <testcase name="Hyperparameters inherited when evolution disabled but parents have them" classname="./test/NEAT/HyperparameterSerialisation.ts" time="0.001" line="152" col="6">
        </testcase>
    </testsuite>
    <testsuite name="./test/NEAT/Learn.ts" tests="1" disabled="0" errors="0" failures="0">
        <testcase name="Learn: training completes and returns finite error" classname="./test/NEAT/Learn.ts" time="0.025" line="10" col="6">
        </testcase>
    </testsuite>
    <testsuite name="./test/NEAT/LogApproach.ts" tests="4" disabled="0" errors="0" failures="0">
        <testcase name="logApproach: should handle &apos;discovered&apos; approach without throwing error (issue #1082)" classname="./test/NEAT/LogApproach.ts" time="0.003" line="55" col="6">
        </testcase>
        <testcase name="logApproach: should handle &apos;discovery&apos; approach without throwing error" classname="./test/NEAT/LogApproach.ts" time="0.000" line="79" col="6">
        </testcase>
        <testcase name="logApproach: should handle all valid approach types" classname="./test/NEAT/LogApproach.ts" time="0.000" line="101" col="6">
        </testcase>
        <testcase name="logApproach: should throw error for truly unknown approaches" classname="./test/NEAT/LogApproach.ts" time="0.004" line="148" col="6">
        </testcase>
    </testsuite>
    <testsuite name="./test/NEAT/LogApproachDiscoveryReplay.ts" tests="2" disabled="0" errors="0" failures="0">
        <testcase name="logApproach - handles &apos;discovery-replay&apos; approach without casting" classname="./test/NEAT/LogApproachDiscoveryReplay.ts" time="0.003" line="49" col="6">
        </testcase>
        <testcase name="logApproach - all approaches including discovery-replay are valid" classname="./test/NEAT/LogApproachDiscoveryReplay.ts" time="0.001" line="72" col="6">
        </testcase>
    </testsuite>
    <testsuite name="./test/NEAT/MCMCConvergenceIntegration.ts" tests="8" disabled="0" errors="0" failures="0">
        <testcase name="MCMC integration: acceptance rate converges toward target with adaptive tuning" classname="./test/NEAT/MCMCConvergenceIntegration.ts" time="0.012" line="31" col="6">
        </testcase>
        <testcase name="MCMC integration: temperature decreases monotonically with exponential cooling" classname="./test/NEAT/MCMCConvergenceIntegration.ts" time="0.000" line="88" col="6">
        </testcase>
        <testcase name="MCMC integration: disabled MCMC does not alter mutation behaviour" classname="./test/NEAT/MCMCConvergenceIntegration.ts" time="0.020" line="131" col="6">
        </testcase>
        <testcase name="MCMC integration: high temperature accepts worsening mutations, low temperature rejects them" classname="./test/NEAT/MCMCConvergenceIntegration.ts" time="0.001" line="217" col="6">
        </testcase>
        <testcase name="MCMC integration: rejected mutation reverts creature to exact pre-mutation state" classname="./test/NEAT/MCMCConvergenceIntegration.ts" time="0.014" line="291" col="6">
        </testcase>
        <testcase name="MCMC integration: mutation pipeline records acceptance decisions in diagnostics" classname="./test/NEAT/MCMCConvergenceIntegration.ts" time="0.004" line="380" col="6">
        </testcase>
        <testcase name="MCMC integration: full lifecycle with cooling and adaptive tuning" classname="./test/NEAT/MCMCConvergenceIntegration.ts" time="0.001" line="447" col="6">
        </testcase>
        <testcase name="MCMC integration: weight penalty proxy increases with larger weights" classname="./test/NEAT/MCMCConvergenceIntegration.ts" time="0.000" line="523" col="6">
        </testcase>
    </testsuite>
    <testsuite name="./test/NEAT/MCMCDiagnostics.ts" tests="17" disabled="0" errors="0" failures="0">
        <testcase name="MCMCDiagnostics: acceptance rate with no decisions is 0" classname="./test/NEAT/MCMCDiagnostics.ts" time="0.001" line="31" col="6">
        </testcase>
        <testcase name="MCMCDiagnostics: acceptance rate tracks accepted decisions" classname="./test/NEAT/MCMCDiagnostics.ts" time="0.000" line="36" col="6">
        </testcase>
        <testcase name="MCMCDiagnostics: 100% acceptance rate" classname="./test/NEAT/MCMCDiagnostics.ts" time="0.000" line="47" col="6">
        </testcase>
        <testcase name="MCMCDiagnostics: 0% acceptance rate" classname="./test/NEAT/MCMCDiagnostics.ts" time="0.000" line="55" col="6">
        </testcase>
        <testcase name="MCMCDiagnostics: getGenerationStats returns correct counts" classname="./test/NEAT/MCMCDiagnostics.ts" time="0.000" line="65" col="6">
        </testcase>
        <testcase name="MCMCDiagnostics: rolling window smooths across generations" classname="./test/NEAT/MCMCDiagnostics.ts" time="0.000" line="82" col="6">
        </testcase>
        <testcase name="MCMCDiagnostics: rolling window respects window size" classname="./test/NEAT/MCMCDiagnostics.ts" time="0.000" line="101" col="6">
        </testcase>
        <testcase name="MCMCDiagnostics: smoothed rate only uses recent window" classname="./test/NEAT/MCMCDiagnostics.ts" time="0.000" line="117" col="6">
        </testcase>
        <testcase name="MCMCDiagnostics: temperature decreases when acceptance rate too high" classname="./test/NEAT/MCMCDiagnostics.ts" time="0.000" line="142" col="6">
        </testcase>
        <testcase name="MCMCDiagnostics: temperature increases when acceptance rate too low" classname="./test/NEAT/MCMCDiagnostics.ts" time="0.000" line="162" col="6">
        </testcase>
        <testcase name="MCMCDiagnostics: temperature unchanged when acceptance rate within tolerance" classname="./test/NEAT/MCMCDiagnostics.ts" time="0.000" line="182" col="6">
        </testcase>
        <testcase name="MCMCDiagnostics: temperature clamped at minTemperature" classname="./test/NEAT/MCMCDiagnostics.ts" time="0.000" line="204" col="6">
        </testcase>
        <testcase name="MCMCDiagnostics: temperature clamped at initialTemperature" classname="./test/NEAT/MCMCDiagnostics.ts" time="0.000" line="224" col="6">
        </testcase>
        <testcase name="MCMCDiagnostics: no-op when mcmc.enabled is false" classname="./test/NEAT/MCMCDiagnostics.ts" time="0.000" line="246" col="6">
        </testcase>
        <testcase name="MCMCDiagnostics: finaliseGeneration resets current generation counts" classname="./test/NEAT/MCMCDiagnostics.ts" time="0.000" line="274" col="6">
        </testcase>
        <testcase name="MCMCDiagnostics: reset clears all state" classname="./test/NEAT/MCMCDiagnostics.ts" time="0.000" line="291" col="6">
        </testcase>
        <testcase name="MCMCDiagnostics: repeated adaptive tuning converges temperature" classname="./test/NEAT/MCMCDiagnostics.ts" time="0.002" line="309" col="6">
        </testcase>
    </testsuite>
    <testsuite name="./test/NEAT/MCMCDiversityAware.ts" tests="10" disabled="0" errors="0" failures="0">
        <testcase name="Diversity-aware MCMC: healthy population follows exponential decay" classname="./test/NEAT/MCMCDiversityAware.ts" time="0.001" line="46" col="6">
        </testcase>
        <testcase name="Diversity-aware MCMC: species collapse triggers reheat" classname="./test/NEAT/MCMCDiversityAware.ts" time="0.000" line="63" col="6">
        </testcase>
        <testcase name="Diversity-aware MCMC: crowding triggers reheat (compatibility above threshold)" classname="./test/NEAT/MCMCDiversityAware.ts" time="0.000" line="88" col="6">
        </testcase>
        <testcase name="Diversity-aware MCMC: reheat is capped at initialTemperature" classname="./test/NEAT/MCMCDiversityAware.ts" time="0.000" line="107" col="6">
        </testcase>
        <testcase name="Diversity-aware MCMC: disabled flag preserves exponential schedule exactly" classname="./test/NEAT/MCMCDiversityAware.ts" time="0.000" line="123" col="6">
        </testcase>
        <testcase name="Diversity-aware MCMC: omitted snapshot leaves exponential schedule untouched" classname="./test/NEAT/MCMCDiversityAware.ts" time="0.000" line="145" col="6">
        </testcase>
        <testcase name="Diversity-aware MCMC: only one branch needs to fire to trigger reheat" classname="./test/NEAT/MCMCDiversityAware.ts" time="0.000" line="157" col="6">
        </testcase>
        <testcase name="Diversity-aware MCMC: reheat after long cooling never exceeds initialTemperature" classname="./test/NEAT/MCMCDiversityAware.ts" time="0.000" line="172" col="6">
        </testcase>
        <testcase name="Diversity-aware MCMC: getLastDiversitySnapshot exposes the last fed snapshot" classname="./test/NEAT/MCMCDiversityAware.ts" time="0.000" line="196" col="6">
        </testcase>
        <testcase name="Diversity-aware MCMC: reheated temperature still respects minTemperature floor when adaptive tuning runs" classname="./test/NEAT/MCMCDiversityAware.ts" time="0.000" line="209" col="6">
        </testcase>
    </testsuite>
    <testsuite name="./test/NEAT/MCMCState.ts" tests="6" disabled="0" errors="0" failures="0">
        <testcase name="MCMCState: initial temperature matches config" classname="./test/NEAT/MCMCState.ts" time="0.003" line="6" col="6">
        </testcase>
        <testcase name="MCMCState: cool reduces temperature by coolingRate" classname="./test/NEAT/MCMCState.ts" time="0.000" line="11" col="6">
        </testcase>
        <testcase name="MCMCState: temperature never goes below minTemperature" classname="./test/NEAT/MCMCState.ts" time="0.000" line="27" col="6">
        </testcase>
        <testcase name="MCMCState: reset restores initial temperature" classname="./test/NEAT/MCMCState.ts" time="0.000" line="43" col="6">
        </testcase>
        <testcase name="MCMCState: setTemperature updates temperature directly" classname="./test/NEAT/MCMCState.ts" time="0.000" line="60" col="6">
        </testcase>
        <testcase name="MCMCState: multiple generations of cooling follow schedule" classname="./test/NEAT/MCMCState.ts" time="0.000" line="77" col="6">
        </testcase>
    </testsuite>
    <testsuite name="./test/NEAT/MemoryMonitor.ts" tests="30" disabled="0" errors="0" failures="0">
        <testcase name="determinePressureLevel returns normal below warning threshold" classname="./test/NEAT/MemoryMonitor.ts" time="0.000" line="73" col="6">
        </testcase>
        <testcase name="determinePressureLevel returns warning at warning threshold" classname="./test/NEAT/MemoryMonitor.ts" time="0.000" line="78" col="6">
        </testcase>
        <testcase name="determinePressureLevel returns warning between warning and critical" classname="./test/NEAT/MemoryMonitor.ts" time="0.000" line="83" col="6">
        </testcase>
        <testcase name="determinePressureLevel returns critical at critical threshold" classname="./test/NEAT/MemoryMonitor.ts" time="0.000" line="88" col="6">
        </testcase>
        <testcase name="determinePressureLevel returns critical above critical threshold" classname="./test/NEAT/MemoryMonitor.ts" time="0.000" line="93" col="6">
        </testcase>
        <testcase name="determinePressureLevel uses custom thresholds" classname="./test/NEAT/MemoryMonitor.ts" time="0.000" line="98" col="6">
        </testcase>
        <testcase name="applyWarningResponse halves activation cache cap" classname="./test/NEAT/MemoryMonitor.ts" time="0.000" line="110" col="6">
        </testcase>
        <testcase name="applyCriticalResponse clears caches aggressively" classname="./test/NEAT/MemoryMonitor.ts" time="0.000" line="129" col="6">
        </testcase>
        <testcase name="applyWarningResponse at minimum cap does not claim a false cap reduction" classname="./test/NEAT/MemoryMonitor.ts" time="0.000" line="153" col="6">
        </testcase>
        <testcase name="checkMemoryAndEvict does nothing when below warning threshold" classname="./test/NEAT/MemoryMonitor.ts" time="0.000" line="172" col="6">
        </testcase>
        <testcase name="checkMemoryAndEvict triggers warning response at 75% usage" classname="./test/NEAT/MemoryMonitor.ts" time="0.000" line="194" col="6">
        </testcase>
        <testcase name="checkMemoryAndEvict triggers critical response at 90% usage" classname="./test/NEAT/MemoryMonitor.ts" time="0.000" line="213" col="6">
        </testcase>
        <testcase name="checkMemoryAndEvict handles zero heapTotal gracefully" classname="./test/NEAT/MemoryMonitor.ts" time="0.000" line="236" col="6">
        </testcase>
        <testcase name="checkMemoryAndEvict returns correct heap diagnostics" classname="./test/NEAT/MemoryMonitor.ts" time="0.000" line="249" col="6">
        </testcase>
        <testcase name="checkMemoryAndEvict skips when disabled" classname="./test/NEAT/MemoryMonitor.ts" time="0.000" line="262" col="6">
        </testcase>
        <testcase name="logMemoryUsage logs formatted heap statistics" classname="./test/NEAT/MemoryMonitor.ts" time="0.000" line="286" col="6">
        </testcase>
        <testcase name="logMemoryUsage includes pressure level tag for warning" classname="./test/NEAT/MemoryMonitor.ts" time="0.000" line="307" col="6">
        </testcase>
        <testcase name="logMemoryUsage includes pressure level tag for critical" classname="./test/NEAT/MemoryMonitor.ts" time="0.000" line="324" col="6">
        </testcase>
        <testcase name="captureMemorySnapshot returns counts from WASM caches and provider" classname="./test/NEAT/MemoryMonitor.ts" time="0.000" line="345" col="6">
        </testcase>
        <testcase name="captureMemorySnapshot defaults optional provider fields to zero" classname="./test/NEAT/MemoryMonitor.ts" time="0.000" line="378" col="6">
        </testcase>
        <testcase name="formatMemorySnapshot produces a single-line summary" classname="./test/NEAT/MemoryMonitor.ts" time="0.000" line="391" col="6">
        </testcase>
        <testcase name="checkMemoryAndEvict emits snapshot when heap crosses threshold" classname="./test/NEAT/MemoryMonitor.ts" time="0.001" line="415" col="6">
        </testcase>
        <testcase name="checkMemoryAndEvict suppresses snapshot below snapshotThreshold" classname="./test/NEAT/MemoryMonitor.ts" time="0.000" line="432" col="6">
        </testcase>
        <testcase name="checkMemoryAndEvict throttles snapshot emission within snapshotIntervalMs" classname="./test/NEAT/MemoryMonitor.ts" time="0.000" line="450" col="6">
        </testcase>
        <testcase name="checkMemoryAndEvict adaptive backoff suppresses critical response after burst" classname="./test/NEAT/MemoryMonitor.ts" time="0.000" line="486" col="6">
        </testcase>
        <testcase name="checkMemoryAndEvict does not engage backoff when critical responses are spaced out" classname="./test/NEAT/MemoryMonitor.ts" time="0.000" line="556" col="6">
        </testcase>
        <testcase name="checkMemoryAndEvict proactiveGc invokes globalThis.gc when present" classname="./test/NEAT/MemoryMonitor.ts" time="0.000" line="593" col="6">
        </testcase>
        <testcase name="attemptProactiveGc returns false when gc is not exposed" classname="./test/NEAT/MemoryMonitor.ts" time="0.000" line="628" col="6">
        </testcase>
        <testcase name="attemptProactiveGc returns true and invokes gc when exposed" classname="./test/NEAT/MemoryMonitor.ts" time="0.000" line="641" col="6">
        </testcase>
        <testcase name="resetMemoryPressureLogCountersForTests also clears snapshot and backoff state" classname="./test/NEAT/MemoryMonitor.ts" time="0.000" line="660" col="6">
        </testcase>
    </testsuite>
    <testsuite name="./test/NEAT/MaxConcurrentDiscoveries.ts" tests="7" disabled="0" errors="0" failures="0">
        <testcase name="maxConcurrentDiscoveries defaults to 1" classname="./test/NEAT/MaxConcurrentDiscoveries.ts" time="0.011" line="42" col="6">
        </testcase>
        <testcase name="maxConcurrentDiscoveries can be set to higher value" classname="./test/NEAT/MaxConcurrentDiscoveries.ts" time="0.000" line="47" col="6">
        </testcase>
        <testcase name="maxConcurrentDiscoveries accepts string input from CLI" classname="./test/NEAT/MaxConcurrentDiscoveries.ts" time="0.000" line="52" col="6">
        </testcase>
        <testcase name="maxConcurrentDiscoveries: guard allows scheduling when below limit" classname="./test/NEAT/MaxConcurrentDiscoveries.ts" time="0.012" line="59" col="6">
        </testcase>
        <testcase name="maxConcurrentDiscoveries: guard blocks scheduling at limit" classname="./test/NEAT/MaxConcurrentDiscoveries.ts" time="0.002" line="84" col="6">
        </testcase>
        <testcase name="maxConcurrentDiscoveries=1 preserves backward-compatible behaviour" classname="./test/NEAT/MaxConcurrentDiscoveries.ts" time="0.001" line="109" col="6">
        </testcase>
        <testcase name="finishUp: handles multiple concurrent discoveries" classname="./test/NEAT/MaxConcurrentDiscoveries.ts" time="0.003" line="134" col="6">
        </testcase>
    </testsuite>
    <testsuite name="./test/NEAT/MemoryPressureCacheCorrelation.ts" tests="6" disabled="0" errors="0" failures="0">
        <testcase name="warning pressure halves activation LRU cap and evicts entries" classname="./test/NEAT/MemoryPressureCacheCorrelation.ts" time="0.027" line="77" col="6">
        </testcase>
        <testcase name="critical pressure clears compilation cache and shrinks activation cap to 1" classname="./test/NEAT/MemoryPressureCacheCorrelation.ts" time="0.002" line="113" col="6">
        </testcase>
        <testcase name="normal pressure does not evict any cache entries" classname="./test/NEAT/MemoryPressureCacheCorrelation.ts" time="0.003" line="152" col="6">
        </testcase>
        <testcase name="repeated warning pressure progressively reduces cache cap" classname="./test/NEAT/MemoryPressureCacheCorrelation.ts" time="0.000" line="184" col="6">
        </testcase>
        <testcase name="cache stats accurately track hits and misses across LRU operations" classname="./test/NEAT/MemoryPressureCacheCorrelation.ts" time="0.001" line="218" col="6">
        </testcase>
        <testcase name="exceeding activation LRU cap triggers evictions tracked in stats" classname="./test/NEAT/MemoryPressureCacheCorrelation.ts" time="0.000" line="253" col="6">
        </testcase>
    </testsuite>
    <testsuite name="./test/NEAT/MetropolisHastings.ts" tests="17" disabled="0" errors="0" failures="0">
        <testcase name="M-H: improving mutations are always accepted" classname="./test/NEAT/MetropolisHastings.ts" time="0.001" line="12" col="6">
        </testcase>
        <testcase name="M-H: zero delta is always accepted" classname="./test/NEAT/MetropolisHastings.ts" time="0.000" line="19" col="6">
        </testcase>
        <testcase name="M-H: at zero temperature, worsening mutations are rejected" classname="./test/NEAT/MetropolisHastings.ts" time="0.000" line="24" col="6">
        </testcase>
        <testcase name="M-H: at very low temperature, behaviour approximates greedy" classname="./test/NEAT/MetropolisHastings.ts" time="0.000" line="29" col="6">
        </testcase>
        <testcase name="M-H: at high temperature, most worsening mutations accepted" classname="./test/NEAT/MetropolisHastings.ts" time="0.000" line="35" col="6">
        </testcase>
        <testcase name="M-H: worsening mutation accepted when random below threshold" classname="./test/NEAT/MetropolisHastings.ts" time="0.000" line="42" col="6">
        </testcase>
        <testcase name="M-H: worsening mutation rejected when random above threshold" classname="./test/NEAT/MetropolisHastings.ts" time="0.000" line="48" col="6">
        </testcase>
        <testcase name="M-H: large worsening has low acceptance probability" classname="./test/NEAT/MetropolisHastings.ts" time="0.000" line="54" col="6">
        </testcase>
        <testcase name="isTopologyMutation: topology mutations identified correctly" classname="./test/NEAT/MetropolisHastings.ts" time="0.000" line="62" col="6">
        </testcase>
        <testcase name="isTopologyMutation: weight/bias mutations are not topology" classname="./test/NEAT/MetropolisHastings.ts" time="0.000" line="75" col="6">
        </testcase>
        <testcase name="computeCreatureWeightBiasPenalty: small weights yield low penalty" classname="./test/NEAT/MetropolisHastings.ts" time="0.003" line="82" col="6">
        </testcase>
        <testcase name="computeCreatureWeightBiasPenalty: large weights yield high penalty" classname="./test/NEAT/MetropolisHastings.ts" time="0.000" line="97" col="6">
        </testcase>
        <testcase name="computeCreatureWeightBiasPenalty: zero weights yield zero penalty" classname="./test/NEAT/MetropolisHastings.ts" time="0.000" line="111" col="6">
        </testcase>
        <testcase name="resolveMcmcAcceptanceDelta: absolute mode returns raw delta unchanged" classname="./test/NEAT/MetropolisHastings.ts" time="0.000" line="126" col="6">
        </testcase>
        <testcase name="resolveMcmcAcceptanceDelta: groupRelative mode normalises by std" classname="./test/NEAT/MetropolisHastings.ts" time="0.000" line="134" col="6">
        </testcase>
        <testcase name="resolveMcmcAcceptanceDelta: groupRelative respects clip override" classname="./test/NEAT/MetropolisHastings.ts" time="0.000" line="140" col="6">
        </testcase>
        <testcase name="resolveMcmcAcceptanceDelta: groupRelative is finite for zero-std cohort" classname="./test/NEAT/MetropolisHastings.ts" time="0.000" line="148" col="6">
        </testcase>
    </testsuite>
    <testsuite name="./test/NEAT/Mutation.ts" tests="13" disabled="0" errors="0" failures="0">
        <testcase name="Mutation: all individual strategies have correct names" classname="./test/NEAT/Mutation.ts" time="0.001" line="16" col="6">
        </testcase>
        <testcase name="Mutation: individual strategies are frozen" classname="./test/NEAT/Mutation.ts" time="0.000" line="44" col="6">
        </testcase>
        <testcase name="Mutation: top-level object is frozen" classname="./test/NEAT/Mutation.ts" time="0.000" line="78" col="6">
        </testcase>
        <testcase name="Mutation: FFW contains exactly 8 forward-feed strategies" classname="./test/NEAT/Mutation.ts" time="0.000" line="86" col="6">
        </testcase>
        <testcase name="Mutation: FFW contains correct strategy names" classname="./test/NEAT/Mutation.ts" time="0.000" line="90" col="6">
        </testcase>
        <testcase name="Mutation: FFW excludes self and back connection strategies" classname="./test/NEAT/Mutation.ts" time="0.000" line="105" col="6">
        </testcase>
        <testcase name="Mutation: FFW is frozen" classname="./test/NEAT/Mutation.ts" time="0.000" line="125" col="6">
        </testcase>
        <testcase name="Mutation: ALL contains exactly 12 strategies" classname="./test/NEAT/Mutation.ts" time="0.000" line="133" col="6">
        </testcase>
        <testcase name="Mutation: ALL contains all strategy names" classname="./test/NEAT/Mutation.ts" time="0.000" line="137" col="6">
        </testcase>
        <testcase name="Mutation: ALL is a superset of FFW" classname="./test/NEAT/Mutation.ts" time="0.000" line="156" col="6">
        </testcase>
        <testcase name="Mutation: ALL is frozen" classname="./test/NEAT/Mutation.ts" time="0.000" line="166" col="6">
        </testcase>
        <testcase name="Mutation: ALL has no duplicate names" classname="./test/NEAT/Mutation.ts" time="0.000" line="174" col="6">
        </testcase>
        <testcase name="Mutation: FFW has no duplicate names" classname="./test/NEAT/Mutation.ts" time="0.000" line="180" col="6">
        </testcase>
    </testsuite>
    <testsuite name="./test/NEAT/MutationStabilityTrackerBehavioural.ts" tests="22" disabled="0" errors="0" failures="0">
        <testcase name="MutationStabilityTrackerBehavioural: identifies stable network" classname="./test/NEAT/MutationStabilityTrackerBehavioural.ts" time="0.001" line="19" col="6">
        </testcase>
        <testcase name="MutationStabilityTrackerBehavioural: identifies brittle network" classname="./test/NEAT/MutationStabilityTrackerBehavioural.ts" time="0.000" line="36" col="6">
        </testcase>
        <testcase name="MutationStabilityTrackerBehavioural: not brittle when below threshold" classname="./test/NEAT/MutationStabilityTrackerBehavioural.ts" time="0.000" line="57" col="6">
        </testcase>
        <testcase name="MutationStabilityTrackerBehavioural: tracks failed mutations separately" classname="./test/NEAT/MutationStabilityTrackerBehavioural.ts" time="0.000" line="78" col="6">
        </testcase>
        <testcase name="MutationStabilityTrackerBehavioural: rolling window drops old entries" classname="./test/NEAT/MutationStabilityTrackerBehavioural.ts" time="0.000" line="103" col="6">
        </testcase>
        <testcase name="MutationStabilityTrackerBehavioural: empty tracker defaults to optimistic" classname="./test/NEAT/MutationStabilityTrackerBehavioural.ts" time="0.000" line="132" col="6">
        </testcase>
        <testcase name="MutationStabilityTrackerBehavioural: reduces magnitude for brittle creatures" classname="./test/NEAT/MutationStabilityTrackerBehavioural.ts" time="0.000" line="153" col="6">
        </testcase>
        <testcase name="MutationStabilityTrackerBehavioural: boosts magnitude for stable creatures" classname="./test/NEAT/MutationStabilityTrackerBehavioural.ts" time="0.000" line="173" col="6">
        </testcase>
        <testcase name="MutationStabilityTrackerBehavioural: neutral magnitude for mixed outcomes" classname="./test/NEAT/MutationStabilityTrackerBehavioural.ts" time="0.000" line="193" col="6">
        </testcase>
        <testcase name="MutationStabilityTrackerBehavioural: reclassifies stable as brittle on high score variance" classname="./test/NEAT/MutationStabilityTrackerBehavioural.ts" time="0.000" line="223" col="6">
        </testcase>
        <testcase name="MutationStabilityTrackerBehavioural: preserves stable when score variance is low" classname="./test/NEAT/MutationStabilityTrackerBehavioural.ts" time="0.000" line="248" col="6">
        </testcase>
        <testcase name="MutationStabilityTrackerBehavioural: stability score reflects outcome quality" classname="./test/NEAT/MutationStabilityTrackerBehavioural.ts" time="0.000" line="273" col="6">
        </testcase>
        <testcase name="MutationStabilityTrackerBehavioural: per-type tracking isolates mutation types" classname="./test/NEAT/MutationStabilityTrackerBehavioural.ts" time="0.000" line="318" col="6">
        </testcase>
        <testcase name="MutationStabilityTrackerBehavioural: per-type metrics for untracked type defaults empty" classname="./test/NEAT/MutationStabilityTrackerBehavioural.ts" time="0.000" line="350" col="6">
        </testcase>
        <testcase name="MutationStabilityTrackerBehavioural: reset clears all tracking state" classname="./test/NEAT/MutationStabilityTrackerBehavioural.ts" time="0.000" line="368" col="6">
        </testcase>
        <testcase name="MutationStabilityTrackerBehavioural: window size of 1 tracks only latest" classname="./test/NEAT/MutationStabilityTrackerBehavioural.ts" time="0.000" line="396" col="6">
        </testcase>
        <testcase name="MutationStabilityTrackerBehavioural: brittleness at exact threshold" classname="./test/NEAT/MutationStabilityTrackerBehavioural.ts" time="0.000" line="418" col="6">
        </testcase>
        <testcase name="MutationStabilityTrackerBehavioural: recordOutcomeWithScores does not reclassify FAILED" classname="./test/NEAT/MutationStabilityTrackerBehavioural.ts" time="0.000" line="439" col="6">
        </testcase>
        <testcase name="MutationStabilityTrackerBehavioural: recordOutcomeWithScores handles zero training score" classname="./test/NEAT/MutationStabilityTrackerBehavioural.ts" time="0.000" line="462" col="6">
        </testcase>
        <testcase name="MutationStabilityTrackerBehavioural: per-type window maintained independently" classname="./test/NEAT/MutationStabilityTrackerBehavioural.ts" time="0.000" line="481" col="6">
        </testcase>
        <testcase name="MutationStabilityTrackerBehavioural: stability score with all brittle" classname="./test/NEAT/MutationStabilityTrackerBehavioural.ts" time="0.000" line="515" col="6">
        </testcase>
        <testcase name="MutationStabilityTrackerBehavioural: magnitude multiplier interpolates for partial brittleness" classname="./test/NEAT/MutationStabilityTrackerBehavioural.ts" time="0.000" line="530" col="6">
        </testcase>
    </testsuite>
    <testsuite name="./test/NEAT/MutatorArrayEquals.ts" tests="4" disabled="0" errors="0" failures="0">
        <testcase name="FocusListHandling: mutation with focus list produces valid creatures" classname="./test/NEAT/MutatorArrayEquals.ts" time="0.027" line="20" col="6">
        </testcase>
        <testcase name="FocusListHandling: mutation without focus list produces valid creatures" classname="./test/NEAT/MutatorArrayEquals.ts" time="0.010" line="42" col="6">
        </testcase>
        <testcase name="FocusListHandling: mixed focus rate produces valid creatures" classname="./test/NEAT/MutatorArrayEquals.ts" time="0.026" line="63" col="6">
        </testcase>
        <testcase name="FocusListHandling: high mutation amount with focus list" classname="./test/NEAT/MutatorArrayEquals.ts" time="0.003" line="87" col="6">
        </testcase>
    </testsuite>
    <testsuite name="./test/NEAT/MutatorBatchRepair.ts" tests="7" disabled="0" errors="0" failures="0">
        <testcase name="MutatorBatchRepair: repairAfterMutation produces valid creature after ADD_NODE" classname="./test/NEAT/MutatorBatchRepair.ts" time="0.075" line="30" col="6">
        </testcase>
        <testcase name="MutatorBatchRepair: repairAfterMutation produces valid creature after SUB_NODE" classname="./test/NEAT/MutatorBatchRepair.ts" time="0.037" line="53" col="6">
        </testcase>
        <testcase name="MutatorBatchRepair: multiple mutations then single repair produces valid creature" classname="./test/NEAT/MutatorBatchRepair.ts" time="0.058" line="74" col="6">
        </testcase>
        <testcase name="MutatorBatchRepair: mutate with mutationAmount=10 produces valid creatures" classname="./test/NEAT/MutatorBatchRepair.ts" time="0.064" line="107" col="6">
        </testcase>
        <testcase name="MutatorBatchRepair: forward-only constraint preserved with batched repair" classname="./test/NEAT/MutatorBatchRepair.ts" time="0.012" line="129" col="6">
        </testcase>
        <testcase name="MutatorBatchRepair: 4.x forward-only enforced with batched repair" classname="./test/NEAT/MutatorBatchRepair.ts" time="0.039" line="173" col="6">
        </testcase>
        <testcase name="MutatorBatchRepair: mutateCreature returns boolean indicating change" classname="./test/NEAT/MutatorBatchRepair.ts" time="0.070" line="215" col="6">
        </testcase>
    </testsuite>
    <testsuite name="./test/NEAT/MutatorBehavioural.ts" tests="19" disabled="0" errors="0" failures="0">
        <testcase name="MutatorBehavioural: mutation produces valid creatures after ADD_NODE" classname="./test/NEAT/MutatorBehavioural.ts" time="0.045" line="32" col="6">
        </testcase>
        <testcase name="MutatorBehavioural: mutation produces valid creatures after ADD_CONN" classname="./test/NEAT/MutatorBehavioural.ts" time="0.019" line="50" col="6">
        </testcase>
        <testcase name="MutatorBehavioural: mutation produces valid creatures after SUB_NODE" classname="./test/NEAT/MutatorBehavioural.ts" time="0.024" line="67" col="6">
        </testcase>
        <testcase name="MutatorBehavioural: mutation produces valid creatures after SUB_CONN" classname="./test/NEAT/MutatorBehavioural.ts" time="0.018" line="84" col="6">
        </testcase>
        <testcase name="MutatorBehavioural: mutation produces valid creatures across all FFW methods" classname="./test/NEAT/MutatorBehavioural.ts" time="0.022" line="99" col="6">
        </testcase>
        <testcase name="MutatorBehavioural: ADD_NODE creates expected structural changes" classname="./test/NEAT/MutatorBehavioural.ts" time="0.019" line="120" col="6">
        </testcase>
        <testcase name="MutatorBehavioural: ADD_CONN creates expected structural changes" classname="./test/NEAT/MutatorBehavioural.ts" time="0.017" line="145" col="6">
        </testcase>
        <testcase name="MutatorBehavioural: SUB_NODE removes neurons" classname="./test/NEAT/MutatorBehavioural.ts" time="0.019" line="171" col="6">
        </testcase>
        <testcase name="MutatorBehavioural: MOD_WEIGHT changes synapse weights" classname="./test/NEAT/MutatorBehavioural.ts" time="0.008" line="196" col="6">
        </testcase>
        <testcase name="MutatorBehavioural: MOD_BIAS changes neuron biases" classname="./test/NEAT/MutatorBehavioural.ts" time="0.005" line="225" col="6">
        </testcase>
        <testcase name="MutatorBehavioural: forward-only constraint preserved across multiple mutations" classname="./test/NEAT/MutatorBehavioural.ts" time="0.079" line="258" col="6">
        </testcase>
        <testcase name="MutatorBehavioural: semantic version 4.x enforces forward-only for weight/bias mutations" classname="./test/NEAT/MutatorBehavioural.ts" time="0.003" line="287" col="6">
        </testcase>
        <testcase name="MutatorBehavioural: high mutation rate mutates most creatures" classname="./test/NEAT/MutatorBehavioural.ts" time="0.017" line="324" col="6">
        </testcase>
        <testcase name="MutatorBehavioural: very low mutation rate leaves most creatures unchanged" classname="./test/NEAT/MutatorBehavioural.ts" time="0.004" line="353" col="6">
        </testcase>
        <testcase name="MutatorBehavioural: mutation amount controls mutations per creature" classname="./test/NEAT/MutatorBehavioural.ts" time="0.213" line="382" col="6">
        </testcase>
        <testcase name="MutatorBehavioural: selectMutationMethod returns valid mutations" classname="./test/NEAT/MutatorBehavioural.ts" time="0.000" line="424" col="6">
        </testcase>
        <testcase name="MutatorBehavioural: selectMutationMethod prefers weight/bias for large creatures" classname="./test/NEAT/MutatorBehavioural.ts" time="0.003" line="442" col="6">
        </testcase>
        <testcase name="MutatorBehavioural: batch mutation preserves all creature dimensions" classname="./test/NEAT/MutatorBehavioural.ts" time="0.017" line="473" col="6">
        </testcase>
        <testcase name="MutatorBehavioural: mutated creature UUID differs from original" classname="./test/NEAT/MutatorBehavioural.ts" time="0.007" line="498" col="6">
        </testcase>
    </testsuite>
    <testsuite name="./test/NEAT/MutatorCacheValidMutations.ts" tests="6" disabled="0" errors="0" failures="0">
        <testcase name="selectMutationMethod: returns same mutation set when creature structure unchanged" classname="./test/NEAT/MutatorCacheValidMutations.ts" time="0.010" line="17" col="6">
        </testcase>
        <testcase name="selectMutationMethod: produces valid mutations for different creature structures" classname="./test/NEAT/MutatorCacheValidMutations.ts" time="0.002" line="64" col="6">
        </testcase>
        <testcase name="selectMutationMethod: cache is per-creature, not shared across creatures" classname="./test/NEAT/MutatorCacheValidMutations.ts" time="0.002" line="103" col="6">
        </testcase>
        <testcase name="selectMutationMethod: produces valid mutations for different forwardOnly settings" classname="./test/NEAT/MutatorCacheValidMutations.ts" time="0.003" line="155" col="6">
        </testcase>
        <testcase name="selectMutationMethod: returns valid results across many calls" classname="./test/NEAT/MutatorCacheValidMutations.ts" time="0.007" line="192" col="6">
        </testcase>
        <testcase name="selectMutationMethod: cache respects semanticVersion for forwardOnly" classname="./test/NEAT/MutatorCacheValidMutations.ts" time="0.001" line="216" col="6">
        </testcase>
    </testsuite>
    <testsuite name="./test/NEAT/MutatorCalculateMaxSynapses.ts" tests="8" disabled="0" errors="0" failures="0">
        <testcase name="calculateMaxSynapses: no hidden neurons" classname="./test/NEAT/MutatorCalculateMaxSynapses.ts" time="0.006" line="18" col="6">
        </testcase>
        <testcase name="calculateMaxSynapses: single hidden neuron" classname="./test/NEAT/MutatorCalculateMaxSynapses.ts" time="0.000" line="28" col="6">
        </testcase>
        <testcase name="calculateMaxSynapses: two hidden neurons" classname="./test/NEAT/MutatorCalculateMaxSynapses.ts" time="0.000" line="41" col="6">
        </testcase>
        <testcase name="calculateMaxSynapses: many hidden neurons" classname="./test/NEAT/MutatorCalculateMaxSynapses.ts" time="0.000" line="54" col="6">
        </testcase>
        <testcase name="calculateMaxSynapses: single observation, single output, no hidden" classname="./test/NEAT/MutatorCalculateMaxSynapses.ts" time="0.000" line="67" col="6">
        </testcase>
        <testcase name="calculateMaxSynapses: zero observations" classname="./test/NEAT/MutatorCalculateMaxSynapses.ts" time="0.000" line="77" col="6">
        </testcase>
        <testcase name="calculateMaxSynapses: large network" classname="./test/NEAT/MutatorCalculateMaxSynapses.ts" time="0.000" line="90" col="6">
        </testcase>
        <testcase name="calculateMaxSynapses: symmetric hidden layer" classname="./test/NEAT/MutatorCalculateMaxSynapses.ts" time="0.000" line="103" col="6">
        </testcase>
    </testsuite>
    <testsuite name="./test/NEAT/MutatorComputeMutationCandidates.ts" tests="9" disabled="0" errors="0" failures="0">
        <testcase name="ComputeMutationCandidates: filters out back/self-conn for forward-only creatures" classname="./test/NEAT/MutatorComputeMutationCandidates.ts" time="0.012" line="19" col="6">
        </testcase>
        <testcase name="ComputeMutationCandidates: filters out back/self-conn for semantic version 4.x" classname="./test/NEAT/MutatorComputeMutationCandidates.ts" time="0.004" line="51" col="6">
        </testcase>
        <testcase name="ComputeMutationCandidates: filters SUB_NODE when no hidden neurons" classname="./test/NEAT/MutatorComputeMutationCandidates.ts" time="0.002" line="82" col="6">
        </testcase>
        <testcase name="ComputeMutationCandidates: filters SWAP_NODES when insufficient hidden neurons" classname="./test/NEAT/MutatorComputeMutationCandidates.ts" time="0.002" line="101" col="6">
        </testcase>
        <testcase name="ComputeMutationCandidates: filters ADD_NODE when at maximum nodes" classname="./test/NEAT/MutatorComputeMutationCandidates.ts" time="0.002" line="120" col="6">
        </testcase>
        <testcase name="ComputeMutationCandidates: allows ADD_NODE when below maximum" classname="./test/NEAT/MutatorComputeMutationCandidates.ts" time="0.004" line="139" col="6">
        </testcase>
        <testcase name="ComputeMutationCandidates: always returns a valid mutation method" classname="./test/NEAT/MutatorComputeMutationCandidates.ts" time="0.001" line="157" col="6">
        </testcase>
        <testcase name="ComputeMutationCandidates: MOD_WEIGHT and MOD_BIAS are always candidates" classname="./test/NEAT/MutatorComputeMutationCandidates.ts" time="0.003" line="171" col="6">
        </testcase>
        <testcase name="ComputeMutationCandidates: selection adapts to changed creature state" classname="./test/NEAT/MutatorComputeMutationCandidates.ts" time="0.008" line="194" col="6">
        </testcase>
    </testsuite>
    <testsuite name="./test/NEAT/MutatorForwardOnlyIFConditionsRepair.ts" tests="1" disabled="0" errors="0" failures="0">
        <testcase name="Mutator: forward-only repair must also satisfy IF_CONDITIONS after removing recurrent links" classname="./test/NEAT/MutatorForwardOnlyIFConditionsRepair.ts" time="0.016" line="7" col="6">
        </testcase>
    </testsuite>
    <testsuite name="./test/NEAT/MutatorForwardOnlyRepair.ts" tests="2" disabled="0" errors="0" failures="0">
        <testcase name="Mutator: forward-only run fixes injected SELF_CONNECTION" classname="./test/NEAT/MutatorForwardOnlyRepair.ts" time="0.014" line="9" col="6">
        </testcase>
        <testcase name="Mutator: repairAfterMutation removes disconnected constant (forward-only)" classname="./test/NEAT/MutatorForwardOnlyRepair.ts" time="0.002" line="34" col="6">
        </testcase>
    </testsuite>
    <testsuite name="./test/NEAT/MutatorForwardOnlySemanticVersion.ts" tests="1" disabled="0" errors="0" failures="0">
        <testcase name="Mutator: forwardOnly true blocks self-connection mutation and keeps topology valid" classname="./test/NEAT/MutatorForwardOnlySemanticVersion.ts" time="0.019" line="19" col="6">
        </testcase>
    </testsuite>
    <testsuite name="./test/NEAT/MutatorMCMCAcceptance.ts" tests="4" disabled="0" errors="0" failures="0">
        <testcase name="MCMC disabled: all mutations accepted (existing behaviour preserved)" classname="./test/NEAT/MutatorMCMCAcceptance.ts" time="0.014" line="34" col="6">
        </testcase>
        <testcase name="MCMC enabled: creature reverted to snapshot on M-H rejection" classname="./test/NEAT/MutatorMCMCAcceptance.ts" time="0.002" line="54" col="6">
        </testcase>
        <testcase name="MCMC enabled: topology mutations always accepted regardless of temperature" classname="./test/NEAT/MutatorMCMCAcceptance.ts" time="0.001" line="92" col="6">
        </testcase>
        <testcase name="MCMC enabled: at high temperature most mutations accepted" classname="./test/NEAT/MutatorMCMCAcceptance.ts" time="0.001" line="117" col="6">
        </testcase>
    </testsuite>
    <testsuite name="./test/NEAT/MutatorMutate.ts" tests="3" disabled="0" errors="0" failures="0">
        <testcase name="MutatorMutate: handles empty population gracefully" classname="./test/NEAT/MutatorMutate.ts" time="0.005" line="22" col="6">
        </testcase>
        <testcase name="MutatorMutate: multiple mutation amounts apply multiple mutations per creature" classname="./test/NEAT/MutatorMutate.ts" time="0.018" line="32" col="6">
        </testcase>
        <testcase name="MutatorMutate: single creature mutation" classname="./test/NEAT/MutatorMutate.ts" time="0.001" line="52" col="6">
        </testcase>
    </testsuite>
    <testsuite name="./test/NEAT/MutatorNonExpansionCache.ts" tests="4" disabled="0" errors="0" failures="0">
        <testcase name="NonExpansionCache: large creatures never select expansion mutations via non-expansion path" classname="./test/NEAT/MutatorNonExpansionCache.ts" time="0.020" line="15" col="6">
        </testcase>
        <testcase name="NonExpansionCache: cached non-expansion candidates are consistent across calls" classname="./test/NEAT/MutatorNonExpansionCache.ts" time="0.005" line="69" col="6">
        </testcase>
        <testcase name="NonExpansionCache: different creature sizes produce correct cache entries" classname="./test/NEAT/MutatorNonExpansionCache.ts" time="0.008" line="105" col="6">
        </testcase>
        <testcase name="NonExpansionCache: clearMutationCache resets non-expansion candidates" classname="./test/NEAT/MutatorNonExpansionCache.ts" time="0.003" line="152" col="6">
        </testcase>
    </testsuite>
    <testsuite name="./test/NEAT/MutatorMutateCreature.ts" tests="12" disabled="0" errors="0" failures="0">
        <testcase name="MutatorMutateCreature: MOD_WEIGHT changes creature UUID" classname="./test/NEAT/MutatorMutateCreature.ts" time="0.013" line="30" col="6">
        </testcase>
        <testcase name="MutatorMutateCreature: MOD_BIAS changes creature UUID" classname="./test/NEAT/MutatorMutateCreature.ts" time="0.001" line="49" col="6">
        </testcase>
        <testcase name="MutatorMutateCreature: ADD_NODE adds a neuron" classname="./test/NEAT/MutatorMutateCreature.ts" time="0.002" line="68" col="6">
        </testcase>
        <testcase name="MutatorMutateCreature: SUB_NODE removes a neuron when hidden neurons exist" classname="./test/NEAT/MutatorMutateCreature.ts" time="0.001" line="85" col="6">
        </testcase>
        <testcase name="MutatorMutateCreature: ADD_CONN adds a synapse" classname="./test/NEAT/MutatorMutateCreature.ts" time="0.001" line="102" col="6">
        </testcase>
        <testcase name="MutatorMutateCreature: MOD_SQUASH changes activation function" classname="./test/NEAT/MutatorMutateCreature.ts" time="0.002" line="119" col="6">
        </testcase>
        <testcase name="MutatorMutateCreature: SWAP_NODES swaps neurons" classname="./test/NEAT/MutatorMutateCreature.ts" time="0.001" line="134" col="6">
        </testcase>
        <testcase name="MutatorMutateCreature: throws ValidationError on unknown mutation method" classname="./test/NEAT/MutatorMutateCreature.ts" time="0.001" line="149" col="6">
        </testcase>
        <testcase name="MutatorMutateCreature: preserves forward-only constraint" classname="./test/NEAT/MutatorMutateCreature.ts" time="0.001" line="163" col="6">
        </testcase>
        <testcase name="MutatorMutateCreature: semantic version 4.x enforces forward-only" classname="./test/NEAT/MutatorMutateCreature.ts" time="0.000" line="187" col="6">
        </testcase>
        <testcase name="MutatorMutateCreature: creature remains valid after mutation" classname="./test/NEAT/MutatorMutateCreature.ts" time="0.008" line="210" col="6">
        </testcase>
        <testcase name="MutatorMutateCreature: mutator does not clear forwardOnly when feedbackLoop=true" classname="./test/NEAT/MutatorMutateCreature.ts" time="0.000" line="236" col="6">
        </testcase>
    </testsuite>
    <testsuite name="./test/NEAT/MutatorOperatorFactory.ts" tests="5" disabled="0" errors="0" failures="0">
        <testcase name="MutatorOperatorFactory: getMutatorInstance returns correct type for all mutation operators" classname="./test/NEAT/MutatorOperatorFactory.ts" time="0.009" line="38" col="6">
        </testcase>
        <testcase name="MutatorOperatorFactory: unknown method throws ValidationError" classname="./test/NEAT/MutatorOperatorFactory.ts" time="0.002" line="68" col="6">
        </testcase>
        <testcase name="MutatorOperatorFactory: getMutatorInstance caches instances per creature" classname="./test/NEAT/MutatorOperatorFactory.ts" time="0.000" line="80" col="6">
        </testcase>
        <testcase name="MutatorOperatorFactory: different creatures get separate instances" classname="./test/NEAT/MutatorOperatorFactory.ts" time="0.000" line="95" col="6">
        </testcase>
        <testcase name="MutatorOperatorFactory: all Mutation.ALL entries are covered by factory" classname="./test/NEAT/MutatorOperatorFactory.ts" time="0.000" line="117" col="6">
        </testcase>
    </testsuite>
    <testsuite name="./test/NEAT/MutatorSelectMutationMethod.ts" tests="4" disabled="0" errors="0" failures="0">
        <testcase name="Behavioural: selectMutationMethod strongly prefers weight/bias mutations" classname="./test/NEAT/MutatorSelectMutationMethod.ts" time="0.053" line="16" col="6">
        </testcase>
        <testcase name="Behavioural: selectMutationMethod returns valid mutation when weight/bias not in candidates" classname="./test/NEAT/MutatorSelectMutationMethod.ts" time="0.001" line="61" col="6">
        </testcase>
        <testcase name="Behavioural: selectMutationMethod falls back gracefully for minimal creatures" classname="./test/NEAT/MutatorSelectMutationMethod.ts" time="0.001" line="96" col="6">
        </testcase>
        <testcase name="Behavioural: selectMutationMethod exercises all configured non-structural mutations" classname="./test/NEAT/MutatorSelectMutationMethod.ts" time="0.032" line="119" col="6">
        </testcase>
    </testsuite>
    <testsuite name="./test/NEAT/MutatorShallowClone.ts" tests="5" disabled="0" errors="0" failures="0">
        <testcase name="MutatorShallowClone: mutating creature with score preserves behaviour" classname="./test/NEAT/MutatorShallowClone.ts" time="0.032" line="23" col="6">
        </testcase>
        <testcase name="MutatorShallowClone: mutating creature with memetic data works correctly" classname="./test/NEAT/MutatorShallowClone.ts" time="0.005" line="53" col="6">
        </testcase>
        <testcase name="MutatorShallowClone: shallowClone preserves score for original backup" classname="./test/NEAT/MutatorShallowClone.ts" time="0.000" line="82" col="6">
        </testcase>
        <testcase name="MutatorShallowClone: shallowClone preserves memetic data for original backup" classname="./test/NEAT/MutatorShallowClone.ts" time="0.000" line="97" col="6">
        </testcase>
        <testcase name="MutatorShallowClone: shallowClone produces structurally equivalent creature" classname="./test/NEAT/MutatorShallowClone.ts" time="0.003" line="114" col="6">
        </testcase>
    </testsuite>
    <testsuite name="./test/NEAT/NeatAwaitInFlightTasks.ts" tests="6" disabled="0" errors="0" failures="0">
        <testcase name="awaitInFlightTasks: resolves immediately when no tasks in flight" classname="./test/NEAT/NeatAwaitInFlightTasks.ts" time="0.016" line="44" col="6">
        </testcase>
        <testcase name="awaitInFlightTasks: waits for discovery task to complete" classname="./test/NEAT/NeatAwaitInFlightTasks.ts" time="0.053" line="59" col="6">
        </testcase>
        <testcase name="awaitInFlightTasks: waits for training task to complete" classname="./test/NEAT/NeatAwaitInFlightTasks.ts" time="0.051" line="92" col="6">
        </testcase>
        <testcase name="awaitInFlightTasks: respects timeout with long-running tasks" classname="./test/NEAT/NeatAwaitInFlightTasks.ts" time="0.202" line="123" col="6">
        </testcase>
        <testcase name="awaitInFlightTasks: handles both discovery and training simultaneously" classname="./test/NEAT/NeatAwaitInFlightTasks.ts" time="0.032" line="164" col="6">
        </testcase>
        <testcase name="finishUp: logs waiting message with task counts" classname="./test/NEAT/NeatAwaitInFlightTasks.ts" time="0.001" line="212" col="6">
        </testcase>
    </testsuite>
    <testsuite name="./test/NEAT/NeatBehavioural.ts" tests="9" disabled="0" errors="0" failures="0">
        <testcase name="NeatBehavioural: evolve improves fitness over generations for XOR" classname="./test/NEAT/NeatBehavioural.ts" time="0.632" line="77" col="6">
        </testcase>
        <testcase name="NeatBehavioural: speciation separates genetically distant creatures" classname="./test/NEAT/NeatBehavioural.ts" time="0.002" line="123" col="6">
        </testcase>
        <testcase name="NeatBehavioural: cloned creatures are grouped in the same species" classname="./test/NEAT/NeatBehavioural.ts" time="0.000" line="159" col="6">
        </testcase>
        <testcase name="NeatBehavioural: species key is deterministic for same creature" classname="./test/NEAT/NeatBehavioural.ts" time="0.000" line="182" col="6">
        </testcase>
        <testcase name="NeatBehavioural: genus validates creature-species mapping" classname="./test/NEAT/NeatBehavioural.ts" time="0.003" line="195" col="6">
        </testcase>
        <testcase name="NeatBehavioural: elitism preserves top performers between generations" classname="./test/NEAT/NeatBehavioural.ts" time="0.086" line="220" col="6">
        </testcase>
        <testcase name="NeatBehavioural: population size stays within configured bounds" classname="./test/NEAT/NeatBehavioural.ts" time="0.108" line="255" col="6">
        </testcase>
        <testcase name="NeatBehavioural: populatePopulation creates correct population size" classname="./test/NEAT/NeatBehavioural.ts" time="0.026" line="289" col="6">
        </testcase>
        <testcase name="NeatBehavioural: population contains valid creatures after evolution" classname="./test/NEAT/NeatBehavioural.ts" time="0.045" line="325" col="6">
        </testcase>
    </testsuite>
    <testsuite name="./test/NEAT/NeatConfig.ts" tests="19" disabled="0" errors="0" failures="0">
        <testcase name="NeatConfig debug" classname="./test/NEAT/NeatConfig.ts" time="0.006" line="11" col="6">
        </testcase>
        <testcase name="NeatConfig mutationAmount" classname="./test/NEAT/NeatConfig.ts" time="0.001" line="18" col="6">
        </testcase>
        <testcase name="NeatConfig selection" classname="./test/NEAT/NeatConfig.ts" time="0.000" line="27" col="6">
        </testcase>
        <testcase name="NeatConfig verbose" classname="./test/NEAT/NeatConfig.ts" time="0.000" line="34" col="6">
        </testcase>
        <testcase name="NeatConfig discoveryMinCandidatesPerCategory defaults" classname="./test/NEAT/NeatConfig.ts" time="0.000" line="39" col="6">
        </testcase>
        <testcase name="NeatConfig discoveryRustFlushBytes defaults" classname="./test/NEAT/NeatConfig.ts" time="0.000" line="59" col="6">
        </testcase>
        <testcase name="NeatConfig discoveryRustFlushBytes validation - non-positive throws" classname="./test/NEAT/NeatConfig.ts" time="0.000" line="64" col="6">
        </testcase>
        <testcase name="NeatConfig discoveryMinCandidatesPerCategory partial override" classname="./test/NEAT/NeatConfig.ts" time="0.000" line="77" col="6">
        </testcase>
        <testcase name="NeatConfig discoveryMinCandidatesPerCategory full override" classname="./test/NEAT/NeatConfig.ts" time="0.000" line="103" col="6">
        </testcase>
        <testcase name="NeatConfig discoveryMinCandidatesPerCategory validation - negative addNeurons" classname="./test/NEAT/NeatConfig.ts" time="0.000" line="118" col="6">
        </testcase>
        <testcase name="NeatConfig discoveryMinCandidatesPerCategory validation - negative removeLowImpact" classname="./test/NEAT/NeatConfig.ts" time="0.000" line="135" col="6">
        </testcase>
        <testcase name="NeatConfig discoveryMinCandidatesPerCategory allows zero values" classname="./test/NEAT/NeatConfig.ts" time="0.000" line="152" col="6">
        </testcase>
        <testcase name="NeatConfig discoveryAnalysisTimeoutMinutes - valid at minimum bound" classname="./test/NEAT/NeatConfig.ts" time="0.000" line="163" col="6">
        </testcase>
        <testcase name="NeatConfig discoveryAnalysisTimeoutMinutes - valid at maximum bound" classname="./test/NEAT/NeatConfig.ts" time="0.000" line="173" col="6">
        </testcase>
        <testcase name="NeatConfig discoveryAnalysisTimeoutMinutes - valid within bounds" classname="./test/NEAT/NeatConfig.ts" time="0.000" line="183" col="6">
        </testcase>
        <testcase name="NeatConfig discoveryAnalysisTimeoutMinutes - below minimum throws" classname="./test/NEAT/NeatConfig.ts" time="0.000" line="190" col="6">
        </testcase>
        <testcase name="NeatConfig discoveryAnalysisTimeoutMinutes - above maximum throws" classname="./test/NEAT/NeatConfig.ts" time="0.000" line="210" col="6">
        </testcase>
        <testcase name="NeatConfig discoveryAnalysisTimeoutMinutes - zero throws" classname="./test/NEAT/NeatConfig.ts" time="0.000" line="230" col="6">
        </testcase>
        <testcase name="NeatConfig discoveryAnalysisTimeoutMinutes - negative throws" classname="./test/NEAT/NeatConfig.ts" time="0.000" line="245" col="6">
        </testcase>
    </testsuite>
    <testsuite name="./test/NEAT/NeatConfigCoverage.ts" tests="12" disabled="0" errors="0" failures="0">
        <testcase name="NEAT/NeatConfigCoverage - discoveryMinCandidatesPerCategory validation (negative addSynapses)" classname="./test/NEAT/NeatConfigCoverage.ts" time="0.004" line="4" col="6">
        </testcase>
        <testcase name="NEAT/NeatConfigCoverage - discoveryMinCandidatesPerCategory validation (negative changeSquash)" classname="./test/NEAT/NeatConfigCoverage.ts" time="0.000" line="21" col="6">
        </testcase>
        <testcase name="NEAT/NeatConfigCoverage - discoveryRustFlushRecords validation (non-positive throws)" classname="./test/NEAT/NeatConfigCoverage.ts" time="0.000" line="38" col="6">
        </testcase>
        <testcase name="NEAT/NeatConfigCoverage - discoveryFocusNeuronUUIDs must be an array" classname="./test/NEAT/NeatConfigCoverage.ts" time="0.000" line="53" col="6">
        </testcase>
        <testcase name="NEAT/NeatConfigCoverage - discoveryFocusNeuronUUIDs entries must be integers" classname="./test/NEAT/NeatConfigCoverage.ts" time="0.002" line="72" col="6">
        </testcase>
        <testcase name="NEAT/NeatConfigCoverage - discoveryReplayConcurrency rejects non-positive" classname="./test/NEAT/NeatConfigCoverage.ts" time="0.000" line="89" col="6">
        </testcase>
        <testcase name="NEAT/NeatConfigCoverage - memory config defaults" classname="./test/NEAT/NeatConfigCoverage.ts" time="0.000" line="104" col="6">
        </testcase>
        <testcase name="NEAT/NeatConfigCoverage - memory config partial override" classname="./test/NEAT/NeatConfigCoverage.ts" time="0.000" line="111" col="6">
        </testcase>
        <testcase name="NEAT/NeatConfigCoverage - memory config full override" classname="./test/NEAT/NeatConfigCoverage.ts" time="0.000" line="120" col="6">
        </testcase>
        <testcase name="NEAT/NeatConfigCoverage - memory config cross-field validation (critical &lt; warning throws)" classname="./test/NEAT/NeatConfigCoverage.ts" time="0.000" line="133" col="6">
        </testcase>
        <testcase name="NEAT/NeatConfigCoverage - memory config warningThreshold out of range throws" classname="./test/NEAT/NeatConfigCoverage.ts" time="0.000" line="153" col="6">
        </testcase>
        <testcase name="NEAT/NeatConfigCoverage - discoveryReplayConcurrency default path when verify enabled" classname="./test/NEAT/NeatConfigCoverage.ts" time="0.000" line="170" col="6">
        </testcase>
    </testsuite>
    <testsuite name="./test/NEAT/NeatConstruction.ts" tests="14" disabled="0" errors="0" failures="0">
        <testcase name="NeatConstruction: creates instance with correct input/output" classname="./test/NEAT/NeatConstruction.ts" time="0.034" line="55" col="6">
        </testcase>
        <testcase name="NeatConstruction: initialises population from creatures option" classname="./test/NEAT/NeatConstruction.ts" time="0.003" line="75" col="6">
        </testcase>
        <testcase name="NeatConstruction: initialises with empty population when no creatures provided" classname="./test/NEAT/NeatConstruction.ts" time="0.001" line="102" col="6">
        </testcase>
        <testcase name="NeatConstruction: config is frozen and correctly created" classname="./test/NEAT/NeatConstruction.ts" time="0.001" line="119" col="6">
        </testcase>
        <testcase name="NeatConstruction: plateau detector is initialised" classname="./test/NEAT/NeatConstruction.ts" time="0.001" line="141" col="6">
        </testcase>
        <testcase name="NeatConstruction: fine-tune tracker is initialised" classname="./test/NEAT/NeatConstruction.ts" time="0.000" line="166" col="6">
        </testcase>
        <testcase name="NeatConstruction: discovery replay queue is initialised" classname="./test/NEAT/NeatConstruction.ts" time="0.000" line="186" col="6">
        </testcase>
        <testcase name="NeatConstruction: worker pool is initialised" classname="./test/NEAT/NeatConstruction.ts" time="0.001" line="206" col="6">
        </testcase>
        <testcase name="NeatConstruction: partitioned fast and heavy worker pools (Issue #2244)" classname="./test/NEAT/NeatConstruction.ts" time="0.000" line="234" col="6">
        </testcase>
        <testcase name="NeatConstruction: unpartitioned pools share one WorkerPool instance (Issue #2244)" classname="./test/NEAT/NeatConstruction.ts" time="0.000" line="255" col="6">
        </testcase>
        <testcase name="NeatConstruction: timeout is set when timeoutMinutes provided" classname="./test/NEAT/NeatConstruction.ts" time="0.001" line="269" col="6">
        </testcase>
        <testcase name="NeatConstruction: timeout is zero when not provided" classname="./test/NEAT/NeatConstruction.ts" time="0.001" line="294" col="6">
        </testcase>
        <testcase name="NeatConstruction: CRISPRs are empty by default" classname="./test/NEAT/NeatConstruction.ts" time="0.000" line="315" col="6">
        </testcase>
        <testcase name="NeatConstruction: setDataDir sets the data directory" classname="./test/NEAT/NeatConstruction.ts" time="0.001" line="336" col="6">
        </testcase>
    </testsuite>
    <testsuite name="./test/NEAT/NeatDeepCloneAndShuffle.ts" tests="7" disabled="0" errors="0" failures="0">
        <testcase name="deepCloneAndShuffle: returns empty array for empty input" classname="./test/NEAT/NeatDeepCloneAndShuffle.ts" time="0.001" line="11" col="6">
        </testcase>
        <testcase name="deepCloneAndShuffle: returns single element for single-element input" classname="./test/NEAT/NeatDeepCloneAndShuffle.ts" time="0.000" line="16" col="6">
        </testcase>
        <testcase name="deepCloneAndShuffle: deep clones objects (not same reference)" classname="./test/NEAT/NeatDeepCloneAndShuffle.ts" time="0.000" line="24" col="6">
        </testcase>
        <testcase name="deepCloneAndShuffle: modifying clone does not affect original" classname="./test/NEAT/NeatDeepCloneAndShuffle.ts" time="0.000" line="41" col="6">
        </testcase>
        <testcase name="deepCloneAndShuffle: preserves all elements" classname="./test/NEAT/NeatDeepCloneAndShuffle.ts" time="0.000" line="54" col="6">
        </testcase>
        <testcase name="deepCloneAndShuffle: shuffles array (statistical test)" classname="./test/NEAT/NeatDeepCloneAndShuffle.ts" time="0.000" line="70" col="6">
        </testcase>
        <testcase name="deepCloneAndShuffle: handles arrays of complex objects" classname="./test/NEAT/NeatDeepCloneAndShuffle.ts" time="0.000" line="93" col="6">
        </testcase>
    </testsuite>
    <testsuite name="./test/NEAT/NeatDisposeReplacedPopulation.ts" tests="4" disabled="0" errors="0" failures="0">
        <testcase name="evolve: old population creatures are disposed after replacement" classname="./test/NEAT/NeatDisposeReplacedPopulation.ts" time="0.127" line="80" col="6">
        </testcase>
        <testcase name="evolve: elitists are not disposed when carried forward" classname="./test/NEAT/NeatDisposeReplacedPopulation.ts" time="0.064" line="153" col="6">
        </testcase>
        <testcase name="evolve: WASM is freed deterministically on replaced creatures" classname="./test/NEAT/NeatDisposeReplacedPopulation.ts" time="0.070" line="190" col="6">
        </testcase>
        <testcase name="evolve: multiple generations dispose correctly each time" classname="./test/NEAT/NeatDisposeReplacedPopulation.ts" time="0.185" line="236" col="6">
        </testcase>
    </testsuite>
    <testsuite name="./test/NEAT/NeatEvolve.ts" tests="8" disabled="0" errors="0" failures="0">
        <testcase name="evolve: returns fittest creature with valid score" classname="./test/NEAT/NeatEvolve.ts" time="0.130" line="49" col="6">
        </testcase>
        <testcase name="evolve: returns plateau detection status" classname="./test/NEAT/NeatEvolve.ts" time="0.079" line="79" col="6">
        </testcase>
        <testcase name="evolve: returns average score" classname="./test/NEAT/NeatEvolve.ts" time="0.048" line="116" col="6">
        </testcase>
        <testcase name="evolve: population is repopulated after evolution" classname="./test/NEAT/NeatEvolve.ts" time="0.113" line="142" col="6">
        </testcase>
        <testcase name="evolve: fittest creature has UUID" classname="./test/NEAT/NeatEvolve.ts" time="0.125" line="169" col="6">
        </testcase>
        <testcase name="evolve: multiple generations improve or maintain fitness" classname="./test/NEAT/NeatEvolve.ts" time="0.109" line="198" col="6">
        </testcase>
        <testcase name="evolve: plateau detector records fitness each generation" classname="./test/NEAT/NeatEvolve.ts" time="0.039" line="231" col="6">
        </testcase>
        <testcase name="evolve: elitism preserves best creatures" classname="./test/NEAT/NeatEvolve.ts" time="0.053" line="270" col="6">
        </testcase>
    </testsuite>
    <testsuite name="./test/NEAT/NeatFinishUp.ts" tests="8" disabled="0" errors="0" failures="0">
        <testcase name="finishUp: returns true when no in-progress work and no delays" classname="./test/NEAT/NeatFinishUp.ts" time="0.013" line="47" col="6">
        </testcase>
        <testcase name="finishUp: returns true on multiple calls with no in-progress work" classname="./test/NEAT/NeatFinishUp.ts" time="0.001" line="68" col="6">
        </testcase>
        <testcase name="finishUp: returns false when training is in progress" classname="./test/NEAT/NeatFinishUp.ts" time="0.001" line="96" col="6">
        </testcase>
        <testcase name="finishUp: returns false when discovery is in progress" classname="./test/NEAT/NeatFinishUp.ts" time="0.001" line="119" col="6">
        </testcase>
        <testcase name="finishUp: discovery timeout clears stuck discoveries" classname="./test/NEAT/NeatFinishUp.ts" time="0.001" line="141" col="6">
        </testcase>
        <testcase name="finishUp: returns false when additionalGenerationCount &gt; 0" classname="./test/NEAT/NeatFinishUp.ts" time="0.001" line="173" col="6">
        </testcase>
        <testcase name="finishUp: clears stuck discoveries promptly when wall-clock deadline has passed" classname="./test/NEAT/NeatFinishUp.ts" time="0.001" line="198" col="6">
        </testcase>
        <testcase name="finishUp: sets cleanup delay when work was in progress" classname="./test/NEAT/NeatFinishUp.ts" time="0.001" line="234" col="6">
        </testcase>
    </testsuite>
    <testsuite name="./test/NEAT/NeatPopulatePopulation.ts" tests="6" disabled="0" errors="0" failures="0">
        <testcase name="populatePopulation: fills population to configured size" classname="./test/NEAT/NeatPopulatePopulation.ts" time="0.074" line="47" col="6">
        </testcase>
        <testcase name="populatePopulation: seed creature is first in population" classname="./test/NEAT/NeatPopulatePopulation.ts" time="0.020" line="72" col="6">
        </testcase>
        <testcase name="populatePopulation: all creatures have UUIDs" classname="./test/NEAT/NeatPopulatePopulation.ts" time="0.021" line="102" col="6">
        </testcase>
        <testcase name="populatePopulation: creatures have correct input/output dimensions" classname="./test/NEAT/NeatPopulatePopulation.ts" time="0.028" line="127" col="6">
        </testcase>
        <testcase name="populatePopulation: population has diversity (not all identical)" classname="./test/NEAT/NeatPopulatePopulation.ts" time="0.058" line="159" col="6">
        </testcase>
        <testcase name="populatePopulation: works with existing population" classname="./test/NEAT/NeatPopulatePopulation.ts" time="0.013" line="185" col="6">
        </testcase>
    </testsuite>
    <testsuite name="./test/NEAT/NeatPopulateShallowClone.ts" tests="3" disabled="0" errors="0" failures="0">
        <testcase name="populatePopulation: clones validate correctly" classname="./test/NEAT/NeatPopulateShallowClone.ts" time="0.097" line="49" col="6">
        </testcase>
        <testcase name="populatePopulation: clones can be exported and re-imported" classname="./test/NEAT/NeatPopulateShallowClone.ts" time="0.022" line="74" col="6">
        </testcase>
        <testcase name="populatePopulation: clones are independent of seed creature" classname="./test/NEAT/NeatPopulateShallowClone.ts" time="0.024" line="111" col="6">
        </testcase>
    </testsuite>
    <testsuite name="./test/NEAT/NeatSchedulingLogReplaySummary.ts" tests="11" disabled="0" errors="0" failures="0">
        <testcase name="logReplaySummary: handles result with no improvement" classname="./test/NEAT/NeatSchedulingLogReplaySummary.ts" time="0.006" line="37" col="6">
        </testcase>
        <testcase name="logReplaySummary: handles result with improvement" classname="./test/NEAT/NeatSchedulingLogReplaySummary.ts" time="0.000" line="52" col="6">
        </testcase>
        <testcase name="logReplaySummary: handles zero evaluated entries" classname="./test/NEAT/NeatSchedulingLogReplaySummary.ts" time="0.000" line="75" col="6">
        </testcase>
        <testcase name="logReplaySummary: handles pruned entries" classname="./test/NEAT/NeatSchedulingLogReplaySummary.ts" time="0.000" line="82" col="6">
        </testcase>
        <testcase name="logReplaySummary: handles skipped already-applied entries" classname="./test/NEAT/NeatSchedulingLogReplaySummary.ts" time="0.000" line="92" col="6">
        </testcase>
        <testcase name="logReplaySummary: handles skipped not-applicable entries" classname="./test/NEAT/NeatSchedulingLogReplaySummary.ts" time="0.000" line="102" col="6">
        </testcase>
        <testcase name="logReplaySummary: handles timed-out result" classname="./test/NEAT/NeatSchedulingLogReplaySummary.ts" time="0.000" line="112" col="6">
        </testcase>
        <testcase name="logReplaySummary: verbose mode with successful candidates" classname="./test/NEAT/NeatSchedulingLogReplaySummary.ts" time="0.000" line="126" col="6">
        </testcase>
        <testcase name="logReplaySummary: verbose mode with no successful candidates" classname="./test/NEAT/NeatSchedulingLogReplaySummary.ts" time="0.001" line="176" col="6">
        </testcase>
        <testcase name="logReplaySummary: verbose mode with empty evaluations array" classname="./test/NEAT/NeatSchedulingLogReplaySummary.ts" time="0.000" line="197" col="6">
        </testcase>
        <testcase name="logReplaySummary: handles all summary parts at once" classname="./test/NEAT/NeatSchedulingLogReplaySummary.ts" time="0.000" line="211" col="6">
        </testcase>
    </testsuite>
    <testsuite name="./test/NEAT/PhasePipelining.ts" tests="5" disabled="0" errors="0" failures="0">
        <testcase name="PhasePipelining: evolution produces valid results with overlapped phases" classname="./test/NEAT/PhasePipelining.ts" time="0.220" line="21" col="6">
        </testcase>
        <testcase name="PhasePipelining: multi-threaded evolution correctness with pipelining" classname="./test/NEAT/PhasePipelining.ts" time="1.378" line="92" col="6">
        </testcase>
        <testcase name="PhasePipelining: population maintains correct size after pipelined phases" classname="./test/NEAT/PhasePipelining.ts" time="0.311" line="134" col="6">
        </testcase>
        <testcase name="PhasePipelining: pipelineOverlapMs reports overlap and maintains timing invariant" classname="./test/NEAT/PhasePipelining.ts" time="0.246" line="173" col="6">
        </testcase>
        <testcase name="PhasePipelining: pipelineOverlapMs type is optional in GenerationPhaseTiming" classname="./test/NEAT/PhasePipelining.ts" time="0.000" line="231" col="6">
        </testcase>
    </testsuite>
    <testsuite name="./test/NEAT/PlateauDetection.ts" tests="22" disabled="0" errors="0" failures="0">
        <testcase name="PlateauDetection - default configuration values" classname="./test/NEAT/PlateauDetection.ts" time="0.007" line="23" col="6">
        </testcase>
        <testcase name="PlateauDetection - custom configuration" classname="./test/NEAT/PlateauDetection.ts" time="0.000" line="49" col="6">
        </testcase>
        <testcase name="PlateauDetection - partial configuration uses defaults for unspecified" classname="./test/NEAT/PlateauDetection.ts" time="0.000" line="65" col="6">
        </testcase>
        <testcase name="PlateauDetection - validation: windowSize must be positive integer" classname="./test/NEAT/PlateauDetection.ts" time="0.002" line="83" col="6">
        </testcase>
        <testcase name="PlateauDetection - validation: minImprovementRate must be between 0 and 1" classname="./test/NEAT/PlateauDetection.ts" time="0.000" line="121" col="6">
        </testcase>
        <testcase name="PlateauDetection - validation: responseMutationMultiplier must be &gt;= 1" classname="./test/NEAT/PlateauDetection.ts" time="0.000" line="147" col="6">
        </testcase>
        <testcase name="PlateauDetector - no plateau when insufficient history" classname="./test/NEAT/PlateauDetection.ts" time="0.000" line="173" col="6">
        </testcase>
        <testcase name="PlateauDetector - no plateau when fitness is improving" classname="./test/NEAT/PlateauDetection.ts" time="0.000" line="190" col="6">
        </testcase>
        <testcase name="PlateauDetector - detects plateau when fitness stagnates" classname="./test/NEAT/PlateauDetection.ts" time="0.000" line="208" col="6">
        </testcase>
        <testcase name="PlateauDetector - detects plateau when improvement is below threshold" classname="./test/NEAT/PlateauDetection.ts" time="0.000" line="226" col="6">
        </testcase>
        <testcase name="PlateauDetector - exits plateau when improvement resumes" classname="./test/NEAT/PlateauDetection.ts" time="0.000" line="247" col="6">
        </testcase>
        <testcase name="PlateauDetector - disabled detector never reports plateau" classname="./test/NEAT/PlateauDetection.ts" time="0.000" line="269" col="6">
        </testcase>
        <testcase name="PlateauDetector - getMutationMultiplier returns 1.0 when not on plateau" classname="./test/NEAT/PlateauDetection.ts" time="0.000" line="286" col="6">
        </testcase>
        <testcase name="PlateauDetector - getMutationMultiplier returns configured value on plateau" classname="./test/NEAT/PlateauDetection.ts" time="0.000" line="306" col="6">
        </testcase>
        <testcase name="PlateauDetector - getImprovementRate calculates correctly" classname="./test/NEAT/PlateauDetection.ts" time="0.000" line="323" col="6">
        </testcase>
        <testcase name="PlateauDetector - reset clears history" classname="./test/NEAT/PlateauDetection.ts" time="0.000" line="346" col="6">
        </testcase>
        <testcase name="detectPlateau - utility function works correctly" classname="./test/NEAT/PlateauDetection.ts" time="0.000" line="373" col="6">
        </testcase>
        <testcase name="detectPlateau - handles edge cases" classname="./test/NEAT/PlateauDetection.ts" time="0.000" line="386" col="6">
        </testcase>
        <testcase name="PlateauDetector - handles negative fitness values correctly" classname="./test/NEAT/PlateauDetection.ts" time="0.000" line="401" col="6">
        </testcase>
        <testcase name="PlateauDetector - handles zero fitness values" classname="./test/NEAT/PlateauDetection.ts" time="0.000" line="423" col="6">
        </testcase>
        <testcase name="PlateauDetector - handles fitness approaching zero" classname="./test/NEAT/PlateauDetection.ts" time="0.000" line="440" col="6">
        </testcase>
        <testcase name="PlateauDetector - getGenerationsOnPlateau returns correct count" classname="./test/NEAT/PlateauDetection.ts" time="0.000" line="459" col="6">
        </testcase>
    </testsuite>
    <testsuite name="./test/NEAT/PlateauDetectionIntegration.ts" tests="2" disabled="0" errors="0" failures="0">
        <testcase name="PlateauDetection Integration - evolve returns plateau status" classname="./test/NEAT/PlateauDetectionIntegration.ts" time="1.568" line="13" col="6">
        </testcase>
        <testcase name="PlateauDetection Integration - disabled by default (backward compatibility)" classname="./test/NEAT/PlateauDetectionIntegration.ts" time="0.043" line="46" col="6">
        </testcase>
    </testsuite>
    <testsuite name="./test/NEAT/PlateauDetectorBehavioural.ts" tests="11" disabled="0" errors="0" failures="0">
        <testcase name="PlateauDetectorBehavioural: triggers plateau after stagnation" classname="./test/NEAT/PlateauDetectorBehavioural.ts" time="0.001" line="19" col="6">
        </testcase>
        <testcase name="PlateauDetectorBehavioural: plateau triggers after exactly windowSize generations" classname="./test/NEAT/PlateauDetectorBehavioural.ts" time="0.000" line="45" col="6">
        </testcase>
        <testcase name="PlateauDetectorBehavioural: plateau increments generation counter" classname="./test/NEAT/PlateauDetectorBehavioural.ts" time="0.000" line="75" col="6">
        </testcase>
        <testcase name="PlateauDetectorBehavioural: plateau resets when improvement resumes" classname="./test/NEAT/PlateauDetectorBehavioural.ts" time="0.000" line="102" col="6">
        </testcase>
        <testcase name="PlateauDetectorBehavioural: mutation multiplier increases on plateau" classname="./test/NEAT/PlateauDetectorBehavioural.ts" time="0.000" line="133" col="6">
        </testcase>
        <testcase name="PlateauDetectorBehavioural: mutation multiplier decreases during rapid improvement" classname="./test/NEAT/PlateauDetectorBehavioural.ts" time="0.000" line="155" col="6">
        </testcase>
        <testcase name="PlateauDetectorBehavioural: no false positives during steady improvement" classname="./test/NEAT/PlateauDetectorBehavioural.ts" time="0.000" line="182" col="6">
        </testcase>
        <testcase name="PlateauDetectorBehavioural: no false positives during variable improvement" classname="./test/NEAT/PlateauDetectorBehavioural.ts" time="0.000" line="209" col="6">
        </testcase>
        <testcase name="PlateauDetectorBehavioural: correctly distinguishes improvement from stagnation" classname="./test/NEAT/PlateauDetectorBehavioural.ts" time="0.000" line="237" col="6">
        </testcase>
        <testcase name="PlateauDetectorBehavioural: handles negative to less-negative improvement" classname="./test/NEAT/PlateauDetectorBehavioural.ts" time="0.000" line="271" col="6">
        </testcase>
        <testcase name="PlateauDetectorBehavioural: isImproving correctly detects rapid improvement" classname="./test/NEAT/PlateauDetectorBehavioural.ts" time="0.000" line="294" col="6">
        </testcase>
    </testsuite>
    <testsuite name="./test/NEAT/PoolBorrowing.ts" tests="11" disabled="0" errors="0" failures="0">
        <testcase name="WorkerPool.getIdleWorkers returns only non-busy workers with empty queues" classname="./test/NEAT/PoolBorrowing.ts" time="0.001" line="44" col="6">
        </testcase>
        <testcase name="WorkerPool.selectWorker returns idle worker when available" classname="./test/NEAT/PoolBorrowing.ts" time="0.000" line="66" col="6">
        </testcase>
        <testcase name="WorkerPool.selectWorker returns a busy worker when all are busy (saturated)" classname="./test/NEAT/PoolBorrowing.ts" time="0.000" line="85" col="6">
        </testcase>
        <testcase name="Pool borrowing: idle fast worker is used when heavy pool is saturated" classname="./test/NEAT/PoolBorrowing.ts" time="0.000" line="140" col="6">
        </testcase>
        <testcase name="Pool borrowing: disabled via config — no borrowing occurs" classname="./test/NEAT/PoolBorrowing.ts" time="0.000" line="165" col="6">
        </testcase>
        <testcase name="Pool borrowing: heavy pool has idle worker — no borrowing needed" classname="./test/NEAT/PoolBorrowing.ts" time="0.000" line="189" col="6">
        </testcase>
        <testcase name="Pool borrowing: shared pool (non-partitioned) — no borrowing attempted" classname="./test/NEAT/PoolBorrowing.ts" time="0.000" line="213" col="6">
        </testcase>
        <testcase name="Pool borrowing: both pools fully saturated — returns busy heavy worker" classname="./test/NEAT/PoolBorrowing.ts" time="0.000" line="238" col="6">
        </testcase>
        <testcase name="allowPoolBorrowing defaults to true in NeatConfig" classname="./test/NEAT/PoolBorrowing.ts" time="0.014" line="266" col="6">
        </testcase>
        <testcase name="allowPoolBorrowing can be disabled via config" classname="./test/NEAT/PoolBorrowing.ts" time="0.000" line="279" col="6">
        </testcase>
        <testcase name="allowPoolBorrowing can be explicitly enabled via config" classname="./test/NEAT/PoolBorrowing.ts" time="0.000" line="292" col="6">
        </testcase>
    </testsuite>
    <testsuite name="./test/NEAT/PreFitnessMemoryEviction.ts" tests="7" disabled="0" errors="0" failures="0">
        <testcase name="Pre-fitness eviction at warning level halves activation cache" classname="./test/NEAT/PreFitnessMemoryEviction.ts" time="0.002" line="56" col="6">
        </testcase>
        <testcase name="Pre-fitness eviction at critical level clears caches" classname="./test/NEAT/PreFitnessMemoryEviction.ts" time="0.000" line="79" col="6">
        </testcase>
        <testcase name="No eviction at normal pressure preserves cache caps" classname="./test/NEAT/PreFitnessMemoryEviction.ts" time="0.000" line="106" col="6">
        </testcase>
        <testcase name="Consecutive pre-fitness checks progressively reduce cache cap" classname="./test/NEAT/PreFitnessMemoryEviction.ts" time="0.000" line="128" col="6">
        </testcase>
        <testcase name="memoryEvictionMs field is optional in GenerationPhaseTiming" classname="./test/NEAT/PreFitnessMemoryEviction.ts" time="0.000" line="163" col="6">
        </testcase>
        <testcase name="Pre-fitness then post-fitness eviction accumulates correctly" classname="./test/NEAT/PreFitnessMemoryEviction.ts" time="0.000" line="183" col="6">
        </testcase>
        <testcase name="MemoryCheckResult contains valid heap diagnostics" classname="./test/NEAT/PreFitnessMemoryEviction.ts" time="0.000" line="220" col="6">
        </testcase>
    </testsuite>
    <testsuite name="./test/NEAT/PreWarmIntegration.ts" tests="1" disabled="0" errors="0" failures="0">
        <testcase name="PreWarmIntegration: preWarmMs is reported in generation timing" classname="./test/NEAT/PreWarmIntegration.ts" time="0.132" line="18" col="6">
        </testcase>
    </testsuite>
    <testsuite name="./test/NEAT/Ratios.ts" tests="1" disabled="0" errors="0" failures="0">
        <testcase name="hypotenuse" classname="./test/NEAT/Ratios.ts" time="90.030" line="9" col="6">
        </testcase>
    </testsuite>
    <testsuite name="./test/NEAT/SinglePassDeDuplication.ts" tests="3" disabled="0" errors="0" failures="0">
        <testcase name="SinglePassDeDuplication - produces same uniqueness as two-pass" classname="./test/NEAT/SinglePassDeDuplication.ts" time="0.103" line="19" col="6">
        </testcase>
        <testcase name="SinglePassDeDuplication - catches cross-source duplicates" classname="./test/NEAT/SinglePassDeDuplication.ts" time="0.017" line="143" col="6">
        </testcase>
        <testcase name="SinglePassDeDuplication - evolution completes successfully" classname="./test/NEAT/SinglePassDeDuplication.ts" time="0.137" line="252" col="6">
        </testcase>
    </testsuite>
    <testsuite name="./test/NEAT/SpecialistPipeline.ts" tests="10" disabled="0" errors="0" failures="0">
        <testcase name="SpecialistPipeline - default config is disabled and a no-op" classname="./test/NEAT/SpecialistPipeline.ts" time="0.001" line="90" col="6">
        </testcase>
        <testcase name="SpecialistPipeline - happy path: two specialist species, each ranked by its own sub-task" classname="./test/NEAT/SpecialistPipeline.ts" time="0.005" line="106" col="6">
        </testcase>
        <testcase name="SpecialistPipeline - single-objective fitness disables the pipeline silently" classname="./test/NEAT/SpecialistPipeline.ts" time="0.000" line="151" col="6">
        </testcase>
        <testcase name="SpecialistPipeline - insufficient population falls back to standard speciation" classname="./test/NEAT/SpecialistPipeline.ts" time="0.001" line="169" col="6">
        </testcase>
        <testcase name="SpecialistPipeline - shouldDistill fires on the configured cadence" classname="./test/NEAT/SpecialistPipeline.ts" time="0.000" line="203" col="6">
        </testcase>
        <testcase name="SpecialistPipeline - distillGeneralist returns offspring with fresh hidden UUIDs and no worse than mean teacher MSE" classname="./test/NEAT/SpecialistPipeline.ts" time="0.030" line="219" col="6">
        </testcase>
        <testcase name="SpecialistPipeline - generalist combined score is no worse than the average specialist combined score" classname="./test/NEAT/SpecialistPipeline.ts" time="0.030" line="269" col="6">
        </testcase>
        <testcase name="SpecialistPipeline - DEFAULT_SPECIALIST_CONFIG matches Issue #2530 defaults" classname="./test/NEAT/SpecialistPipeline.ts" time="0.000" line="341" col="6">
        </testcase>
        <testcase name="SpecialistPipeline - disabled pipeline routes every creature through generalist path" classname="./test/NEAT/SpecialistPipeline.ts" time="0.000" line="350" col="6">
        </testcase>
        <testcase name="SpecialistPipeline - distillation is a no-op when pipeline is disabled or no elites supplied" classname="./test/NEAT/SpecialistPipeline.ts" time="0.000" line="363" col="6">
        </testcase>
    </testsuite>
    <testsuite name="./test/NEAT/Species.ts" tests="8" disabled="0" errors="0" failures="0">
        <testcase name="Add Creature to Species" classname="./test/NEAT/Species.ts" time="0.006" line="76" col="6">
        </testcase>
        <testcase name="Calculate Species Key Consistency" classname="./test/NEAT/Species.ts" time="0.001" line="89" col="6">
        </testcase>
        <testcase name="Species Key Uniqueness" classname="./test/NEAT/Species.ts" time="0.000" line="104" col="6">
        </testcase>
        <testcase name="Species Key - Neuron Count Range affects key" classname="./test/NEAT/Species.ts" time="0.000" line="122" col="6">
        </testcase>
        <testcase name="Species Key - Same neuron count range keeps same key" classname="./test/NEAT/Species.ts" time="0.000" line="184" col="6">
        </testcase>
        <testcase name="Species Key - Connectivity affects key" classname="./test/NEAT/Species.ts" time="0.000" line="224" col="6">
        </testcase>
        <testcase name="Species Key - Squash distribution affects key" classname="./test/NEAT/Species.ts" time="0.000" line="297" col="6">
        </testcase>
        <testcase name="Species Key - getArchitectureInfo returns correct metrics" classname="./test/NEAT/Species.ts" time="0.000" line="358" col="6">
        </testcase>
    </testsuite>
    <testsuite name="./test/NEAT/SpeciesPlateauDetector.ts" tests="10" disabled="0" errors="0" failures="0">
        <testcase name="SpeciesPlateauDetector - active when fitness improves each generation" classname="./test/NEAT/SpeciesPlateauDetector.ts" time="0.001" line="43" col="6">
        </testcase>
        <testcase name="SpeciesPlateauDetector - status flips to halted at haltWindow" classname="./test/NEAT/SpeciesPlateauDetector.ts" time="0.000" line="59" col="6">
        </testcase>
        <testcase name="SpeciesPlateauDetector - status flips to extinct at extinctionWindow" classname="./test/NEAT/SpeciesPlateauDetector.ts" time="0.000" line="84" col="6">
        </testcase>
        <testcase name="SpeciesPlateauDetector - improvement resets the stagnant counter" classname="./test/NEAT/SpeciesPlateauDetector.ts" time="0.000" line="101" col="6">
        </testcase>
        <testcase name="applyStagnationToQuotas - halts halve a species&apos; breeding share" classname="./test/NEAT/SpeciesPlateauDetector.ts" time="0.000" line="118" col="6">
        </testcase>
        <testcase name="applyStagnationToQuotas - extinction zeroes the species and surviving species absorb its share" classname="./test/NEAT/SpeciesPlateauDetector.ts" time="0.000" line="153" col="6">
        </testcase>
        <testcase name="applyStagnationToQuotas - extinct slots split proportionally across active species" classname="./test/NEAT/SpeciesPlateauDetector.ts" time="0.000" line="193" col="6">
        </testcase>
        <testcase name="applyStagnationToQuotas - disabled flag is a no-op (regression test)" classname="./test/NEAT/SpeciesPlateauDetector.ts" time="0.000" line="234" col="6">
        </testcase>
        <testcase name="SpeciesPlateauDetector - pruneAbsent drops history for missing species" classname="./test/NEAT/SpeciesPlateauDetector.ts" time="0.000" line="264" col="6">
        </testcase>
        <testcase name="applyStagnationToQuotas - non-finite fitness does not advance stagnation" classname="./test/NEAT/SpeciesPlateauDetector.ts" time="0.000" line="292" col="6">
        </testcase>
    </testsuite>
    <testsuite name="./test/NEAT/SpeciesStatistics.ts" tests="6" disabled="0" errors="0" failures="0">
        <testcase name="Species.computeStatistics - adjusted fitness equals raw / speciesSize" classname="./test/NEAT/SpeciesStatistics.ts" time="0.005" line="52" col="6">
        </testcase>
        <testcase name="Species.computeStatistics - size 1 species: adjusted equals raw" classname="./test/NEAT/SpeciesStatistics.ts" time="0.000" line="75" col="6">
        </testcase>
        <testcase name="Species.computeStatistics - non-finite scores are skipped" classname="./test/NEAT/SpeciesStatistics.ts" time="0.000" line="92" col="6">
        </testcase>
        <testcase name="Genus.updateSpeciesStatistics - builds a multi-species summary" classname="./test/NEAT/SpeciesStatistics.ts" time="0.002" line="111" col="6">
        </testcase>
        <testcase name="Genus.speciesSummary - sorted deterministically by speciesKey" classname="./test/NEAT/SpeciesStatistics.ts" time="0.000" line="142" col="6">
        </testcase>
        <testcase name="Species statistics persist across an evolution generation round-trip" classname="./test/NEAT/SpeciesStatistics.ts" time="0.152" line="162" col="6">
        </testcase>
    </testsuite>
    <testsuite name="./test/NEAT/SquashEffectivenessTracker.ts" tests="14" disabled="0" errors="0" failures="0">
        <testcase name="SquashEffectivenessTracker: returns null until minSamples is reached" classname="./test/NEAT/SquashEffectivenessTracker.ts" time="0.001" line="47" col="6">
        </testcase>
        <testcase name="SquashEffectivenessTracker: starts biasing once minSamples is reached" classname="./test/NEAT/SquashEffectivenessTracker.ts" time="0.001" line="65" col="6">
        </testcase>
        <testcase name="SquashEffectivenessTracker: feeds positive deltas to RELU and biases sampling" classname="./test/NEAT/SquashEffectivenessTracker.ts" time="0.004" line="90" col="6">
        </testcase>
        <testcase name="SquashEffectivenessTracker: disabled flag returns null so caller falls back to uniform" classname="./test/NEAT/SquashEffectivenessTracker.ts" time="0.000" line="140" col="6">
        </testcase>
        <testcase name="SquashEffectivenessTracker: with enabled=false, ModSquash produces uniform-equivalent draws via Activations" classname="./test/NEAT/SquashEffectivenessTracker.ts" time="0.044" line="158" col="6">
        </testcase>
        <testcase name="SquashEffectivenessTracker: commit applies (currentScore - baseline) when baseline present" classname="./test/NEAT/SquashEffectivenessTracker.ts" time="0.000" line="199" col="6">
        </testcase>
        <testcase name="SquashEffectivenessTracker: commit returns false when nothing pending" classname="./test/NEAT/SquashEffectivenessTracker.ts" time="0.000" line="212" col="6">
        </testcase>
        <testcase name="SquashEffectivenessTracker: commit ignores non-finite scores" classname="./test/NEAT/SquashEffectivenessTracker.ts" time="0.000" line="218" col="6">
        </testcase>
        <testcase name="SquashEffectivenessTracker: output neurons map to output-adjacent layer" classname="./test/NEAT/SquashEffectivenessTracker.ts" time="0.000" line="230" col="6">
        </testcase>
        <testcase name="SquashEffectivenessTracker: fan-in buckets are determined by inward connection count" classname="./test/NEAT/SquashEffectivenessTracker.ts" time="0.000" line="238" col="6">
        </testcase>
        <testcase name="ModSquash: records pending entry on the tracker when enabled" classname="./test/NEAT/SquashEffectivenessTracker.ts" time="0.004" line="265" col="6">
        </testcase>
        <testcase name="ModSquash: tracker disabled means no pending entries are recorded" classname="./test/NEAT/SquashEffectivenessTracker.ts" time="0.004" line="295" col="6">
        </testcase>
        <testcase name="ModSquash: result is a registered activation name" classname="./test/NEAT/SquashEffectivenessTracker.ts" time="0.000" line="319" col="6">
        </testcase>
        <testcase name="ModSquash: ModActivation can be constructed without a tracker" classname="./test/NEAT/SquashEffectivenessTracker.ts" time="0.000" line="336" col="6">
        </testcase>
    </testsuite>
    <testsuite name="./test/NEAT/ThroughputMetrics.ts" tests="16" disabled="0" errors="0" failures="0">
        <testcase name="approximateWaitMs - zero when no queueing pressure" classname="./test/NEAT/ThroughputMetrics.ts" time="0.001" line="15" col="6">
        </testcase>
        <testcase name="approximateWaitMs - zero when inputs are non-positive" classname="./test/NEAT/ThroughputMetrics.ts" time="0.000" line="22" col="6">
        </testcase>
        <testcase name="approximateWaitMs - follows FIFO uniform-task-duration formula" classname="./test/NEAT/ThroughputMetrics.ts" time="0.000" line="28" col="6">
        </testcase>
        <testcase name="approximateWaitMs - grows with queue depth" classname="./test/NEAT/ThroughputMetrics.ts" time="0.000" line="34" col="6">
        </testcase>
        <testcase name="computeIdleMs - capacity minus busy" classname="./test/NEAT/ThroughputMetrics.ts" time="0.000" line="40" col="6">
        </testcase>
        <testcase name="computeIdleMs - clamps to zero when busy exceeds capacity" classname="./test/NEAT/ThroughputMetrics.ts" time="0.000" line="45" col="6">
        </testcase>
        <testcase name="computeIdleMs - zero when wall-clock or workers are zero" classname="./test/NEAT/ThroughputMetrics.ts" time="0.000" line="50" col="6">
        </testcase>
        <testcase name="computeThroughputMetrics - assembled payload has required fields" classname="./test/NEAT/ThroughputMetrics.ts" time="0.000" line="55" col="6">
        </testcase>
        <testcase name="computeThroughputMetrics - handles zero wall-clock gracefully" classname="./test/NEAT/ThroughputMetrics.ts" time="0.000" line="82" col="6">
        </testcase>
        <testcase name="computeThroughputMetrics - clamps negative inputs to zero" classname="./test/NEAT/ThroughputMetrics.ts" time="0.000" line="102" col="6">
        </testcase>
        <testcase name="computeThroughputMetrics - fitnessMs greater than totalMs produces zero nonFitnessMs" classname="./test/NEAT/ThroughputMetrics.ts" time="0.000" line="122" col="6">
        </testcase>
        <testcase name="computeThroughputMetrics - scorer fields default to zero when not supplied (Issue #2424)" classname="./test/NEAT/ThroughputMetrics.ts" time="0.001" line="138" col="6">
        </testcase>
        <testcase name="computeThroughputMetrics - creaturesPerSec derived from count and fitnessMs (Issue #2424)" classname="./test/NEAT/ThroughputMetrics.ts" time="0.000" line="155" col="6">
        </testcase>
        <testcase name="computeThroughputMetrics - creaturesPerSec is zero when fitnessMs is zero (Issue #2424)" classname="./test/NEAT/ThroughputMetrics.ts" time="0.000" line="175" col="6">
        </testcase>
        <testcase name="computeThroughputMetrics - clamps negative scorer inputs to zero (Issue #2424)" classname="./test/NEAT/ThroughputMetrics.ts" time="0.000" line="197" col="6">
        </testcase>
        <testcase name="computeThroughputMetrics - creaturesPerSec floors count fractionally (Issue #2424)" classname="./test/NEAT/ThroughputMetrics.ts" time="0.000" line="216" col="6">
        </testcase>
    </testsuite>
    <testsuite name="./test/NEAT/Train.ts" tests="4" disabled="0" errors="0" failures="0">
        <testcase name="AND" classname="./test/NEAT/Train.ts" time="0.023" line="16" col="6">
        </testcase>
        <testcase name="MT" classname="./test/NEAT/Train.ts" time="9.357" line="51" col="6">
        </testcase>
        <testcase name="train-XOR" classname="./test/NEAT/Train.ts" time="7.920" line="92" col="6">
        </testcase>
        <testcase name="XNOR - train" classname="./test/NEAT/Train.ts" time="37.711" line="153" col="6">
        </testcase>
    </testsuite>
    <testsuite name="./test/NEAT/TrainDirCustomCost.ts" tests="1" disabled="0" errors="0" failures="0">
        <testcase name="trainDir() uses injected CostInterface when provided" classname="./test/NEAT/TrainDirCustomCost.ts" time="0.025" line="24" col="6">
        </testcase>
    </testsuite>
    <testsuite name="./test/NEAT/TrainingEventEmitter.ts" tests="7" disabled="0" errors="0" failures="0">
        <testcase name="TrainingEventEmitter: delivers event to callback" classname="./test/NEAT/TrainingEventEmitter.ts" time="0.001" line="21" col="6">
        </testcase>
        <testcase name="TrainingEventEmitter: delivers multiple events in sequence" classname="./test/NEAT/TrainingEventEmitter.ts" time="0.000" line="44" col="6">
        </testcase>
        <testcase name="TrainingEventEmitter: no-op when callback is undefined" classname="./test/NEAT/TrainingEventEmitter.ts" time="0.000" line="76" col="6">
        </testcase>
        <testcase name="TrainingEventEmitter: silently catches callback exceptions" classname="./test/NEAT/TrainingEventEmitter.ts" time="0.000" line="92" col="6">
        </testcase>
        <testcase name="TrainingEventEmitter: continues working after callback error" classname="./test/NEAT/TrainingEventEmitter.ts" time="0.000" line="108" col="6">
        </testcase>
        <testcase name="TrainingEventEmitter: handles discovery_complete event" classname="./test/NEAT/TrainingEventEmitter.ts" time="0.000" line="146" col="6">
        </testcase>
        <testcase name="TrainingEventEmitter: handles memory_pressure event" classname="./test/NEAT/TrainingEventEmitter.ts" time="0.000" line="164" col="6">
        </testcase>
    </testsuite>
    <testsuite name="./test/NEAT/TrainingLoopAllocations.ts" tests="5" disabled="0" errors="0" failures="0">
        <testcase name="Issue #1540: Mutable iteration config produces valid training results across multiple iterations" classname="./test/NEAT/TrainingLoopAllocations.ts" time="0.045" line="25" col="6">
        </testcase>
        <testcase name="Issue #1540: Scratch index buffer reuse works with multiple binary files" classname="./test/NEAT/TrainingLoopAllocations.ts" time="0.006" line="59" col="6">
        </testcase>
        <testcase name="Issue #1540: SparseConfig skips rebuild when sparseRatio is 1" classname="./test/NEAT/TrainingLoopAllocations.ts" time="0.008" line="95" col="6">
        </testcase>
        <testcase name="Issue #1540: Training with sparse ratio &lt; 1 still rebuilds SparseConfig when needed" classname="./test/NEAT/TrainingLoopAllocations.ts" time="0.008" line="129" col="6">
        </testcase>
        <testcase name="Issue #1540: Training error decreases or stays finite over multiple iterations" classname="./test/NEAT/TrainingLoopAllocations.ts" time="0.488" line="163" col="6">
        </testcase>
    </testsuite>
    <testsuite name="./test/NEAT/TrainingRegressionSkip.ts" tests="3" disabled="0" errors="0" failures="0">
        <testcase name="scheduleTraining skips creatures with consecutive regressions (Issue #2382)" classname="./test/NEAT/TrainingRegressionSkip.ts" time="0.022" line="36" col="6">
        </testcase>
        <testcase name="scheduleTraining default threshold allows first attempt through (Issue #2382)" classname="./test/NEAT/TrainingRegressionSkip.ts" time="0.002" line="90" col="6">
        </testcase>
        <testcase name="scheduleTraining with threshold 0 never skips (Issue #2382)" classname="./test/NEAT/TrainingRegressionSkip.ts" time="0.001" line="121" col="6">
        </testcase>
    </testsuite>
    <testsuite name="./test/NEAT/TrainingRegressionTracker.ts" tests="8" disabled="0" errors="0" failures="0">
        <testcase name="TrainingRegressionTracker - happy path: improvement keeps streak at zero" classname="./test/NEAT/TrainingRegressionTracker.ts" time="0.001" line="14" col="6">
        </testcase>
        <testcase name="TrainingRegressionTracker - rollback path: below threshold does not skip" classname="./test/NEAT/TrainingRegressionTracker.ts" time="0.000" line="25" col="6">
        </testcase>
        <testcase name="TrainingRegressionTracker - skip path: consecutive regressions trigger skip" classname="./test/NEAT/TrainingRegressionTracker.ts" time="0.000" line="35" col="6">
        </testcase>
        <testcase name="TrainingRegressionTracker - improvement resets the streak" classname="./test/NEAT/TrainingRegressionTracker.ts" time="0.000" line="45" col="6">
        </testcase>
        <testcase name="TrainingRegressionTracker - threshold of 0 disables skipping" classname="./test/NEAT/TrainingRegressionTracker.ts" time="0.000" line="56" col="6">
        </testcase>
        <testcase name="TrainingRegressionTracker - regressionRate reports population ratio" classname="./test/NEAT/TrainingRegressionTracker.ts" time="0.000" line="65" col="6">
        </testcase>
        <testcase name="TrainingRegressionTracker - reset clears history and counters" classname="./test/NEAT/TrainingRegressionTracker.ts" time="0.000" line="77" col="6">
        </testcase>
        <testcase name="TrainingRegressionTracker - shouldSkip returns false for unknown uuid" classname="./test/NEAT/TrainingRegressionTracker.ts" time="0.000" line="92" col="6">
        </testcase>
    </testsuite>
    <testsuite name="./test/NEAT/WriteScoresDirCache.ts" tests="4" disabled="0" errors="0" failures="0">
        <testcase name="writeScores writes all creature scores to disk" classname="./test/NEAT/WriteScoresDirCache.ts" time="0.020" line="16" col="6">
        </testcase>
        <testcase name="writeScores handles creatures sharing UUID prefix directories" classname="./test/NEAT/WriteScoresDirCache.ts" time="0.019" line="57" col="6">
        </testcase>
        <testcase name="writeScores does nothing without experimentStore" classname="./test/NEAT/WriteScoresDirCache.ts" time="0.000" line="97" col="6">
        </testcase>
        <testcase name="writeScores handles empty creature list" classname="./test/NEAT/WriteScoresDirCache.ts" time="0.000" line="107" col="6">
        </testcase>
    </testsuite>
    <testsuite name="./test/NEAT/WriteScoresParallel.ts" tests="3" disabled="0" errors="0" failures="0">
        <testcase name="writeScores produces correct files when overlapped with CPU work" classname="./test/NEAT/WriteScoresParallel.ts" time="0.039" line="17" col="6">
        </testcase>
        <testcase name="writeScores handles large population without file corruption" classname="./test/NEAT/WriteScoresParallel.ts" time="0.178" line="70" col="6">
        </testcase>
        <testcase name="overlapped writeScores does not interfere with subsequent writes" classname="./test/NEAT/WriteScoresParallel.ts" time="0.007" line="110" col="6">
        </testcase>
    </testsuite>
    <testsuite name="./test/PublicExports_RL_test.ts" tests="3" disabled="0" errors="0" failures="0">
        <testcase name="mod.ts re-exports EpisodeAdapter as a constructable abstract class" classname="./test/PublicExports_RL_test.ts" time="0.001" line="23" col="6">
        </testcase>
        <testcase name="mod.ts re-exports StepResult, EpisodeResult, EvolveRLOptions, EvolveRLMilestone types" classname="./test/PublicExports_RL_test.ts" time="0.000" line="49" col="6">
        </testcase>
        <testcase name="Creature exposes evolveRL accepting the re-exported EpisodeAdapter" classname="./test/PublicExports_RL_test.ts" time="0.002" line="86" col="6">
        </testcase>
    </testsuite>
    <testsuite name="./test/architecture/AssertValidSynapseReferences.ts" tests="9" disabled="0" errors="0" failures="0">
        <testcase name="assertValidSynapseReferences - valid export passes" classname="./test/architecture/AssertValidSynapseReferences.ts" time="0.001" line="5" col="6">
        </testcase>
        <testcase name="assertValidSynapseReferences - dangling fromId throws" classname="./test/architecture/AssertValidSynapseReferences.ts" time="0.004" line="24" col="6">
        </testcase>
        <testcase name="assertValidSynapseReferences - dangling toId throws" classname="./test/architecture/AssertValidSynapseReferences.ts" time="0.000" line="51" col="6">
        </testcase>
        <testcase name="assertValidSynapseReferences - input neuron IDs are valid sources" classname="./test/architecture/AssertValidSynapseReferences.ts" time="0.000" line="76" col="6">
        </testcase>
        <testcase name="assertValidSynapseReferences - empty synapses passes" classname="./test/architecture/AssertValidSynapseReferences.ts" time="0.000" line="94" col="6">
        </testcase>
        <testcase name="assertValidSynapseReferences - empty neurons with synapses throws" classname="./test/architecture/AssertValidSynapseReferences.ts" time="0.000" line="108" col="6">
        </testcase>
        <testcase name="assertValidSynapseReferences - context string included in error" classname="./test/architecture/AssertValidSynapseReferences.ts" time="0.000" line="124" col="6">
        </testcase>
        <testcase name="assertValidSynapseReferences - output neuron IDs are valid targets" classname="./test/architecture/AssertValidSynapseReferences.ts" time="0.000" line="147" col="6">
        </testcase>
        <testcase name="assertValidSynapseReferences - constant neuron is valid" classname="./test/architecture/AssertValidSynapseReferences.ts" time="0.000" line="167" col="6">
        </testcase>
    </testsuite>
    <testsuite name="./test/architecture/BatchCreatureEvaluation.ts" tests="8" disabled="0" errors="0" failures="0">
        <testcase name="Fitness - topology grouping clusters same-topology creatures" classname="./test/architecture/BatchCreatureEvaluation.ts" time="0.009" line="138" col="6">
        </testcase>
        <testcase name="Fitness - topology grouping disabled preserves original order" classname="./test/architecture/BatchCreatureEvaluation.ts" time="0.001" line="230" col="6">
        </testcase>
        <testcase name="Fitness - maxConcurrentEvaluations limits active workers" classname="./test/architecture/BatchCreatureEvaluation.ts" time="0.001" line="261" col="6">
        </testcase>
        <testcase name="Fitness - maxConcurrentEvaluations 0 uses all workers" classname="./test/architecture/BatchCreatureEvaluation.ts" time="0.001" line="303" col="6">
        </testcase>
        <testcase name="Fitness - batch evaluation produces identical results to sequential" classname="./test/architecture/BatchCreatureEvaluation.ts" time="0.001" line="345" col="6">
        </testcase>
        <testcase name="Fitness - backward compatible without config parameter" classname="./test/architecture/BatchCreatureEvaluation.ts" time="0.000" line="389" col="6">
        </testcase>
        <testcase name="Fitness - topology grouping with deduplication" classname="./test/architecture/BatchCreatureEvaluation.ts" time="0.000" line="414" col="6">
        </testcase>
        <testcase name="Fitness - default config has expected values" classname="./test/architecture/BatchCreatureEvaluation.ts" time="0.000" line="498" col="6">
        </testcase>
    </testsuite>
    <testsuite name="./test/architecture/CreatureState.ts" tests="20" disabled="0" errors="0" failures="0">
        <testcase name="NeuronState - initialises with correct defaults" classname="./test/architecture/CreatureState.ts" time="0.001" line="16" col="6">
        </testcase>
        <testcase name="NeuronState - traceActivation updates min/max and total" classname="./test/architecture/CreatureState.ts" time="0.000" line="30" col="6">
        </testcase>
        <testcase name="NeuronState - traceActivation accumulates total" classname="./test/architecture/CreatureState.ts" time="0.000" line="47" col="6">
        </testcase>
        <testcase name="NeuronState - traceActivation skips NaN (Issue #1314)" classname="./test/architecture/CreatureState.ts" time="0.000" line="57" col="6">
        </testcase>
        <testcase name="NeuronState - traceActivation skips Infinity (Issue #1314)" classname="./test/architecture/CreatureState.ts" time="0.000" line="68" col="6">
        </testcase>
        <testcase name="NeuronState - traceActivation with negative values" classname="./test/architecture/CreatureState.ts" time="0.000" line="80" col="6">
        </testcase>
        <testcase name="NeuronState - traceActivation with zero" classname="./test/architecture/CreatureState.ts" time="0.002" line="91" col="6">
        </testcase>
        <testcase name="NeuronState - traceActivation only with non-finite values leaves defaults" classname="./test/architecture/CreatureState.ts" time="0.000" line="101" col="6">
        </testcase>
        <testcase name="CreatureState - node() lazily creates NeuronState with defaults" classname="./test/architecture/CreatureState.ts" time="0.003" line="116" col="6">
        </testcase>
        <testcase name="CreatureState - node() creates independent states per index" classname="./test/architecture/CreatureState.ts" time="0.000" line="130" col="6">
        </testcase>
        <testcase name="CreatureState - connection() lazily creates SynapseState with defaults" classname="./test/architecture/CreatureState.ts" time="0.003" line="143" col="6">
        </testcase>
        <testcase name="CreatureState - connection() creates independent states per pair" classname="./test/architecture/CreatureState.ts" time="0.000" line="156" col="6">
        </testcase>
        <testcase name="CreatureState - clear() resets all maps" classname="./test/architecture/CreatureState.ts" time="0.000" line="168" col="6">
        </testcase>
        <testcase name="CreatureState - makeActivation creates correct-sized array" classname="./test/architecture/CreatureState.ts" time="0.000" line="186" col="6">
        </testcase>
        <testcase name="CreatureState - makeActivation reuses array when size matches" classname="./test/architecture/CreatureState.ts" time="0.000" line="200" col="6">
        </testcase>
        <testcase name="CreatureState - makeActivation fills non-input with zero when not feedback" classname="./test/architecture/CreatureState.ts" time="0.000" line="218" col="6">
        </testcase>
        <testcase name="CreatureState - makeActivation preserves non-input with feedback loop" classname="./test/architecture/CreatureState.ts" time="0.000" line="238" col="6">
        </testcase>
        <testcase name="CreatureState - collectNeuronErrors returns only neurons with errors" classname="./test/architecture/CreatureState.ts" time="0.000" line="256" col="6">
        </testcase>
        <testcase name="CreatureState - collectNeuronErrors empty when no errors" classname="./test/architecture/CreatureState.ts" time="0.000" line="276" col="6">
        </testcase>
        <testcase name="CreatureState - cacheAdjustedActivation stores and retrieves values" classname="./test/architecture/CreatureState.ts" time="0.000" line="284" col="6">
        </testcase>
    </testsuite>
    <testsuite name="./test/architecture/CreatureStateFlatArray.ts" tests="5" disabled="0" errors="0" failures="0">
        <testcase name="CreatureState flat array - node() returns NeuronState with defaults for all indices" classname="./test/architecture/CreatureStateFlatArray.ts" time="0.004" line="16" col="6">
        </testcase>
        <testcase name="CreatureState flat array - node() returns same reference on repeated access" classname="./test/architecture/CreatureStateFlatArray.ts" time="0.000" line="40" col="6">
        </testcase>
        <testcase name="CreatureState flat array - clear() resets all neuron states to defaults" classname="./test/architecture/CreatureStateFlatArray.ts" time="0.000" line="55" col="6">
        </testcase>
        <testcase name="CreatureState flat array - collectNeuronErrors iterates all neurons correctly" classname="./test/architecture/CreatureStateFlatArray.ts" time="0.000" line="122" col="6">
        </testcase>
        <testcase name="CreatureState flat array - node() works after clear() and re-access" classname="./test/architecture/CreatureStateFlatArray.ts" time="0.000" line="147" col="6">
        </testcase>
    </testsuite>
    <testsuite name="./test/architecture/CreatureUtils.ts" tests="14" disabled="0" errors="0" failures="0">
        <testcase name="CreatureUtil.makeUUID - generates a UUID for a creature" classname="./test/architecture/CreatureUtils.ts" time="0.004" line="13" col="6">
        </testcase>
        <testcase name="CreatureUtil.makeUUID - returns existing UUID if set" classname="./test/architecture/CreatureUtils.ts" time="0.000" line="30" col="6">
        </testcase>
        <testcase name="CreatureUtil.makeUUID - deterministic for same structure" classname="./test/architecture/CreatureUtils.ts" time="0.002" line="38" col="6">
        </testcase>
        <testcase name="CreatureUtil.makeUUID - different weights produce different UUIDs" classname="./test/architecture/CreatureUtils.ts" time="0.000" line="73" col="6">
        </testcase>
        <testcase name="CreatureUtil.makeUUID - tags do not affect UUID" classname="./test/architecture/CreatureUtils.ts" time="0.000" line="108" col="6">
        </testcase>
        <testcase name="CreatureUtil.makeUUID - stores UUID on creature" classname="./test/architecture/CreatureUtils.ts" time="0.000" line="146" col="6">
        </testcase>
        <testcase name="CreatureUtil.getTopologyHash - generates a non-empty hash" classname="./test/architecture/CreatureUtils.ts" time="0.000" line="156" col="6">
        </testcase>
        <testcase name="CreatureUtil.getTopologyHash - same topology different weights produce same hash" classname="./test/architecture/CreatureUtils.ts" time="0.000" line="174" col="6">
        </testcase>
        <testcase name="CreatureUtil.getTopologyHash - different topology produces different hash" classname="./test/architecture/CreatureUtils.ts" time="0.000" line="214" col="6">
        </testcase>
        <testcase name="CreatureUtil.getTopologyHash - deterministic across repeated calls" classname="./test/architecture/CreatureUtils.ts" time="0.000" line="265" col="6">
        </testcase>
        <testcase name="CreatureUtil.shuffle - shuffles array in place" classname="./test/architecture/CreatureUtils.ts" time="0.000" line="278" col="6">
        </testcase>
        <testcase name="CreatureUtil.shuffle - does not modify single element array" classname="./test/architecture/CreatureUtils.ts" time="0.000" line="301" col="6">
        </testcase>
        <testcase name="CreatureUtil.shuffle - does not modify empty array" classname="./test/architecture/CreatureUtils.ts" time="0.000" line="307" col="6">
        </testcase>
        <testcase name="CreatureUtil.shuffle - preserves all elements (two element array)" classname="./test/architecture/CreatureUtils.ts" time="0.000" line="313" col="6">
        </testcase>
    </testsuite>
    <testsuite name="./test/architecture/CreatureUtilsTypedErrors.ts" tests="2" disabled="0" errors="0" failures="0">
        <testcase name="CreatureUtil.makeUUID - throws ValidationError for invalid creature" classname="./test/architecture/CreatureUtilsTypedErrors.ts" time="0.001" line="11" col="6">
        </testcase>
        <testcase name="CreatureUtil.getTopologyHash - throws ValidationError for invalid creature" classname="./test/architecture/CreatureUtilsTypedErrors.ts" time="0.000" line="18" col="6">
        </testcase>
    </testsuite>
    <testsuite name="./test/architecture/CreatureValidateErrorMessages.ts" tests="7" disabled="0" errors="0" failures="0">
        <testcase name="creatureValidate - output UUID mismatch produces clean message" classname="./test/architecture/CreatureValidateErrorMessages.ts" time="0.009" line="17" col="6">
        </testcase>
        <testcase name="creatureValidate - non-output after output produces clean message" classname="./test/architecture/CreatureValidateErrorMessages.ts" time="0.002" line="49" col="6">
        </testcase>
        <testcase name="creatureValidate - input after max inputs produces clean message" classname="./test/architecture/CreatureValidateErrorMessages.ts" time="0.001" line="92" col="6">
        </testcase>
        <testcase name="creatureValidate - duplicate synapse message uses wire labels (GRQ-3 / Issue #1958)" classname="./test/architecture/CreatureValidateErrorMessages.ts" time="0.000" line="134" col="6">
        </testcase>
        <testcase name="creatureValidate - self-connection (forwardOnly) message uses wire labels only" classname="./test/architecture/CreatureValidateErrorMessages.ts" time="0.000" line="166" col="6">
        </testcase>
        <testcase name="creatureValidate - recursive synapse message uses wire labels (forwardOnly)" classname="./test/architecture/CreatureValidateErrorMessages.ts" time="0.000" line="196" col="6">
        </testcase>
        <testcase name="creatureValidate - NO_INWARD hidden message uses wire uuid (GRQ-3)" classname="./test/architecture/CreatureValidateErrorMessages.ts" time="0.000" line="235" col="6">
        </testcase>
    </testsuite>
    <testsuite name="./test/architecture/CrossValidation.ts" tests="10" disabled="0" errors="0" failures="0">
        <testcase name="CrossValidation - k=1 backward compatible single-split" classname="./test/architecture/CrossValidation.ts" time="0.054" line="37" col="6">
        </testcase>
        <testcase name="CrossValidation - k=2 produces valid results" classname="./test/architecture/CrossValidation.ts" time="0.026" line="59" col="6">
        </testcase>
        <testcase name="CrossValidation - disabled by default, matches standard training" classname="./test/architecture/CrossValidation.ts" time="0.013" line="81" col="6">
        </testcase>
        <testcase name="CrossValidation - validation early stopping uses held-out fold" classname="./test/architecture/CrossValidation.ts" time="0.031" line="102" col="6">
        </testcase>
        <testcase name="CrossValidation - without validation early stopping" classname="./test/architecture/CrossValidation.ts" time="0.035" line="127" col="6">
        </testcase>
        <testcase name="CrossValidation - k=5 produces average across folds" classname="./test/architecture/CrossValidation.ts" time="0.049" line="152" col="6">
        </testcase>
        <testcase name="CrossValidation - not enabled does not split data" classname="./test/architecture/CrossValidation.ts" time="0.004" line="181" col="6">
        </testcase>
        <testcase name="CrossValidation - graceful fallback when too few records" classname="./test/architecture/CrossValidation.ts" time="0.003" line="202" col="6">
        </testcase>
        <testcase name="CrossValidation - evolveDataSet with cross-validation" classname="./test/architecture/CrossValidation.ts" time="1.332" line="225" col="6">
        </testcase>
        <testcase name="CrossValidation - result contains valid ID" classname="./test/architecture/CrossValidation.ts" time="0.011" line="240" col="6">
        </testcase>
    </testsuite>
    <testsuite name="./test/architecture/DataSetTypedErrors.ts" tests="4" disabled="0" errors="0" failures="0">
        <testcase name="makeDataDir - throws ValidationError for zero partitionBreak" classname="./test/architecture/DataSetTypedErrors.ts" time="0.001" line="11" col="6">
        </testcase>
        <testcase name="makeDataDir - throws ValidationError for negative partitionBreak" classname="./test/architecture/DataSetTypedErrors.ts" time="0.000" line="16" col="6">
        </testcase>
        <testcase name="makeDataDir - throws ValidationError for input length mismatch" classname="./test/architecture/DataSetTypedErrors.ts" time="0.000" line="21" col="6">
        </testcase>
        <testcase name="makeDataDir - throws ValidationError for output length mismatch" classname="./test/architecture/DataSetTypedErrors.ts" time="0.000" line="35" col="6">
        </testcase>
    </testsuite>
    <testsuite name="./test/architecture/DatasetFileListCache.ts" tests="4" disabled="0" errors="0" failures="0">
        <testcase name="Issue #2260: DatasetFileListCache returns correct files" classname="./test/architecture/DatasetFileListCache.ts" time="0.002" line="25" col="6">
        </testcase>
        <testcase name="Issue #2260: DatasetFileListCache returns same reference on repeated calls" classname="./test/architecture/DatasetFileListCache.ts" time="0.000" line="50" col="6">
        </testcase>
        <testcase name="Issue #2260: DatasetFileListCache.clear forces re-scan" classname="./test/architecture/DatasetFileListCache.ts" time="0.000" line="72" col="6">
        </testcase>
        <testcase name="Issue #2260: DatasetFileListCache handles directory change" classname="./test/architecture/DatasetFileListCache.ts" time="0.000" line="97" col="6">
        </testcase>
    </testsuite>
    <testsuite name="./test/architecture/DeDuplicator.ts" tests="7" disabled="0" errors="0" failures="0">
        <testcase name="DeDuplicator - happy path: removes obvious duplicates" classname="./test/architecture/DeDuplicator.ts" time="0.014" line="76" col="6">
        </testcase>
        <testcase name="DeDuplicator - idempotent: second pass is a no-op" classname="./test/architecture/DeDuplicator.ts" time="0.002" line="99" col="6">
        </testcase>
        <testcase name="DeDuplicator - empty input: perform returns without error" classname="./test/architecture/DeDuplicator.ts" time="0.000" line="132" col="6">
        </testcase>
        <testcase name="DeDuplicator - single-element input: no duplicates possible" classname="./test/architecture/DeDuplicator.ts" time="0.000" line="141" col="6">
        </testcase>
        <testcase name="DeDuplicator - all-unique input: nothing is removed or reordered" classname="./test/architecture/DeDuplicator.ts" time="0.002" line="159" col="6">
        </testcase>
        <testcase name="DeDuplicator - large input: 300 creatures with 80% duplicates" classname="./test/architecture/DeDuplicator.ts" time="0.033" line="185" col="6">
        </testcase>
        <testcase name="DeDuplicator - assigns UUIDs to creatures that lack them" classname="./test/architecture/DeDuplicator.ts" time="0.000" line="219" col="6">
        </testcase>
    </testsuite>
    <testsuite name="./test/architecture/DenseNumberMap.ts" tests="20" disabled="0" errors="0" failures="0">
        <testcase name="DenseNumberMap - default construction creates empty map" classname="./test/architecture/DenseNumberMap.ts" time="0.001" line="13" col="6">
        </testcase>
        <testcase name="DenseNumberMap - custom initial capacity" classname="./test/architecture/DenseNumberMap.ts" time="0.000" line="19" col="6">
        </testcase>
        <testcase name="DenseNumberMap - set and get at index 0" classname="./test/architecture/DenseNumberMap.ts" time="0.000" line="28" col="6">
        </testcase>
        <testcase name="DenseNumberMap - set and get multiple indices" classname="./test/architecture/DenseNumberMap.ts" time="0.000" line="35" col="6">
        </testcase>
        <testcase name="DenseNumberMap - get returns undefined for unset index" classname="./test/architecture/DenseNumberMap.ts" time="0.000" line="46" col="6">
        </testcase>
        <testcase name="DenseNumberMap - get returns undefined for out-of-bounds index" classname="./test/architecture/DenseNumberMap.ts" time="0.000" line="53" col="6">
        </testcase>
        <testcase name="DenseNumberMap - has returns false for unset indices" classname="./test/architecture/DenseNumberMap.ts" time="0.000" line="58" col="6">
        </testcase>
        <testcase name="DenseNumberMap - has returns false for out-of-bounds index" classname="./test/architecture/DenseNumberMap.ts" time="0.000" line="64" col="6">
        </testcase>
        <testcase name="DenseNumberMap - has returns true after set" classname="./test/architecture/DenseNumberMap.ts" time="0.000" line="69" col="6">
        </testcase>
        <testcase name="DenseNumberMap - overwrite existing value" classname="./test/architecture/DenseNumberMap.ts" time="0.000" line="75" col="6">
        </testcase>
        <testcase name="DenseNumberMap - auto-grow on large index" classname="./test/architecture/DenseNumberMap.ts" time="0.000" line="84" col="6">
        </testcase>
        <testcase name="DenseNumberMap - preserves data after growth" classname="./test/architecture/DenseNumberMap.ts" time="0.000" line="92" col="6">
        </testcase>
        <testcase name="DenseNumberMap - multiple growths" classname="./test/architecture/DenseNumberMap.ts" time="0.000" line="108" col="6">
        </testcase>
        <testcase name="DenseNumberMap - clear removes all entries" classname="./test/architecture/DenseNumberMap.ts" time="0.000" line="119" col="6">
        </testcase>
        <testcase name="DenseNumberMap - reuse after clear" classname="./test/architecture/DenseNumberMap.ts" time="0.000" line="135" col="6">
        </testcase>
        <testcase name="DenseNumberMap - set returns this for chaining" classname="./test/architecture/DenseNumberMap.ts" time="0.000" line="145" col="6">
        </testcase>
        <testcase name="DenseNumberMap - stores zero correctly" classname="./test/architecture/DenseNumberMap.ts" time="0.000" line="155" col="6">
        </testcase>
        <testcase name="DenseNumberMap - stores negative values" classname="./test/architecture/DenseNumberMap.ts" time="0.000" line="163" col="6">
        </testcase>
        <testcase name="DenseNumberMap - stores very small values" classname="./test/architecture/DenseNumberMap.ts" time="0.000" line="170" col="6">
        </testcase>
        <testcase name="DenseNumberMap - minimum initial capacity is 1" classname="./test/architecture/DenseNumberMap.ts" time="0.000" line="177" col="6">
        </testcase>
    </testsuite>
    <testsuite name="./test/architecture/ElitismUtils.ts" tests="18" disabled="0" errors="0" failures="0">
        <testcase name="sortCreaturesByScore - sorts descending by score" classname="./test/architecture/ElitismUtils.ts" time="0.004" line="29" col="6">
        </testcase>
        <testcase name="sortCreaturesByScore - single creature returns same array" classname="./test/architecture/ElitismUtils.ts" time="0.000" line="45" col="6">
        </testcase>
        <testcase name="sortCreaturesByScore - equal scores maintains stable order" classname="./test/architecture/ElitismUtils.ts" time="0.000" line="53" col="6">
        </testcase>
        <testcase name="sortCreaturesByScore - handles negative scores" classname="./test/architecture/ElitismUtils.ts" time="0.000" line="66" col="6">
        </testcase>
        <testcase name="sortCreaturesByScore - returns the same array reference" classname="./test/architecture/ElitismUtils.ts" time="0.000" line="80" col="6">
        </testcase>
        <testcase name="makeElitists - returns top creatures from sorted population" classname="./test/architecture/ElitismUtils.ts" time="0.000" line="88" col="6">
        </testcase>
        <testcase name="makeElitists - defaults to size 1" classname="./test/architecture/ElitismUtils.ts" time="0.000" line="103" col="6">
        </testcase>
        <testcase name="makeElitists - clamps size to population length" classname="./test/architecture/ElitismUtils.ts" time="0.000" line="115" col="6">
        </testcase>
        <testcase name="makeElitists - throws for empty population" classname="./test/architecture/ElitismUtils.ts" time="0.001" line="126" col="6">
        </testcase>
        <testcase name="makeElitists - throws for size 0" classname="./test/architecture/ElitismUtils.ts" time="0.000" line="134" col="6">
        </testcase>
        <testcase name="makeElitists - throws for non-integer size" classname="./test/architecture/ElitismUtils.ts" time="0.000" line="142" col="6">
        </testcase>
        <testcase name="makeElitists - averageScore is NaN when not verbose" classname="./test/architecture/ElitismUtils.ts" time="0.000" line="150" col="6">
        </testcase>
        <testcase name="makeElitists - averageScore is computed when verbose" classname="./test/architecture/ElitismUtils.ts" time="0.000" line="160" col="6">
        </testcase>
        <testcase name="logVerbose - calculates average score" classname="./test/architecture/ElitismUtils.ts" time="0.000" line="173" col="6">
        </testcase>
        <testcase name="logVerbose - marks trained creatures as notified" classname="./test/architecture/ElitismUtils.ts" time="0.000" line="189" col="6">
        </testcase>
        <testcase name="logVerbose - skips already-notified creatures" classname="./test/architecture/ElitismUtils.ts" time="0.000" line="199" col="6">
        </testcase>
        <testcase name="logVerbose - handles creatures without trainID" classname="./test/architecture/ElitismUtils.ts" time="0.000" line="210" col="6">
        </testcase>
        <testcase name="logVerbose - sets trainMsg tag for trained creatures" classname="./test/architecture/ElitismUtils.ts" time="0.000" line="218" col="6">
        </testcase>
    </testsuite>
    <testsuite name="./test/architecture/ExportJSONWithRuntimeIdsForwardOnly.ts" tests="4" disabled="0" errors="0" failures="0">
        <testcase name="exportJSONWithRuntimeIds: passes for valid forward-only creature" classname="./test/architecture/ExportJSONWithRuntimeIdsForwardOnly.ts" time="0.005" line="28" col="6">
        </testcase>
        <testcase name="exportJSONWithRuntimeIds: passes when forwardOnly is false even with recurrent edges" classname="./test/architecture/ExportJSONWithRuntimeIdsForwardOnly.ts" time="0.000" line="39" col="6">
        </testcase>
        <testcase name="exportJSONWithRuntimeIds: throws TopologyError on self-loop on output-0 (Issue #2546)" classname="./test/architecture/ExportJSONWithRuntimeIdsForwardOnly.ts" time="0.001" line="52" col="6">
        </testcase>
        <testcase name="exportJSONWithRuntimeIds: throws TopologyError on backward output→hidden edge (Issue #2546)" classname="./test/architecture/ExportJSONWithRuntimeIdsForwardOnly.ts" time="0.001" line="72" col="6">
        </testcase>
    </testsuite>
    <testsuite name="./test/architecture/ExportNoIntegerIds.ts" tests="7" disabled="0" errors="0" failures="0">
        <testcase name="exportJSON neurons must NOT have integer id field (Issue #2054)" classname="./test/architecture/ExportNoIntegerIds.ts" time="0.004" line="53" col="6">
        </testcase>
        <testcase name="exportJSON synapses must NOT have fromId/toId fields (Issue #2054)" classname="./test/architecture/ExportNoIntegerIds.ts" time="0.000" line="69" col="6">
        </testcase>
        <testcase name="exportJSON neurons must still include uuid, type, and bias fields" classname="./test/architecture/ExportNoIntegerIds.ts" time="0.000" line="90" col="6">
        </testcase>
        <testcase name="exportJSON synapses must still include fromUUID, toUUID, and weight fields" classname="./test/architecture/ExportNoIntegerIds.ts" time="0.000" line="115" col="6">
        </testcase>
        <testcase name="exportSnapshotJSON must not include integer IDs (same contract as exportJSON)" classname="./test/architecture/ExportNoIntegerIds.ts" time="0.000" line="145" col="6">
        </testcase>
        <testcase name="exportJSON round-trip preserves UUID-based fields without integer IDs" classname="./test/architecture/ExportNoIntegerIds.ts" time="0.000" line="177" col="6">
        </testcase>
        <testcase name="Programmatically constructed creature exportJSON omits integer IDs" classname="./test/architecture/ExportNoIntegerIds.ts" time="0.003" line="217" col="6">
        </testcase>
    </testsuite>
    <testsuite name="./test/architecture/ExportSchemaValidation.ts" tests="8" disabled="0" errors="0" failures="0">
        <testcase name="schema validation - minimal creature" classname="./test/architecture/ExportSchemaValidation.ts" time="0.004" line="440" col="6">
        </testcase>
        <testcase name="schema validation - creature with hidden layers" classname="./test/architecture/ExportSchemaValidation.ts" time="0.000" line="449" col="6">
        </testcase>
        <testcase name="schema validation - creature with constant neurons" classname="./test/architecture/ExportSchemaValidation.ts" time="0.000" line="458" col="6">
        </testcase>
        <testcase name="schema validation - legacy UUID-format creature" classname="./test/architecture/ExportSchemaValidation.ts" time="0.001" line="467" col="6">
        </testcase>
        <testcase name="schema validation - creature with memetic data" classname="./test/architecture/ExportSchemaValidation.ts" time="0.001" line="484" col="6">
        </testcase>
        <testcase name="schema validation - forward-only creature" classname="./test/architecture/ExportSchemaValidation.ts" time="0.000" line="493" col="6">
        </testcase>
        <testcase name="schema validation - programmatically constructed creature" classname="./test/architecture/ExportSchemaValidation.ts" time="0.003" line="507" col="6">
        </testcase>
        <testcase name="schema validation - round-trip fidelity" classname="./test/architecture/ExportSchemaValidation.ts" time="0.004" line="518" col="6">
        </testcase>
    </testsuite>
    <testsuite name="./test/architecture/ExportUUID.ts" tests="12" disabled="0" errors="0" failures="0">
        <testcase name="exportJSON - neuron includes uuid field" classname="./test/architecture/ExportUUID.ts" time="0.004" line="75" col="6">
        </testcase>
        <testcase name="exportJSON - output neuron uuid follows &apos;output-N&apos; format" classname="./test/architecture/ExportUUID.ts" time="0.000" line="94" col="6">
        </testcase>
        <testcase name="exportJSON - synapse includes fromUUID and toUUID fields" classname="./test/architecture/ExportUUID.ts" time="0.000" line="109" col="6">
        </testcase>
        <testcase name="exportJSON - input neuron references use &apos;input-N&apos; format in synapse UUIDs" classname="./test/architecture/ExportUUID.ts" time="0.000" line="130" col="6">
        </testcase>
        <testcase name="exportJSON - hidden/constant neuron UUIDs are deterministic" classname="./test/architecture/ExportUUID.ts" time="0.000" line="147" col="6">
        </testcase>
        <testcase name="exportJSON - legacy UUID strings are preserved through import/export" classname="./test/architecture/ExportUUID.ts" time="0.000" line="179" col="6">
        </testcase>
        <testcase name="exportJSON - synapse UUIDs reference correct neuron UUIDs" classname="./test/architecture/ExportUUID.ts" time="0.000" line="206" col="6">
        </testcase>
        <testcase name="exportJSON - new creature (integer IDs only) generates deterministic UUIDs" classname="./test/architecture/ExportUUID.ts" time="0.000" line="235" col="6">
        </testcase>
        <testcase name="exportJSON - shallowClone preserves hidden and constant uuids" classname="./test/architecture/ExportUUID.ts" time="0.000" line="252" col="6">
        </testcase>
        <testcase name="exportJSON - regression #2050: never synthesise hidden/constant uuid from runtime id" classname="./test/architecture/ExportUUID.ts" time="0.003" line="272" col="6">
        </testcase>
        <testcase name="neuronUuid - constant with legacy unity id -1000 is not wire-labelled as output-999" classname="./test/architecture/ExportUUID.ts" time="0.000" line="294" col="6">
        </testcase>
        <testcase name="exportJSON - round-trip preserves uuid through re-export" classname="./test/architecture/ExportUUID.ts" time="0.000" line="305" col="6">
        </testcase>
    </testsuite>
    <testsuite name="./test/architecture/ExternalInterfaceContract.ts" tests="15" disabled="0" errors="0" failures="0">
        <testcase name="Neuron export must include uuid field as a string" classname="./test/architecture/ExternalInterfaceContract.ts" time="0.004" line="68" col="6">
        </testcase>
        <testcase name="Neuron export must NOT include integer id field (Issue #2054)" classname="./test/architecture/ExternalInterfaceContract.ts" time="0.000" line="86" col="6">
        </testcase>
        <testcase name="Neuron export must include type field as one of hidden, output, constant" classname="./test/architecture/ExternalInterfaceContract.ts" time="0.000" line="100" col="6">
        </testcase>
        <testcase name="Neuron export must include bias field as a number" classname="./test/architecture/ExternalInterfaceContract.ts" time="0.000" line="114" col="6">
        </testcase>
        <testcase name="Output neuron uuid must match output-N pattern" classname="./test/architecture/ExternalInterfaceContract.ts" time="0.000" line="128" col="6">
        </testcase>
        <testcase name="Synapse export must include fromUUID field as a string" classname="./test/architecture/ExternalInterfaceContract.ts" time="0.000" line="153" col="6">
        </testcase>
        <testcase name="Synapse export must include toUUID field as a string" classname="./test/architecture/ExternalInterfaceContract.ts" time="0.000" line="171" col="6">
        </testcase>
        <testcase name="Synapse export must NOT include fromId field (Issue #2054)" classname="./test/architecture/ExternalInterfaceContract.ts" time="0.000" line="189" col="6">
        </testcase>
        <testcase name="Synapse export must NOT include toId field (Issue #2054)" classname="./test/architecture/ExternalInterfaceContract.ts" time="0.000" line="203" col="6">
        </testcase>
        <testcase name="Synapse export must include weight field as a number" classname="./test/architecture/ExternalInterfaceContract.ts" time="0.000" line="217" col="6">
        </testcase>
        <testcase name="Legacy consumer using only UUID fields can consume exportJSON output" classname="./test/architecture/ExternalInterfaceContract.ts" time="0.000" line="235" col="6">
        </testcase>
        <testcase name="External consumer cannot rely on integer IDs in exportJSON (Issue #2054)" classname="./test/architecture/ExternalInterfaceContract.ts" time="0.000" line="277" col="6">
        </testcase>
        <testcase name="Export then import then export produces identical external interface fields" classname="./test/architecture/ExternalInterfaceContract.ts" time="0.000" line="306" col="6">
        </testcase>
        <testcase name="Same JSON imported on different machines produces identical UUIDs" classname="./test/architecture/ExternalInterfaceContract.ts" time="0.000" line="380" col="6">
        </testcase>
        <testcase name="Programmatically constructed creature preserves contract after round-trip across machines" classname="./test/architecture/ExternalInterfaceContract.ts" time="0.004" line="428" col="6">
        </testcase>
    </testsuite>
    <testsuite name="./test/architecture/FitnessBusyWorkerWait.ts" tests="4" disabled="0" errors="0" failures="0">
        <testcase name="Fitness fast-pool workers evaluate all creatures without polling" classname="./test/architecture/FitnessBusyWorkerWait.ts" time="0.011" line="63" col="6">
        </testcase>
        <testcase name="Fitness fast-pool evaluation distributes work across workers" classname="./test/architecture/FitnessBusyWorkerWait.ts" time="0.005" line="94" col="6">
        </testcase>
        <testcase name="Fitness fast-pool evaluation assigns valid scores to all creatures" classname="./test/architecture/FitnessBusyWorkerWait.ts" time="0.006" line="128" col="6">
        </testcase>
        <testcase name="Fitness maxConcurrentEvaluations still caps fast-pool worker usage" classname="./test/architecture/FitnessBusyWorkerWait.ts" time="0.005" line="156" col="6">
        </testcase>
    </testsuite>
    <testsuite name="./test/architecture/FitnessDynamicPool.ts" tests="4" disabled="0" errors="0" failures="0">
        <testcase name="Fitness.calculate uses additional workers alongside fast-pool workers" classname="./test/architecture/FitnessDynamicPool.ts" time="0.013" line="57" col="6">
        </testcase>
        <testcase name="Fitness.calculate works normally when no additional workers provided" classname="./test/architecture/FitnessDynamicPool.ts" time="0.005" line="115" col="6">
        </testcase>
        <testcase name="Fitness.calculate works normally with empty additional workers array" classname="./test/architecture/FitnessDynamicPool.ts" time="0.005" line="139" col="6">
        </testcase>
        <testcase name="Fitness.calculate with additional workers respects maxConcurrentEvaluations" classname="./test/architecture/FitnessDynamicPool.ts" time="0.005" line="163" col="6">
        </testcase>
    </testsuite>
    <testsuite name="./test/architecture/FitnessExcludeBusyWorkers.ts" tests="4" disabled="0" errors="0" failures="0">
        <testcase name="Fitness uses all fast-pool workers for evaluation" classname="./test/architecture/FitnessExcludeBusyWorkers.ts" time="0.012" line="62" col="6">
        </testcase>
        <testcase name="Fitness distributes work across all fast-pool workers" classname="./test/architecture/FitnessExcludeBusyWorkers.ts" time="0.004" line="91" col="6">
        </testcase>
        <testcase name="Fitness works with single fast-pool worker" classname="./test/architecture/FitnessExcludeBusyWorkers.ts" time="0.005" line="129" col="6">
        </testcase>
        <testcase name="Fitness assigns scores to all creatures after evaluation" classname="./test/architecture/FitnessExcludeBusyWorkers.ts" time="0.006" line="149" col="6">
        </testcase>
    </testsuite>
    <testsuite name="./test/architecture/FitnessFastPoolEvaluation.ts" tests="3" disabled="0" errors="0" failures="0">
        <testcase name="Fitness with fast-pool workers evaluates all creatures without filtering" classname="./test/architecture/FitnessFastPoolEvaluation.ts" time="0.014" line="79" col="6">
        </testcase>
        <testcase name="Fitness evaluation completes promptly when heavy-pool workers are occupied elsewhere" classname="./test/architecture/FitnessFastPoolEvaluation.ts" time="0.007" line="122" col="6">
        </testcase>
        <testcase name="Fitness no longer requires isRunningLongTask filtering" classname="./test/architecture/FitnessFastPoolEvaluation.ts" time="0.000" line="174" col="6">
        </testcase>
    </testsuite>
    <testsuite name="./test/architecture/FitnessForwardOnlyPartition.ts" tests="4" disabled="0" errors="0" failures="0">
        <testcase name="Fitness partition - all forwardOnly population batches every creature" classname="./test/architecture/FitnessForwardOnlyPartition.ts" time="0.011" line="100" col="6">
        </testcase>
        <testcase name="Fitness partition - all recurrent population skips batch entirely" classname="./test/architecture/FitnessForwardOnlyPartition.ts" time="0.001" line="180" col="6">
        </testcase>
        <testcase name="Fitness partition - mixed population batches forwardOnly only, recurrent via worker" classname="./test/architecture/FitnessForwardOnlyPartition.ts" time="0.002" line="244" col="6">
        </testcase>
        <testcase name="Fitness partition - batch failure on forwardOnly subset still scores recurrent via worker" classname="./test/architecture/FitnessForwardOnlyPartition.ts" time="0.002" line="340" col="6">
        </testcase>
    </testsuite>
    <testsuite name="./test/architecture/FitnessScorerTelemetry.ts" tests="4" disabled="0" errors="0" failures="0">
        <testcase name="Fitness scorer telemetry - counts unique scored creatures" classname="./test/architecture/FitnessScorerTelemetry.ts" time="0.014" line="70" col="6">
        </testcase>
        <testcase name="Fitness scorer telemetry - excludes cached duplicates" classname="./test/architecture/FitnessScorerTelemetry.ts" time="0.005" line="93" col="6">
        </testcase>
        <testcase name="Fitness scorer telemetry - empty population resets counters" classname="./test/architecture/FitnessScorerTelemetry.ts" time="0.002" line="119" col="6">
        </testcase>
        <testcase name="Fitness scorer telemetry - skips creatures with non-finite error" classname="./test/architecture/FitnessScorerTelemetry.ts" time="0.005" line="142" col="6">
        </testcase>
    </testsuite>
    <testsuite name="./test/architecture/FitnessTopologyGrouping.ts" tests="3" disabled="0" errors="0" failures="0">
        <testcase name="Fitness topology grouping - creatures grouped by topology hash" classname="./test/architecture/FitnessTopologyGrouping.ts" time="0.019" line="78" col="6">
        </testcase>
        <testcase name="Fitness topology grouping disabled - all creatures still evaluated" classname="./test/architecture/FitnessTopologyGrouping.ts" time="0.007" line="155" col="6">
        </testcase>
        <testcase name="Fitness topology grouping - preserves correctness of scores" classname="./test/architecture/FitnessTopologyGrouping.ts" time="0.004" line="190" col="6">
        </testcase>
    </testsuite>
    <testsuite name="./test/architecture/FitnessTypedErrors.ts" tests="1" disabled="0" errors="0" failures="0">
        <testcase name="Fitness calculate - throws ValidationError for invalid worker response" classname="./test/architecture/FitnessTypedErrors.ts" time="0.005" line="12" col="6">
        </testcase>
    </testsuite>
    <testsuite name="./test/architecture/FitnessWasmPanicRecovery.ts" tests="4" disabled="0" errors="0" failures="0">
        <testcase name="Fitness calculate - WASM panic returns -Infinity score instead of crashing" classname="./test/architecture/FitnessWasmPanicRecovery.ts" time="0.005" line="15" col="6">
        </testcase>
        <testcase name="Fitness calculate - NaN error returns -Infinity score instead of crashing" classname="./test/architecture/FitnessWasmPanicRecovery.ts" time="0.000" line="50" col="6">
        </testcase>
        <testcase name="Fitness calculate - negative error returns -Infinity score instead of crashing" classname="./test/architecture/FitnessWasmPanicRecovery.ts" time="0.000" line="75" col="6">
        </testcase>
        <testcase name="Fitness calculate - valid error still scores normally" classname="./test/architecture/FitnessWasmPanicRecovery.ts" time="0.001" line="100" col="6">
        </testcase>
    </testsuite>
    <testsuite name="./test/architecture/ForwardOnlyAssertion.ts" tests="7" disabled="0" errors="0" failures="0">
        <testcase name="assertNoRecurrentSynapseOnForwardOnly: no-op when forwardOnly false" classname="./test/architecture/ForwardOnlyAssertion.ts" time="0.003" line="20" col="6">
        </testcase>
        <testcase name="assertNoRecurrentSynapseOnForwardOnly: passes for valid forward-only creature" classname="./test/architecture/ForwardOnlyAssertion.ts" time="0.000" line="28" col="6">
        </testcase>
        <testcase name="assertNoRecurrentSynapseOnForwardOnly: throws on self-loop" classname="./test/architecture/ForwardOnlyAssertion.ts" time="0.001" line="36" col="6">
        </testcase>
        <testcase name="assertNoRecurrentSynapseOnForwardOnly: throws on backward edge" classname="./test/architecture/ForwardOnlyAssertion.ts" time="0.000" line="54" col="6">
        </testcase>
        <testcase name="assertNoWireSelfLoopOnForwardOnly: no-op when forwardOnly false" classname="./test/architecture/ForwardOnlyAssertion.ts" time="0.000" line="71" col="6">
        </testcase>
        <testcase name="assertNoWireSelfLoopOnForwardOnly: passes for distinct wire uuids" classname="./test/architecture/ForwardOnlyAssertion.ts" time="0.000" line="78" col="6">
        </testcase>
        <testcase name="assertNoWireSelfLoopOnForwardOnly: throws when two neurons share a wire uuid (Issue #2618)" classname="./test/architecture/ForwardOnlyAssertion.ts" time="0.000" line="86" col="6">
        </testcase>
    </testsuite>
    <testsuite name="./test/architecture/ForwardOnlyInitValidation.ts" tests="4" disabled="0" errors="0" failures="0">
        <testcase name="forward-only: initialisation assertion catches backward synapse" classname="./test/architecture/ForwardOnlyInitValidation.ts" time="0.005" line="14" col="6">
        </testcase>
        <testcase name="forward-only: initialisation assertion catches self-connection" classname="./test/architecture/ForwardOnlyInitValidation.ts" time="0.000" line="45" col="6">
        </testcase>
        <testcase name="forward-only: valid creature passes initialisation assertion" classname="./test/architecture/ForwardOnlyInitValidation.ts" time="0.000" line="66" col="6">
        </testcase>
        <testcase name="feedback creature: initialisation assertion is a no-op" classname="./test/architecture/ForwardOnlyInitValidation.ts" time="0.000" line="75" col="6">
        </testcase>
    </testsuite>
    <testsuite name="./test/architecture/ForwardOnlyLoadRepair.ts" tests="5" disabled="0" errors="0" failures="0">
        <testcase name="forward-only: fromJSON strips self-connections instead of crashing" classname="./test/architecture/ForwardOnlyLoadRepair.ts" time="0.013" line="33" col="6">
        </testcase>
        <testcase name="forward-only: fromJSON repairs hidden neuron stranded after backward synapse strip (GRQ-12)" classname="./test/architecture/ForwardOnlyLoadRepair.ts" time="0.003" line="64" col="6">
        </testcase>
        <testcase name="forward-only: fromJSON strips backward connections instead of crashing" classname="./test/architecture/ForwardOnlyLoadRepair.ts" time="0.000" line="113" col="6">
        </testcase>
        <testcase name="forward-only: fromJSON strips multiple output self-connections (production case)" classname="./test/architecture/ForwardOnlyLoadRepair.ts" time="0.000" line="145" col="6">
        </testcase>
        <testcase name="feedback creature: fromJSON preserves self-connections" classname="./test/architecture/ForwardOnlyLoadRepair.ts" time="0.000" line="184" col="6">
        </testcase>
    </testsuite>
    <testsuite name="./test/architecture/ForwardOnlySynapseGuard.ts" tests="6" disabled="0" errors="0" failures="0">
        <testcase name="forward-only: connect() rejects self-connection" classname="./test/architecture/ForwardOnlySynapseGuard.ts" time="0.004" line="6" col="6">
        </testcase>
        <testcase name="forward-only: connect() rejects backward connection" classname="./test/architecture/ForwardOnlySynapseGuard.ts" time="0.000" line="17" col="6">
        </testcase>
        <testcase name="forward-only: connectBatch() rejects backward connection" classname="./test/architecture/ForwardOnlySynapseGuard.ts" time="0.000" line="29" col="6">
        </testcase>
        <testcase name="forward-only: loadFrom strips backward synapse when json.forwardOnly is true" classname="./test/architecture/ForwardOnlySynapseGuard.ts" time="0.004" line="55" col="6">
        </testcase>
        <testcase name="forward-only: loadFrom strips self-connection when json.forwardOnly is true" classname="./test/architecture/ForwardOnlySynapseGuard.ts" time="0.000" line="85" col="6">
        </testcase>
        <testcase name="feedback creature: connect() still allows self-connection" classname="./test/architecture/ForwardOnlySynapseGuard.ts" time="0.000" line="108" col="6">
        </testcase>
    </testsuite>
    <testsuite name="./test/architecture/ForwardOnlyTopologyAfterBulkRemap.ts" tests="7" disabled="0" errors="0" failures="0">
        <testcase name="Issue #2191: insertNeuron preserves forward-only topology" classname="./test/architecture/ForwardOnlyTopologyAfterBulkRemap.ts" time="0.012" line="86" col="6">
        </testcase>
        <testcase name="Issue #2191: insertNeuron on larger creature preserves forward-only topology" classname="./test/architecture/ForwardOnlyTopologyAfterBulkRemap.ts" time="0.000" line="100" col="6">
        </testcase>
        <testcase name="Issue #2191: removeHiddenNeuron preserves forward-only topology" classname="./test/architecture/ForwardOnlyTopologyAfterBulkRemap.ts" time="0.000" line="121" col="6">
        </testcase>
        <testcase name="Issue #2191: removeHiddenNeuron at first hidden preserves forward-only topology" classname="./test/architecture/ForwardOnlyTopologyAfterBulkRemap.ts" time="0.000" line="162" col="6">
        </testcase>
        <testcase name="Issue #2191: normaliseComputationalNeuronOrder preserves forward-only topology" classname="./test/architecture/ForwardOnlyTopologyAfterBulkRemap.ts" time="0.000" line="177" col="6">
        </testcase>
        <testcase name="Issue #2191: Offspring.breed preserves forward-only topology" classname="./test/architecture/ForwardOnlyTopologyAfterBulkRemap.ts" time="0.005" line="222" col="6">
        </testcase>
        <testcase name="Issue #2191: repeated insertNeuron mutations preserve forward-only topology" classname="./test/architecture/ForwardOnlyTopologyAfterBulkRemap.ts" time="0.001" line="245" col="6">
        </testcase>
    </testsuite>
    <testsuite name="./test/architecture/InConnections.ts" tests="1" disabled="0" errors="0" failures="0">
        <testcase name="inward" classname="./test/architecture/InConnections.ts" time="0.006" line="9" col="6">
        </testcase>
    </testsuite>
    <testsuite name="./test/architecture/InFocus.ts" tests="2" disabled="0" errors="0" failures="0">
        <testcase name="inFocus: hidden neurons have mixed focus for a single output" classname="./test/architecture/InFocus.ts" time="0.004" line="5" col="6">
        </testcase>
        <testcase name="inFocus: input neurons have mixed focus for a single output" classname="./test/architecture/InFocus.ts" time="0.000" line="42" col="6">
        </testcase>
    </testsuite>
    <testsuite name="./test/architecture/IntegerNeuronIds.ts" tests="8" disabled="0" errors="0" failures="0">
        <testcase name="Input neurons have integer IDs matching their index" classname="./test/architecture/IntegerNeuronIds.ts" time="0.004" line="21" col="6">
        </testcase>
        <testcase name="Output neurons have negative integer IDs" classname="./test/architecture/IntegerNeuronIds.ts" time="0.000" line="34" col="6">
        </testcase>
        <testcase name="Hidden neurons have positive integer IDs &gt;= 1_000_000" classname="./test/architecture/IntegerNeuronIds.ts" time="0.001" line="62" col="6">
        </testcase>
        <testcase name="nextNeuronId returns unique sequential integers" classname="./test/architecture/IntegerNeuronIds.ts" time="0.000" line="82" col="6">
        </testcase>
        <testcase name="NeuronId utility functions are consistent" classname="./test/architecture/IntegerNeuronIds.ts" time="0.000" line="89" col="6">
        </testcase>
        <testcase name="Serialisation: public export is uuid-only; round-trip preserves wire uuids" classname="./test/architecture/IntegerNeuronIds.ts" time="0.003" line="104" col="6">
        </testcase>
        <testcase name="Breeding offspring uses integer neuron IDs" classname="./test/architecture/IntegerNeuronIds.ts" time="0.006" line="151" col="6">
        </testcase>
        <testcase name="Genetic compatibility: identical structures score 1" classname="./test/architecture/IntegerNeuronIds.ts" time="0.000" line="173" col="6">
        </testcase>
    </testsuite>
    <testsuite name="./test/architecture/InwardConnectionsIndexed.ts" tests="7" disabled="0" errors="0" failures="0">
        <testcase name="inwardConnections returns correct results for simple creature" classname="./test/architecture/InwardConnectionsIndexed.ts" time="0.003" line="13" col="6">
        </testcase>
        <testcase name="inwardConnections returns empty array for neurons with no inward connections" classname="./test/architecture/InwardConnectionsIndexed.ts" time="0.000" line="46" col="6">
        </testcase>
        <testcase name="inwardConnections maintains correct results after cache clear" classname="./test/architecture/InwardConnectionsIndexed.ts" time="0.000" line="91" col="6">
        </testcase>
        <testcase name="inwardConnections works correctly with multiple hidden layers" classname="./test/architecture/InwardConnectionsIndexed.ts" time="0.000" line="143" col="6">
        </testcase>
        <testcase name="inwardConnections lookup is efficient after partial cache invalidation" classname="./test/architecture/InwardConnectionsIndexed.ts" time="0.000" line="205" col="6">
        </testcase>
        <testcase name="prebuildInwardIndex optimises subsequent lookups" classname="./test/architecture/InwardConnectionsIndexed.ts" time="0.000" line="265" col="6">
        </testcase>
        <testcase name="bulkLoadInwardConnections populates all cache entries" classname="./test/architecture/InwardConnectionsIndexed.ts" time="0.000" line="321" col="6">
        </testcase>
    </testsuite>
    <testsuite name="./test/architecture/InwardConnectionsSorted.ts" tests="5" disabled="0" errors="0" failures="0">
        <testcase name="inwardConnections returns results sorted by from index" classname="./test/architecture/InwardConnectionsSorted.ts" time="0.003" line="14" col="6">
        </testcase>
        <testcase name="inwardConnections sorted order with prebuilt index" classname="./test/architecture/InwardConnectionsSorted.ts" time="0.001" line="53" col="6">
        </testcase>
        <testcase name="inwardConnections sorted order with bulk load" classname="./test/architecture/InwardConnectionsSorted.ts" time="0.000" line="101" col="6">
        </testcase>
        <testcase name="inwardConnections sorted order without prebuilt index (linear scan)" classname="./test/architecture/InwardConnectionsSorted.ts" time="0.000" line="142" col="6">
        </testcase>
        <testcase name="inwardConnections sorted order after cache clear and re-query" classname="./test/architecture/InwardConnectionsSorted.ts" time="0.000" line="178" col="6">
        </testcase>
    </testsuite>
    <testsuite name="./test/architecture/KFoldSplitter.ts" tests="8" disabled="0" errors="0" failures="0">
        <testcase name="KFoldSplitter - k=1 returns original directory" classname="./test/architecture/KFoldSplitter.ts" time="0.002" line="38" col="6">
        </testcase>
        <testcase name="KFoldSplitter - k=5 creates 5 folds" classname="./test/architecture/KFoldSplitter.ts" time="0.002" line="50" col="6">
        </testcase>
        <testcase name="KFoldSplitter - handles uneven record distribution" classname="./test/architecture/KFoldSplitter.ts" time="0.001" line="72" col="6">
        </testcase>
        <testcase name="KFoldSplitter - rejects folds &lt; 1" classname="./test/architecture/KFoldSplitter.ts" time="0.001" line="96" col="6">
        </testcase>
        <testcase name="KFoldSplitter - rejects folds &gt; 20" classname="./test/architecture/KFoldSplitter.ts" time="0.000" line="109" col="6">
        </testcase>
        <testcase name="KFoldSplitter - rejects more folds than records" classname="./test/architecture/KFoldSplitter.ts" time="0.000" line="122" col="6">
        </testcase>
        <testcase name="KFoldSplitter - k=2 creates two complementary folds" classname="./test/architecture/KFoldSplitter.ts" time="0.000" line="135" col="6">
        </testcase>
        <testcase name="KFoldSplitter - cleanup removes temporary directories" classname="./test/architecture/KFoldSplitter.ts" time="0.001" line="156" col="6">
        </testcase>
    </testsuite>
    <testsuite name="./test/architecture/NeuronStatePredictiveCoding.ts" tests="2" disabled="0" errors="0" failures="0">
        <testcase name="NeuronState - reset clears PC fields back to undefined" classname="./test/architecture/NeuronStatePredictiveCoding.ts" time="0.001" line="4" col="6">
        </testcase>
        <testcase name="NeuronState - PC fields do not affect existing behaviour" classname="./test/architecture/NeuronStatePredictiveCoding.ts" time="0.000" line="27" col="6">
        </testcase>
    </testsuite>
    <testsuite name="./test/architecture/MakeUuidDirectConstruction.ts" tests="8" disabled="0" errors="0" failures="0">
        <testcase name="makeUUID direct construction — deterministic for same creature" classname="./test/architecture/MakeUuidDirectConstruction.ts" time="0.004" line="13" col="6">
        </testcase>
        <testcase name="makeUUID direct construction — different weights produce different UUIDs" classname="./test/architecture/MakeUuidDirectConstruction.ts" time="0.003" line="31" col="6">
        </testcase>
        <testcase name="makeUUID direct construction — different biases produce different UUIDs" classname="./test/architecture/MakeUuidDirectConstruction.ts" time="0.001" line="58" col="6">
        </testcase>
        <testcase name="makeUUID direct construction — different squash produces different UUIDs" classname="./test/architecture/MakeUuidDirectConstruction.ts" time="0.000" line="82" col="6">
        </testcase>
        <testcase name="makeUUID direct construction — tags do not affect UUID" classname="./test/architecture/MakeUuidDirectConstruction.ts" time="0.000" line="112" col="6">
        </testcase>
        <testcase name="makeUUID direct construction — frozen synapse changes UUID" classname="./test/architecture/MakeUuidDirectConstruction.ts" time="0.000" line="131" col="6">
        </testcase>
        <testcase name="makeUUID direct construction — cached UUID is returned immediately" classname="./test/architecture/MakeUuidDirectConstruction.ts" time="0.000" line="153" col="6">
        </testcase>
        <testcase name="makeUUID direct construction — shallowClone preserves UUID" classname="./test/architecture/MakeUuidDirectConstruction.ts" time="0.000" line="172" col="6">
        </testcase>
    </testsuite>
    <testsuite name="./test/architecture/NeuronTypedErrors.ts" tests="2" disabled="0" errors="0" failures="0">
        <testcase name="Neuron activateNeuron - throws TopologyError for unimplemented" classname="./test/architecture/NeuronTypedErrors.ts" time="0.007" line="11" col="6">
        </testcase>
        <testcase name="Neuron activateAndTraceNeuron - throws TopologyError for unimplemented" classname="./test/architecture/NeuronTypedErrors.ts" time="0.001" line="20" col="6">
        </testcase>
    </testsuite>
    <testsuite name="./test/architecture/NoChangePropagate.ts" tests="9" disabled="0" errors="0" failures="0">
        <testcase name="noChangePropagate - marks output neuron as noChange (standard path)" classname="./test/architecture/NoChangePropagate.ts" time="0.003" line="104" col="6">
        </testcase>
        <testcase name="noChangePropagate - accumulates totalBias and count (standard path)" classname="./test/architecture/NoChangePropagate.ts" time="0.000" line="116" col="6">
        </testcase>
        <testcase name="noChangePropagate - traces activation value" classname="./test/architecture/NoChangePropagate.ts" time="0.000" line="134" col="6">
        </testcase>
        <testcase name="noChangePropagate - recursively propagates to upstream hidden neurons (standard path)" classname="./test/architecture/NoChangePropagate.ts" time="0.000" line="154" col="6">
        </testcase>
        <testcase name="noChangePropagate - short-circuits when noChange already true" classname="./test/architecture/NoChangePropagate.ts" time="0.000" line="175" col="6">
        </testcase>
        <testcase name="noChangePropagate - does not recurse into input neurons" classname="./test/architecture/NoChangePropagate.ts" time="0.000" line="197" col="6">
        </testcase>
        <testcase name="noChangePropagate - IF neuron takes NeuronActivationInterface branch" classname="./test/architecture/NoChangePropagate.ts" time="0.000" line="212" col="6">
        </testcase>
        <testcase name="noChangePropagate - output with IF upstream recursively marks IF as noChange" classname="./test/architecture/NoChangePropagate.ts" time="0.000" line="227" col="6">
        </testcase>
        <testcase name="noChangePropagate - propagates through multi-layer chain" classname="./test/architecture/NoChangePropagate.ts" time="0.000" line="245" col="6">
        </testcase>
    </testsuite>
    <testsuite name="./test/architecture/NormaliseCreatureExportForwardOnly.ts" tests="4" disabled="0" errors="0" failures="0">
        <testcase name="normaliseCreatureExport: preserves forward-only invariant on round-trip" classname="./test/architecture/NormaliseCreatureExportForwardOnly.ts" time="0.005" line="46" col="6">
        </testcase>
        <testcase name="normaliseCreatureExport: idempotent on already-resolved IDs" classname="./test/architecture/NormaliseCreatureExportForwardOnly.ts" time="0.000" line="59" col="6">
        </testcase>
        <testcase name="normaliseCreatureExport: remaps output neuron with wrong ID without flipping edges" classname="./test/architecture/NormaliseCreatureExportForwardOnly.ts" time="0.000" line="70" col="6">
        </testcase>
        <testcase name="normaliseCreatureExport: UUID-keyed memetic input survives normalise without back-edges" classname="./test/architecture/NormaliseCreatureExportForwardOnly.ts" time="0.000" line="123" col="6">
        </testcase>
    </testsuite>
    <testsuite name="./test/architecture/Offspring.ts" tests="10" disabled="0" errors="0" failures="0">
        <testcase name="Offspring.breed - produces offspring from compatible parents" classname="./test/architecture/Offspring.ts" time="0.015" line="17" col="6">
        </testcase>
        <testcase name="Offspring.breed - parents must have same input/output counts" classname="./test/architecture/Offspring.ts" time="0.002" line="50" col="6">
        </testcase>
        <testcase name="Offspring.breed - parents must have matching output count" classname="./test/architecture/Offspring.ts" time="0.000" line="61" col="6">
        </testcase>
        <testcase name="Offspring.breed - returns undefined when offspring clones parent" classname="./test/architecture/Offspring.ts" time="0.002" line="72" col="6">
        </testcase>
        <testcase name="Offspring.breed - offspring has valid synapses with finite weights" classname="./test/architecture/Offspring.ts" time="0.002" line="93" col="6">
        </testcase>
        <testcase name="Offspring.breed - offspring gets a valid UUID" classname="./test/architecture/Offspring.ts" time="0.002" line="128" col="6">
        </testcase>
        <testcase name="Offspring.breed - with forwardOnly option" classname="./test/architecture/Offspring.ts" time="0.001" line="153" col="6">
        </testcase>
        <testcase name="Offspring.cloneConnections - converts internal to export format" classname="./test/architecture/Offspring.ts" time="0.000" line="177" col="6">
        </testcase>
        <testcase name="Offspring.cloneConnections - empty connections list" classname="./test/architecture/Offspring.ts" time="0.000" line="206" col="6">
        </testcase>
        <testcase name="Offspring.sortNeurons - keeps input before hidden before output" classname="./test/architecture/Offspring.ts" time="0.000" line="215" col="6">
        </testcase>
    </testsuite>
    <testsuite name="./test/architecture/OutputRangeIntegration.ts" tests="3" disabled="0" errors="0" failures="0">
        <testcase name="OutputRange integration: penalty increases error for out-of-range outputs" classname="./test/architecture/OutputRangeIntegration.ts" time="0.016" line="34" col="6">
        </testcase>
        <testcase name="OutputRange integration: no penalty when outputs are in range" classname="./test/architecture/OutputRangeIntegration.ts" time="0.003" line="97" col="6">
        </testcase>
        <testcase name="OutputRange integration: empty outputRanges has no effect" classname="./test/architecture/OutputRangeIntegration.ts" time="0.002" line="155" col="6">
        </testcase>
    </testsuite>
    <testsuite name="./test/architecture/OutputRangePenalty.ts" tests="11" disabled="0" errors="0" failures="0">
        <testcase name="OutputRangePenalty - no penalty for in-range outputs" classname="./test/architecture/OutputRangePenalty.ts" time="0.001" line="10" col="6">
        </testcase>
        <testcase name="OutputRangePenalty - no penalty at exact boundaries" classname="./test/architecture/OutputRangePenalty.ts" time="0.000" line="18" col="6">
        </testcase>
        <testcase name="OutputRangePenalty - penalty for output below min" classname="./test/architecture/OutputRangePenalty.ts" time="0.000" line="32" col="6">
        </testcase>
        <testcase name="OutputRangePenalty - penalty for output above max" classname="./test/architecture/OutputRangePenalty.ts" time="0.000" line="42" col="6">
        </testcase>
        <testcase name="OutputRangePenalty - penaltyWeight scales the penalty" classname="./test/architecture/OutputRangePenalty.ts" time="0.000" line="52" col="6">
        </testcase>
        <testcase name="OutputRangePenalty - multiple outputs accumulate penalties" classname="./test/architecture/OutputRangePenalty.ts" time="0.000" line="62" col="6">
        </testcase>
        <testcase name="OutputRangePenalty - empty ranges produce zero penalty" classname="./test/architecture/OutputRangePenalty.ts" time="0.000" line="75" col="6">
        </testcase>
        <testcase name="OutputRangePenalty - fewer ranges than outputs only checks covered outputs" classname="./test/architecture/OutputRangePenalty.ts" time="0.000" line="81" col="6">
        </testcase>
        <testcase name="OutputRangePenalty - works with number arrays as well as Float32Array" classname="./test/architecture/OutputRangePenalty.ts" time="0.000" line="90" col="6">
        </testcase>
        <testcase name="OutputRangePenalty - zero-width range produces raw excess penalty" classname="./test/architecture/OutputRangePenalty.ts" time="0.000" line="99" col="6">
        </testcase>
        <testcase name="OutputRangePenalty - quadratic scaling penalises large violations more" classname="./test/architecture/OutputRangePenalty.ts" time="0.000" line="110" col="6">
        </testcase>
    </testsuite>
    <testsuite name="./test/architecture/ParallelFitnessEvaluation.ts" tests="7" disabled="0" errors="0" failures="0">
        <testcase name="Fitness - distributes evaluations across multiple workers" classname="./test/architecture/ParallelFitnessEvaluation.ts" time="0.009" line="115" col="6">
        </testcase>
        <testcase name="Fitness - parallel evaluation preserves deduplication" classname="./test/architecture/ParallelFitnessEvaluation.ts" time="0.001" line="161" col="6">
        </testcase>
        <testcase name="Fitness - handles single worker correctly" classname="./test/architecture/ParallelFitnessEvaluation.ts" time="0.000" line="239" col="6">
        </testcase>
        <testcase name="Fitness - empty population completes immediately" classname="./test/architecture/ParallelFitnessEvaluation.ts" time="0.000" line="265" col="6">
        </testcase>
        <testcase name="Fitness - all pre-scored creatures skip evaluation" classname="./test/architecture/ParallelFitnessEvaluation.ts" time="0.000" line="285" col="6">
        </testcase>
        <testcase name="Fitness - large population distributed across many workers" classname="./test/architecture/ParallelFitnessEvaluation.ts" time="0.003" line="315" col="6">
        </testcase>
        <testcase name="Fitness - mixed scored and unscored creatures" classname="./test/architecture/ParallelFitnessEvaluation.ts" time="0.000" line="358" col="6">
        </testcase>
    </testsuite>
    <testsuite name="./test/architecture/PrebuildInwardIndex.ts" tests="9" disabled="0" errors="0" failures="0">
        <testcase name="Offspring.breed() prebuilds inward index for large creatures" classname="./test/architecture/PrebuildInwardIndex.ts" time="0.870" line="63" col="6">
        </testcase>
        <testcase name="Offspring.breed() does not prebuild inward index for small creatures" classname="./test/architecture/PrebuildInwardIndex.ts" time="0.004" line="103" col="6">
        </testcase>
        <testcase name="Mutator.mutate() prebuilds inward index for large creatures" classname="./test/architecture/PrebuildInwardIndex.ts" time="0.468" line="133" col="6">
        </testcase>
        <testcase name="prebuildInwardIndexIfLarge() does not build index for small creatures" classname="./test/architecture/PrebuildInwardIndex.ts" time="0.000" line="167" col="6">
        </testcase>
        <testcase name="Creature.fromJSON() prebuilds inward index for large creatures" classname="./test/architecture/PrebuildInwardIndex.ts" time="0.189" line="200" col="6">
        </testcase>
        <testcase name="Creature.fromJSON() does not prebuild inward index for small creatures" classname="./test/architecture/PrebuildInwardIndex.ts" time="0.000" line="222" col="6">
        </testcase>
        <testcase name="loadFrom() prebuilds inward index for large creatures" classname="./test/architecture/PrebuildInwardIndex.ts" time="0.196" line="244" col="6">
        </testcase>
        <testcase name="prebuildInwardIndex() builds the index" classname="./test/architecture/PrebuildInwardIndex.ts" time="0.000" line="274" col="6">
        </testcase>
        <testcase name="clearCache() clears the inward index" classname="./test/architecture/PrebuildInwardIndex.ts" time="0.000" line="296" col="6">
        </testcase>
    </testsuite>
    <testsuite name="./test/architecture/Projection.ts" tests="1" disabled="0" errors="0" failures="0">
        <testcase name="projection" classname="./test/architecture/Projection.ts" time="0.003" line="8" col="6">
        </testcase>
    </testsuite>
    <testsuite name="./test/architecture/PublicAPI.ts" tests="20" disabled="0" errors="0" failures="0">
        <testcase name="Public API: Creature constructor creates valid network" classname="./test/architecture/PublicAPI.ts" time="0.004" line="49" col="6">
        </testcase>
        <testcase name="Public API: Creature.fromJSON round-trips" classname="./test/architecture/PublicAPI.ts" time="0.002" line="57" col="6">
        </testcase>
        <testcase name="Public API: Creature.activate produces output" classname="./test/architecture/PublicAPI.ts" time="0.005" line="70" col="6">
        </testcase>
        <testcase name="Public API: CreatureUtil is exported" classname="./test/architecture/PublicAPI.ts" time="0.000" line="78" col="6">
        </testcase>
        <testcase name="Public API: CRISPR constructor works" classname="./test/architecture/PublicAPI.ts" time="0.000" line="82" col="6">
        </testcase>
        <testcase name="Public API: CrisprError is exported and constructable" classname="./test/architecture/PublicAPI.ts" time="0.000" line="88" col="6">
        </testcase>
        <testcase name="Public API: Costs.find returns built-in cost functions" classname="./test/architecture/PublicAPI.ts" time="0.000" line="95" col="6">
        </testcase>
        <testcase name="Public API: Costs.getAvailableCosts lists all built-in costs" classname="./test/architecture/PublicAPI.ts" time="0.000" line="103" col="6">
        </testcase>
        <testcase name="Public API: Selection strategies are exported" classname="./test/architecture/PublicAPI.ts" time="0.000" line="110" col="6">
        </testcase>
        <testcase name="Public API: Mutation types are exported" classname="./test/architecture/PublicAPI.ts" time="0.000" line="118" col="6">
        </testcase>
        <testcase name="Public API: PlateauDetector works with defaults" classname="./test/architecture/PublicAPI.ts" time="0.000" line="133" col="6">
        </testcase>
        <testcase name="Public API: Logger API is functional" classname="./test/architecture/PublicAPI.ts" time="0.000" line="148" col="6">
        </testcase>
        <testcase name="Public API: RandomNumberGenerator is functional" classname="./test/architecture/PublicAPI.ts" time="0.000" line="169" col="6">
        </testcase>
        <testcase name="Public API: Upgrade class is exported" classname="./test/architecture/PublicAPI.ts" time="0.000" line="191" col="6">
        </testcase>
        <testcase name="Public API: upgradeTwo function is exported" classname="./test/architecture/PublicAPI.ts" time="0.000" line="196" col="6">
        </testcase>
        <testcase name="Public API: randomConnectMissing is exported" classname="./test/architecture/PublicAPI.ts" time="0.000" line="200" col="6">
        </testcase>
        <testcase name="Public API: Discovery formatting utilities are exported" classname="./test/architecture/PublicAPI.ts" time="0.000" line="204" col="6">
        </testcase>
        <testcase name="Public API: fetchWasmForWorkers is exported" classname="./test/architecture/PublicAPI.ts" time="0.000" line="213" col="6">
        </testcase>
        <testcase name="Public API: NeatOptions type supports key fields" classname="./test/architecture/PublicAPI.ts" time="0.000" line="217" col="6">
        </testcase>
        <testcase name="Public API: CreatureExport type has expected shape" classname="./test/architecture/PublicAPI.ts" time="0.000" line="233" col="6">
        </testcase>
    </testsuite>
    <testsuite name="./test/architecture/Score.ts" tests="25" disabled="0" errors="0" failures="0">
        <testcase name="valuePenalty - returns 0 for values &lt;= 1" classname="./test/architecture/Score.ts" time="0.001" line="57" col="6">
        </testcase>
        <testcase name="valuePenalty - returns positive penalty for values &gt; 1" classname="./test/architecture/Score.ts" time="0.000" line="63" col="6">
        </testcase>
        <testcase name="valuePenalty - penalty increases with value" classname="./test/architecture/Score.ts" time="0.000" line="69" col="6">
        </testcase>
        <testcase name="valuePenalty - penalty is always less than 1" classname="./test/architecture/Score.ts" time="0.000" line="78" col="6">
        </testcase>
        <testcase name="valuePenalty - compression kicks in for very large values" classname="./test/architecture/Score.ts" time="0.000" line="86" col="6">
        </testcase>
        <testcase name="valuePenalty - throws for negative values" classname="./test/architecture/Score.ts" time="0.001" line="93" col="6">
        </testcase>
        <testcase name="calculate - basic score with zero error and small weights" classname="./test/architecture/Score.ts" time="0.004" line="103" col="6">
        </testcase>
        <testcase name="calculate - higher error produces lower score" classname="./test/architecture/Score.ts" time="0.000" line="114" col="6">
        </testcase>
        <testcase name="calculate - higher growth cost reduces score" classname="./test/architecture/Score.ts" time="0.001" line="124" col="6">
        </testcase>
        <testcase name="calculate - more hidden neurons increase complexity penalty" classname="./test/architecture/Score.ts" time="0.000" line="134" col="6">
        </testcase>
        <testcase name="calculate - large weights increase penalty" classname="./test/architecture/Score.ts" time="0.000" line="147" col="6">
        </testcase>
        <testcase name="calculate - throws for NaN error" classname="./test/architecture/Score.ts" time="0.000" line="170" col="6">
        </testcase>
        <testcase name="calculate - throws for negative error" classname="./test/architecture/Score.ts" time="0.000" line="179" col="6">
        </testcase>
        <testcase name="calculate - throws for infinite error" classname="./test/architecture/Score.ts" time="0.000" line="188" col="6">
        </testcase>
        <testcase name="calculate - caches score components" classname="./test/architecture/Score.ts" time="0.000" line="197" col="6">
        </testcase>
        <testcase name="calculate - repeated calls with same inputs produce same score" classname="./test/architecture/Score.ts" time="0.000" line="207" col="6">
        </testcase>
        <testcase name="calculate - zero growth cost produces score near 1 - error" classname="./test/architecture/Score.ts" time="0.000" line="222" col="6">
        </testcase>
        <testcase name="updateScoreForWeightChange - incremental update matches full recalculation" classname="./test/architecture/Score.ts" time="0.000" line="237" col="6">
        </testcase>
        <testcase name="updateScoreForWeightChange - large weight increase lowers score" classname="./test/architecture/Score.ts" time="0.000" line="268" col="6">
        </testcase>
        <testcase name="updateScoreForWeightChange - throws for NaN error" classname="./test/architecture/Score.ts" time="0.000" line="293" col="6">
        </testcase>
        <testcase name="updateScoreForWeightChange - throws for non-finite weight" classname="./test/architecture/Score.ts" time="0.000" line="304" col="6">
        </testcase>
        <testcase name="updateScoreForBiasChange - incremental update matches full recalculation" classname="./test/architecture/Score.ts" time="0.000" line="317" col="6">
        </testcase>
        <testcase name="updateScoreForBiasChange - large bias increase lowers score" classname="./test/architecture/Score.ts" time="0.000" line="349" col="6">
        </testcase>
        <testcase name="updateScoreForBiasChange - throws for non-finite bias" classname="./test/architecture/Score.ts" time="0.000" line="374" col="6">
        </testcase>
        <testcase name="updateScoreForBiasChange - works without prior calculate call" classname="./test/architecture/Score.ts" time="0.000" line="385" col="6">
        </testcase>
    </testsuite>
    <testsuite name="./test/architecture/ScorePooledBuffers.ts" tests="9" disabled="0" errors="0" failures="0">
        <testcase name="pooled buffers - grow when creature size increases" classname="./test/architecture/ScorePooledBuffers.ts" time="0.003" line="39" col="6">
        </testcase>
        <testcase name="pooled buffers - retain capacity for moderately smaller creatures" classname="./test/architecture/ScorePooledBuffers.ts" time="0.000" line="80" col="6">
        </testcase>
        <testcase name="pooled buffers - downsize when significantly oversized" classname="./test/architecture/ScorePooledBuffers.ts" time="0.000" line="107" col="6">
        </testcase>
        <testcase name="pooled buffers - reused across multiple calculate calls" classname="./test/architecture/ScorePooledBuffers.ts" time="0.000" line="132" col="6">
        </testcase>
        <testcase name="pooled buffers - extraction correctness verified via score consistency" classname="./test/architecture/ScorePooledBuffers.ts" time="0.000" line="162" col="6">
        </testcase>
        <testcase name="pooled buffers - correct results after pool growth" classname="./test/architecture/ScorePooledBuffers.ts" time="0.000" line="182" col="6">
        </testcase>
        <testcase name="pooled buffers - incremental weight update still correct after pooling" classname="./test/architecture/ScorePooledBuffers.ts" time="0.000" line="212" col="6">
        </testcase>
        <testcase name="pooled buffers - incremental bias update still correct after pooling" classname="./test/architecture/ScorePooledBuffers.ts" time="0.000" line="241" col="6">
        </testcase>
        <testcase name="pooled buffers - reset clears capacity" classname="./test/architecture/ScorePooledBuffers.ts" time="0.000" line="271" col="6">
        </testcase>
    </testsuite>
    <testsuite name="./test/architecture/ScoreScanCorrectness.ts" tests="5" disabled="0" errors="0" failures="0">
        <testcase name="scanMaxForWeightChange - full scan produces correct result" classname="./test/architecture/ScoreScanCorrectness.ts" time="0.005" line="60" col="6">
        </testcase>
        <testcase name="scanMaxForBiasChange - full scan produces correct result" classname="./test/architecture/ScoreScanCorrectness.ts" time="0.000" line="119" col="6">
        </testcase>
        <testcase name="scanMaxForWeightChange - sequential updates remain correct" classname="./test/architecture/ScoreScanCorrectness.ts" time="0.000" line="190" col="6">
        </testcase>
        <testcase name="scanMaxForBiasChange - sequential updates remain correct" classname="./test/architecture/ScoreScanCorrectness.ts" time="0.000" line="239" col="6">
        </testcase>
        <testcase name="scanMaxForBiasChange - correctly skips input neurons" classname="./test/architecture/ScoreScanCorrectness.ts" time="0.000" line="288" col="6">
        </testcase>
    </testsuite>
    <testsuite name="./test/architecture/TopologyHash.ts" tests="9" disabled="0" errors="0" failures="0">
        <testcase name="getTopologyHash - basic hash generation" classname="./test/architecture/TopologyHash.ts" time="0.005" line="18" col="6">
        </testcase>
        <testcase name="getTopologyHash - same topology different weights should produce same hash" classname="./test/architecture/TopologyHash.ts" time="0.002" line="39" col="6">
        </testcase>
        <testcase name="getTopologyHash - different topology should produce different hash" classname="./test/architecture/TopologyHash.ts" time="0.001" line="92" col="6">
        </testcase>
        <testcase name="getTopologyHash - different connection pattern should produce different hash" classname="./test/architecture/TopologyHash.ts" time="0.000" line="130" col="6">
        </testcase>
        <testcase name="getTopologyHash - order independent" classname="./test/architecture/TopologyHash.ts" time="0.000" line="169" col="6">
        </testcase>
        <testcase name="getTopologyHash - caching works correctly" classname="./test/architecture/TopologyHash.ts" time="0.000" line="217" col="6">
        </testcase>
        <testcase name="getTopologyHash - different input count produces different hash (#2301)" classname="./test/architecture/TopologyHash.ts" time="0.001" line="240" col="6">
        </testcase>
        <testcase name="getTopologyHash - same input count still matches (#2301)" classname="./test/architecture/TopologyHash.ts" time="0.000" line="272" col="6">
        </testcase>
        <testcase name="getTopologyHash - invalidated when structure changes" classname="./test/architecture/TopologyHash.ts" time="0.000" line="301" col="6">
        </testcase>
    </testsuite>
    <testsuite name="./test/architecture/TopologyHashDirectCompute.ts" tests="8" disabled="0" errors="0" failures="0">
        <testcase name="topology hash is deterministic for same creature" classname="./test/architecture/TopologyHashDirectCompute.ts" time="0.004" line="17" col="6">
        </testcase>
        <testcase name="topology hash matches between fromJSON copies with same topology" classname="./test/architecture/TopologyHashDirectCompute.ts" time="0.000" line="44" col="6">
        </testcase>
        <testcase name="topology hash differs for different weights but same topology" classname="./test/architecture/TopologyHashDirectCompute.ts" time="0.000" line="77" col="6">
        </testcase>
        <testcase name="topology hash handles constant neurons" classname="./test/architecture/TopologyHashDirectCompute.ts" time="0.000" line="114" col="6">
        </testcase>
        <testcase name="topology hash is stable for large constructed creature" classname="./test/architecture/TopologyHashDirectCompute.ts" time="0.041" line="138" col="6">
        </testcase>
        <testcase name="topology hash handles multiple outputs" classname="./test/architecture/TopologyHashDirectCompute.ts" time="0.000" line="155" col="6">
        </testcase>
        <testcase name="different topology produces different hash" classname="./test/architecture/TopologyHashDirectCompute.ts" time="0.000" line="187" col="6">
        </testcase>
        <testcase name="incremental hash after connection-only change is consistent" classname="./test/architecture/TopologyHashDirectCompute.ts" time="0.000" line="221" col="6">
        </testcase>
    </testsuite>
    <testsuite name="./test/architecture/TopologyHashInputCount.ts" tests="4" disabled="0" errors="0" failures="0">
        <testcase name="topology hash differs when input count differs (#2301)" classname="./test/architecture/TopologyHashInputCount.ts" time="0.004" line="18" col="6">
        </testcase>
        <testcase name="topology hash is stable when input count is the same (#2301)" classname="./test/architecture/TopologyHashInputCount.ts" time="0.001" line="48" col="6">
        </testcase>
        <testcase name="topology hash differs for various input count pairs (#2301)" classname="./test/architecture/TopologyHashInputCount.ts" time="0.001" line="75" col="6">
        </testcase>
        <testcase name="incremental hash includes input count after neuron cache reuse (#2301)" classname="./test/architecture/TopologyHashInputCount.ts" time="0.000" line="105" col="6">
        </testcase>
    </testsuite>
    <testsuite name="./test/architecture/TypedTopology.ts" tests="17" disabled="0" errors="0" failures="0">
        <testcase name="TypedTopology: arrays are correct typed array instances" classname="./test/architecture/TypedTopology.ts" time="0.005" line="33" col="6">
        </testcase>
        <testcase name="TypedTopology: metadata matches creature dimensions" classname="./test/architecture/TypedTopology.ts" time="0.001" line="45" col="6">
        </testcase>
        <testcase name="TypedTopology: array lengths match dimensions" classname="./test/architecture/TypedTopology.ts" time="0.001" line="55" col="6">
        </testcase>
        <testcase name="TypedTopology: biases match creature neurons" classname="./test/architecture/TypedTopology.ts" time="0.001" line="67" col="6">
        </testcase>
        <testcase name="TypedTopology: squash types match creature neurons" classname="./test/architecture/TypedTopology.ts" time="0.000" line="82" col="6">
        </testcase>
        <testcase name="TypedTopology: connectivity matches creature synapses" classname="./test/architecture/TypedTopology.ts" time="0.000" line="93" col="6">
        </testcase>
        <testcase name="TypedTopology: weights match creature synapses" classname="./test/architecture/TypedTopology.ts" time="0.000" line="103" col="6">
        </testcase>
        <testcase name="TypedTopology: synapse types encoded correctly" classname="./test/architecture/TypedTopology.ts" time="0.000" line="112" col="6">
        </testcase>
        <testcase name="TypedTopology: standard synapse type for undefined" classname="./test/architecture/TypedTopology.ts" time="0.000" line="145" col="6">
        </testcase>
        <testcase name="TypedTopology: constant neuron has Identity squash" classname="./test/architecture/TypedTopology.ts" time="0.000" line="155" col="6">
        </testcase>
        <testcase name="TypedTopology: empty hidden layer creature" classname="./test/architecture/TypedTopology.ts" time="0.000" line="176" col="6">
        </testcase>
        <testcase name="TypedTopology: larger creature with multiple hidden neurons" classname="./test/architecture/TypedTopology.ts" time="0.000" line="198" col="6">
        </testcase>
        <testcase name="TypedTopology: toWasmBinary produces valid binary data" classname="./test/architecture/TypedTopology.ts" time="0.000" line="233" col="6">
        </testcase>
        <testcase name="TypedTopology: toWasmBinary matches CompileToWasm output" classname="./test/architecture/TypedTopology.ts" time="0.001" line="250" col="6">
        </testcase>
        <testcase name="TypedTopology: toWasmBinary matches for IF creature" classname="./test/architecture/TypedTopology.ts" time="0.000" line="272" col="6">
        </testcase>
        <testcase name="TypedTopology: Creature.buildTypedTopology returns cached instance" classname="./test/architecture/TypedTopology.ts" time="0.000" line="321" col="6">
        </testcase>
        <testcase name="TypedTopology: cache invalidated on clearCache" classname="./test/architecture/TypedTopology.ts" time="0.000" line="330" col="6">
        </testcase>
    </testsuite>
    <testsuite name="./test/architecture/training/TrainingLoop.ts" tests="2" disabled="0" errors="0" failures="0">
        <testcase name="TrainingLoop - trainDir returns a well-formed result for a tiny dataset" classname="./test/architecture/training/TrainingLoop.ts" time="0.023" line="32" col="6">
        </testcase>
        <testcase name="TrainingLoop - trainDir stops when it reaches the target error" classname="./test/architecture/training/TrainingLoop.ts" time="0.003" line="54" col="6">
        </testcase>
    </testsuite>
    <testsuite name="./test/architecture/training/TrainingSamples.ts" tests="5" disabled="0" errors="0" failures="0">
        <testcase name="TrainingSamples - selectFileSampleIndexes returns all records at rate 1 with deterministic order" classname="./test/architecture/training/TrainingSamples.ts" time="0.001" line="34" col="6">
        </testcase>
        <testcase name="TrainingSamples - selectFileSampleIndexes honours sample rate" classname="./test/architecture/training/TrainingSamples.ts" time="0.000" line="49" col="6">
        </testcase>
        <testcase name="TrainingSamples - selectFileSampleIndexes reuses scratch buffer" classname="./test/architecture/training/TrainingSamples.ts" time="0.000" line="63" col="6">
        </testcase>
        <testcase name="TrainingSamples - applyDataAugmentation is a no-op when both configs disabled" classname="./test/architecture/training/TrainingSamples.ts" time="0.002" line="79" col="6">
        </testcase>
        <testcase name="TrainingSamples - applyDataAugmentation quantises inputs when enabled" classname="./test/architecture/training/TrainingSamples.ts" time="0.000" line="95" col="6">
        </testcase>
    </testsuite>
    <testsuite name="./test/architecture/training/TrainingSetup.ts" tests="7" disabled="0" errors="0" failures="0">
        <testcase name="TrainingSetup - resolveTargetError clamps tiny/absent values" classname="./test/architecture/training/TrainingSetup.ts" time="0.001" line="19" col="6">
        </testcase>
        <testcase name="TrainingSetup - resolveIterations guarantees at least one pass" classname="./test/architecture/training/TrainingSetup.ts" time="0.000" line="28" col="6">
        </testcase>
        <testcase name="TrainingSetup - resolveTrainingSampleRate clamps to (0,1]" classname="./test/architecture/training/TrainingSetup.ts" time="0.000" line="38" col="6">
        </testcase>
        <testcase name="TrainingSetup - fp formats 100% specially" classname="./test/architecture/training/TrainingSetup.ts" time="0.000" line="48" col="6">
        </testcase>
        <testcase name="TrainingSetup - dataFiles returns an empty list for empty dir" classname="./test/architecture/training/TrainingSetup.ts" time="0.000" line="56" col="6">
        </testcase>
        <testcase name="TrainingSetup - dataFiles finds .bin files only" classname="./test/architecture/training/TrainingSetup.ts" time="0.000" line="66" col="6">
        </testcase>
        <testcase name="TrainingSetup - prepareTraining allocates buffers and applies options" classname="./test/architecture/training/TrainingSetup.ts" time="0.005" line="83" col="6">
        </testcase>
    </testsuite>
    <testsuite name="./test/architecture/training/TrainingTeardown.ts" tests="3" disabled="0" errors="0" failures="0">
        <testcase name="TrainingTeardown - wireToRuntimeIdFromExport maps input uuids sequentially" classname="./test/architecture/training/TrainingTeardown.ts" time="0.003" line="20" col="6">
        </testcase>
        <testcase name="TrainingTeardown - pruneSyntheticSynapses is a no-op when there are no synthetic keys" classname="./test/architecture/training/TrainingTeardown.ts" time="0.001" line="38" col="6">
        </testcase>
        <testcase name="TrainingTeardown - stripUntrackedTraces removes trace fields for untracked neurons" classname="./test/architecture/training/TrainingTeardown.ts" time="0.001" line="66" col="6">
        </testcase>
    </testsuite>
    <testsuite name="./test/bench/ProductionScaleEvolveDirProfile.ts" tests="1" disabled="0" errors="0" failures="0">
        <testcase name="Production-scale creature has GRQ-cluster dimensions" classname="./test/bench/ProductionScaleEvolveDirProfile.ts" time="0.093" line="21" col="6">
        </testcase>
    </testsuite>
    <testsuite name="./test/bench/fixtures/GenerateProductionFixtures.ts" tests="10" disabled="0" errors="0" failures="0">
        <testcase name="GRQ-cluster creature has ~1,500 neurons" classname="./test/bench/fixtures/GenerateProductionFixtures.ts" time="0.115" line="38" col="6">
        </testcase>
        <testcase name="GRQ-cluster creature has ~20,000 synapses" classname="./test/bench/fixtures/GenerateProductionFixtures.ts" time="0.091" line="54" col="6">
        </testcase>
        <testcase name="GRQ-cluster creature generation is deterministic" classname="./test/bench/fixtures/GenerateProductionFixtures.ts" time="0.153" line="72" col="6">
        </testcase>
        <testcase name="default scale unchanged (~1,060 neurons)" classname="./test/bench/fixtures/GenerateProductionFixtures.ts" time="0.115" line="109" col="6">
        </testcase>
        <testcase name="creature fixture writes valid JSON file" classname="./test/bench/fixtures/GenerateProductionFixtures.ts" time="0.108" line="126" col="6">
        </testcase>
        <testcase name="training data generator produces correct file count" classname="./test/bench/fixtures/GenerateProductionFixtures.ts" time="0.005" line="144" col="6">
        </testcase>
        <testcase name="training data binary files have correct byte sizes" classname="./test/bench/fixtures/GenerateProductionFixtures.ts" time="0.005" line="162" col="6">
        </testcase>
        <testcase name="training data generation is deterministic" classname="./test/bench/fixtures/GenerateProductionFixtures.ts" time="0.009" line="185" col="6">
        </testcase>
        <testcase name="generateAllFixtures produces complete result" classname="./test/bench/fixtures/GenerateProductionFixtures.ts" time="0.095" line="211" col="6">
        </testcase>
        <testcase name="GRQ-cluster creature has diverse squash functions" classname="./test/bench/fixtures/GenerateProductionFixtures.ts" time="0.078" line="230" col="6">
        </testcase>
    </testsuite>
    <testsuite name="./test/blackbox/AdaptiveFineTuneTracker.ts" tests="12" disabled="0" errors="0" failures="0">
        <testcase name="AdaptiveFineTuneTracker - success rate is NaN with no outcomes" classname="./test/blackbox/AdaptiveFineTuneTracker.ts" time="0.001" line="10" col="6">
        </testcase>
        <testcase name="AdaptiveFineTuneTracker - success rate tracks correctly" classname="./test/blackbox/AdaptiveFineTuneTracker.ts" time="0.000" line="20" col="6">
        </testcase>
        <testcase name="AdaptiveFineTuneTracker - all successes gives rate 1.0" classname="./test/blackbox/AdaptiveFineTuneTracker.ts" time="0.000" line="30" col="6">
        </testcase>
        <testcase name="AdaptiveFineTuneTracker - all failures gives rate 0.0" classname="./test/blackbox/AdaptiveFineTuneTracker.ts" time="0.000" line="40" col="6">
        </testcase>
        <testcase name="AdaptiveFineTuneTracker - rolling window evicts old outcomes" classname="./test/blackbox/AdaptiveFineTuneTracker.ts" time="0.000" line="50" col="6">
        </testcase>
        <testcase name="AdaptiveFineTuneTracker - outcome count respects window size" classname="./test/blackbox/AdaptiveFineTuneTracker.ts" time="0.000" line="69" col="6">
        </testcase>
        <testcase name="AdaptiveFineTuneTracker - calculatePopSize uses base fraction when no data" classname="./test/blackbox/AdaptiveFineTuneTracker.ts" time="0.000" line="83" col="6">
        </testcase>
        <testcase name="AdaptiveFineTuneTracker - calculatePopSize increases with high success rate" classname="./test/blackbox/AdaptiveFineTuneTracker.ts" time="0.000" line="98" col="6">
        </testcase>
        <testcase name="AdaptiveFineTuneTracker - calculatePopSize decreases with low success rate" classname="./test/blackbox/AdaptiveFineTuneTracker.ts" time="0.000" line="118" col="6">
        </testcase>
        <testcase name="AdaptiveFineTuneTracker - dead slots floor ensures minimum population" classname="./test/blackbox/AdaptiveFineTuneTracker.ts" time="0.000" line="140" col="6">
        </testcase>
        <testcase name="AdaptiveFineTuneTracker - calculatePopSize bounded between min and max fractions" classname="./test/blackbox/AdaptiveFineTuneTracker.ts" time="0.000" line="161" col="6">
        </testcase>
        <testcase name="AdaptiveFineTuneTracker - mixed outcomes produce intermediate size" classname="./test/blackbox/AdaptiveFineTuneTracker.ts" time="0.000" line="206" col="6">
        </testcase>
    </testsuite>
    <testsuite name="./test/blackbox/AdaptiveQuantumStep.ts" tests="11" disabled="0" errors="0" failures="0">
        <testcase name="calculateEffectiveStep - returns minStep when error is zero" classname="./test/blackbox/AdaptiveQuantumStep.ts" time="0.001" line="5" col="6">
        </testcase>
        <testcase name="calculateEffectiveStep - returns minStep when errorScale is zero" classname="./test/blackbox/AdaptiveQuantumStep.ts" time="0.000" line="11" col="6">
        </testcase>
        <testcase name="calculateEffectiveStep - larger error produces larger step" classname="./test/blackbox/AdaptiveQuantumStep.ts" time="0.000" line="17" col="6">
        </testcase>
        <testcase name="calculateEffectiveStep - never exceeds maxStep" classname="./test/blackbox/AdaptiveQuantumStep.ts" time="0.000" line="24" col="6">
        </testcase>
        <testcase name="calculateEffectiveStep - never goes below minStep" classname="./test/blackbox/AdaptiveQuantumStep.ts" time="0.000" line="30" col="6">
        </testcase>
        <testcase name="calculateEffectiveStep - custom config values respected" classname="./test/blackbox/AdaptiveQuantumStep.ts" time="0.000" line="36" col="6">
        </testcase>
        <testcase name="calculateEffectiveStep - negative error uses absolute value" classname="./test/blackbox/AdaptiveQuantumStep.ts" time="0.000" line="47" col="6">
        </testcase>
        <testcase name="calculateEffectiveStep - formula correctness" classname="./test/blackbox/AdaptiveQuantumStep.ts" time="0.000" line="54" col="6">
        </testcase>
        <testcase name="quantumAdjust - uses adaptive step with config" classname="./test/blackbox/AdaptiveQuantumStep.ts" time="0.000" line="68" col="6">
        </testcase>
        <testcase name="quantumAdjust - backward compatible without adaptive config" classname="./test/blackbox/AdaptiveQuantumStep.ts" time="0.000" line="83" col="6">
        </testcase>
        <testcase name="calculateEffectiveStep - maxStep equals minStep yields minStep" classname="./test/blackbox/AdaptiveQuantumStep.ts" time="0.000" line="89" col="6">
        </testcase>
    </testsuite>
    <testsuite name="./test/blackbox/BiasWeightCoordination.ts" tests="13" disabled="0" errors="0" failures="0">
        <testcase name="coordinateBiasWeightAdjustments - returns empty when no changes" classname="./test/blackbox/BiasWeightCoordination.ts" time="0.001" line="9" col="6">
        </testcase>
        <testcase name="coordinateBiasWeightAdjustments - passes through bias-only change" classname="./test/blackbox/BiasWeightCoordination.ts" time="0.000" line="32" col="6">
        </testcase>
        <testcase name="coordinateBiasWeightAdjustments - passes through weight-only change" classname="./test/blackbox/BiasWeightCoordination.ts" time="0.000" line="48" col="6">
        </testcase>
        <testcase name="coordinateBiasWeightAdjustments - ensures net effect when bias and weights both change" classname="./test/blackbox/BiasWeightCoordination.ts" time="0.000" line="81" col="6">
        </testcase>
        <testcase name="coordinateBiasWeightAdjustments - distributes change across bias and weights" classname="./test/blackbox/BiasWeightCoordination.ts" time="0.000" line="121" col="6">
        </testcase>
        <testcase name="coordinateBiasWeightAdjustments - preserves all synapse metadata" classname="./test/blackbox/BiasWeightCoordination.ts" time="0.000" line="152" col="6">
        </testcase>
        <testcase name="coordinateBiasWeightAdjustments - handles single synapse coordination" classname="./test/blackbox/BiasWeightCoordination.ts" time="0.000" line="199" col="6">
        </testcase>
        <testcase name="coordinateBiasWeightAdjustments - results are finite numbers" classname="./test/blackbox/BiasWeightCoordination.ts" time="0.000" line="225" col="6">
        </testcase>
        <testcase name="coordinateBiasWeightAdjustments - no synapses with changed bias works" classname="./test/blackbox/BiasWeightCoordination.ts" time="0.000" line="256" col="6">
        </testcase>
        <testcase name="coordinateBiasWeightAdjustments - unchanged synapses not forced to change" classname="./test/blackbox/BiasWeightCoordination.ts" time="0.000" line="277" col="6">
        </testcase>
        <testcase name="coordinateBiasWeightAdjustments - reduces opposing changes to prevent cancellation" classname="./test/blackbox/BiasWeightCoordination.ts" time="0.000" line="313" col="6">
        </testcase>
        <testcase name="coordinateBiasWeightAdjustments - aligned changes pass through unchanged" classname="./test/blackbox/BiasWeightCoordination.ts" time="0.000" line="363" col="6">
        </testcase>
        <testcase name="coordinateBiasWeightAdjustments - reduces opposing weights when bias is larger" classname="./test/blackbox/BiasWeightCoordination.ts" time="0.000" line="410" col="6">
        </testcase>
    </testsuite>
    <testsuite name="./test/blackbox/BackTrack.ts" tests="1" disabled="0" errors="0" failures="0">
        <testcase name="backtrack" classname="./test/blackbox/BackTrack.ts" time="0.025" line="69" col="6">
        </testcase>
    </testsuite>
    <testsuite name="./test/blackbox/Discover.ts" tests="2" disabled="0" errors="0" failures="0">
        <testcase name="Discover-no-score" classname="./test/blackbox/Discover.ts" time="0.005" line="50" col="6">
        </testcase>
        <testcase name="Discover-score" classname="./test/blackbox/Discover.ts" time="0.000" line="62" col="6">
        </testcase>
    </testsuite>
    <testsuite name="./test/blackbox/DiscoveryMemoryOptimization.ts" tests="3" disabled="0" errors="0" failures="0">
        <testcase name="discovery promise cleanup - simulated with evolveDataSet" classname="./test/blackbox/DiscoveryMemoryOptimization.ts" time="0.234" line="8" col="6">
        </testcase>
        <testcase name="discovery promise map cleanup" classname="./test/blackbox/DiscoveryMemoryOptimization.ts" time="0.012" line="78" col="6">
        </testcase>
        <testcase name="discovery promise draining prevents unbounded growth" classname="./test/blackbox/DiscoveryMemoryOptimization.ts" time="0.001" line="117" col="6">
        </testcase>
    </testsuite>
    <testsuite name="./test/blackbox/FineTune.ts" tests="3" disabled="0" errors="0" failures="0">
        <testcase name="tune" classname="./test/blackbox/FineTune.ts" time="0.022" line="10" col="6">
        </testcase>
        <testcase name="many" classname="./test/blackbox/FineTune.ts" time="0.002" line="89" col="6">
        </testcase>
        <testcase name="fine tune prunes restored memetic after fix removes zero synapse" classname="./test/blackbox/FineTune.ts" time="0.003" line="142" col="6">
        </testcase>
    </testsuite>
    <testsuite name="./test/blackbox/FineTuneForwardOnlyMissingSynapses.ts" tests="1" disabled="0" errors="0" failures="0">
        <testcase name="fineTuneImprovement (forward-only) must not introduce backward synapses when copying missing synapses between different neuron orderings" classname="./test/blackbox/FineTuneForwardOnlyMissingSynapses.ts" time="0.019" line="6" col="6">
        </testcase>
    </testsuite>
    <testsuite name="./test/blackbox/FineTuneUUID.ts" tests="1" disabled="0" errors="0" failures="0">
        <testcase name="tune" classname="./test/blackbox/FineTuneUUID.ts" time="0.021" line="7" col="6">
        </testcase>
    </testsuite>
    <testsuite name="./test/blackbox/FineTuneZeroScore.ts" tests="4" disabled="0" errors="0" failures="0">
        <testcase name="fineTuneImprovement accepts zero score" classname="./test/blackbox/FineTuneZeroScore.ts" time="0.018" line="10" col="6">
        </testcase>
        <testcase name="fineTuneImprovement returns empty for non-finite score" classname="./test/blackbox/FineTuneZeroScore.ts" time="0.000" line="56" col="6">
        </testcase>
        <testcase name="fineTuneImprovement returns empty when both scores are zero" classname="./test/blackbox/FineTuneZeroScore.ts" time="0.000" line="97" col="6">
        </testcase>
        <testcase name="fineTuneImprovement handles negative zero score" classname="./test/blackbox/FineTuneZeroScore.ts" time="0.001" line="137" col="6">
        </testcase>
    </testsuite>
    <testsuite name="./test/blackbox/MemeticAncestry.ts" tests="10" disabled="0" errors="0" failures="0">
        <testcase name="MemeticInterface should include ancestry history" classname="./test/blackbox/MemeticAncestry.ts" time="0.006" line="77" col="6">
        </testcase>
        <testcase name="exportJSONWithRuntimeIds keeps memetic weights as wire array" classname="./test/blackbox/MemeticAncestry.ts" time="0.001" line="154" col="6">
        </testcase>
        <testcase name="exportJSON memetic round-trip restores integer memetic for fine-tune" classname="./test/blackbox/MemeticAncestry.ts" time="0.001" line="170" col="6">
        </testcase>
        <testcase name="fineTuneImprovement should build ancestry history" classname="./test/blackbox/MemeticAncestry.ts" time="0.018" line="206" col="6">
        </testcase>
        <testcase name="ancestry should be preserved during breeding" classname="./test/blackbox/MemeticAncestry.ts" time="0.015" line="257" col="6">
        </testcase>
        <testcase name="analyseWeightTrajectory should identify consistent directions" classname="./test/blackbox/MemeticAncestry.ts" time="0.000" line="304" col="6">
        </testcase>
        <testcase name="analyseWeightTrajectory should handle no ancestry" classname="./test/blackbox/MemeticAncestry.ts" time="0.000" line="348" col="6">
        </testcase>
        <testcase name="calculateTrajectoryMomentum should compute momentum factor" classname="./test/blackbox/MemeticAncestry.ts" time="0.000" line="365" col="6">
        </testcase>
        <testcase name="ancestry circular buffer should limit depth" classname="./test/blackbox/MemeticAncestry.ts" time="0.008" line="415" col="6">
        </testcase>
        <testcase name="bias trajectory should be analysed separately" classname="./test/blackbox/MemeticAncestry.ts" time="0.000" line="450" col="6">
        </testcase>
    </testsuite>
    <testsuite name="./test/blackbox/MemeticBreed.ts" tests="1" disabled="0" errors="0" failures="0">
        <testcase name="memetic preserved" classname="./test/blackbox/MemeticBreed.ts" time="0.023" line="77" col="6">
        </testcase>
    </testsuite>
    <testsuite name="./test/blackbox/MemeticPreserved.ts" tests="1" disabled="0" errors="0" failures="0">
        <testcase name="memetic preserved" classname="./test/blackbox/MemeticPreserved.ts" time="0.024" line="68" col="6">
        </testcase>
    </testsuite>
    <testsuite name="./test/blackbox/MemeticUpdateDuplicateLoop.ts" tests="5" disabled="0" errors="0" failures="0">
        <testcase name="memeticUpdate - detects bias changes between parent and child" classname="./test/blackbox/MemeticUpdateDuplicateLoop.ts" time="0.003" line="32" col="6">
        </testcase>
        <testcase name="memeticUpdate - detects weight changes between parent and child" classname="./test/blackbox/MemeticUpdateDuplicateLoop.ts" time="0.000" line="51" col="6">
        </testcase>
        <testcase name="memeticUpdate - returns undefined when neuron counts differ" classname="./test/blackbox/MemeticUpdateDuplicateLoop.ts" time="0.000" line="66" col="6">
        </testcase>
        <testcase name="memeticUpdate - returns undefined when squash functions differ" classname="./test/blackbox/MemeticUpdateDuplicateLoop.ts" time="0.000" line="94" col="6">
        </testcase>
        <testcase name="memeticUpdate - preserves existing memetic data" classname="./test/blackbox/MemeticUpdateDuplicateLoop.ts" time="0.000" line="112" col="6">
        </testcase>
    </testsuite>
    <testsuite name="./test/blackbox/MissingSynapses.ts" tests="1" disabled="0" errors="0" failures="0">
        <testcase name="FineTune-missing synapses" classname="./test/blackbox/MissingSynapses.ts" time="0.020" line="90" col="6">
        </testcase>
    </testsuite>
    <testsuite name="./test/blackbox/QuantumAdjust.ts" tests="7" disabled="0" errors="0" failures="0">
        <testcase name="quantumAdjust - forward only mode, example case" classname="./test/blackbox/QuantumAdjust.ts" time="0.000" line="4" col="6">
        </testcase>
        <testcase name="quantumAdjust - forward only mode" classname="./test/blackbox/QuantumAdjust.ts" time="0.000" line="20" col="6">
        </testcase>
        <testcase name="quantumAdjust - backtrack" classname="./test/blackbox/QuantumAdjust.ts" time="0.000" line="35" col="6">
        </testcase>
        <testcase name="quantumAdjust - randomize mode" classname="./test/blackbox/QuantumAdjust.ts" time="0.000" line="50" col="6">
        </testcase>
        <testcase name="quantumAdjust - no adjustment needed" classname="./test/blackbox/QuantumAdjust.ts" time="0.000" line="65" col="6">
        </testcase>
        <testcase name="quantumAdjust - less than minimum step" classname="./test/blackbox/QuantumAdjust.ts" time="0.000" line="75" col="6">
        </testcase>
        <testcase name="quantumAdjust - ensure minimum step difference" classname="./test/blackbox/QuantumAdjust.ts" time="0.000" line="85" col="6">
        </testcase>
    </testsuite>
    <testsuite name="./test/blackbox/Retry.ts" tests="1" disabled="0" errors="0" failures="0">
        <testcase name="retry" classname="./test/blackbox/Retry.ts" time="0.026" line="68" col="6">
        </testcase>
    </testsuite>
    <testsuite name="./test/blackbox/WeightedRandomSelect.ts" tests="3" disabled="0" errors="0" failures="0">
        <testcase name="weightedRandomSelect: always returns a creature from the input array" classname="./test/blackbox/WeightedRandomSelect.ts" time="0.004" line="29" col="6">
        </testcase>
        <testcase name="weightedRandomSelect: single creature returns that creature" classname="./test/blackbox/WeightedRandomSelect.ts" time="0.000" line="50" col="6">
        </testcase>
        <testcase name="weightedRandomSelect: two creatures both can be selected" classname="./test/blackbox/WeightedRandomSelect.ts" time="0.000" line="61" col="6">
        </testcase>
    </testsuite>
    <testsuite name="./test/breed/AdaptiveTournamentSelection.ts" tests="10" disabled="0" errors="0" failures="0">
        <testcase name="AdaptiveTournamentSize - minimum size is 3" classname="./test/breed/AdaptiveTournamentSelection.ts" time="0.001" line="68" col="6">
        </testcase>
        <testcase name="AdaptiveTournamentSize - scales with sqrt for medium populations" classname="./test/breed/AdaptiveTournamentSelection.ts" time="0.000" line="76" col="6">
        </testcase>
        <testcase name="AdaptiveTournamentSize - caps at ~10% for large populations" classname="./test/breed/AdaptiveTournamentSelection.ts" time="0.000" line="88" col="6">
        </testcase>
        <testcase name="AdaptiveTournamentSize - increases monotonically" classname="./test/breed/AdaptiveTournamentSelection.ts" time="0.000" line="104" col="6">
        </testcase>
        <testcase name="AdaptiveTournamentSize - formula matches expected values" classname="./test/breed/AdaptiveTournamentSelection.ts" time="0.000" line="118" col="6">
        </testcase>
        <testcase name="FitnessRanking - selectTournament with adaptive size for small population" classname="./test/breed/AdaptiveTournamentSelection.ts" time="0.005" line="134" col="6">
        </testcase>
        <testcase name="FitnessRanking - selectTournament with adaptive size for medium population" classname="./test/breed/AdaptiveTournamentSelection.ts" time="0.005" line="148" col="6">
        </testcase>
        <testcase name="FitnessRanking - selectTournament with adaptive size for large population" classname="./test/breed/AdaptiveTournamentSelection.ts" time="0.062" line="166" col="6">
        </testcase>
        <testcase name="AdaptiveTournament - larger tournaments favour fitter creatures" classname="./test/breed/AdaptiveTournamentSelection.ts" time="0.055" line="184" col="6">
        </testcase>
        <testcase name="AdaptiveTournament - coverage percentage" classname="./test/breed/AdaptiveTournamentSelection.ts" time="0.000" line="222" col="6">
        </testcase>
    </testsuite>
    <testsuite name="./test/breed/AdaptiveTournamentSize.ts" tests="11" disabled="0" errors="0" failures="0">
        <testcase name="AdaptiveTournamentSize: returns expected sizes across population range" classname="./test/breed/AdaptiveTournamentSize.ts" time="0.001" line="13" col="6">
        </testcase>
        <testcase name="AdaptiveTournamentSize: single-member population returns 1" classname="./test/breed/AdaptiveTournamentSize.ts" time="0.000" line="41" col="6">
        </testcase>
        <testcase name="AdaptiveTournamentSize: two-member population returns 2" classname="./test/breed/AdaptiveTournamentSize.ts" time="0.000" line="52" col="6">
        </testcase>
        <testcase name="AdaptiveTournamentSize: population of 3 returns minimum of 3" classname="./test/breed/AdaptiveTournamentSize.ts" time="0.000" line="63" col="6">
        </testcase>
        <testcase name="AdaptiveTournamentSize: very large population" classname="./test/breed/AdaptiveTournamentSize.ts" time="0.000" line="70" col="6">
        </testcase>
        <testcase name="AdaptiveTournamentSize: always returns a positive integer" classname="./test/breed/AdaptiveTournamentSize.ts" time="0.000" line="81" col="6">
        </testcase>
        <testcase name="AdaptiveTournamentSize: never exceeds population size" classname="./test/breed/AdaptiveTournamentSize.ts" time="0.000" line="122" col="6">
        </testcase>
        <testcase name="AdaptiveTournamentSize: monotonically non-decreasing" classname="./test/breed/AdaptiveTournamentSize.ts" time="0.000" line="137" col="6">
        </testcase>
        <testcase name="AdaptiveTournamentSize: larger populations produce equal or larger tournaments" classname="./test/breed/AdaptiveTournamentSize.ts" time="0.000" line="152" col="6">
        </testcase>
        <testcase name="AdaptiveTournamentSize: coverage percentage stays reasonable" classname="./test/breed/AdaptiveTournamentSize.ts" time="0.000" line="174" col="6">
        </testcase>
        <testcase name="AdaptiveTournamentSize: matches formula max(3, min(sqrt, 10%))" classname="./test/breed/AdaptiveTournamentSize.ts" time="0.000" line="195" col="6">
        </testcase>
    </testsuite>
    <testsuite name="./test/breed/Breed.ts" tests="10" disabled="0" errors="0" failures="0">
        <testcase name="Breed orchestration: compatible parents produce valid offspring" classname="./test/breed/Breed.ts" time="0.024" line="92" col="6">
        </testcase>
        <testcase name="Breed orchestration: offspring is structurally valid" classname="./test/breed/Breed.ts" time="0.003" line="119" col="6">
        </testcase>
        <testcase name="Breed orchestration: single creature population returns undefined" classname="./test/breed/Breed.ts" time="0.001" line="148" col="6">
        </testcase>
        <testcase name="Breed orchestration: creatures with no hidden neurons can breed" classname="./test/breed/Breed.ts" time="0.001" line="175" col="6">
        </testcase>
        <testcase name="Breed orchestration: structurally different parents produce valid offspring" classname="./test/breed/Breed.ts" time="0.113" line="211" col="6">
        </testcase>
        <testcase name="Breed orchestration: offspring has synapses" classname="./test/breed/Breed.ts" time="0.002" line="260" col="6">
        </testcase>
        <testcase name="Breed orchestration: repeated breeding produces diverse offspring" classname="./test/breed/Breed.ts" time="0.080" line="288" col="6">
        </testcase>
        <testcase name="Breed orchestration: works with FITNESS_PROPORTIONATE selection" classname="./test/breed/Breed.ts" time="0.002" line="318" col="6">
        </testcase>
        <testcase name="Breed orchestration: works with TOURNAMENT selection" classname="./test/breed/Breed.ts" time="0.001" line="343" col="6">
        </testcase>
        <testcase name="Breed orchestration: offspring UUID differs from all parents in population" classname="./test/breed/Breed.ts" time="0.001" line="370" col="6">
        </testcase>
    </testsuite>
    <testsuite name="./test/breed/BreedBehavioural.ts" tests="8" disabled="0" errors="0" failures="0">
        <testcase name="Breed: offspring preserves input and output dimensions" classname="./test/breed/BreedBehavioural.ts" time="0.014" line="54" col="6">
        </testcase>
        <testcase name="Breed: offspring is a valid creature" classname="./test/breed/BreedBehavioural.ts" time="0.002" line="77" col="6">
        </testcase>
        <testcase name="Breed: offspring UUID differs from both parents" classname="./test/breed/BreedBehavioural.ts" time="0.001" line="92" col="6">
        </testcase>
        <testcase name="Breed: crossover with structurally different parents produces valid offspring" classname="./test/breed/BreedBehavioural.ts" time="0.055" line="115" col="6">
        </testcase>
        <testcase name="Breed: offspring has synapses (not empty)" classname="./test/breed/BreedBehavioural.ts" time="0.001" line="154" col="6">
        </testcase>
        <testcase name="Breed: offspring can be exported and re-imported without error" classname="./test/breed/BreedBehavioural.ts" time="0.001" line="171" col="6">
        </testcase>
        <testcase name="Breed: forward-only offspring has no backward connections" classname="./test/breed/BreedBehavioural.ts" time="0.001" line="191" col="6">
        </testcase>
        <testcase name="Breed: repeated crossover produces diverse offspring" classname="./test/breed/BreedBehavioural.ts" time="0.079" line="217" col="6">
        </testcase>
    </testsuite>
    <testsuite name="./test/breed/BreedCaching.ts" tests="5" disabled="0" errors="0" failures="0">
        <testcase name="Breed with pre-computed FitnessRanking produces valid offspring" classname="./test/breed/BreedCaching.ts" time="0.025" line="68" col="6">
        </testcase>
        <testcase name="Breed without FitnessRanking still creates one internally" classname="./test/breed/BreedCaching.ts" time="0.007" line="95" col="6">
        </testcase>
        <testcase name="Breed handles globalBreedingRate override correctly" classname="./test/breed/BreedCaching.ts" time="0.002" line="119" col="6">
        </testcase>
        <testcase name="Breed reuses same ranking for multiple breed calls" classname="./test/breed/BreedCaching.ts" time="0.038" line="153" col="6">
        </testcase>
        <testcase name="ParallelBreeding uses cached config per batch" classname="./test/breed/BreedCaching.ts" time="0.020" line="185" col="6">
        </testcase>
    </testsuite>
    <testsuite name="./test/breed/BreedUuidInheritance.ts" tests="2" disabled="0" errors="0" failures="0">
        <testcase name="Offspring.breed — child hidden/constant wire uuids are subset of parents" classname="./test/breed/BreedUuidInheritance.ts" time="0.023" line="71" col="6">
        </testcase>
        <testcase name="Bred child — hidden/constant wire uuids survive export/import (next generation can reload)" classname="./test/breed/BreedUuidInheritance.ts" time="0.004" line="99" col="6">
        </testcase>
    </testsuite>
    <testsuite name="./test/breed/BreedingSubPhaseTiming.ts" tests="9" disabled="0" errors="0" failures="0">
        <testcase name="BreedingSubPhaseAccumulator - toTiming returns all fields" classname="./test/breed/BreedingSubPhaseTiming.ts" time="0.001" line="144" col="6">
        </testcase>
        <testcase name="BreedingSubPhaseAccumulator - toTiming returns frozen object" classname="./test/breed/BreedingSubPhaseTiming.ts" time="0.000" line="165" col="6">
        </testcase>
        <testcase name="BreedingSubPhaseAccumulator - accumulates across multiple calls" classname="./test/breed/BreedingSubPhaseTiming.ts" time="0.000" line="173" col="6">
        </testcase>
        <testcase name="Offspring.breed - populates sub-phase accumulator when provided" classname="./test/breed/BreedingSubPhaseTiming.ts" time="0.015" line="200" col="6">
        </testcase>
        <testcase name="Offspring.breed - accumulator is additive across multiple breedings" classname="./test/breed/BreedingSubPhaseTiming.ts" time="0.010" line="234" col="6">
        </testcase>
        <testcase name="Offspring.breed - works without accumulator (backward compatible)" classname="./test/breed/BreedingSubPhaseTiming.ts" time="0.005" line="257" col="6">
        </testcase>
        <testcase name="ParallelBreeding - breedBatch populates lastBreedingSubPhases" classname="./test/breed/BreedingSubPhaseTiming.ts" time="0.038" line="270" col="6">
        </testcase>
        <testcase name="ParallelBreeding - empty batch clears lastBreedingSubPhases" classname="./test/breed/BreedingSubPhaseTiming.ts" time="0.003" line="343" col="6">
        </testcase>
        <testcase name="BreedingSubPhaseTiming - included in GenerationPhaseTiming via evolveDataSet" classname="./test/breed/BreedingSubPhaseTiming.ts" time="0.182" line="357" col="6">
        </testcase>
    </testsuite>
    <testsuite name="./test/breed/CompatibilityGating.ts" tests="6" disabled="0" errors="0" failures="0">
        <testcase name="compatibilityGating - default config has gate enabled with power 1.5 and maxDraws 3" classname="./test/breed/CompatibilityGating.ts" time="0.005" line="88" col="6">
        </testcase>
        <testcase name="compatibilityGating - exported defaults match NeatConfig defaults" classname="./test/breed/CompatibilityGating.ts" time="0.000" line="98" col="6">
        </testcase>
        <testcase name="compatibilityGating - power: 0 distribution matches today&apos;s lowest-compat behaviour (regression)" classname="./test/breed/CompatibilityGating.ts" time="0.012" line="109" col="6">
        </testcase>
        <testcase name="compatibilityGating - enabled: false also restores prior lowest-compat behaviour" classname="./test/breed/CompatibilityGating.ts" time="0.004" line="165" col="6">
        </testcase>
        <testcase name="compatibilityGating - power: 2 selects high-compatibility fathers ≥3× more often than low" classname="./test/breed/CompatibilityGating.ts" time="0.011" line="203" col="6">
        </testcase>
        <testcase name="compatibilityGating - maxDraws fallback returns lowest-compat candidate when no high-compat exists" classname="./test/breed/CompatibilityGating.ts" time="0.001" line="262" col="6">
        </testcase>
    </testsuite>
    <testsuite name="./test/breed/ComputeNeuronDependencyIndex.ts" tests="5" disabled="0" errors="0" failures="0">
        <testcase name="computeNeuronDependencyIndex returns baseIndex when no connections exist" classname="./test/breed/ComputeNeuronDependencyIndex.ts" time="0.001" line="32" col="6">
        </testcase>
        <testcase name="computeNeuronDependencyIndex returns baseIndex when all source neurons are inputs" classname="./test/breed/ComputeNeuronDependencyIndex.ts" time="0.004" line="41" col="6">
        </testcase>
        <testcase name="computeNeuronDependencyIndex bumps index when dependency has higher index" classname="./test/breed/ComputeNeuronDependencyIndex.ts" time="0.000" line="56" col="6">
        </testcase>
        <testcase name="computeNeuronDependencyIndex returns -1 when a non-input dependency is unresolved" classname="./test/breed/ComputeNeuronDependencyIndex.ts" time="0.000" line="75" col="6">
        </testcase>
        <testcase name="computeNeuronDependencyIndex keeps baseIndex when dependency index is lower" classname="./test/breed/ComputeNeuronDependencyIndex.ts" time="0.000" line="90" col="6">
        </testcase>
    </testsuite>
    <testsuite name="./test/breed/DistanceCache.ts" tests="10" disabled="0" errors="0" failures="0">
        <testcase name="DistanceCache - stores and retrieves distances" classname="./test/breed/DistanceCache.ts" time="0.001" line="69" col="6">
        </testcase>
        <testcase name="DistanceCache - canonical key order (a,b) == (b,a)" classname="./test/breed/DistanceCache.ts" time="0.000" line="75" col="6">
        </testcase>
        <testcase name="DistanceCache - returns undefined on miss" classname="./test/breed/DistanceCache.ts" time="0.000" line="81" col="6">
        </testcase>
        <testcase name="DistanceCache - clearDistanceCache removes all entries" classname="./test/breed/DistanceCache.ts" time="0.000" line="86" col="6">
        </testcase>
        <testcase name="DistanceCache - LRU eviction when exceeding max size" classname="./test/breed/DistanceCache.ts" time="0.000" line="96" col="6">
        </testcase>
        <testcase name="DistanceCache - stats track hits and misses" classname="./test/breed/DistanceCache.ts" time="0.000" line="122" col="6">
        </testcase>
        <testcase name="DistanceCache - geneticCompatibility uses cache for same pair" classname="./test/breed/DistanceCache.ts" time="0.007" line="137" col="6">
        </testcase>
        <testcase name="DistanceCache - geneticCompatibility returns same result with and without cache" classname="./test/breed/DistanceCache.ts" time="0.000" line="159" col="6">
        </testcase>
        <testcase name="DistanceCache - creatures without UUIDs bypass cache" classname="./test/breed/DistanceCache.ts" time="0.000" line="182" col="6">
        </testcase>
        <testcase name="DistanceCache - shared neurons produce correct cached compatibility" classname="./test/breed/DistanceCache.ts" time="0.000" line="214" col="6">
        </testcase>
    </testsuite>
    <testsuite name="./test/breed/DiversityBreeding.ts" tests="7" disabled="0" errors="0" failures="0">
        <testcase name="selectMostDiverseFather - picks the most genetically distant creature" classname="./test/breed/DiversityBreeding.ts" time="0.006" line="107" col="6">
        </testcase>
        <testcase name="selectMostDiverseFather - selects first candidate when all equally diverse" classname="./test/breed/DiversityBreeding.ts" time="0.000" line="140" col="6">
        </testcase>
        <testcase name="selectMostDiverseFather - prefers diverse over fit creatures" classname="./test/breed/DiversityBreeding.ts" time="0.000" line="162" col="6">
        </testcase>
        <testcase name="findFather - diversityBreedingRate=1 always selects diverse father via findFather" classname="./test/breed/DiversityBreeding.ts" time="0.009" line="187" col="6">
        </testcase>
        <testcase name="findFather - diversity breeding does not interfere with normal breeding when rate is 0" classname="./test/breed/DiversityBreeding.ts" time="0.001" line="226" col="6">
        </testcase>
        <testcase name="findFather - diversityBreedingRate defaults to 0 when not specified" classname="./test/breed/DiversityBreeding.ts" time="0.000" line="256" col="6">
        </testcase>
        <testcase name="geneticCompatibility confirms Europa creatures are genetically distant" classname="./test/breed/DiversityBreeding.ts" time="0.000" line="272" col="6">
        </testcase>
    </testsuite>
    <testsuite name="./test/breed/EditParentByIndex.ts" tests="11" disabled="0" errors="0" failures="0">
        <testcase name="editParentByIndex: remaps non-matching hidden neurons to parent UUIDs" classname="./test/breed/EditParentByIndex.ts" time="0.008" line="105" col="6">
        </testcase>
        <testcase name="editParentByIndex: produces a valid creature" classname="./test/breed/EditParentByIndex.ts" time="0.000" line="119" col="6">
        </testcase>
        <testcase name="editParentByIndex: does not modify original parent" classname="./test/breed/EditParentByIndex.ts" time="0.000" line="137" col="6">
        </testcase>
        <testcase name="editParentByIndex: does not modify original target" classname="./test/breed/EditParentByIndex.ts" time="0.000" line="156" col="6">
        </testcase>
        <testcase name="editParentByIndex: matching hidden neurons are preserved" classname="./test/breed/EditParentByIndex.ts" time="0.000" line="174" col="6">
        </testcase>
        <testcase name="editParentByIndex: grafting tags are applied to remapped neurons" classname="./test/breed/EditParentByIndex.ts" time="0.000" line="199" col="6">
        </testcase>
        <testcase name="editParentByIndex: synapses are updated after UUID remapping" classname="./test/breed/EditParentByIndex.ts" time="0.000" line="239" col="6">
        </testcase>
        <testcase name="editParentByIndex: creatures with no hidden neurons return valid child" classname="./test/breed/EditParentByIndex.ts" time="0.000" line="265" col="6">
        </testcase>
        <testcase name="editParentByIndex: multiple hidden neurons are remapped sequentially" classname="./test/breed/EditParentByIndex.ts" time="0.000" line="279" col="6">
        </testcase>
        <testcase name="editParentByIndex: partial overlap preserves matching, remaps non-matching" classname="./test/breed/EditParentByIndex.ts" time="0.000" line="316" col="6">
        </testcase>
        <testcase name="editParentByIndex: works with multi-output creatures" classname="./test/breed/EditParentByIndex.ts" time="0.000" line="359" col="6">
        </testcase>
    </testsuite>
    <testsuite name="./test/breed/EditParentByIndexSimilarity.ts" tests="3" disabled="0" errors="0" failures="0">
        <testcase name="editParentByIndex: similarity-based alignment maps functionally similar neurons" classname="./test/breed/EditParentByIndexSimilarity.ts" time="0.008" line="118" col="6">
        </testcase>
        <testcase name="editParentByIndex: falls back gracefully when no similarity exists" classname="./test/breed/EditParentByIndexSimilarity.ts" time="0.000" line="211" col="6">
        </testcase>
        <testcase name="editParentByIndex: similarity alignment produces valid exportable creature" classname="./test/breed/EditParentByIndexSimilarity.ts" time="0.000" line="254" col="6">
        </testcase>
    </testsuite>
    <testsuite name="./test/breed/Father.ts" tests="6" disabled="0" errors="0" failures="0">
        <testcase name="CompatibleFather" classname="./test/breed/Father.ts" time="0.003" line="79" col="6">
        </testcase>
        <testcase name="Genetic Integrity - No Changes When Neuron UUID Used Elsewhere" classname="./test/breed/Father.ts" time="0.000" line="116" col="6">
        </testcase>
        <testcase name="Genetic Integrity - Multiple Matching Neurons" classname="./test/breed/Father.ts" time="0.005" line="146" col="6">
        </testcase>
        <testcase name="Consistent key generation with shuffled synapses" classname="./test/breed/Father.ts" time="0.002" line="254" col="6">
        </testcase>
        <testcase name="createCompatibleFather — UUID alignment is index-independent; parent-only UUIDs are fine" classname="./test/breed/Father.ts" time="0.000" line="318" col="6">
        </testcase>
        <testcase name="Genetic Integrity - No Matching Neurons" classname="./test/breed/Father.ts" time="0.000" line="400" col="6">
        </testcase>
    </testsuite>
    <testsuite name="./test/breed/FatherPerformance.ts" tests="5" disabled="0" errors="0" failures="0">
        <testcase name="createCompatibleFatherFromCreatures - produces functionally equivalent result" classname="./test/breed/FatherPerformance.ts" time="0.012" line="105" col="6">
        </testcase>
        <testcase name="createCompatibleFatherFromCreatures - works with large creatures" classname="./test/breed/FatherPerformance.ts" time="0.011" line="207" col="6">
        </testcase>
        <testcase name="createCompatibleFatherFromCreatures - produces valid results at scale" classname="./test/breed/FatherPerformance.ts" time="0.258" line="223" col="6">
        </testcase>
        <testcase name="createCompatibleFatherFromCreatures - handles identical parents" classname="./test/breed/FatherPerformance.ts" time="0.000" line="258" col="6">
        </testcase>
        <testcase name="createCompatibleFatherFromCreatures - handles empty hidden neurons" classname="./test/breed/FatherPerformance.ts" time="0.000" line="285" col="6">
        </testcase>
    </testsuite>
    <testsuite name="./test/breed/FitnessRanking.ts" tests="18" disabled="0" errors="0" failures="0">
        <testcase name="FitnessRanking - basic construction" classname="./test/breed/FitnessRanking.ts" time="0.004" line="42" col="6">
        </testcase>
        <testcase name="FitnessRanking - totalFitness calculation" classname="./test/breed/FitnessRanking.ts" time="0.000" line="59" col="6">
        </testcase>
        <testcase name="FitnessRanking - minFitness calculation" classname="./test/breed/FitnessRanking.ts" time="0.000" line="73" col="6">
        </testcase>
        <testcase name="FitnessRanking - adjustedTotalFitness with negative scores" classname="./test/breed/FitnessRanking.ts" time="0.000" line="86" col="6">
        </testcase>
        <testcase name="FitnessRanking - getScore returns correct score" classname="./test/breed/FitnessRanking.ts" time="0.000" line="101" col="6">
        </testcase>
        <testcase name="FitnessRanking - selectPower returns creature" classname="./test/breed/FitnessRanking.ts" time="0.000" line="114" col="6">
        </testcase>
        <testcase name="FitnessRanking - selectFitnessProportionate returns creature" classname="./test/breed/FitnessRanking.ts" time="0.000" line="132" col="6">
        </testcase>
        <testcase name="FitnessRanking - selectTournament returns creature" classname="./test/breed/FitnessRanking.ts" time="0.001" line="150" col="6">
        </testcase>
        <testcase name="FitnessRanking - handles creatures without score using tag" classname="./test/breed/FitnessRanking.ts" time="0.000" line="170" col="6">
        </testcase>
        <testcase name="FitnessRanking - handles all equal scores" classname="./test/breed/FitnessRanking.ts" time="0.000" line="187" col="6">
        </testcase>
        <testcase name="FitnessRanking - fitness proportionate favours higher scores" classname="./test/breed/FitnessRanking.ts" time="0.003" line="202" col="6">
        </testcase>
        <testcase name="FitnessRanking - power selection favours better ranked" classname="./test/breed/FitnessRanking.ts" time="0.002" line="230" col="6">
        </testcase>
        <testcase name="FitnessRanking - precomputed once, not on each selection" classname="./test/breed/FitnessRanking.ts" time="0.001" line="264" col="6">
        </testcase>
        <testcase name="FitnessRanking - handles already sorted population" classname="./test/breed/FitnessRanking.ts" time="0.000" line="294" col="6">
        </testcase>
        <testcase name="FitnessRanking - handles unsorted population" classname="./test/breed/FitnessRanking.ts" time="0.000" line="310" col="6">
        </testcase>
        <testcase name="FitnessRanking - empty population throws ValidationError" classname="./test/breed/FitnessRanking.ts" time="0.001" line="328" col="6">
        </testcase>
        <testcase name="FitnessRanking - single creature population" classname="./test/breed/FitnessRanking.ts" time="0.000" line="338" col="6">
        </testcase>
        <testcase name="FitnessRanking - negative scores handled correctly" classname="./test/breed/FitnessRanking.ts" time="0.000" line="352" col="6">
        </testcase>
    </testsuite>
    <testsuite name="./test/breed/FitnessSharing.ts" tests="8" disabled="0" errors="0" failures="0">
        <testcase name="Issue #2453 — adjusted ranking gives lone creature at least 1 in 5 wins" classname="./test/breed/FitnessSharing.ts" time="0.020" line="109" col="6">
        </testcase>
        <testcase name="Issue #2453 — quota allocation matches adjusted-fitness shares within ±1" classname="./test/breed/FitnessSharing.ts" time="0.004" line="158" col="6">
        </testcase>
        <testcase name="Issue #2453 — minSpeciesSlots is enforced even for tiny adjusted fitness" classname="./test/breed/FitnessSharing.ts" time="0.002" line="226" col="6">
        </testcase>
        <testcase name="Issue #2453 — with fitnessSharing.enabled=false, ranking is raw-fitness only" classname="./test/breed/FitnessSharing.ts" time="0.005" line="246" col="6">
        </testcase>
        <testcase name="Issue #2453 — buildAdjustedFitnessMap divides raw score by species size" classname="./test/breed/FitnessSharing.ts" time="0.001" line="287" col="6">
        </testcase>
        <testcase name="Issue #2453 — allocateBreedingQuotas returns empty map for zero slots" classname="./test/breed/FitnessSharing.ts" time="0.000" line="304" col="6">
        </testcase>
        <testcase name="Issue #2453 — fitnessSharing config flag defaults to enabled" classname="./test/breed/FitnessSharing.ts" time="0.000" line="315" col="6">
        </testcase>
        <testcase name="Issue #2453 — fitnessSharing config flag honours overrides" classname="./test/breed/FitnessSharing.ts" time="0.000" line="324" col="6">
        </testcase>
    </testsuite>
    <testsuite name="./test/breed/GeneticCompatibility.ts" tests="15" disabled="0" errors="0" failures="0">
        <testcase name="GeneticCompatibility: identical creatures have compatibility 1.0" classname="./test/breed/GeneticCompatibility.ts" time="0.004" line="75" col="6">
        </testcase>
        <testcase name="GeneticCompatibility: added neurons reduce compatibility" classname="./test/breed/GeneticCompatibility.ts" time="0.000" line="87" col="6">
        </testcase>
        <testcase name="GeneticCompatibility: removed neurons reduce compatibility" classname="./test/breed/GeneticCompatibility.ts" time="0.000" line="99" col="6">
        </testcase>
        <testcase name="GeneticCompatibility: partial overlap yields fractional value" classname="./test/breed/GeneticCompatibility.ts" time="0.000" line="111" col="6">
        </testcase>
        <testcase name="GeneticCompatibility: same topology with different weights yields 1.0" classname="./test/breed/GeneticCompatibility.ts" time="0.000" line="124" col="6">
        </testcase>
        <testcase name="GeneticCompatibility: same topology with different biases yields 1.0" classname="./test/breed/GeneticCompatibility.ts" time="0.000" line="141" col="6">
        </testcase>
        <testcase name="GeneticCompatibility: distance(a, b) === distance(b, a) for unequal sets" classname="./test/breed/GeneticCompatibility.ts" time="0.000" line="157" col="6">
        </testcase>
        <testcase name="GeneticCompatibility: symmetry holds for completely disjoint sets" classname="./test/breed/GeneticCompatibility.ts" time="0.000" line="170" col="6">
        </testcase>
        <testcase name="GeneticCompatibility: compatibility decreases as structural divergence increases" classname="./test/breed/GeneticCompatibility.ts" time="0.001" line="185" col="6">
        </testcase>
        <testcase name="GeneticCompatibility: minimal creature (input→output only) yields 1.0" classname="./test/breed/GeneticCompatibility.ts" time="0.000" line="225" col="6">
        </testcase>
        <testcase name="GeneticCompatibility: minimal vs deep creature yields 1.0 (empty smallest set)" classname="./test/breed/GeneticCompatibility.ts" time="0.000" line="239" col="6">
        </testcase>
        <testcase name="GeneticCompatibility: creatures with many hidden layers" classname="./test/breed/GeneticCompatibility.ts" time="0.002" line="254" col="6">
        </testcase>
        <testcase name="GeneticCompatibility: single hidden neuron match" classname="./test/breed/GeneticCompatibility.ts" time="0.000" line="273" col="6">
        </testcase>
        <testcase name="GeneticCompatibility: single hidden neuron mismatch" classname="./test/breed/GeneticCompatibility.ts" time="0.000" line="283" col="6">
        </testcase>
        <testcase name="GeneticCompatibility: result is always in [0, 1] across varied configurations" classname="./test/breed/GeneticCompatibility.ts" time="0.001" line="295" col="6">
        </testcase>
    </testsuite>
    <testsuite name="./test/breed/GroupRelativeAdvantageMaps.ts" tests="5" disabled="0" errors="0" failures="0">
        <testcase name="buildGroupRelativeAdvantageMap: large species use within-species advantage" classname="./test/breed/GroupRelativeAdvantageMaps.ts" time="0.008" line="45" col="6">
        </testcase>
        <testcase name="buildGroupRelativeAdvantageMap: small species fall back to generation cohort" classname="./test/breed/GroupRelativeAdvantageMaps.ts" time="0.000" line="73" col="6">
        </testcase>
        <testcase name="buildGroupRelativeAdvantageMap: skips creatures with non-finite scores" classname="./test/breed/GroupRelativeAdvantageMaps.ts" time="0.000" line="98" col="6">
        </testcase>
        <testcase name="buildCohortStdContext: returns finite fallback std and per-species std" classname="./test/breed/GroupRelativeAdvantageMaps.ts" time="0.001" line="117" col="6">
        </testcase>
        <testcase name="buildCohortStdContext: zero-variance population yields zero fallback std" classname="./test/breed/GroupRelativeAdvantageMaps.ts" time="0.000" line="150" col="6">
        </testcase>
    </testsuite>
    <testsuite name="./test/breed/GeneticCompatibilityBehavioural.ts" tests="9" disabled="0" errors="0" failures="0">
        <testcase name="GeneticCompatibility: creatures with no hidden neurons return 1.0" classname="./test/breed/GeneticCompatibilityBehavioural.ts" time="0.005" line="72" col="6">
        </testcase>
        <testcase name="GeneticCompatibility: identical hidden neurons yield 1.0" classname="./test/breed/GeneticCompatibilityBehavioural.ts" time="0.000" line="84" col="6">
        </testcase>
        <testcase name="GeneticCompatibility: same wire uuids stay 1.0 even if runtime neuron ids differ" classname="./test/breed/GeneticCompatibilityBehavioural.ts" time="0.000" line="92" col="6">
        </testcase>
        <testcase name="GeneticCompatibility: completely different hidden neurons yield 0.0" classname="./test/breed/GeneticCompatibilityBehavioural.ts" time="0.000" line="111" col="6">
        </testcase>
        <testcase name="GeneticCompatibility: partial overlap yields intermediate value" classname="./test/breed/GeneticCompatibilityBehavioural.ts" time="0.000" line="119" col="6">
        </testcase>
        <testcase name="GeneticCompatibility: is symmetric" classname="./test/breed/GeneticCompatibilityBehavioural.ts" time="0.000" line="128" col="6">
        </testcase>
        <testcase name="GeneticCompatibility: result is always between 0 and 1" classname="./test/breed/GeneticCompatibilityBehavioural.ts" time="0.002" line="138" col="6">
        </testcase>
        <testcase name="GeneticCompatibility: uses smaller set for ratio calculation" classname="./test/breed/GeneticCompatibilityBehavioural.ts" time="0.000" line="163" col="6">
        </testcase>
        <testcase name="GeneticCompatibility: one matching out of larger set uses smaller set size" classname="./test/breed/GeneticCompatibilityBehavioural.ts" time="0.000" line="177" col="6">
        </testcase>
    </testsuite>
    <testsuite name="./test/breed/InputWeightCrossover.ts" tests="13" disabled="0" errors="0" failures="0">
        <testcase name="incompatible parents have zero genetic compatibility" classname="./test/breed/InputWeightCrossover.ts" time="0.004" line="95" col="6">
        </testcase>
        <testcase name="inputWeightCrossover preserves mother&apos;s topology" classname="./test/breed/InputWeightCrossover.ts" time="0.007" line="110" col="6">
        </testcase>
        <testcase name="inputWeightCrossover blends input connection weights" classname="./test/breed/InputWeightCrossover.ts" time="0.001" line="138" col="6">
        </testcase>
        <testcase name="inputWeightCrossover produces valid offspring" classname="./test/breed/InputWeightCrossover.ts" time="0.000" line="183" col="6">
        </testcase>
        <testcase name="inputWeightCrossover produces valid forward-only offspring" classname="./test/breed/InputWeightCrossover.ts" time="0.001" line="195" col="6">
        </testcase>
        <testcase name="Offspring.breed uses input-weight crossover when interSpeciesCrossoverThreshold is set" classname="./test/breed/InputWeightCrossover.ts" time="0.004" line="233" col="6">
        </testcase>
        <testcase name="Offspring.breed falls back to standard crossover for partially compatible parents" classname="./test/breed/InputWeightCrossover.ts" time="0.004" line="259" col="6">
        </testcase>
        <testcase name="inputWeightCrossover with larger input space (mimicking GRQ-25-1 / Europa scale)" classname="./test/breed/InputWeightCrossover.ts" time="0.002" line="312" col="6">
        </testcase>
        <testcase name="inputWeightCrossover mother-biased blending keeps weights closer to mother" classname="./test/breed/InputWeightCrossover.ts" time="0.003" line="387" col="6">
        </testcase>
        <testcase name="no regression: compatible creatures still breed normally" classname="./test/breed/InputWeightCrossover.ts" time="0.000" line="443" col="6">
        </testcase>
        <testcase name="interSpeciesCrossoverThreshold config defaults to 0.1" classname="./test/breed/InputWeightCrossover.ts" time="0.005" line="488" col="6">
        </testcase>
        <testcase name="interSpeciesCrossoverThreshold must not exceed geneticCompatibilityThreshold" classname="./test/breed/InputWeightCrossover.ts" time="0.002" line="500" col="6">
        </testcase>
        <testcase name="inputWeightCrossover gracefully handles creatures with no hidden neurons" classname="./test/breed/InputWeightCrossover.ts" time="0.000" line="516" col="6">
        </testcase>
    </testsuite>
    <testsuite name="./test/breed/HiddenNeuronUUIDCache.ts" tests="6" disabled="0" errors="0" failures="0">
        <testcase name="getHiddenNeuronIds returns correct Set of hidden neuron UUIDs" classname="./test/breed/HiddenNeuronUUIDCache.ts" time="0.004" line="53" col="6">
        </testcase>
        <testcase name="getHiddenNeuronIds returns consistent results on subsequent calls" classname="./test/breed/HiddenNeuronUUIDCache.ts" time="0.000" line="69" col="6">
        </testcase>
        <testcase name="getHiddenNeuronIds returns correct content after clearCache" classname="./test/breed/HiddenNeuronUUIDCache.ts" time="0.000" line="83" col="6">
        </testcase>
        <testcase name="getHiddenNeuronIds returns empty Set for creature with no hidden neurons" classname="./test/breed/HiddenNeuronUUIDCache.ts" time="0.000" line="98" col="6">
        </testcase>
        <testcase name="geneticCompatibility uses cached hiddenNeuronUUIDs" classname="./test/breed/HiddenNeuronUUIDCache.ts" time="0.000" line="125" col="6">
        </testcase>
        <testcase name="getHiddenNeuronIds returns correct content after connect" classname="./test/breed/HiddenNeuronUUIDCache.ts" time="0.000" line="140" col="6">
        </testcase>
    </testsuite>
    <testsuite name="./test/breed/InterSpeciesBreedingQuality.ts" tests="11" disabled="0" errors="0" failures="0">
        <testcase name="Offspring is not a clone of the mother (GRQ-25-1 mother)" classname="./test/breed/InterSpeciesBreedingQuality.ts" time="0.052" line="45" col="6">
        </testcase>
        <testcase name="Offspring is not a clone of the mother (Europa mother)" classname="./test/breed/InterSpeciesBreedingQuality.ts" time="0.025" line="105" col="6">
        </testcase>
        <testcase name="Offspring inherits structural elements from the father" classname="./test/breed/InterSpeciesBreedingQuality.ts" time="0.014" line="153" col="6">
        </testcase>
        <testcase name="Offspring topology is valid — forward-only, no disconnected hidden neurons" classname="./test/breed/InterSpeciesBreedingQuality.ts" time="0.014" line="202" col="6">
        </testcase>
        <testcase name="Memetic inherited from mother (Europa mother with memetic, GRQ-25-1 father without)" classname="./test/breed/InterSpeciesBreedingQuality.ts" time="0.009" line="247" col="6">
        </testcase>
        <testcase name="Memetic fallback from father (GRQ-25-1 mother without memetic, Europa father with)" classname="./test/breed/InterSpeciesBreedingQuality.ts" time="0.008" line="276" col="6">
        </testcase>
        <testcase name="Memetic data references valid neurons after breeding" classname="./test/breed/InterSpeciesBreedingQuality.ts" time="0.011" line="305" col="6">
        </testcase>
        <testcase name="Asymmetric neuron counts: many-neuron father (GRQ-25-1), few-neuron mother (Europa)" classname="./test/breed/InterSpeciesBreedingQuality.ts" time="0.073" line="363" col="6">
        </testcase>
        <testcase name="Asymmetric neuron counts: few-neuron father (Europa), many-neuron mother (GRQ-25-1)" classname="./test/breed/InterSpeciesBreedingQuality.ts" time="0.026" line="393" col="6">
        </testcase>
        <testcase name="Multiple consecutive breedings produce valid, varied offspring without state corruption" classname="./test/breed/InterSpeciesBreedingQuality.ts" time="0.056" line="423" col="6">
        </testcase>
        <testcase name="Multiple consecutive breedings in reverse direction" classname="./test/breed/InterSpeciesBreedingQuality.ts" time="0.059" line="474" col="6">
        </testcase>
    </testsuite>
    <testsuite name="./test/breed/InterSpeciesBreeding.ts" tests="11" disabled="0" errors="0" failures="0">
        <testcase name="GRQ-25-1 and Europa have near-zero genetic compatibility" classname="./test/breed/InterSpeciesBreeding.ts" time="0.007" line="31" col="6">
        </testcase>
        <testcase name="Both sample creatures have valid UUIDs" classname="./test/breed/InterSpeciesBreeding.ts" time="0.005" line="46" col="6">
        </testcase>
        <testcase name="editParentByIndex produces a valid mapped father for incompatible pair" classname="./test/breed/InterSpeciesBreeding.ts" time="0.015" line="67" col="6">
        </testcase>
        <testcase name="editParentByIndex produces a valid mapped father (reversed direction)" classname="./test/breed/InterSpeciesBreeding.ts" time="0.014" line="81" col="6">
        </testcase>
        <testcase name="Offspring.breed produces valid offspring (GRQ-25-1 mother, Europa father)" classname="./test/breed/InterSpeciesBreeding.ts" time="0.020" line="97" col="6">
        </testcase>
        <testcase name="Offspring.breed produces valid offspring (Europa mother, GRQ-25-1 father)" classname="./test/breed/InterSpeciesBreeding.ts" time="0.053" line="144" col="6">
        </testcase>
        <testcase name="inputWeightCrossover produces valid offspring (GRQ-25-1 mother)" classname="./test/breed/InterSpeciesBreeding.ts" time="0.017" line="191" col="6">
        </testcase>
        <testcase name="inputWeightCrossover produces valid offspring (Europa mother)" classname="./test/breed/InterSpeciesBreeding.ts" time="0.020" line="212" col="6">
        </testcase>
        <testcase name="subgraphTransplant produces valid offspring (GRQ-25-1 mother, Europa father)" classname="./test/breed/InterSpeciesBreeding.ts" time="0.010" line="234" col="6">
        </testcase>
        <testcase name="subgraphTransplant produces valid offspring (Europa mother, GRQ-25-1 father)" classname="./test/breed/InterSpeciesBreeding.ts" time="0.021" line="277" col="6">
        </testcase>
        <testcase name="Both breeding directions produce valid offspring via Offspring.breed" classname="./test/breed/InterSpeciesBreeding.ts" time="0.090" line="320" col="6">
        </testcase>
    </testsuite>
    <testsuite name="./test/breed/NeuronSimilarity.ts" tests="11" disabled="0" errors="0" failures="0">
        <testcase name="buildInputWeightVector: builds correct sparse vector from synapses" classname="./test/breed/NeuronSimilarity.ts" time="0.001" line="19" col="6">
        </testcase>
        <testcase name="buildInputWeightVector: returns empty vector for neuron with no inputs" classname="./test/breed/NeuronSimilarity.ts" time="0.000" line="36" col="6">
        </testcase>
        <testcase name="cosineSimilarity: identical vectors return 1" classname="./test/breed/NeuronSimilarity.ts" time="0.000" line="48" col="6">
        </testcase>
        <testcase name="cosineSimilarity: orthogonal vectors return 0" classname="./test/breed/NeuronSimilarity.ts" time="0.000" line="55" col="6">
        </testcase>
        <testcase name="cosineSimilarity: opposite vectors return -1" classname="./test/breed/NeuronSimilarity.ts" time="0.000" line="62" col="6">
        </testcase>
        <testcase name="cosineSimilarity: empty vectors return 0" classname="./test/breed/NeuronSimilarity.ts" time="0.000" line="71" col="6">
        </testcase>
        <testcase name="cosineSimilarity: proportional vectors return 1" classname="./test/breed/NeuronSimilarity.ts" time="0.000" line="80" col="6">
        </testcase>
        <testcase name="computeSimilarityAlignment: aligns neurons with similar input weights" classname="./test/breed/NeuronSimilarity.ts" time="0.000" line="87" col="6">
        </testcase>
        <testcase name="computeSimilarityAlignment: unmatched neurons fall through to remaining" classname="./test/breed/NeuronSimilarity.ts" time="0.000" line="161" col="6">
        </testcase>
        <testcase name="computeSimilarityAlignment: handles empty unmatched lists gracefully" classname="./test/breed/NeuronSimilarity.ts" time="0.000" line="207" col="6">
        </testcase>
        <testcase name="computeSimilarityAlignment: asymmetric neuron counts leave extras in remaining" classname="./test/breed/NeuronSimilarity.ts" time="0.000" line="232" col="6">
        </testcase>
    </testsuite>
    <testsuite name="./test/breed/OffspringBreed.ts" tests="5" disabled="0" errors="0" failures="0">
        <testcase name="Offspring.breed produces valid offspring from simple creature" classname="./test/breed/OffspringBreed.ts" time="0.097" line="14" col="6">
        </testcase>
        <testcase name="Offspring.breed preserves output neuron types during crossover" classname="./test/breed/OffspringBreed.ts" time="0.167" line="68" col="6">
        </testcase>
        <testcase name="Offspring.breed carries parent output connections into offspring" classname="./test/breed/OffspringBreed.ts" time="0.083" line="171" col="6">
        </testcase>
        <testcase name="Offspring.breed handles creatures with many output neurons" classname="./test/breed/OffspringBreed.ts" time="0.063" line="294" col="6">
        </testcase>
        <testcase name="Offspring.breed includes required neurons from both parents" classname="./test/breed/OffspringBreed.ts" time="0.016" line="438" col="6">
        </testcase>
    </testsuite>
    <testsuite name="./test/breed/OffspringBreedPerformance.ts" tests="5" disabled="0" errors="0" failures="0">
        <testcase name="Offspring.breed() - breeding output equivalence after shallowClone optimisation" classname="./test/breed/OffspringBreedPerformance.ts" time="0.122" line="29" col="6">
        </testcase>
        <testcase name="Offspring.breed() - parent creatures are not modified during breeding" classname="./test/breed/OffspringBreedPerformance.ts" time="0.025" line="74" col="6">
        </testcase>
        <testcase name="Offspring.breed() - large creature breeding functionality" classname="./test/breed/OffspringBreedPerformance.ts" time="6.117" line="166" col="6">
        </testcase>
        <testcase name="Offspring.breed() - semantic version and forwardOnly preservation" classname="./test/breed/OffspringBreedPerformance.ts" time="0.004" line="203" col="6">
        </testcase>
        <testcase name="Offspring.breed() - activation equivalence with original implementation" classname="./test/breed/OffspringBreedPerformance.ts" time="0.045" line="238" col="6">
        </testcase>
    </testsuite>
    <testsuite name="./test/breed/OffspringEnsureUniqueUuidRoundTrip.ts" tests="1" disabled="0" errors="0" failures="0">
        <testcase name="Offspring.ensureUniqueNeuronUuids: duplicate hidden UUIDs survive export round-trip after dedupe" classname="./test/breed/OffspringEnsureUniqueUuidRoundTrip.ts" time="0.010" line="16" col="6">
        </testcase>
    </testsuite>
    <testsuite name="./test/breed/OffspringFeedbackModeSemanticVersion.ts" tests="1" disabled="0" errors="0" failures="0">
        <testcase name="Offspring: two 4.x parents always produce a 4.x forward-only child" classname="./test/breed/OffspringFeedbackModeSemanticVersion.ts" time="0.014" line="14" col="6">
        </testcase>
    </testsuite>
    <testsuite name="./test/breed/OffspringForwardOnlyChildAlwaysValidates.ts" tests="1" disabled="0" errors="0" failures="0">
        <testcase name="Offspring.breed: many forward-only crosses always validate or skip" classname="./test/breed/OffspringForwardOnlyChildAlwaysValidates.ts" time="0.182" line="13" col="6">
        </testcase>
    </testsuite>
    <testsuite name="./test/breed/OffspringKeepOrder.ts" tests="1" disabled="0" errors="0" failures="0">
        <testcase name="Offspring.breed preserves valid neuron ordering" classname="./test/breed/OffspringKeepOrder.ts" time="0.025" line="105" col="6">
        </testcase>
    </testsuite>
    <testsuite name="./test/breed/OffspringKeepSynapses.ts" tests="1" disabled="0" errors="0" failures="0">
        <testcase name="Offspring.breed preserves key synapses between shared neurons" classname="./test/breed/OffspringKeepSynapses.ts" time="0.028" line="145" col="6">
        </testcase>
    </testsuite>
    <testsuite name="./test/breed/OffspringMapLookupOptimisation.ts" tests="4" disabled="0" errors="0" failures="0">
        <testcase name="Offspring.breed -breed with many neurons produces valid offspring" classname="./test/breed/OffspringMapLookupOptimisation.ts" time="0.045" line="136" col="6">
        </testcase>
        <testcase name="Offspring.breed -correctly finds neurons from either parent" classname="./test/breed/OffspringMapLookupOptimisation.ts" time="0.017" line="153" col="6">
        </testcase>
        <testcase name="Offspring.breed -breeding creatures with shared chain maintains neuron connections" classname="./test/breed/OffspringMapLookupOptimisation.ts" time="0.016" line="187" col="6">
        </testcase>
        <testcase name="Offspring.breed -neurons from missing connections are found correctly" classname="./test/breed/OffspringMapLookupOptimisation.ts" time="0.008" line="272" col="6">
        </testcase>
    </testsuite>
    <testsuite name="./test/breed/OffspringOrphanedConstantRepair.ts" tests="1" disabled="0" errors="0" failures="0">
        <testcase name="Offspring.breed: orphaned constant neuron is repaired in forward-only offspring" classname="./test/breed/OffspringOrphanedConstantRepair.ts" time="0.214" line="18" col="6">
        </testcase>
    </testsuite>
    <testsuite name="./test/breed/OffspringSortNeurons.ts" tests="1" disabled="0" errors="0" failures="0">
        <testcase name="Offspring.sortNeurons places inputs first and outputs last" classname="./test/breed/OffspringSortNeurons.ts" time="0.007" line="160" col="6">
        </testcase>
    </testsuite>
    <testsuite name="./test/breed/OnPolicyDistillationBreed.ts" tests="8" disabled="0" errors="0" failures="0">
        <testcase name="OnPolicyDistillationBreed - happy path: student MSE drops across distillation" classname="./test/breed/OnPolicyDistillationBreed.ts" time="0.062" line="95" col="6">
        </testcase>
        <testcase name="OnPolicyDistillationBreed - UUID stability: offspring uses fresh hidden UUIDs and teachers are untouched" classname="./test/breed/OnPolicyDistillationBreed.ts" time="0.005" line="118" col="6">
        </testcase>
        <testcase name="OnPolicyDistillationBreed - K=1 falls back to clone-and-train" classname="./test/breed/OnPolicyDistillationBreed.ts" time="0.010" line="170" col="6">
        </testcase>
        <testcase name="OnPolicyDistillationBreed - disjoint topologies still produce a valid student" classname="./test/breed/OnPolicyDistillationBreed.ts" time="0.022" line="186" col="6">
        </testcase>
        <testcase name="OnPolicyDistillationBreed - rejects mismatched input/output shapes" classname="./test/breed/OnPolicyDistillationBreed.ts" time="0.000" line="213" col="6">
        </testcase>
        <testcase name="OnPolicyDistillationBreed - exportJSON round-trip is byte-stable" classname="./test/breed/OnPolicyDistillationBreed.ts" time="0.006" line="223" col="6">
        </testcase>
        <testcase name="OnPolicyDistillationBreed - default config keeps operator idle" classname="./test/breed/OnPolicyDistillationBreed.ts" time="0.004" line="260" col="6">
        </testcase>
        <testcase name="OnPolicyDistillationBreed - Breed integration: opd.breedRate=1 routes through OPD operator" classname="./test/breed/OnPolicyDistillationBreed.ts" time="0.005" line="268" col="6">
        </testcase>
    </testsuite>
    <testsuite name="./test/breed/ParallelBreeding.ts" tests="10" disabled="0" errors="0" failures="0">
        <testcase name="ParallelBreeding - breedBatch produces valid offspring" classname="./test/breed/ParallelBreeding.ts" time="0.335" line="161" col="6">
        </testcase>
        <testcase name="ParallelBreeding - breedBatch maintains diversity" classname="./test/breed/ParallelBreeding.ts" time="0.033" line="205" col="6">
        </testcase>
        <testcase name="ParallelBreeding - handles small populations" classname="./test/breed/ParallelBreeding.ts" time="0.012" line="224" col="6">
        </testcase>
        <testcase name="ParallelBreeding - multiple batches produce valid offspring" classname="./test/breed/ParallelBreeding.ts" time="0.016" line="244" col="6">
        </testcase>
        <testcase name="ParallelBreeding - respects geneticCompatibilityThreshold" classname="./test/breed/ParallelBreeding.ts" time="0.025" line="266" col="6">
        </testcase>
        <testcase name="ParallelBreeding - empty batch request returns empty array" classname="./test/breed/ParallelBreeding.ts" time="0.003" line="296" col="6">
        </testcase>
        <testcase name="ParallelBreeding - handles forwardOnly configuration" classname="./test/breed/ParallelBreeding.ts" time="0.016" line="307" col="6">
        </testcase>
        <testcase name="ParallelBreeding - worker path produces valid offspring" classname="./test/breed/ParallelBreeding.ts" time="0.075" line="371" col="6">
        </testcase>
        <testcase name="ParallelBreeding - worker path handles large batch without stack overflow" classname="./test/breed/ParallelBreeding.ts" time="0.752" line="397" col="6">
        </testcase>
        <testcase name="ParallelBreeding - worker path distributes work across all workers" classname="./test/breed/ParallelBreeding.ts" time="0.031" line="422" col="6">
        </testcase>
    </testsuite>
    <testsuite name="./test/breed/ParentSelection.ts" tests="5" disabled="0" errors="0" failures="0">
        <testcase name="selectParent - returns a creature from the ranking with POWER selection" classname="./test/breed/ParentSelection.ts" time="0.009" line="53" col="6">
        </testcase>
        <testcase name="selectParent - returns a creature with FITNESS_PROPORTIONATE selection" classname="./test/breed/ParentSelection.ts" time="0.000" line="74" col="6">
        </testcase>
        <testcase name="selectParent - returns a creature with TOURNAMENT selection" classname="./test/breed/ParentSelection.ts" time="0.000" line="93" col="6">
        </testcase>
        <testcase name="findFather - returns a compatible father from the genus" classname="./test/breed/ParentSelection.ts" time="0.003" line="112" col="6">
        </testcase>
        <testcase name="findFather - returns undefined when no fathers available" classname="./test/breed/ParentSelection.ts" time="0.000" line="135" col="6">
        </testcase>
    </testsuite>
    <testsuite name="./test/breed/ParentSelectionTolerantLoad.ts" tests="5" disabled="0" errors="0" failures="0">
        <testcase name="findFather - skips one corrupt candidate and breeds successfully (Issue #2523)" classname="./test/breed/ParentSelectionTolerantLoad.ts" time="0.018" line="106" col="6">
        </testcase>
        <testcase name="findFather - throws BreedExhaustionError when every candidate is corrupt (Issue #2523)" classname="./test/breed/ParentSelectionTolerantLoad.ts" time="0.002" line="148" col="6">
        </testcase>
        <testcase name="findFather - tolerateCorruptParents: false re-throws TopologyError (Issue #2523)" classname="./test/breed/ParentSelectionTolerantLoad.ts" time="0.005" line="188" col="6">
        </testcase>
        <testcase name="findFather - non-TopologyError exceptions are re-thrown unchanged (Issue #2523)" classname="./test/breed/ParentSelectionTolerantLoad.ts" time="0.001" line="234" col="6">
        </testcase>
        <testcase name="config - tolerateCorruptParents defaults to true (Issue #2523)" classname="./test/breed/ParentSelectionTolerantLoad.ts" time="0.000" line="278" col="6">
        </testcase>
    </testsuite>
    <testsuite name="./test/breed/Samples.ts" tests="2" disabled="0" errors="0" failures="0">
        <testcase name="CompatibleFather-1" classname="./test/breed/Samples.ts" time="0.008" line="30" col="6">
        </testcase>
        <testcase name="CompatibleFather-2" classname="./test/breed/Samples.ts" time="0.003" line="48" col="6">
        </testcase>
    </testsuite>
    <testsuite name="./test/breed/SortNeuronsTopological.ts" tests="4" disabled="0" errors="0" failures="0">
        <testcase name="sortNeurons produces valid topological order for chain dependency" classname="./test/breed/SortNeuronsTopological.ts" time="0.007" line="151" col="6">
        </testcase>
        <testcase name="sortNeurons produces valid topological order for diamond dependency" classname="./test/breed/SortNeuronsTopological.ts" time="0.001" line="187" col="6">
        </testcase>
        <testcase name="sortNeurons handles wide independent neurons correctly" classname="./test/breed/SortNeuronsTopological.ts" time="0.001" line="212" col="6">
        </testcase>
        <testcase name="sortNeurons produces valid order with two different parents" classname="./test/breed/SortNeuronsTopological.ts" time="0.000" line="240" col="6">
        </testcase>
    </testsuite>
    <testsuite name="./test/breed/SubgraphTransplant.ts" tests="12" disabled="0" errors="0" failures="0">
        <testcase name="extractSubgraphs finds connected hidden neuron clusters" classname="./test/breed/SubgraphTransplant.ts" time="0.005" line="104" col="6">
        </testcase>
        <testcase name="extractSubgraphs returns subgraphs with internal connections" classname="./test/breed/SubgraphTransplant.ts" time="0.000" line="123" col="6">
        </testcase>
        <testcase name="subgraphTransplant produces valid offspring" classname="./test/breed/SubgraphTransplant.ts" time="0.005" line="142" col="6">
        </testcase>
        <testcase name="subgraphTransplant produces valid forward-only offspring" classname="./test/breed/SubgraphTransplant.ts" time="0.002" line="156" col="6">
        </testcase>
        <testcase name="subgraphTransplant tags transplanted neurons with approach: transplant" classname="./test/breed/SubgraphTransplant.ts" time="0.001" line="171" col="6">
        </testcase>
        <testcase name="subgraphTransplant gives new UUIDs to transplanted neurons" classname="./test/breed/SubgraphTransplant.ts" time="0.001" line="202" col="6">
        </testcase>
        <testcase name="subgraphTransplant preserves mother&apos;s input/output structure" classname="./test/breed/SubgraphTransplant.ts" time="0.001" line="228" col="6">
        </testcase>
        <testcase name="subgraphTransplant offspring has more hidden neurons than mother" classname="./test/breed/SubgraphTransplant.ts" time="0.001" line="250" col="6">
        </testcase>
        <testcase name="subgraphTransplant works with incompatible parents" classname="./test/breed/SubgraphTransplant.ts" time="0.001" line="273" col="6">
        </testcase>
        <testcase name="Offspring.breed can use subgraph transplant for very low compatibility" classname="./test/breed/SubgraphTransplant.ts" time="0.003" line="294" col="6">
        </testcase>
        <testcase name="subgraphTransplant with single hidden neuron donor returns undefined" classname="./test/breed/SubgraphTransplant.ts" time="0.000" line="322" col="6">
        </testcase>
        <testcase name="subgraphTransplant with larger networks" classname="./test/breed/SubgraphTransplant.ts" time="0.001" line="346" col="6">
        </testcase>
    </testsuite>
    <testsuite name="./test/breed/SyntheticLocationE2E.ts" tests="1" disabled="0" errors="0" failures="0">
        <testcase name="Synthetic-alignment E2E: GRQ-style incompatible parents (Issue #2615)" classname="./test/breed/SyntheticLocationE2E.ts" time="0.019" line="119" col="6">
        </testcase>
    </testsuite>
    <testsuite name="./test/breed/SyntheticLocationFatherAlignment.ts" tests="6" disabled="0" errors="0" failures="0">
        <testcase name="createCompatibleFather: above-threshold case is a no-op (Issue #2614)" classname="./test/breed/SyntheticLocationFatherAlignment.ts" time="0.002" line="74" col="6">
        </testcase>
        <testcase name="createCompatibleFather: below-threshold case aligns at least one neuron via synthetic UUID (Issue #2614)" classname="./test/breed/SyntheticLocationFatherAlignment.ts" time="0.003" line="108" col="6">
        </testcase>
        <testcase name="createCompatibleFather: loose match — input-anchor only also aligns (Issue #2614)" classname="./test/breed/SyntheticLocationFatherAlignment.ts" time="0.001" line="155" col="6">
        </testcase>
        <testcase name="createCompatibleFather: stable-UUID alignment is not double-claimed by synthetic pass (Issue #2614)" classname="./test/breed/SyntheticLocationFatherAlignment.ts" time="0.000" line="213" col="6">
        </testcase>
        <testcase name="createCompatibleFatherFromCreatures: below-threshold case aligns via synthetic UUID and exports cleanly (Issue #2614)" classname="./test/breed/SyntheticLocationFatherAlignment.ts" time="0.006" line="265" col="6">
        </testcase>
        <testcase name="createCompatibleFatherFromCreatures: threshold = 0 disables synthetic pass (Issue #2614)" classname="./test/breed/SyntheticLocationFatherAlignment.ts" time="0.000" line="308" col="6">
        </testcase>
    </testsuite>
    <testsuite name="./test/breed/SyntheticLocationUuid.ts" tests="12" disabled="0" errors="0" failures="0">
        <testcase name="computeSyntheticLocationUuids: linear chain produces stable UUIDs" classname="./test/breed/SyntheticLocationUuid.ts" time="0.004" line="35" col="6">
        </testcase>
        <testcase name="computeSyntheticLocationUuids: rank disambiguates siblings by |weight| desc, fromUUID asc" classname="./test/breed/SyntheticLocationUuid.ts" time="0.000" line="68" col="6">
        </testcase>
        <testcase name="computeSyntheticLocationUuids: rank ties broken by fromUUID asc" classname="./test/breed/SyntheticLocationUuid.ts" time="0.000" line="100" col="6">
        </testcase>
        <testcase name="computeSyntheticLocationUuids: negative primary weight produces neg sign" classname="./test/breed/SyntheticLocationUuid.ts" time="0.000" line="150" col="6">
        </testcase>
        <testcase name="computeSyntheticLocationUuids: zero-weight primary maps to pos sign" classname="./test/breed/SyntheticLocationUuid.ts" time="0.000" line="183" col="6">
        </testcase>
        <testcase name="computeSyntheticLocationUuids: nearest input by hop count breaks ties by lowest index" classname="./test/breed/SyntheticLocationUuid.ts" time="0.000" line="209" col="6">
        </testcase>
        <testcase name="computeSyntheticLocationUuids: tie on hop count breaks by lowest input index" classname="./test/breed/SyntheticLocationUuid.ts" time="0.000" line="247" col="6">
        </testcase>
        <testcase name="computeSyntheticLocationUuids: nearest output by hop count breaks ties by lowest index" classname="./test/breed/SyntheticLocationUuid.ts" time="0.000" line="279" col="6">
        </testcase>
        <testcase name="computeSyntheticLocationUuids: tie on output hop count breaks by lowest output index" classname="./test/breed/SyntheticLocationUuid.ts" time="0.000" line="313" col="6">
        </testcase>
        <testcase name="computeSyntheticLocationUuids: bias-only hidden neuron emits no entry" classname="./test/breed/SyntheticLocationUuid.ts" time="0.000" line="345" col="6">
        </testcase>
        <testcase name="computeSyntheticLocationUuids: deterministic across consecutive calls" classname="./test/breed/SyntheticLocationUuid.ts" time="0.000" line="383" col="6">
        </testcase>
        <testcase name="computeSyntheticLocationUuids: synthetic UUIDs are not persisted via exportJSON" classname="./test/breed/SyntheticLocationUuid.ts" time="0.001" line="418" col="6">
        </testcase>
    </testsuite>
    <testsuite name="./test/cache/CacheDiagnostics.ts" tests="9" disabled="0" errors="0" failures="0">
        <testcase name="CacheStats: getCacheStats returns array with expected caches" classname="./test/cache/CacheDiagnostics.ts" time="0.000" line="31" col="6">
        </testcase>
        <testcase name="CacheStats: each entry has required fields" classname="./test/cache/CacheDiagnostics.ts" time="0.001" line="48" col="6">
        </testcase>
        <testcase name="WasmActivationLruStats: tracks hits and misses" classname="./test/cache/CacheDiagnostics.ts" time="0.005" line="72" col="6">
        </testcase>
        <testcase name="WasmActivationLruStats: tracks evictions" classname="./test/cache/CacheDiagnostics.ts" time="0.000" line="101" col="6">
        </testcase>
        <testcase name="WasmActivationLruStats: resetStats clears counters" classname="./test/cache/CacheDiagnostics.ts" time="0.000" line="131" col="6">
        </testcase>
        <testcase name="DistanceCacheStats: returns CacheStats with evictions" classname="./test/cache/CacheDiagnostics.ts" time="0.000" line="165" col="6">
        </testcase>
        <testcase name="DistanceCacheStats: clearDistanceCache resets counters" classname="./test/cache/CacheDiagnostics.ts" time="0.000" line="192" col="6">
        </testcase>
        <testcase name="getCacheStats: includes distance cache stats after operations" classname="./test/cache/CacheDiagnostics.ts" time="0.000" line="210" col="6">
        </testcase>
        <testcase name="getCacheStats: counters are non-negative" classname="./test/cache/CacheDiagnostics.ts" time="0.000" line="226" col="6">
        </testcase>
    </testsuite>
    <testsuite name="./test/breed/WorkerBreedingSubPhaseTiming.ts" tests="5" disabled="0" errors="0" failures="0">
        <testcase name="Worker-path breeding populates lastBreedingSubPhases" classname="./test/breed/WorkerBreedingSubPhaseTiming.ts" time="0.148" line="192" col="6">
        </testcase>
        <testcase name="Worker-path breeding aggregates timing across multiple workers" classname="./test/breed/WorkerBreedingSubPhaseTiming.ts" time="0.059" line="255" col="6">
        </testcase>
        <testcase name="Worker-path breeding sub-phases include parent selection timing" classname="./test/breed/WorkerBreedingSubPhaseTiming.ts" time="0.035" line="283" col="6">
        </testcase>
        <testcase name="Worker-path breeding sub-phases - all timing fields match BreedingSubPhaseTiming shape" classname="./test/breed/WorkerBreedingSubPhaseTiming.ts" time="0.055" line="310" col="6">
        </testcase>
        <testcase name="Worker-path breeding - failed worker responses do not contribute to sub-phases" classname="./test/breed/WorkerBreedingSubPhaseTiming.ts" time="0.026" line="351" col="6">
        </testcase>
    </testsuite>
    <testsuite name="./test/compact/Cascade.ts" tests="1" disabled="0" errors="0" failures="0">
        <testcase name="compactUnused - behaviour preserved with cascading Cosine/CLIPPED removals" classname="./test/compact/Cascade.ts" time="0.141" line="56" col="6">
        </testcase>
    </testsuite>
    <testsuite name="./test/compact/CleanupOrphanedNeurons.ts" tests="9" disabled="0" errors="0" failures="0">
        <testcase name="cleanupOrphanedNeurons - should remove hidden neuron with no outward connections" classname="./test/compact/CleanupOrphanedNeurons.ts" time="0.018" line="10" col="6">
        </testcase>
        <testcase name="cleanupOrphanedNeurons - should handle cascade removal of orphaned neurons" classname="./test/compact/CleanupOrphanedNeurons.ts" time="0.000" line="93" col="6">
        </testcase>
        <testcase name="cleanupOrphanedNeurons - should remove constant neurons with no outward connections" classname="./test/compact/CleanupOrphanedNeurons.ts" time="0.000" line="161" col="6">
        </testcase>
        <testcase name="cleanupOrphanedNeurons - should not remove output neurons even if no outward connections" classname="./test/compact/CleanupOrphanedNeurons.ts" time="0.000" line="198" col="6">
        </testcase>
        <testcase name="cleanupOrphanedNeurons - simulates remove-low-impact scenario from issue" classname="./test/compact/CleanupOrphanedNeurons.ts" time="0.001" line="231" col="6">
        </testcase>
        <testcase name="cleanupOrphanedNeurons - returns correct count of removed neurons" classname="./test/compact/CleanupOrphanedNeurons.ts" time="0.000" line="323" col="6">
        </testcase>
        <testcase name="cleanupOrphanedNeurons - should apply squash function when converting hidden to constant" classname="./test/compact/CleanupOrphanedNeurons.ts" time="0.000" line="378" col="6">
        </testcase>
        <testcase name="cleanupOrphanedNeurons - should apply TANH squash function when converting hidden to constant" classname="./test/compact/CleanupOrphanedNeurons.ts" time="0.000" line="450" col="6">
        </testcase>
        <testcase name="cleanupOrphanedNeuronsInCreature - removes orphaned neurons from live creature" classname="./test/compact/CleanupOrphanedNeurons.ts" time="0.001" line="510" col="6">
        </testcase>
    </testsuite>
    <testsuite name="./test/compact/CloneCreatureExport.ts" tests="2" disabled="0" errors="0" failures="0">
        <testcase name="cloneCreatureExport: produces a deep-enough copy that mutation is isolated" classname="./test/compact/CloneCreatureExport.ts" time="0.001" line="37" col="6">
        </testcase>
        <testcase name="cloneCreatureExport: minimal input (no optional fields) round-trips cleanly" classname="./test/compact/CloneCreatureExport.ts" time="0.000" line="74" col="6">
        </testcase>
    </testsuite>
    <testsuite name="./test/compact/Compact.ts" tests="5" disabled="0" errors="0" failures="0">
        <testcase name="compact - removes hidden neurons with no reachable output path" classname="./test/compact/Compact.ts" time="0.009" line="10" col="6">
        </testcase>
        <testcase name="compact - removes feedback loops when feedbackLoop is false" classname="./test/compact/Compact.ts" time="0.001" line="52" col="6">
        </testcase>
        <testcase name="compact - iteratively compacts linear IDENTITY chain preserving behaviour" classname="./test/compact/Compact.ts" time="0.007" line="97" col="6">
        </testcase>
        <testcase name="compact - repeated compaction of random multi-layer network converges" classname="./test/compact/Compact.ts" time="0.002" line="163" col="6">
        </testcase>
        <testcase name="compact - removes self-loops and unused paths preserving behaviour" classname="./test/compact/Compact.ts" time="0.001" line="238" col="6">
        </testcase>
    </testsuite>
    <testsuite name="./test/compact/CompactConstant.ts" tests="1" disabled="0" errors="0" failures="0">
        <testcase name="compactUnused - behaviour preserved with constant and IF neurons" classname="./test/compact/CompactConstant.ts" time="0.270" line="79" col="6">
        </testcase>
    </testsuite>
    <testsuite name="./test/compact/CompactCreature.ts" tests="6" disabled="0" errors="0" failures="0">
        <testcase name="compactCreature - returns undefined when no compaction occurs" classname="./test/compact/CompactCreature.ts" time="0.007" line="6" col="6">
        </testcase>
        <testcase name="compactCreature - removes dead hidden neuron" classname="./test/compact/CompactCreature.ts" time="0.001" line="24" col="6">
        </testcase>
        <testcase name="compactCreature - preserves forward-only semantics" classname="./test/compact/CompactCreature.ts" time="0.000" line="50" col="6">
        </testcase>
        <testcase name="compactCreature - COMPLEMENT bypass preserves behaviour" classname="./test/compact/CompactCreature.ts" time="0.005" line="76" col="6">
        </testcase>
        <testcase name="compactCreature - removes zero-weight synapses" classname="./test/compact/CompactCreature.ts" time="0.000" line="111" col="6">
        </testcase>
        <testcase name="compactCreature - IDENTITY chain between two same-squash neurons merges into direct synapse" classname="./test/compact/CompactCreature.ts" time="0.002" line="141" col="6">
        </testcase>
    </testsuite>
    <testsuite name="./test/compact/CompactCreatureCloneOptimisation.ts" tests="13" disabled="0" errors="0" failures="0">
        <testcase name="compactCreature: compaction does not modify original creature neurons" classname="./test/compact/CompactCreatureCloneOptimisation.ts" time="0.008" line="14" col="6">
        </testcase>
        <testcase name="compactCreature: compaction does not modify original creature synapses" classname="./test/compact/CompactCreatureCloneOptimisation.ts" time="0.000" line="60" col="6">
        </testcase>
        <testcase name="compactCreature: preserves neuron tags through compaction" classname="./test/compact/CompactCreatureCloneOptimisation.ts" time="0.000" line="100" col="6">
        </testcase>
        <testcase name="compactCreature: preserves synapse tags through compaction" classname="./test/compact/CompactCreatureCloneOptimisation.ts" time="0.001" line="144" col="6">
        </testcase>
        <testcase name="compactCreature: preserves synapse types through compaction" classname="./test/compact/CompactCreatureCloneOptimisation.ts" time="0.000" line="196" col="6">
        </testcase>
        <testcase name="compactCreature: preserves forwardOnly flag through compaction" classname="./test/compact/CompactCreatureCloneOptimisation.ts" time="0.000" line="249" col="6">
        </testcase>
        <testcase name="compactCreature: preserves creature-level tags after compaction" classname="./test/compact/CompactCreatureCloneOptimisation.ts" time="0.000" line="294" col="6">
        </testcase>
        <testcase name="compactCreature: compacting does not mutate original neuron biases" classname="./test/compact/CompactCreatureCloneOptimisation.ts" time="0.000" line="346" col="6">
        </testcase>
        <testcase name="compactCreature: compacting does not mutate original synapse weights" classname="./test/compact/CompactCreatureCloneOptimisation.ts" time="0.000" line="393" col="6">
        </testcase>
        <testcase name="compactCreature: preserves memetic data when no compaction occurs" classname="./test/compact/CompactCreatureCloneOptimisation.ts" time="0.001" line="437" col="6">
        </testcase>
        <testcase name="compactCreature: preserves semanticVersion through compaction" classname="./test/compact/CompactCreatureCloneOptimisation.ts" time="0.000" line="478" col="6">
        </testcase>
        <testcase name="compactCreature: compacted creature is a separate object from original" classname="./test/compact/CompactCreatureCloneOptimisation.ts" time="0.000" line="522" col="6">
        </testcase>
        <testcase name="compactCreature: large IDENTITY chain compacts without corrupting original" classname="./test/compact/CompactCreatureCloneOptimisation.ts" time="0.004" line="575" col="6">
        </testcase>
    </testsuite>
    <testsuite name="./test/compact/CompactCreatureComplementBypass.ts" tests="4" disabled="0" errors="0" failures="0">
        <testcase name="compactCreature: bypass COMPLEMENT feeding IDENTITY output (safe algebraic fold)" classname="./test/compact/CompactCreatureComplementBypass.ts" time="0.013" line="27" col="6">
        </testcase>
        <testcase name="compactCreature: does not bypass COMPLEMENT into aggregate squashes (unsafe)" classname="./test/compact/CompactCreatureComplementBypass.ts" time="0.000" line="108" col="6">
        </testcase>
        <testcase name="compactCreature: bypass COMPLEMENT feeding multiple IDENTITY outputs (safe algebraic fold)" classname="./test/compact/CompactCreatureComplementBypass.ts" time="0.001" line="145" col="6">
        </testcase>
        <testcase name="compactCreature: does not bypass multi-outbound COMPLEMENT when any downstream is aggregate (unsafe)" classname="./test/compact/CompactCreatureComplementBypass.ts" time="0.000" line="243" col="6">
        </testcase>
    </testsuite>
    <testsuite name="./test/compact/CompactCreatureDisconnectedConstant.ts" tests="1" disabled="0" errors="0" failures="0">
        <testcase name="compactCreature removes disconnected constant (no outward synapses)" classname="./test/compact/CompactCreatureDisconnectedConstant.ts" time="0.010" line="8" col="6">
        </testcase>
    </testsuite>
    <testsuite name="./test/compact/CompactCreatureIntegrity.ts" tests="6" disabled="0" errors="0" failures="0">
        <testcase name="compactCreature integrity: COMPLEMENT bypass with cascading removal" classname="./test/compact/CompactCreatureIntegrity.ts" time="0.015" line="28" col="6">
        </testcase>
        <testcase name="compactCreature integrity: chain compaction where fromNeuron is also a COMPLEMENT candidate" classname="./test/compact/CompactCreatureIntegrity.ts" time="0.001" line="74" col="6">
        </testcase>
        <testcase name="compactCreature integrity: backward synapse removal creating orphans" classname="./test/compact/CompactCreatureIntegrity.ts" time="0.000" line="125" col="6">
        </testcase>
        <testcase name="compactCreature integrity: multiple compact operations in sequence" classname="./test/compact/CompactCreatureIntegrity.ts" time="0.001" line="168" col="6">
        </testcase>
        <testcase name="compactCreature integrity: neuron with zero-weight synapses becomes bridge after pruning" classname="./test/compact/CompactCreatureIntegrity.ts" time="0.000" line="229" col="6">
        </testcase>
        <testcase name="compactCreature integrity: COMPLEMENT bypass does not create dangling references" classname="./test/compact/CompactCreatureIntegrity.ts" time="0.000" line="272" col="6">
        </testcase>
    </testsuite>
    <testsuite name="./test/compact/CompactCreatureNoOrphans.ts" tests="2" disabled="0" errors="0" failures="0">
        <testcase name="compactCreature: removes orphaned neurons when backward synapses are stripped (issue #956)" classname="./test/compact/CompactCreatureNoOrphans.ts" time="0.015" line="21" col="6">
        </testcase>
        <testcase name="compactCreature: cascade removal of multiple orphaned neurons" classname="./test/compact/CompactCreatureNoOrphans.ts" time="0.002" line="113" col="6">
        </testcase>
    </testsuite>
    <testsuite name="./test/compact/CompactCreatureSimplifyLargeWeights.ts" tests="1" disabled="0" errors="0" failures="0">
        <testcase name="compactCreature: simplifies large weights around ABSOLUTE without changing behaviour (issue #642)" classname="./test/compact/CompactCreatureSimplifyLargeWeights.ts" time="0.012" line="17" col="6">
        </testcase>
    </testsuite>
    <testsuite name="./test/compact/CompactCreatureSimplifyLargeWeightsSupportedSquashes.ts" tests="8" disabled="0" errors="0" failures="0">
        <testcase name="compactCreature: simplifies large weights for ReLU without changing behaviour (issue #642)" classname="./test/compact/CompactCreatureSimplifyLargeWeightsSupportedSquashes.ts" time="0.012" line="29" col="8">
        </testcase>
        <testcase name="compactCreature: simplifies large weights for LeakyReLU without changing behaviour (issue #642)" classname="./test/compact/CompactCreatureSimplifyLargeWeightsSupportedSquashes.ts" time="0.000" line="29" col="8">
        </testcase>
        <testcase name="compactCreature: simplifies large weights for MAXIMUM without changing behaviour (issue #642)" classname="./test/compact/CompactCreatureSimplifyLargeWeightsSupportedSquashes.ts" time="0.000" line="29" col="8">
        </testcase>
        <testcase name="compactCreature: simplifies large weights for MINIMUM without changing behaviour (issue #642)" classname="./test/compact/CompactCreatureSimplifyLargeWeightsSupportedSquashes.ts" time="0.001" line="29" col="8">
        </testcase>
        <testcase name="compactCreature: simplifies large weights for IF without changing behaviour (issue #642)" classname="./test/compact/CompactCreatureSimplifyLargeWeightsSupportedSquashes.ts" time="0.000" line="29" col="8">
        </testcase>
        <testcase name="compactCreature: simplifies large weights for HYPOT without changing behaviour (issue #642)" classname="./test/compact/CompactCreatureSimplifyLargeWeightsSupportedSquashes.ts" time="0.000" line="29" col="8">
        </testcase>
        <testcase name="compactCreature: simplifies large weights for HYPOTv2 without changing behaviour (issue #642)" classname="./test/compact/CompactCreatureSimplifyLargeWeightsSupportedSquashes.ts" time="0.000" line="29" col="8">
        </testcase>
        <testcase name="compactCreature: simplifies large weights for MEAN without changing behaviour (issue #642)" classname="./test/compact/CompactCreatureSimplifyLargeWeightsSupportedSquashes.ts" time="0.000" line="29" col="8">
        </testcase>
    </testsuite>
    <testsuite name="./test/compact/CompactKeepOrder.ts" tests="1" disabled="0" errors="0" failures="0">
        <testcase name="compactUnused - preserves constant neuron ordering and behaviour" classname="./test/compact/CompactKeepOrder.ts" time="2.071" line="82" col="6">
        </testcase>
    </testsuite>
    <testsuite name="./test/compact/CompactTagPreservation.ts" tests="8" disabled="0" errors="0" failures="0">
        <testcase name="compact: COMPLEMENT bypass preserves synapse tags on new synapses" classname="./test/compact/CompactTagPreservation.ts" time="0.009" line="24" col="6">
        </testcase>
        <testcase name="compact: COMPLEMENT bypass merges tags when adding to existing synapse" classname="./test/compact/CompactTagPreservation.ts" time="0.000" line="79" col="6">
        </testcase>
        <testcase name="compact: IDENTITY chain merge preserves synapse tags" classname="./test/compact/CompactTagPreservation.ts" time="0.001" line="141" col="6">
        </testcase>
        <testcase name="compact: orphaned neuron conversion to constant preserves neuron tags" classname="./test/compact/CompactTagPreservation.ts" time="0.000" line="209" col="6">
        </testcase>
        <testcase name="compact: parallel IDENTITY bridge merge preserves neuron tags on kept neuron" classname="./test/compact/CompactTagPreservation.ts" time="0.000" line="248" col="6">
        </testcase>
        <testcase name="compact: parallel bridge merge preserves neuron tags on kept neuron" classname="./test/compact/CompactTagPreservation.ts" time="0.000" line="309" col="6">
        </testcase>
        <testcase name="compact: parallel IDENTITY bridge merge preserves synapse tags" classname="./test/compact/CompactTagPreservation.ts" time="0.000" line="361" col="6">
        </testcase>
        <testcase name="compact: COMPLEMENT bypass preserves neuron tags on remaining neurons" classname="./test/compact/CompactTagPreservation.ts" time="0.000" line="432" col="6">
        </testcase>
    </testsuite>
    <testsuite name="./test/compact/CompactUnusedFiniteGuard.ts" tests="4" disabled="0" errors="0" failures="0">
        <testcase name="removeNeuron - normal bias adjustment succeeds" classname="./test/compact/CompactUnusedFiniteGuard.ts" time="0.007" line="15" col="6">
        </testcase>
        <testcase name="removeNeuron - returns false when bias addition overflows to Infinity" classname="./test/compact/CompactUnusedFiniteGuard.ts" time="0.000" line="47" col="6">
        </testcase>
        <testcase name="removeNeuron - returns false when activation is NaN" classname="./test/compact/CompactUnusedFiniteGuard.ts" time="0.000" line="83" col="6">
        </testcase>
        <testcase name="removeNeuron - multiple synapses: no partial bias corruption on failure" classname="./test/compact/CompactUnusedFiniteGuard.ts" time="0.000" line="109" col="6">
        </testcase>
    </testsuite>
    <testsuite name="./test/compact/CompactUnusedOrphanCleanup.ts" tests="2" disabled="0" errors="0" failures="0">
        <testcase name="compactUnused - no orphaned neurons after removal (issue #2117)" classname="./test/compact/CompactUnusedOrphanCleanup.ts" time="0.189" line="79" col="6">
        </testcase>
        <testcase name="compactUnused - cascade cleanup of chain of orphaned neurons (issue #2117)" classname="./test/compact/CompactUnusedOrphanCleanup.ts" time="0.157" line="117" col="6">
        </testcase>
    </testsuite>
    <testsuite name="./test/compact/CompactUtils.ts" tests="18" disabled="0" errors="0" failures="0">
        <testcase name="mergeDuplicateSynapses - sums weights of duplicate synapses" classname="./test/compact/CompactUtils.ts" time="0.001" line="11" col="6">
        </testcase>
        <testcase name="mergeDuplicateSynapses - no duplicates returns zero merges" classname="./test/compact/CompactUtils.ts" time="0.000" line="35" col="6">
        </testcase>
        <testcase name="mergeDuplicateSynapses - same from/to merges even when type differs (Issue #2086)" classname="./test/compact/CompactUtils.ts" time="0.000" line="53" col="6">
        </testcase>
        <testcase name="mergeDuplicateSynapses - deletes memetic when merging occurs" classname="./test/compact/CompactUtils.ts" time="0.002" line="86" col="6">
        </testcase>
        <testcase name="pruneZeroWeightSynapses - removes zero-weight untyped synapses" classname="./test/compact/CompactUtils.ts" time="0.000" line="104" col="6">
        </testcase>
        <testcase name="pruneZeroWeightSynapses - preserves typed zero-weight synapses" classname="./test/compact/CompactUtils.ts" time="0.000" line="130" col="6">
        </testcase>
        <testcase name="pruneZeroWeightSynapses - preserves last inbound to output" classname="./test/compact/CompactUtils.ts" time="0.000" line="158" col="6">
        </testcase>
        <testcase name="pruneZeroWeightSynapses - removes non-finite weight synapses" classname="./test/compact/CompactUtils.ts" time="0.000" line="176" col="6">
        </testcase>
        <testcase name="pruneDeadSubgraphs - removes neurons with no path to output" classname="./test/compact/CompactUtils.ts" time="0.000" line="194" col="6">
        </testcase>
        <testcase name="pruneDeadSubgraphs - no dead neurons returns zero counts" classname="./test/compact/CompactUtils.ts" time="0.000" line="230" col="6">
        </testcase>
        <testcase name="cleanupMemeticForRemovedSynapse - deletes memetic when synapse is referenced" classname="./test/compact/CompactUtils.ts" time="0.000" line="249" col="6">
        </testcase>
        <testcase name="cleanupMemeticForRemovedSynapse - preserves memetic when synapse not referenced" classname="./test/compact/CompactUtils.ts" time="0.000" line="271" col="6">
        </testcase>
        <testcase name="cleanupMemeticForRemovedSynapse - handles missing memetic gracefully" classname="./test/compact/CompactUtils.ts" time="0.000" line="293" col="6">
        </testcase>
        <testcase name="cleanupMemeticForRemovedNeuron - deletes memetic when neuron is in weights" classname="./test/compact/CompactUtils.ts" time="0.000" line="308" col="6">
        </testcase>
        <testcase name="cleanupMemeticForRemovedNeuron - deletes memetic when neuron is a weight target" classname="./test/compact/CompactUtils.ts" time="0.000" line="330" col="6">
        </testcase>
        <testcase name="cleanupMemeticForRemovedNeuron - deletes memetic when neuron is in biases" classname="./test/compact/CompactUtils.ts" time="0.000" line="352" col="6">
        </testcase>
        <testcase name="cleanupMemeticForRemovedNeuron - preserves memetic when neuron not referenced" classname="./test/compact/CompactUtils.ts" time="0.000" line="374" col="6">
        </testcase>
        <testcase name="cleanupMemeticForRemovedNeuron - handles missing memetic gracefully" classname="./test/compact/CompactUtils.ts" time="0.000" line="396" col="6">
        </testcase>
    </testsuite>
    <testsuite name="./test/compact/DeadSubgraphPruning.ts" tests="1" disabled="0" errors="0" failures="0">
        <testcase name="Dead subgraph pruning: removes unreachable subgraph without changing outputs" classname="./test/compact/DeadSubgraphPruning.ts" time="0.012" line="44" col="6">
        </testcase>
    </testsuite>
    <testsuite name="./test/compact/FixIF.ts" tests="1" disabled="0" errors="0" failures="0">
        <testcase name="compactUnused - behaviour preserved when IF-type neuron is compacted" classname="./test/compact/FixIF.ts" time="0.153" line="77" col="6">
        </testcase>
    </testsuite>
    <testsuite name="./test/compact/IsAggregationSquash.ts" tests="3" disabled="0" errors="0" failures="0">
        <testcase name="isAggregationSquash - returns true for aggregation squashes" classname="./test/compact/IsAggregationSquash.ts" time="0.001" line="9" col="6">
        </testcase>
        <testcase name="isAggregationSquash - returns false for non-aggregation squashes" classname="./test/compact/IsAggregationSquash.ts" time="0.000" line="20" col="6">
        </testcase>
        <testcase name="isAggregationSquash - returns false for undefined and empty string" classname="./test/compact/IsAggregationSquash.ts" time="0.000" line="31" col="6">
        </testcase>
    </testsuite>
    <testsuite name="./test/compact/MergeDuplicateSynapses.ts" tests="1" disabled="0" errors="0" failures="0">
        <testcase name="mergeDuplicateSynapses: merges same from/to (sums weights), clears memetic" classname="./test/compact/MergeDuplicateSynapses.ts" time="0.002" line="8" col="6">
        </testcase>
    </testsuite>
    <testsuite name="./test/compact/MergeDuplicateSynapsesTagDedup.ts" tests="1" disabled="0" errors="0" failures="0">
        <testcase name="mergeDuplicateSynapses: de-duplicates tags by {name,value} (not reference equality)" classname="./test/compact/MergeDuplicateSynapsesTagDedup.ts" time="0.001" line="5" col="6">
        </testcase>
    </testsuite>
    <testsuite name="./test/compact/OrphanedNeuronCornerCases.ts" tests="6" disabled="0" errors="0" failures="0">
        <testcase name="cleanupOrphanedNeurons - deep cascade: A→B→C→D all removed when A is sole source" classname="./test/compact/OrphanedNeuronCornerCases.ts" time="0.005" line="10" col="6">
        </testcase>
        <testcase name="cleanupOrphanedNeurons - hidden-to-constant conversion then orphaning" classname="./test/compact/OrphanedNeuronCornerCases.ts" time="0.000" line="76" col="6">
        </testcase>
        <testcase name="cleanupOrphanedNeurons - multiple neurons orphaned simultaneously" classname="./test/compact/OrphanedNeuronCornerCases.ts" time="0.000" line="119" col="6">
        </testcase>
        <testcase name="cleanupOrphanedNeurons - constant neuron with only inward connections" classname="./test/compact/OrphanedNeuronCornerCases.ts" time="0.000" line="158" col="6">
        </testcase>
        <testcase name="cleanupOrphanedNeurons - self-referencing synapse edge case" classname="./test/compact/OrphanedNeuronCornerCases.ts" time="0.000" line="196" col="6">
        </testcase>
        <testcase name="cleanupOrphanedNeurons - defensive fromId cleanup prevents dangling references" classname="./test/compact/OrphanedNeuronCornerCases.ts" time="0.000" line="245" col="6">
        </testcase>
    </testsuite>
    <testsuite name="./test/compact/ParallelBridgeMerge.ts" tests="11" disabled="0" errors="0" failures="0">
        <testcase name="parallel bridge merge: two COMPLEMENT bridge neurons are merged" classname="./test/compact/ParallelBridgeMerge.ts" time="0.002" line="28" col="6">
        </testcase>
        <testcase name="parallel bridge merge: COMPLEMENT weight calculation is correct" classname="./test/compact/ParallelBridgeMerge.ts" time="0.000" line="76" col="6">
        </testcase>
        <testcase name="parallel bridge merge: mixed IDENTITY and COMPLEMENT are NOT merged together" classname="./test/compact/ParallelBridgeMerge.ts" time="0.000" line="148" col="6">
        </testcase>
        <testcase name="parallel bridge merge: LOGISTIC neurons are not merged" classname="./test/compact/ParallelBridgeMerge.ts" time="0.000" line="177" col="6">
        </testcase>
        <testcase name="parallel bridge merge: TANH neurons are not merged" classname="./test/compact/ParallelBridgeMerge.ts" time="0.000" line="204" col="6">
        </testcase>
        <testcase name="parallel bridge merge: ReLU neurons are not merged" classname="./test/compact/ParallelBridgeMerge.ts" time="0.000" line="230" col="6">
        </testcase>
        <testcase name="parallel bridge merge: ABSOLUTE neurons are not merged" classname="./test/compact/ParallelBridgeMerge.ts" time="0.000" line="257" col="6">
        </testcase>
        <testcase name="parallel bridge merge: MAXIMUM aggregate neurons are not merged" classname="./test/compact/ParallelBridgeMerge.ts" time="0.000" line="284" col="6">
        </testcase>
        <testcase name="parallel bridge merge: COMPLEMENT merge preserves structure via compactCreature" classname="./test/compact/ParallelBridgeMerge.ts" time="0.008" line="310" col="6">
        </testcase>
        <testcase name="parallel bridge merge: three COMPLEMENT neurons merged correctly" classname="./test/compact/ParallelBridgeMerge.ts" time="0.000" line="350" col="6">
        </testcase>
        <testcase name="parallel bridge merge: IDENTITY neurons still work as before" classname="./test/compact/ParallelBridgeMerge.ts" time="0.000" line="399" col="6">
        </testcase>
    </testsuite>
    <testsuite name="./test/compact/ParallelIdentityBridgeMerge.ts" tests="8" disabled="0" errors="0" failures="0">
        <testcase name="parallel IDENTITY merge: two bridge neurons to same target are merged" classname="./test/compact/ParallelIdentityBridgeMerge.ts" time="0.009" line="6" col="6">
        </testcase>
        <testcase name="parallel IDENTITY merge: weight calculation is correct" classname="./test/compact/ParallelIdentityBridgeMerge.ts" time="0.001" line="40" col="6">
        </testcase>
        <testcase name="parallel IDENTITY merge: bias contributions are correctly absorbed" classname="./test/compact/ParallelIdentityBridgeMerge.ts" time="0.001" line="107" col="6">
        </testcase>
        <testcase name="parallel IDENTITY merge: skips when would create duplicate synapses" classname="./test/compact/ParallelIdentityBridgeMerge.ts" time="0.000" line="143" col="6">
        </testcase>
        <testcase name="parallel IDENTITY merge: does not merge non-IDENTITY squash neurons" classname="./test/compact/ParallelIdentityBridgeMerge.ts" time="0.000" line="172" col="6">
        </testcase>
        <testcase name="parallel IDENTITY merge: does not merge neurons with multiple inbound connections" classname="./test/compact/ParallelIdentityBridgeMerge.ts" time="0.000" line="207" col="6">
        </testcase>
        <testcase name="parallel IDENTITY merge: preserves forward-only topology" classname="./test/compact/ParallelIdentityBridgeMerge.ts" time="0.000" line="236" col="6">
        </testcase>
        <testcase name="parallel IDENTITY merge: three bridge neurons merged correctly" classname="./test/compact/ParallelIdentityBridgeMerge.ts" time="0.000" line="268" col="6">
        </testcase>
    </testsuite>
    <testsuite name="./test/compact/ParallelMergeCornerCases.ts" tests="7" disabled="0" errors="0" failures="0">
        <testcase name="parallel merge: bridge neuron with typed synapse is not merged" classname="./test/compact/ParallelMergeCornerCases.ts" time="0.002" line="14" col="6">
        </testcase>
        <testcase name="parallel merge: kept neuron&apos;s source is also merged elsewhere" classname="./test/compact/ParallelMergeCornerCases.ts" time="0.000" line="76" col="6">
        </testcase>
        <testcase name="parallel merge: duplicate synapse from redirect is prevented" classname="./test/compact/ParallelMergeCornerCases.ts" time="0.000" line="116" col="6">
        </testcase>
        <testcase name="parallel merge: neuron becomes bridge after zero-weight pruning context" classname="./test/compact/ParallelMergeCornerCases.ts" time="0.000" line="153" col="6">
        </testcase>
        <testcase name="parallel bridge merge: COMPLEMENT bridge with extra typed synapse is excluded" classname="./test/compact/ParallelMergeCornerCases.ts" time="0.000" line="185" col="6">
        </testcase>
        <testcase name="parallel identity merge: integrity assertion catches dangling references" classname="./test/compact/ParallelMergeCornerCases.ts" time="0.000" line="215" col="6">
        </testcase>
        <testcase name="parallel bridge merge: integrity assertion after COMPLEMENT merge" classname="./test/compact/ParallelMergeCornerCases.ts" time="0.000" line="250" col="6">
        </testcase>
    </testsuite>
    <testsuite name="./test/compact/RemoveBackwardSynapses.ts" tests="2" disabled="0" errors="0" failures="0">
        <testcase name="removeBackwardSynapses: strips synapses that point backwards in neuron order" classname="./test/compact/RemoveBackwardSynapses.ts" time="0.002" line="6" col="6">
        </testcase>
        <testcase name="removeBackwardSynapses: no-op when the network is already feed-forward" classname="./test/compact/RemoveBackwardSynapses.ts" time="0.000" line="50" col="6">
        </testcase>
    </testsuite>
    <testsuite name="./test/compact/PruneOrphanMemeticReferences.ts" tests="2" disabled="0" errors="0" failures="0">
        <testcase name="pruneOrphanMemeticReferences removes stale bias keys" classname="./test/compact/PruneOrphanMemeticReferences.ts" time="0.006" line="7" col="6">
        </testcase>
        <testcase name="fix() leaves memetic consistent for validate after stale memetic" classname="./test/compact/PruneOrphanMemeticReferences.ts" time="0.005" line="63" col="6">
        </testcase>
    </testsuite>
    <testsuite name="./test/compact/SimplifyLargeWeights.ts" tests="4" disabled="0" errors="0" failures="0">
        <testcase name="simplifyLargeWeights: rescales imbalanced ABSOLUTE bridge and reduces penalty" classname="./test/compact/SimplifyLargeWeights.ts" time="0.001" line="16" col="6">
        </testcase>
        <testcase name="simplifyLargeWeights: no-op for balanced weights" classname="./test/compact/SimplifyLargeWeights.ts" time="0.000" line="57" col="6">
        </testcase>
        <testcase name="simplifyLargeWeights: non-homogeneous squash (TANH) is left alone" classname="./test/compact/SimplifyLargeWeights.ts" time="0.000" line="78" col="6">
        </testcase>
        <testcase name="calculateWeightBiasPenalty: returns 0 for an empty creature export" classname="./test/compact/SimplifyLargeWeights.ts" time="0.000" line="99" col="6">
        </testcase>
    </testsuite>
    <testsuite name="./test/compact/UnusedClipped.ts" tests="1" disabled="0" errors="0" failures="0">
        <testcase name="compactUnused - behaviour preserved when CLIPPED hidden neuron is removed" classname="./test/compact/UnusedClipped.ts" time="0.134" line="54" col="6">
        </testcase>
    </testsuite>
    <testsuite name="./test/compact/ZeroWeightSynapsePruning.ts" tests="1" disabled="0" errors="0" failures="0">
        <testcase name="Compact: prunes zero-weight synapses then removes newly-orphaned neurons (behaviour-preserving)" classname="./test/compact/ZeroWeightSynapsePruning.ts" time="0.016" line="39" col="6">
        </testcase>
    </testsuite>
    <testsuite name="./test/compact/ZeroWeightSynapsePruningTyped.ts" tests="1" disabled="0" errors="0" failures="0">
        <testcase name="pruneZeroWeightSynapses: keeps typed synapses, protects IF targets, and never disconnects outputs" classname="./test/compact/ZeroWeightSynapsePruningTyped.ts" time="0.001" line="5" col="6">
        </testcase>
    </testsuite>
    <testsuite name="./test/config/AdaptiveMutationThresholds.ts" tests="6" disabled="0" errors="0" failures="0">
        <testcase name="AdaptiveMutationThresholds - defaults are applied" classname="./test/config/AdaptiveMutationThresholds.ts" time="0.005" line="7" col="6">
        </testcase>
        <testcase name="AdaptiveMutationThresholds - custom values override defaults" classname="./test/config/AdaptiveMutationThresholds.ts" time="0.000" line="23" col="6">
        </testcase>
        <testcase name="AdaptiveMutationThresholds - partial overrides keep other defaults" classname="./test/config/AdaptiveMutationThresholds.ts" time="0.000" line="36" col="6">
        </testcase>
        <testcase name="AdaptiveMutationThresholds - validation: large must be greater than medium" classname="./test/config/AdaptiveMutationThresholds.ts" time="0.002" line="51" col="6">
        </testcase>
        <testcase name="AdaptiveMutationThresholds - validation: equal values are rejected" classname="./test/config/AdaptiveMutationThresholds.ts" time="0.000" line="65" col="6">
        </testcase>
        <testcase name="AdaptiveMutationThresholds - string values are parsed from CLI" classname="./test/config/AdaptiveMutationThresholds.ts" time="0.000" line="79" col="6">
        </testcase>
    </testsuite>
    <testsuite name="./test/config/AdaptivePopulationConfig.ts" tests="6" disabled="0" errors="0" failures="0">
        <testcase name="AdaptivePopulationConfig - defaults are applied" classname="./test/config/AdaptivePopulationConfig.ts" time="0.005" line="5" col="6">
        </testcase>
        <testcase name="AdaptivePopulationConfig - custom values override defaults" classname="./test/config/AdaptivePopulationConfig.ts" time="0.000" line="29" col="6">
        </testcase>
        <testcase name="AdaptivePopulationConfig - disabled by default" classname="./test/config/AdaptivePopulationConfig.ts" time="0.000" line="46" col="6">
        </testcase>
        <testcase name="AdaptivePopulationConfig - string coercion for CLI" classname="./test/config/AdaptivePopulationConfig.ts" time="0.000" line="51" col="6">
        </testcase>
        <testcase name="AdaptivePopulationConfig - minCreaturesPerWorker defaults to 3" classname="./test/config/AdaptivePopulationConfig.ts" time="0.000" line="62" col="6">
        </testcase>
        <testcase name="AdaptivePopulationConfig - minCreaturesPerWorker can be 0 to disable floor" classname="./test/config/AdaptivePopulationConfig.ts" time="0.000" line="67" col="6">
        </testcase>
    </testsuite>
    <testsuite name="./test/config/BiasRegularisationConfig.ts" tests="6" disabled="0" errors="0" failures="0">
        <testcase name="BiasRegularisationConfig - defaults are applied" classname="./test/config/BiasRegularisationConfig.ts" time="0.005" line="7" col="6">
        </testcase>
        <testcase name="BiasRegularisationConfig - custom values override defaults" classname="./test/config/BiasRegularisationConfig.ts" time="0.000" line="35" col="6">
        </testcase>
        <testcase name="BiasRegularisationConfig - partial overrides keep other defaults" classname="./test/config/BiasRegularisationConfig.ts" time="0.000" line="55" col="6">
        </testcase>
        <testcase name="BiasRegularisationConfig - boolean fields accept boolean values" classname="./test/config/BiasRegularisationConfig.ts" time="0.000" line="76" col="6">
        </testcase>
        <testcase name="BiasRegularisationConfig - string values are parsed from CLI" classname="./test/config/BiasRegularisationConfig.ts" time="0.000" line="87" col="6">
        </testcase>
        <testcase name="BiasRegularisationConfig - zero l2Strength disables regularisation penalty" classname="./test/config/BiasRegularisationConfig.ts" time="0.000" line="102" col="6">
        </testcase>
    </testsuite>
    <testsuite name="./test/config/ComparisonDocumentedFeatures.ts" tests="10" disabled="0" errors="0" failures="0">
        <testcase name="COMPARISON documented features - weight regularisation config is accessible" classname="./test/config/ComparisonDocumentedFeatures.ts" time="0.005" line="9" col="6">
        </testcase>
        <testcase name="COMPARISON documented features - bias regularisation config is accessible" classname="./test/config/ComparisonDocumentedFeatures.ts" time="0.000" line="20" col="6">
        </testcase>
        <testcase name="COMPARISON documented features - feedbackLoop enables recurrent mutations" classname="./test/config/ComparisonDocumentedFeatures.ts" time="0.000" line="31" col="6">
        </testcase>
        <testcase name="COMPARISON documented features - predictive coding config is accessible" classname="./test/config/ComparisonDocumentedFeatures.ts" time="0.000" line="45" col="6">
        </testcase>
        <testcase name="COMPARISON documented features - adaptive mutation thresholds config is accessible" classname="./test/config/ComparisonDocumentedFeatures.ts" time="0.000" line="61" col="6">
        </testcase>
        <testcase name="COMPARISON documented features - plateau detection config is accessible" classname="./test/config/ComparisonDocumentedFeatures.ts" time="0.000" line="72" col="6">
        </testcase>
        <testcase name="COMPARISON documented features - stability adaptation config is accessible" classname="./test/config/ComparisonDocumentedFeatures.ts" time="0.000" line="83" col="6">
        </testcase>
        <testcase name="COMPARISON documented features - ensemble diversity config is accessible" classname="./test/config/ComparisonDocumentedFeatures.ts" time="0.000" line="94" col="6">
        </testcase>
        <testcase name="COMPARISON documented features - quantum step config is accessible" classname="./test/config/ComparisonDocumentedFeatures.ts" time="0.000" line="105" col="6">
        </testcase>
        <testcase name="COMPARISON documented features - all documented configs have defaults" classname="./test/config/ComparisonDocumentedFeatures.ts" time="0.000" line="116" col="6">
        </testcase>
    </testsuite>
    <testsuite name="./test/config/CheckpointEveryGeneration.ts" tests="2" disabled="0" errors="0" failures="0">
        <testcase name="checkpointEveryGeneration" classname="./test/config/CheckpointEveryGeneration.ts" time="0.182" line="8" col="6">
        </testcase>
        <testcase name="checkpointEveryGeneration disabled" classname="./test/config/CheckpointEveryGeneration.ts" time="0.087" line="58" col="6">
        </testcase>
    </testsuite>
    <testsuite name="./test/config/CheckpointWriteTiming.ts" tests="2" disabled="0" errors="0" failures="0">
        <testcase name="checkpointWriteMs present when checkpointEveryGeneration enabled" classname="./test/config/CheckpointWriteTiming.ts" time="0.110" line="16" col="6">
        </testcase>
        <testcase name="checkpointWriteMs undefined when checkpointEveryGeneration disabled" classname="./test/config/CheckpointWriteTiming.ts" time="0.036" line="65" col="6">
        </testcase>
    </testsuite>
    <testsuite name="./test/config/ConfigurationGuideDefaults.ts" tests="12" disabled="0" errors="0" failures="0">
        <testcase name="Configuration guide - core evolution defaults match code" classname="./test/config/ConfigurationGuideDefaults.ts" time="0.005" line="33" col="6">
        </testcase>
        <testcase name="Configuration guide - discovery defaults match code" classname="./test/config/ConfigurationGuideDefaults.ts" time="0.000" line="57" col="6">
        </testcase>
        <testcase name="Configuration guide - adaptive mutation defaults match code" classname="./test/config/ConfigurationGuideDefaults.ts" time="0.000" line="86" col="6">
        </testcase>
        <testcase name="Configuration guide - plateau detection defaults match code" classname="./test/config/ConfigurationGuideDefaults.ts" time="0.000" line="93" col="6">
        </testcase>
        <testcase name="Configuration guide - stability adaptation defaults match code" classname="./test/config/ConfigurationGuideDefaults.ts" time="0.000" line="103" col="6">
        </testcase>
        <testcase name="Configuration guide - weight regularisation defaults match code" classname="./test/config/ConfigurationGuideDefaults.ts" time="0.000" line="117" col="6">
        </testcase>
        <testcase name="Configuration guide - bias regularisation defaults match code" classname="./test/config/ConfigurationGuideDefaults.ts" time="0.000" line="127" col="6">
        </testcase>
        <testcase name="Configuration guide - ensemble diversity defaults match code" classname="./test/config/ConfigurationGuideDefaults.ts" time="0.000" line="137" col="6">
        </testcase>
        <testcase name="Configuration guide - quantum step defaults match code" classname="./test/config/ConfigurationGuideDefaults.ts" time="0.000" line="151" col="6">
        </testcase>
        <testcase name="Configuration guide - fine-tune population defaults match code" classname="./test/config/ConfigurationGuideDefaults.ts" time="0.000" line="158" col="6">
        </testcase>
        <testcase name="Configuration guide - MCMC defaults match code" classname="./test/config/ConfigurationGuideDefaults.ts" time="0.000" line="166" col="6">
        </testcase>
        <testcase name="Configuration guide - discovery replay defaults match code" classname="./test/config/ConfigurationGuideDefaults.ts" time="0.000" line="177" col="6">
        </testcase>
    </testsuite>
    <testsuite name="./test/config/CrossValidationConfig.ts" tests="7" disabled="0" errors="0" failures="0">
        <testcase name="CrossValidationConfig - defaults are applied" classname="./test/config/CrossValidationConfig.ts" time="0.006" line="5" col="6">
        </testcase>
        <testcase name="CrossValidationConfig - disabled by default" classname="./test/config/CrossValidationConfig.ts" time="0.000" line="21" col="6">
        </testcase>
        <testcase name="CrossValidationConfig - custom values override defaults" classname="./test/config/CrossValidationConfig.ts" time="0.000" line="26" col="6">
        </testcase>
        <testcase name="CrossValidationConfig - string coercion for CLI" classname="./test/config/CrossValidationConfig.ts" time="0.000" line="39" col="6">
        </testcase>
        <testcase name="CrossValidationConfig - folds must be &gt;= 1" classname="./test/config/CrossValidationConfig.ts" time="0.001" line="48" col="6">
        </testcase>
        <testcase name="CrossValidationConfig - folds must be &lt;= 20" classname="./test/config/CrossValidationConfig.ts" time="0.000" line="61" col="6">
        </testcase>
        <testcase name="CrossValidationConfig - partial overrides preserve defaults" classname="./test/config/CrossValidationConfig.ts" time="0.000" line="74" col="6">
        </testcase>
    </testsuite>
    <testsuite name="./test/config/DiscoveryCacheConfig.ts" tests="3" disabled="0" errors="0" failures="0">
        <testcase name="parseDiscoveryCache returns defaults when no overrides" classname="./test/config/DiscoveryCacheConfig.ts" time="0.001" line="9" col="6">
        </testcase>
        <testcase name="parseDiscoveryCache applies partial overrides" classname="./test/config/DiscoveryCacheConfig.ts" time="0.000" line="26" col="6">
        </testcase>
        <testcase name="parseDiscoveryCache accepts string values from CLI" classname="./test/config/DiscoveryCacheConfig.ts" time="0.000" line="43" col="6">
        </testcase>
    </testsuite>
    <testsuite name="./test/config/DiscoveryMinCandidatesPerCategory.ts" tests="5" disabled="0" errors="0" failures="0">
        <testcase name="DiscoveryMinCandidatesPerCategory - defaults are applied" classname="./test/config/DiscoveryMinCandidatesPerCategory.ts" time="0.005" line="5" col="6">
        </testcase>
        <testcase name="DiscoveryMinCandidatesPerCategory - custom values override defaults" classname="./test/config/DiscoveryMinCandidatesPerCategory.ts" time="0.001" line="25" col="6">
        </testcase>
        <testcase name="DiscoveryMinCandidatesPerCategory - partial overrides keep other defaults" classname="./test/config/DiscoveryMinCandidatesPerCategory.ts" time="0.000" line="40" col="6">
        </testcase>
        <testcase name="DiscoveryMinCandidatesPerCategory - string values are parsed from CLI" classname="./test/config/DiscoveryMinCandidatesPerCategory.ts" time="0.000" line="61" col="6">
        </testcase>
        <testcase name="DiscoveryMinCandidatesPerCategory - zero values are allowed" classname="./test/config/DiscoveryMinCandidatesPerCategory.ts" time="0.000" line="76" col="6">
        </testcase>
    </testsuite>
    <testsuite name="./test/config/DiskSpaceConfig.ts" tests="9" disabled="0" errors="0" failures="0">
        <testcase name="DiskSpaceConfig defaults are applied when no overrides given" classname="./test/config/DiskSpaceConfig.ts" time="0.006" line="15" col="6">
        </testcase>
        <testcase name="DiskSpaceConfig accepts custom thresholds" classname="./test/config/DiskSpaceConfig.ts" time="0.000" line="24" col="6">
        </testcase>
        <testcase name="DiskSpaceConfig can be disabled" classname="./test/config/DiskSpaceConfig.ts" time="0.000" line="36" col="6">
        </testcase>
        <testcase name="DiskSpaceConfig accepts string values from CLI" classname="./test/config/DiskSpaceConfig.ts" time="0.000" line="45" col="6">
        </testcase>
        <testcase name="DiskSpaceConfig rejects criticalFreeDiskMB &gt; minFreeDiskMB" classname="./test/config/DiskSpaceConfig.ts" time="0.002" line="58" col="6">
        </testcase>
        <testcase name="DiskSpaceConfig allows equal thresholds" classname="./test/config/DiskSpaceConfig.ts" time="0.000" line="72" col="6">
        </testcase>
        <testcase name="parseDiskSpaceConfig applies defaults when no overrides" classname="./test/config/DiskSpaceConfig.ts" time="0.000" line="85" col="6">
        </testcase>
        <testcase name="parseDiskSpaceConfig merges partial overrides" classname="./test/config/DiskSpaceConfig.ts" time="0.000" line="92" col="6">
        </testcase>
        <testcase name="parseDiskSpaceConfig allows zero thresholds" classname="./test/config/DiskSpaceConfig.ts" time="0.000" line="99" col="6">
        </testcase>
    </testsuite>
    <testsuite name="./test/config/EnsembleDiversityConfig.ts" tests="4" disabled="0" errors="0" failures="0">
        <testcase name="EnsembleDiversityConfig - defaults are applied" classname="./test/config/EnsembleDiversityConfig.ts" time="0.005" line="7" col="6">
        </testcase>
        <testcase name="EnsembleDiversityConfig - custom values override defaults" classname="./test/config/EnsembleDiversityConfig.ts" time="0.000" line="51" col="6">
        </testcase>
        <testcase name="EnsembleDiversityConfig - boolean fields accept boolean values" classname="./test/config/EnsembleDiversityConfig.ts" time="0.000" line="71" col="6">
        </testcase>
        <testcase name="EnsembleDiversityConfig - string values are parsed from CLI" classname="./test/config/EnsembleDiversityConfig.ts" time="0.000" line="94" col="6">
        </testcase>
    </testsuite>
    <testsuite name="./test/config/FineTunePopulationConfig.ts" tests="8" disabled="0" errors="0" failures="0">
        <testcase name="FineTunePopulationConfig - defaults applied when not specified" classname="./test/config/FineTunePopulationConfig.ts" time="0.006" line="10" col="6">
        </testcase>
        <testcase name="FineTunePopulationConfig - custom values override defaults" classname="./test/config/FineTunePopulationConfig.ts" time="0.000" line="33" col="6">
        </testcase>
        <testcase name="FineTunePopulationConfig - partial overrides merge with defaults" classname="./test/config/FineTunePopulationConfig.ts" time="0.000" line="51" col="6">
        </testcase>
        <testcase name="FineTunePopulationConfig - string values coerced from CLI" classname="./test/config/FineTunePopulationConfig.ts" time="0.000" line="75" col="6">
        </testcase>
        <testcase name="FineTunePopulationConfig - maxPopulationFraction less than minPopulationFraction throws" classname="./test/config/FineTunePopulationConfig.ts" time="0.002" line="93" col="6">
        </testcase>
        <testcase name="FineTunePopulationConfig - basePopulationFraction below min throws" classname="./test/config/FineTunePopulationConfig.ts" time="0.000" line="110" col="6">
        </testcase>
        <testcase name="FineTunePopulationConfig - basePopulationFraction above max throws" classname="./test/config/FineTunePopulationConfig.ts" time="0.000" line="127" col="6">
        </testcase>
        <testcase name="FineTunePopulationConfig - default values are sensible" classname="./test/config/FineTunePopulationConfig.ts" time="0.000" line="144" col="6">
        </testcase>
    </testsuite>
    <testsuite name="./test/config/GlobalDeclarations.ts" tests="2" disabled="0" errors="0" failures="0">
        <testcase name="getGlobalDebug / setGlobalDebug round-trips correctly" classname="./test/config/GlobalDeclarations.ts" time="0.001" line="9" col="6">
        </testcase>
        <testcase name="getSkipWasmAutoInit / setSkipWasmAutoInit round-trips correctly" classname="./test/config/GlobalDeclarations.ts" time="0.001" line="22" col="6">
        </testcase>
    </testsuite>
    <testsuite name="./test/config/HeavyTaskWorkerCount.ts" tests="14" disabled="0" errors="0" failures="0">
        <testcase name="heavyTaskWorkerCount - defaults to 2" classname="./test/config/HeavyTaskWorkerCount.ts" time="0.005" line="7" col="6">
        </testcase>
        <testcase name="threads default is cores + default heavy (Issue #2244)" classname="./test/config/HeavyTaskWorkerCount.ts" time="0.000" line="12" col="6">
        </testcase>
        <testcase name="heavyTaskWorkerCount - user can override" classname="./test/config/HeavyTaskWorkerCount.ts" time="0.000" line="18" col="6">
        </testcase>
        <testcase name="heavyTaskWorkerCount - accepts string from CLI" classname="./test/config/HeavyTaskWorkerCount.ts" time="0.000" line="23" col="6">
        </testcase>
        <testcase name="heavyTaskWorkerCount - rejects 0 (must be &gt;= 1)" classname="./test/config/HeavyTaskWorkerCount.ts" time="0.001" line="31" col="6">
        </testcase>
        <testcase name="heavyTaskWorkerCount - rejects negative values" classname="./test/config/HeavyTaskWorkerCount.ts" time="0.000" line="38" col="6">
        </testcase>
        <testcase name="heavyTaskWorkerCount - rejects value &gt;= threads when threads &gt; 2" classname="./test/config/HeavyTaskWorkerCount.ts" time="0.000" line="45" col="6">
        </testcase>
        <testcase name="heavyTaskWorkerCount - rejects value equal to threads when threads &gt; 2" classname="./test/config/HeavyTaskWorkerCount.ts" time="0.000" line="53" col="6">
        </testcase>
        <testcase name="heavyTaskWorkerCount - allows value up to threads - 1 when threads &gt; 2" classname="./test/config/HeavyTaskWorkerCount.ts" time="0.000" line="61" col="6">
        </testcase>
        <testcase name="heavyTaskWorkerCount - skips upper-bound validation when threads &lt;= 2" classname="./test/config/HeavyTaskWorkerCount.ts" time="0.000" line="66" col="6">
        </testcase>
        <testcase name="heavyTaskWorkerCount - works with threads = 1" classname="./test/config/HeavyTaskWorkerCount.ts" time="0.000" line="71" col="6">
        </testcase>
        <testcase name="heavyTaskWorkerCount - preserves default behaviour with no options" classname="./test/config/HeavyTaskWorkerCount.ts" time="0.000" line="76" col="6">
        </testcase>
        <testcase name="heavyTaskWorkerCount - config is frozen after creation" classname="./test/config/HeavyTaskWorkerCount.ts" time="0.000" line="81" col="6">
        </testcase>
        <testcase name="heavyTaskWorkerCount - must be integer" classname="./test/config/HeavyTaskWorkerCount.ts" time="0.000" line="92" col="6">
        </testcase>
    </testsuite>
    <testsuite name="./test/config/HyperparameterConfig.ts" tests="7" disabled="0" errors="0" failures="0">
        <testcase name="HyperparameterEvolutionConfig - defaults are applied" classname="./test/config/HyperparameterConfig.ts" time="0.006" line="8" col="6">
        </testcase>
        <testcase name="HyperparameterEvolutionConfig - custom values override defaults" classname="./test/config/HyperparameterConfig.ts" time="0.000" line="28" col="6">
        </testcase>
        <testcase name="HyperparameterEvolutionConfig - string coercion for CLI" classname="./test/config/HyperparameterConfig.ts" time="0.000" line="48" col="6">
        </testcase>
        <testcase name="Default evolvable hyperparameters have sensible values" classname="./test/config/HyperparameterConfig.ts" time="0.000" line="59" col="6">
        </testcase>
        <testcase name="HyperparameterEvolutionConfig - disabled by default" classname="./test/config/HyperparameterConfig.ts" time="0.000" line="69" col="6">
        </testcase>
        <testcase name="HyperparameterEvolutionConfig - bounds are consistent" classname="./test/config/HyperparameterConfig.ts" time="0.000" line="74" col="6">
        </testcase>
        <testcase name="Default hyperparameters are distinct object copies" classname="./test/config/HyperparameterConfig.ts" time="0.000" line="87" col="6">
        </testcase>
    </testsuite>
    <testsuite name="./test/config/LoggerConfig.ts" tests="8" disabled="0" errors="0" failures="0">
        <testcase name="LoggerConfig - default logger is created and callable" classname="./test/config/LoggerConfig.ts" time="0.005" line="10" col="6">
        </testcase>
        <testcase name="LoggerConfig - custom logger is used when provided" classname="./test/config/LoggerConfig.ts" time="0.001" line="20" col="6">
        </testcase>
        <testcase name="LoggerConfig - logLevel controls default logger filtering" classname="./test/config/LoggerConfig.ts" time="0.000" line="44" col="6">
        </testcase>
        <testcase name="LoggerConfig - SILENT_LOGGER can be injected via options" classname="./test/config/LoggerConfig.ts" time="0.000" line="74" col="6">
        </testcase>
        <testcase name="LoggerConfig - createNeatConfig sets the global logger" classname="./test/config/LoggerConfig.ts" time="0.000" line="82" col="6">
        </testcase>
        <testcase name="LoggerConfig - logLevel is ignored when custom logger is provided" classname="./test/config/LoggerConfig.ts" time="0.000" line="99" col="6">
        </testcase>
        <testcase name="LoggerConfig - config rejects property assignment after creation" classname="./test/config/LoggerConfig.ts" time="0.001" line="124" col="6">
        </testcase>
        <testcase name="LoggerConfig - default logLevel is info" classname="./test/config/LoggerConfig.ts" time="0.000" line="135" col="6">
        </testcase>
    </testsuite>
    <testsuite name="./test/config/MCMCConfig.ts" tests="25" disabled="0" errors="0" failures="0">
        <testcase name="MCMCConfig - defaults applied when not specified" classname="./test/config/MCMCConfig.ts" time="0.005" line="5" col="6">
        </testcase>
        <testcase name="MCMCConfig - enabled defaults to false (non-breaking)" classname="./test/config/MCMCConfig.ts" time="0.000" line="22" col="6">
        </testcase>
        <testcase name="MCMCConfig - custom values override defaults" classname="./test/config/MCMCConfig.ts" time="0.000" line="27" col="6">
        </testcase>
        <testcase name="MCMCConfig - partial overrides merge with defaults" classname="./test/config/MCMCConfig.ts" time="0.000" line="44" col="6">
        </testcase>
        <testcase name="MCMCConfig - string values coerced from CLI" classname="./test/config/MCMCConfig.ts" time="0.000" line="63" col="6">
        </testcase>
        <testcase name="MCMCConfig - initialTemperature must be &gt; 0" classname="./test/config/MCMCConfig.ts" time="0.001" line="78" col="6">
        </testcase>
        <testcase name="MCMCConfig - negative initialTemperature rejected" classname="./test/config/MCMCConfig.ts" time="0.000" line="89" col="6">
        </testcase>
        <testcase name="MCMCConfig - minTemperature must be &gt; 0" classname="./test/config/MCMCConfig.ts" time="0.000" line="100" col="6">
        </testcase>
        <testcase name="MCMCConfig - negative minTemperature rejected" classname="./test/config/MCMCConfig.ts" time="0.000" line="111" col="6">
        </testcase>
        <testcase name="MCMCConfig - coolingRate must be &gt; 0" classname="./test/config/MCMCConfig.ts" time="0.000" line="122" col="6">
        </testcase>
        <testcase name="MCMCConfig - coolingRate must be &lt; 1" classname="./test/config/MCMCConfig.ts" time="0.000" line="133" col="6">
        </testcase>
        <testcase name="MCMCConfig - coolingRate &gt;= 1 rejected" classname="./test/config/MCMCConfig.ts" time="0.000" line="144" col="6">
        </testcase>
        <testcase name="MCMCConfig - negative coolingRate rejected" classname="./test/config/MCMCConfig.ts" time="0.000" line="155" col="6">
        </testcase>
        <testcase name="MCMCConfig - targetAcceptanceRate must be &gt; 0" classname="./test/config/MCMCConfig.ts" time="0.000" line="166" col="6">
        </testcase>
        <testcase name="MCMCConfig - targetAcceptanceRate must be &lt; 1" classname="./test/config/MCMCConfig.ts" time="0.000" line="177" col="6">
        </testcase>
        <testcase name="MCMCConfig - minTemperature must be &lt;= initialTemperature" classname="./test/config/MCMCConfig.ts" time="0.000" line="188" col="6">
        </testcase>
        <testcase name="MCMCConfig - adjustmentRate must be &gt; 0" classname="./test/config/MCMCConfig.ts" time="0.000" line="204" col="6">
        </testcase>
        <testcase name="MCMCConfig - adjustmentRate must be &lt; 1" classname="./test/config/MCMCConfig.ts" time="0.000" line="215" col="6">
        </testcase>
        <testcase name="MCMCConfig - toleranceRate must be &gt; 0" classname="./test/config/MCMCConfig.ts" time="0.000" line="226" col="6">
        </testcase>
        <testcase name="MCMCConfig - toleranceRate must be &lt; 1" classname="./test/config/MCMCConfig.ts" time="0.000" line="237" col="6">
        </testcase>
        <testcase name="MCMCConfig - custom adjustmentRate and toleranceRate override defaults" classname="./test/config/MCMCConfig.ts" time="0.000" line="248" col="6">
        </testcase>
        <testcase name="MCMCConfig - string adjustmentRate and toleranceRate coerced from CLI" classname="./test/config/MCMCConfig.ts" time="0.000" line="259" col="6">
        </testcase>
        <testcase name="MCMCConfig - mcmcAdvantageMode defaults to &apos;absolute&apos; (non-breaking)" classname="./test/config/MCMCConfig.ts" time="0.000" line="272" col="6">
        </testcase>
        <testcase name="MCMCConfig - mcmcAdvantageMode &apos;groupRelative&apos; is accepted" classname="./test/config/MCMCConfig.ts" time="0.000" line="283" col="6">
        </testcase>
        <testcase name="MCMCConfig - mcmcAdvantageMode rejects unknown strings" classname="./test/config/MCMCConfig.ts" time="0.000" line="299" col="6">
        </testcase>
    </testsuite>
    <testsuite name="./test/config/MCMCConfigDocumentation.ts" tests="5" disabled="0" errors="0" failures="0">
        <testcase name="MCMC documentation - defaults match CONFIGURATION_GUIDE values" classname="./test/config/MCMCConfigDocumentation.ts" time="0.001" line="20" col="6">
        </testcase>
        <testcase name="MCMC documentation - public API exports match internal defaults" classname="./test/config/MCMCConfigDocumentation.ts" time="0.000" line="36" col="6">
        </testcase>
        <testcase name="MCMC documentation - MCMCConfig type is usable from public API" classname="./test/config/MCMCConfigDocumentation.ts" time="0.000" line="45" col="6">
        </testcase>
        <testcase name="MCMC documentation - RequiredMCMCConfig type is usable from public API" classname="./test/config/MCMCConfigDocumentation.ts" time="0.000" line="55" col="6">
        </testcase>
        <testcase name="MCMC documentation - internal and public types are compatible" classname="./test/config/MCMCConfigDocumentation.ts" time="0.000" line="83" col="6">
        </testcase>
    </testsuite>
    <testsuite name="./test/config/NeatArguments.ts" tests="5" disabled="0" errors="0" failures="0">
        <testcase name="NeatArguments - default array fields are empty arrays" classname="./test/config/NeatArguments.ts" time="0.008" line="4" col="6">
        </testcase>
        <testcase name="NeatArguments - logger and rng are always present and callable" classname="./test/config/NeatArguments.ts" time="0.000" line="12" col="6">
        </testcase>
        <testcase name="NeatArguments - optional string fields default to undefined" classname="./test/config/NeatArguments.ts" time="0.000" line="22" col="6">
        </testcase>
        <testcase name="NeatArguments - mutation array defaults to FFW mutations" classname="./test/config/NeatArguments.ts" time="0.000" line="30" col="6">
        </testcase>
        <testcase name="NeatArguments - selection is always a valid strategy" classname="./test/config/NeatArguments.ts" time="0.000" line="42" col="6">
        </testcase>
    </testsuite>
    <testsuite name="./test/config/NeatConfigParseOptions.ts" tests="22" disabled="0" errors="0" failures="0">
        <testcase name="NeatConfigParseOptions - trainingSampleRate accepts number" classname="./test/config/NeatConfigParseOptions.ts" time="0.005" line="16" col="6">
        </testcase>
        <testcase name="NeatConfigParseOptions - trainingSampleRate accepts string" classname="./test/config/NeatConfigParseOptions.ts" time="0.000" line="21" col="6">
        </testcase>
        <testcase name="NeatConfigParseOptions - trainingSampleRate invalid string throws clear error" classname="./test/config/NeatConfigParseOptions.ts" time="0.001" line="26" col="6">
        </testcase>
        <testcase name="NeatConfigParseOptions - trainingSampleRate out of range throws clear error" classname="./test/config/NeatConfigParseOptions.ts" time="0.000" line="34" col="6">
        </testcase>
        <testcase name="NeatConfigParseOptions - trainingSampleRate missing uses default" classname="./test/config/NeatConfigParseOptions.ts" time="0.000" line="42" col="6">
        </testcase>
        <testcase name="NeatConfigParseOptions - targetError accepts number and string" classname="./test/config/NeatConfigParseOptions.ts" time="0.000" line="47" col="6">
        </testcase>
        <testcase name="NeatConfigParseOptions - targetError invalid string throws" classname="./test/config/NeatConfigParseOptions.ts" time="0.000" line="52" col="6">
        </testcase>
        <testcase name="NeatConfigParseOptions - targetError missing uses default" classname="./test/config/NeatConfigParseOptions.ts" time="0.000" line="60" col="6">
        </testcase>
        <testcase name="NeatConfigParseOptions - costOfGrowth 0 is valid (not the default)" classname="./test/config/NeatConfigParseOptions.ts" time="0.000" line="64" col="6">
        </testcase>
        <testcase name="NeatConfigParseOptions - costOfGrowth missing uses default" classname="./test/config/NeatConfigParseOptions.ts" time="0.000" line="69" col="6">
        </testcase>
        <testcase name="NeatConfigParseOptions - sparseRatio accepts number and string" classname="./test/config/NeatConfigParseOptions.ts" time="0.000" line="74" col="6">
        </testcase>
        <testcase name="NeatConfigParseOptions - sparseRatio invalid string throws" classname="./test/config/NeatConfigParseOptions.ts" time="0.000" line="79" col="6">
        </testcase>
        <testcase name="NeatConfigParseOptions - timeoutMinutes accepts string" classname="./test/config/NeatConfigParseOptions.ts" time="0.000" line="87" col="6">
        </testcase>
        <testcase name="NeatConfigParseOptions - populationSize accepts string" classname="./test/config/NeatConfigParseOptions.ts" time="0.000" line="92" col="6">
        </testcase>
        <testcase name="NeatConfigParseOptions - dataSetPartitionBreak invalid string throws clear error" classname="./test/config/NeatConfigParseOptions.ts" time="0.000" line="97" col="6">
        </testcase>
        <testcase name="NeatConfigParseOptions - discoverySampleRate -1 (disabled) accepted" classname="./test/config/NeatConfigParseOptions.ts" time="0.000" line="106" col="6">
        </testcase>
        <testcase name="NeatConfigParseOptions - discoverySampleRate -1 as string accepted" classname="./test/config/NeatConfigParseOptions.ts" time="0.000" line="111" col="6">
        </testcase>
        <testcase name="NeatConfigParseOptions - discoverySampleRate 0 and 0.05 and 1 accepted" classname="./test/config/NeatConfigParseOptions.ts" time="0.000" line="116" col="6">
        </testcase>
        <testcase name="NeatConfigParseOptions - discoverySampleRate other negative (e.g. -0.12) throws" classname="./test/config/NeatConfigParseOptions.ts" time="0.000" line="131" col="6">
        </testcase>
        <testcase name="NeatConfigParseOptions - discoverySampleRate missing uses default" classname="./test/config/NeatConfigParseOptions.ts" time="0.000" line="143" col="6">
        </testcase>
        <testcase name="NeatConfigParseOptions - discoveryRecordTimeOutMinutes missing uses default" classname="./test/config/NeatConfigParseOptions.ts" time="0.000" line="150" col="6">
        </testcase>
        <testcase name="NeatConfigParseOptions - discoveryRecordTimeOutMinutes accepts override" classname="./test/config/NeatConfigParseOptions.ts" time="0.000" line="157" col="6">
        </testcase>
    </testsuite>
    <testsuite name="./test/config/NeatOptions.ts" tests="12" disabled="0" errors="0" failures="0">
        <testcase name="NeatOptions - empty options produces config with known defaults" classname="./test/config/NeatOptions.ts" time="0.005" line="4" col="6">
        </testcase>
        <testcase name="NeatOptions - numeric string coercion for top-level fields" classname="./test/config/NeatOptions.ts" time="0.000" line="10" col="6">
        </testcase>
        <testcase name="NeatOptions - partial overrides for sub-object configs" classname="./test/config/NeatOptions.ts" time="0.000" line="33" col="6">
        </testcase>
        <testcase name="NeatOptions - CoerceNumeric handles nested sub-object string values" classname="./test/config/NeatOptions.ts" time="0.000" line="44" col="6">
        </testcase>
        <testcase name="NeatOptions - invalid numeric string throws" classname="./test/config/NeatOptions.ts" time="0.001" line="59" col="6">
        </testcase>
        <testcase name="NeatOptions - Omit list allows partial sub-object overrides" classname="./test/config/NeatOptions.ts" time="0.000" line="69" col="6">
        </testcase>
        <testcase name="NeatOptions - seed option produces deterministic RNG" classname="./test/config/NeatOptions.ts" time="0.001" line="94" col="6">
        </testcase>
        <testcase name="NeatOptions - seed accepts string from CLI" classname="./test/config/NeatOptions.ts" time="0.002" line="112" col="6">
        </testcase>
        <testcase name="NeatOptions - logLevel option is accepted" classname="./test/config/NeatOptions.ts" time="0.000" line="122" col="6">
        </testcase>
        <testcase name="NeatOptions - verbose enables logging" classname="./test/config/NeatOptions.ts" time="0.000" line="127" col="6">
        </testcase>
        <testcase name="NeatOptions - feedbackLoop requires disableRandomSamples" classname="./test/config/NeatOptions.ts" time="0.000" line="133" col="6">
        </testcase>
        <testcase name="NeatOptions - feedbackLoop without disableRandomSamples throws" classname="./test/config/NeatOptions.ts" time="0.000" line="143" col="6">
        </testcase>
    </testsuite>
    <testsuite name="./test/config/NeatOptionsRuntimeValidation.ts" tests="17" disabled="0" errors="0" failures="0">
        <testcase name="NeatOptions validation - mutationRate &gt; 1 throws ConfigurationError" classname="./test/config/NeatOptionsRuntimeValidation.ts" time="0.004" line="14" col="6">
        </testcase>
        <testcase name="NeatOptions validation - negative mutationRate throws ConfigurationError" classname="./test/config/NeatOptionsRuntimeValidation.ts" time="0.000" line="22" col="6">
        </testcase>
        <testcase name="NeatOptions validation - mutationRate 0 throws ConfigurationError" classname="./test/config/NeatOptionsRuntimeValidation.ts" time="0.000" line="30" col="6">
        </testcase>
        <testcase name="NeatOptions validation - mutationRate 1 is valid (upper bound)" classname="./test/config/NeatOptionsRuntimeValidation.ts" time="0.003" line="39" col="6">
        </testcase>
        <testcase name="NeatOptions validation - mutationRate 0.5 is valid" classname="./test/config/NeatOptionsRuntimeValidation.ts" time="0.000" line="44" col="6">
        </testcase>
        <testcase name="NeatOptions validation - populationSize 0 throws ConfigurationError" classname="./test/config/NeatOptionsRuntimeValidation.ts" time="0.000" line="51" col="6">
        </testcase>
        <testcase name="NeatOptions validation - negative populationSize throws ConfigurationError" classname="./test/config/NeatOptionsRuntimeValidation.ts" time="0.000" line="59" col="6">
        </testcase>
        <testcase name="NeatOptions validation - populationSize 1 throws ConfigurationError" classname="./test/config/NeatOptionsRuntimeValidation.ts" time="0.000" line="67" col="6">
        </testcase>
        <testcase name="NeatOptions validation - elitism &gt;= populationSize throws ConfigurationError" classname="./test/config/NeatOptionsRuntimeValidation.ts" time="0.000" line="78" col="6">
        </testcase>
        <testcase name="NeatOptions validation - elitism &gt; populationSize throws ConfigurationError" classname="./test/config/NeatOptionsRuntimeValidation.ts" time="0.000" line="86" col="6">
        </testcase>
        <testcase name="NeatOptions validation - elitism &lt; populationSize is valid" classname="./test/config/NeatOptionsRuntimeValidation.ts" time="0.000" line="94" col="6">
        </testcase>
        <testcase name="NeatOptions validation - discoveryAnalysisTimeoutMinutes below minimum throws" classname="./test/config/NeatOptionsRuntimeValidation.ts" time="0.000" line="101" col="6">
        </testcase>
        <testcase name="NeatOptions validation - discoveryAnalysisTimeoutMinutes above maximum throws" classname="./test/config/NeatOptionsRuntimeValidation.ts" time="0.000" line="109" col="6">
        </testcase>
        <testcase name="NeatOptions validation - wasmCache maxCachedActivations 0 throws" classname="./test/config/NeatOptionsRuntimeValidation.ts" time="0.000" line="119" col="6">
        </testcase>
        <testcase name="NeatOptions validation - wasmCache compilationCacheSize 0 throws" classname="./test/config/NeatOptionsRuntimeValidation.ts" time="0.000" line="127" col="6">
        </testcase>
        <testcase name="NeatOptions validation - mutationRate as invalid string throws ConfigurationError" classname="./test/config/NeatOptionsRuntimeValidation.ts" time="0.000" line="137" col="6">
        </testcase>
        <testcase name="NeatOptions validation - populationSize as non-numeric string throws" classname="./test/config/NeatOptionsRuntimeValidation.ts" time="0.000" line="145" col="6">
        </testcase>
    </testsuite>
    <testsuite name="./test/config/NeatConfigRng.ts" tests="10" disabled="0" errors="0" failures="0">
        <testcase name="NeatConfig: seed option creates a seeded RNG" classname="./test/config/NeatConfigRng.ts" time="0.005" line="20" col="6">
        </testcase>
        <testcase name="NeatConfig: seed option from string (CLI)" classname="./test/config/NeatConfigRng.ts" time="0.000" line="25" col="6">
        </testcase>
        <testcase name="NeatConfig: no seed creates an unseeded RNG" classname="./test/config/NeatConfigRng.ts" time="0.000" line="30" col="6">
        </testcase>
        <testcase name="NeatConfig: custom rng takes precedence over seed" classname="./test/config/NeatConfigRng.ts" time="0.000" line="35" col="6">
        </testcase>
        <testcase name="NeatConfig: seed sets the global RNG" classname="./test/config/NeatConfigRng.ts" time="0.000" line="41" col="6">
        </testcase>
        <testcase name="NeatConfig: same seed produces identical config defaults" classname="./test/config/NeatConfigRng.ts" time="0.000" line="47" col="6">
        </testcase>
        <testcase name="NeatConfig: different seeds produce different config defaults" classname="./test/config/NeatConfigRng.ts" time="0.000" line="57" col="6">
        </testcase>
        <testcase name="Mutation: same seed produces identical mutation results" classname="./test/config/NeatConfigRng.ts" time="0.008" line="80" col="6">
        </testcase>
        <testcase name="Mutation: different seeds produce different results" classname="./test/config/NeatConfigRng.ts" time="0.002" line="111" col="6">
        </testcase>
        <testcase name="Mutation: MOD_BIAS reproducible with seed" classname="./test/config/NeatConfigRng.ts" time="0.002" line="142" col="6">
        </testcase>
    </testsuite>
    <testsuite name="./test/config/OutputRangeConfig.ts" tests="9" disabled="0" errors="0" failures="0">
        <testcase name="OutputRangeConfig - defaults to empty array when not specified" classname="./test/config/OutputRangeConfig.ts" time="0.005" line="10" col="6">
        </testcase>
        <testcase name="OutputRangeConfig - accepts valid output ranges" classname="./test/config/OutputRangeConfig.ts" time="0.000" line="15" col="6">
        </testcase>
        <testcase name="OutputRangeConfig - custom penalty weight is preserved" classname="./test/config/OutputRangeConfig.ts" time="0.000" line="33" col="6">
        </testcase>
        <testcase name="OutputRangeConfig - default penalty weight applied when omitted" classname="./test/config/OutputRangeConfig.ts" time="0.000" line="42" col="6">
        </testcase>
        <testcase name="OutputRangeConfig - throws when min &gt; max" classname="./test/config/OutputRangeConfig.ts" time="0.002" line="54" col="6">
        </testcase>
        <testcase name="OutputRangeConfig - throws when penaltyWeight is negative" classname="./test/config/OutputRangeConfig.ts" time="0.000" line="67" col="6">
        </testcase>
        <testcase name="OutputRangeConfig - allows min equal to max (single-point range)" classname="./test/config/OutputRangeConfig.ts" time="0.000" line="80" col="6">
        </testcase>
        <testcase name="OutputRangeConfig - negative ranges are valid" classname="./test/config/OutputRangeConfig.ts" time="0.000" line="90" col="6">
        </testcase>
        <testcase name="OutputRangeConfig - config rejects property assignment after creation" classname="./test/config/OutputRangeConfig.ts" time="0.000" line="100" col="6">
        </testcase>
    </testsuite>
    <testsuite name="./test/config/ParallelEvaluationConfig.ts" tests="8" disabled="0" errors="0" failures="0">
        <testcase name="ParallelEvaluationConfig - default values are sensible" classname="./test/config/ParallelEvaluationConfig.ts" time="0.000" line="11" col="6">
        </testcase>
        <testcase name="ParallelEvaluationConfig - defaults applied when not set" classname="./test/config/ParallelEvaluationConfig.ts" time="0.004" line="19" col="6">
        </testcase>
        <testcase name="ParallelEvaluationConfig - custom values override defaults" classname="./test/config/ParallelEvaluationConfig.ts" time="0.001" line="25" col="6">
        </testcase>
        <testcase name="ParallelEvaluationConfig - partial overrides merge with defaults" classname="./test/config/ParallelEvaluationConfig.ts" time="0.000" line="36" col="6">
        </testcase>
        <testcase name="ParallelEvaluationConfig - string values coerced from CLI" classname="./test/config/ParallelEvaluationConfig.ts" time="0.000" line="47" col="6">
        </testcase>
        <testcase name="ParallelEvaluationConfig - maxConcurrentEvaluations must be &gt;= 0" classname="./test/config/ParallelEvaluationConfig.ts" time="0.001" line="56" col="6">
        </testcase>
        <testcase name="ParallelEvaluationConfig - config frozen after creation" classname="./test/config/ParallelEvaluationConfig.ts" time="0.000" line="67" col="6">
        </testcase>
        <testcase name="ParallelEvaluationConfig - topology grouping can be disabled" classname="./test/config/ParallelEvaluationConfig.ts" time="0.000" line="80" col="6">
        </testcase>
    </testsuite>
    <testsuite name="./test/config/ParseOptionsNegativeZero.ts" tests="7" disabled="0" errors="0" failures="0">
        <testcase name="parseNumber - normalises -0 to 0 for numeric input" classname="./test/config/ParseOptionsNegativeZero.ts" time="0.001" line="15" col="6">
        </testcase>
        <testcase name="parseNumber - normalises &apos;-0&apos; string to 0" classname="./test/config/ParseOptionsNegativeZero.ts" time="0.000" line="21" col="6">
        </testcase>
        <testcase name="parseNumber - positive zero passes through unchanged" classname="./test/config/ParseOptionsNegativeZero.ts" time="0.000" line="27" col="6">
        </testcase>
        <testcase name="parseNumber - normal positive numbers are unaffected" classname="./test/config/ParseOptionsNegativeZero.ts" time="0.000" line="32" col="6">
        </testcase>
        <testcase name="parseNumber - normal negative numbers are unaffected" classname="./test/config/ParseOptionsNegativeZero.ts" time="0.000" line="38" col="6">
        </testcase>
        <testcase name="parseDiscoverySampleRate - normalises -0 to 0 for numeric input" classname="./test/config/ParseOptionsNegativeZero.ts" time="0.000" line="45" col="6">
        </testcase>
        <testcase name="parseDiscoverySampleRate - normalises &apos;-0&apos; string to 0" classname="./test/config/ParseOptionsNegativeZero.ts" time="0.000" line="51" col="6">
        </testcase>
    </testsuite>
    <testsuite name="./test/config/PredictiveCodingConfig.ts" tests="10" disabled="0" errors="0" failures="0">
        <testcase name="PredictiveCodingConfig - defaults applied when not specified" classname="./test/config/PredictiveCodingConfig.ts" time="0.005" line="5" col="6">
        </testcase>
        <testcase name="PredictiveCodingConfig - custom values override defaults" classname="./test/config/PredictiveCodingConfig.ts" time="0.000" line="29" col="6">
        </testcase>
        <testcase name="PredictiveCodingConfig - partial overrides merge with defaults" classname="./test/config/PredictiveCodingConfig.ts" time="0.000" line="46" col="6">
        </testcase>
        <testcase name="PredictiveCodingConfig - string values coerced from CLI" classname="./test/config/PredictiveCodingConfig.ts" time="0.000" line="71" col="6">
        </testcase>
        <testcase name="PredictiveCodingConfig - inferenceSteps must be &gt;= 1" classname="./test/config/PredictiveCodingConfig.ts" time="0.001" line="86" col="6">
        </testcase>
        <testcase name="PredictiveCodingConfig - inferenceSteps must be integer" classname="./test/config/PredictiveCodingConfig.ts" time="0.000" line="97" col="6">
        </testcase>
        <testcase name="PredictiveCodingConfig - inferenceRate must be &gt; 0" classname="./test/config/PredictiveCodingConfig.ts" time="0.000" line="108" col="6">
        </testcase>
        <testcase name="PredictiveCodingConfig - negative inferenceRate rejected" classname="./test/config/PredictiveCodingConfig.ts" time="0.000" line="119" col="6">
        </testcase>
        <testcase name="PredictiveCodingConfig - learningRate must be &gt; 0" classname="./test/config/PredictiveCodingConfig.ts" time="0.000" line="130" col="6">
        </testcase>
        <testcase name="PredictiveCodingConfig - energyThreshold must be &gt; 0" classname="./test/config/PredictiveCodingConfig.ts" time="0.000" line="141" col="6">
        </testcase>
    </testsuite>
    <testsuite name="./test/config/PhaseTimingFields.ts" tests="4" disabled="0" errors="0" failures="0">
        <testcase name="mutationMs present in phaseTiming" classname="./test/config/PhaseTimingFields.ts" time="0.187" line="15" col="6">
        </testcase>
        <testcase name="deduplicationMs present in phaseTiming" classname="./test/config/PhaseTimingFields.ts" time="0.112" line="66" col="6">
        </testcase>
        <testcase name="speciationMs present in phaseTiming" classname="./test/config/PhaseTimingFields.ts" time="0.133" line="117" col="6">
        </testcase>
        <testcase name="phaseTiming fields sum to approximately totalMs" classname="./test/config/PhaseTimingFields.ts" time="0.116" line="168" col="6">
        </testcase>
    </testsuite>
    <testsuite name="./test/config/Presets.ts" tests="17" disabled="0" errors="0" failures="0">
        <testcase name="Quick Start preset - produces valid configuration" classname="./test/config/Presets.ts" time="0.004" line="20" col="6">
        </testcase>
        <testcase name="Quick Start preset - discovery is disabled" classname="./test/config/Presets.ts" time="0.000" line="27" col="6">
        </testcase>
        <testcase name="Quick Start preset - user overrides take precedence" classname="./test/config/Presets.ts" time="0.000" line="32" col="6">
        </testcase>
        <testcase name="Large Network preset - produces valid configuration" classname="./test/config/Presets.ts" time="0.000" line="46" col="6">
        </testcase>
        <testcase name="Large Network preset - discovery is enabled" classname="./test/config/Presets.ts" time="0.000" line="52" col="6">
        </testcase>
        <testcase name="Large Network preset - plateau detection is enabled" classname="./test/config/Presets.ts" time="0.000" line="57" col="6">
        </testcase>
        <testcase name="Large Network preset - user overrides take precedence" classname="./test/config/Presets.ts" time="0.000" line="62" col="6">
        </testcase>
        <testcase name="Memory Constrained preset - produces valid configuration" classname="./test/config/Presets.ts" time="0.000" line="72" col="6">
        </testcase>
        <testcase name="Memory Constrained preset - has conservative thread count" classname="./test/config/Presets.ts" time="0.000" line="80" col="6">
        </testcase>
        <testcase name="Memory Constrained preset - discovery is disabled" classname="./test/config/Presets.ts" time="0.000" line="85" col="6">
        </testcase>
        <testcase name="Memory Constrained preset - user overrides take precedence" classname="./test/config/Presets.ts" time="0.000" line="90" col="6">
        </testcase>
        <testcase name="Discovery Focused preset - produces valid configuration" classname="./test/config/Presets.ts" time="0.000" line="100" col="6">
        </testcase>
        <testcase name="Discovery Focused preset - has higher sample rate" classname="./test/config/Presets.ts" time="0.000" line="108" col="6">
        </testcase>
        <testcase name="Discovery Focused preset - has longer timeouts" classname="./test/config/Presets.ts" time="0.000" line="118" col="6">
        </testcase>
        <testcase name="Discovery Focused preset - user overrides take precedence" classname="./test/config/Presets.ts" time="0.000" line="130" col="6">
        </testcase>
        <testcase name="Presets can be composed - memory constrained with discovery focus overrides" classname="./test/config/Presets.ts" time="0.000" line="140" col="6">
        </testcase>
        <testcase name="Presets satisfy NeatOptions type and produce valid configs" classname="./test/config/Presets.ts" time="0.000" line="155" col="6">
        </testcase>
    </testsuite>
    <testsuite name="./test/config/QuantumStepConfig.ts" tests="7" disabled="0" errors="0" failures="0">
        <testcase name="QuantumStepConfig - defaults applied when not specified" classname="./test/config/QuantumStepConfig.ts" time="0.005" line="10" col="6">
        </testcase>
        <testcase name="QuantumStepConfig - custom values override defaults" classname="./test/config/QuantumStepConfig.ts" time="0.000" line="20" col="6">
        </testcase>
        <testcase name="QuantumStepConfig - partial overrides merge with defaults" classname="./test/config/QuantumStepConfig.ts" time="0.000" line="33" col="6">
        </testcase>
        <testcase name="QuantumStepConfig - string values coerced from CLI" classname="./test/config/QuantumStepConfig.ts" time="0.000" line="44" col="6">
        </testcase>
        <testcase name="QuantumStepConfig - maxStep less than minStep throws" classname="./test/config/QuantumStepConfig.ts" time="0.002" line="57" col="6">
        </testcase>
        <testcase name="QuantumStepConfig - default values are sensible" classname="./test/config/QuantumStepConfig.ts" time="0.000" line="71" col="6">
        </testcase>
        <testcase name="QuantumStepConfig - errorScale zero disables adaptation" classname="./test/config/QuantumStepConfig.ts" time="0.000" line="81" col="6">
        </testcase>
    </testsuite>
    <testsuite name="./test/config/StabilityAdaptationConfig.ts" tests="4" disabled="0" errors="0" failures="0">
        <testcase name="StabilityAdaptationConfig - defaults are applied" classname="./test/config/StabilityAdaptationConfig.ts" time="0.004" line="7" col="6">
        </testcase>
        <testcase name="StabilityAdaptationConfig - custom values override defaults" classname="./test/config/StabilityAdaptationConfig.ts" time="0.000" line="51" col="6">
        </testcase>
        <testcase name="StabilityAdaptationConfig - boolean fields accept boolean values" classname="./test/config/StabilityAdaptationConfig.ts" time="0.000" line="71" col="6">
        </testcase>
        <testcase name="StabilityAdaptationConfig - string values are parsed from CLI" classname="./test/config/StabilityAdaptationConfig.ts" time="0.000" line="84" col="6">
        </testcase>
    </testsuite>
    <testsuite name="./test/config/ThroughputMetrics.ts" tests="11" disabled="0" errors="0" failures="0">
        <testcase name="ThroughputMetrics - generation events include throughput field" classname="./test/config/ThroughputMetrics.ts" time="0.136" line="47" col="6">
        </testcase>
        <testcase name="ThroughputMetrics - all numeric fields are finite, non-negative numbers" classname="./test/config/ThroughputMetrics.ts" time="0.040" line="62" col="6">
        </testcase>
        <testcase name="ThroughputMetrics - wallClockMs matches phaseTiming.totalMs" classname="./test/config/ThroughputMetrics.ts" time="0.084" line="104" col="6">
        </testcase>
        <testcase name="ThroughputMetrics - nonFitnessMs = totalMs - fitnessMs" classname="./test/config/ThroughputMetrics.ts" time="0.080" line="118" col="6">
        </testcase>
        <testcase name="ThroughputMetrics - generationsPerHour is 3_600_000 / wallClockMs when positive" classname="./test/config/ThroughputMetrics.ts" time="0.088" line="138" col="6">
        </testcase>
        <testcase name="ThroughputMetrics - fastQueueMaxDepth reflects population size during fitness" classname="./test/config/ThroughputMetrics.ts" time="0.098" line="157" col="6">
        </testcase>
        <testcase name="ThroughputMetrics - fastIdleMs &lt;= fastWorkers × wallClockMs" classname="./test/config/ThroughputMetrics.ts" time="0.058" line="180" col="6">
        </testcase>
        <testcase name="ThroughputMetrics - heavy pool metrics present even when no heavy tasks ran" classname="./test/config/ThroughputMetrics.ts" time="0.064" line="200" col="6">
        </testcase>
        <testcase name="ThroughputMetrics - fastBusyMs is non-negative for each generation" classname="./test/config/ThroughputMetrics.ts" time="0.067" line="215" col="6">
        </testcase>
        <testcase name="ThroughputMetrics - scorer fields reported per generation (Issue #2424)" classname="./test/config/ThroughputMetrics.ts" time="0.118" line="236" col="6">
        </testcase>
        <testcase name="ThroughputMetrics - callback still fires without throughput field access crashing" classname="./test/config/ThroughputMetrics.ts" time="0.058" line="276" col="6">
        </testcase>
    </testsuite>
    <testsuite name="./test/config/TrainOptions.ts" tests="3" disabled="0" errors="0" failures="0">
        <testcase name="TrainOptions - iterations=1 completes training and returns finite error" classname="./test/config/TrainOptions.ts" time="0.087" line="17" col="6">
        </testcase>
        <testcase name="TrainOptions - high targetError completes with finite error and score" classname="./test/config/TrainOptions.ts" time="0.033" line="32" col="6">
        </testcase>
        <testcase name="TrainOptions - trainingSampleRate=0.5 completes training with finite error" classname="./test/config/TrainOptions.ts" time="0.084" line="48" col="6">
        </testcase>
    </testsuite>
    <testsuite name="./test/config/TrainingEvent.ts" tests="7" disabled="0" errors="0" failures="0">
        <testcase name="TrainingEvent - generation_complete events are emitted" classname="./test/config/TrainingEvent.ts" time="0.191" line="15" col="6">
        </testcase>
        <testcase name="TrainingEvent - generation numbers are sequential" classname="./test/config/TrainingEvent.ts" time="0.092" line="62" col="6">
        </testcase>
        <testcase name="TrainingEvent - no events when callback not provided" classname="./test/config/TrainingEvent.ts" time="0.108" line="97" col="6">
        </testcase>
        <testcase name="TrainingEvent - callback exceptions do not disrupt training" classname="./test/config/TrainingEvent.ts" time="0.079" line="118" col="6">
        </testcase>
        <testcase name="TrainingEvent - plateau_detected events emitted when plateau detected" classname="./test/config/TrainingEvent.ts" time="0.674" line="145" col="6">
        </testcase>
        <testcase name="TrainingEvent - events include all required metadata fields" classname="./test/config/TrainingEvent.ts" time="0.071" line="199" col="6">
        </testcase>
        <testcase name="TrainingEvent - species_adjusted events are emitted" classname="./test/config/TrainingEvent.ts" time="0.091" line="234" col="6">
        </testcase>
    </testsuite>
    <testsuite name="./test/config/WasmCacheConfig.ts" tests="13" disabled="0" errors="0" failures="0">
        <testcase name="WasmCacheConfig - default maxCachedActivations scales with populationSize" classname="./test/config/WasmCacheConfig.ts" time="0.005" line="5" col="6">
        </testcase>
        <testcase name="WasmCacheConfig - default maxCachedActivations uses default populationSize when not set" classname="./test/config/WasmCacheConfig.ts" time="0.000" line="10" col="6">
        </testcase>
        <testcase name="WasmCacheConfig - default compilationCacheSize matches static default" classname="./test/config/WasmCacheConfig.ts" time="0.001" line="16" col="6">
        </testcase>
        <testcase name="WasmCacheConfig - custom values override defaults" classname="./test/config/WasmCacheConfig.ts" time="0.000" line="24" col="6">
        </testcase>
        <testcase name="WasmCacheConfig - partial overrides merge with defaults" classname="./test/config/WasmCacheConfig.ts" time="0.000" line="35" col="6">
        </testcase>
        <testcase name="WasmCacheConfig - string values coerced from CLI" classname="./test/config/WasmCacheConfig.ts" time="0.000" line="47" col="6">
        </testcase>
        <testcase name="WasmCacheConfig - maxCachedActivations must be &gt;= 1" classname="./test/config/WasmCacheConfig.ts" time="0.002" line="58" col="6">
        </testcase>
        <testcase name="WasmCacheConfig - compilationCacheSize must be &gt;= 1" classname="./test/config/WasmCacheConfig.ts" time="0.000" line="69" col="6">
        </testcase>
        <testcase name="WasmCacheConfig - maxCachedActivations must be integer" classname="./test/config/WasmCacheConfig.ts" time="0.000" line="80" col="6">
        </testcase>
        <testcase name="WasmCacheConfig - compilationCacheSize must be integer" classname="./test/config/WasmCacheConfig.ts" time="0.000" line="91" col="6">
        </testcase>
        <testcase name="WasmCacheConfig - negative values rejected" classname="./test/config/WasmCacheConfig.ts" time="0.000" line="102" col="6">
        </testcase>
        <testcase name="WasmCacheConfig - large populationSize scales correctly" classname="./test/config/WasmCacheConfig.ts" time="0.000" line="113" col="6">
        </testcase>
        <testcase name="WasmCacheConfig - explicit activation cache overrides population scaling" classname="./test/config/WasmCacheConfig.ts" time="0.000" line="118" col="6">
        </testcase>
    </testsuite>
    <testsuite name="./test/config/WorkerThreadCapConfig.ts" tests="16" disabled="0" errors="0" failures="0">
        <testcase name="WorkerThreadCapConfig - default values are sensible" classname="./test/config/WorkerThreadCapConfig.ts" time="0.001" line="8" col="6">
        </testcase>
        <testcase name="WorkerThreadCapConfig - no capping when maxMemoryMB is not set" classname="./test/config/WorkerThreadCapConfig.ts" time="0.005" line="16" col="6">
        </testcase>
        <testcase name="WorkerThreadCapConfig - no capping when maxMemoryMB is 0" classname="./test/config/WorkerThreadCapConfig.ts" time="0.001" line="22" col="6">
        </testcase>
        <testcase name="WorkerThreadCapConfig - caps threads based on memory budget" classname="./test/config/WorkerThreadCapConfig.ts" time="0.000" line="30" col="6">
        </testcase>
        <testcase name="WorkerThreadCapConfig - caps with custom estimatedMemoryPerWorkerMB" classname="./test/config/WorkerThreadCapConfig.ts" time="0.000" line="39" col="6">
        </testcase>
        <testcase name="WorkerThreadCapConfig - no capping when threads already within budget" classname="./test/config/WorkerThreadCapConfig.ts" time="0.000" line="51" col="6">
        </testcase>
        <testcase name="WorkerThreadCapConfig - minimum 1 thread even with tiny memory budget" classname="./test/config/WorkerThreadCapConfig.ts" time="0.000" line="60" col="6">
        </testcase>
        <testcase name="WorkerThreadCapConfig - exact division results in correct cap" classname="./test/config/WorkerThreadCapConfig.ts" time="0.000" line="69" col="6">
        </testcase>
        <testcase name="WorkerThreadCapConfig - non-exact division floors correctly" classname="./test/config/WorkerThreadCapConfig.ts" time="0.000" line="78" col="6">
        </testcase>
        <testcase name="WorkerThreadCapConfig - partial overrides merge with defaults" classname="./test/config/WorkerThreadCapConfig.ts" time="0.000" line="87" col="6">
        </testcase>
        <testcase name="WorkerThreadCapConfig - custom values override defaults" classname="./test/config/WorkerThreadCapConfig.ts" time="0.000" line="98" col="6">
        </testcase>
        <testcase name="WorkerThreadCapConfig - string values coerced from CLI" classname="./test/config/WorkerThreadCapConfig.ts" time="0.000" line="109" col="6">
        </testcase>
        <testcase name="WorkerThreadCapConfig - estimatedMemoryPerWorkerMB must be &gt;= 1" classname="./test/config/WorkerThreadCapConfig.ts" time="0.002" line="122" col="6">
        </testcase>
        <testcase name="WorkerThreadCapConfig - maxMemoryMB must be &gt;= 0" classname="./test/config/WorkerThreadCapConfig.ts" time="0.000" line="133" col="6">
        </testcase>
        <testcase name="WorkerThreadCapConfig - backwards compatible when not set" classname="./test/config/WorkerThreadCapConfig.ts" time="0.000" line="144" col="6">
        </testcase>
        <testcase name="WorkerThreadCapConfig - config rejects property assignment after creation" classname="./test/config/WorkerThreadCapConfig.ts" time="0.000" line="154" col="6">
        </testcase>
    </testsuite>
    <testsuite name="./test/config/WeightRegularisationConfig.ts" tests="5" disabled="0" errors="0" failures="0">
        <testcase name="WeightRegularisationConfig - defaults are applied" classname="./test/config/WeightRegularisationConfig.ts" time="0.005" line="7" col="6">
        </testcase>
        <testcase name="WeightRegularisationConfig - custom values override defaults" classname="./test/config/WeightRegularisationConfig.ts" time="0.000" line="35" col="6">
        </testcase>
        <testcase name="WeightRegularisationConfig - boolean fields accept boolean values" classname="./test/config/WeightRegularisationConfig.ts" time="0.000" line="55" col="6">
        </testcase>
        <testcase name="WeightRegularisationConfig - string values are parsed from CLI" classname="./test/config/WeightRegularisationConfig.ts" time="0.000" line="66" col="6">
        </testcase>
        <testcase name="WeightRegularisationConfig - partial overrides keep other defaults" classname="./test/config/WeightRegularisationConfig.ts" time="0.000" line="81" col="6">
        </testcase>
    </testsuite>
    <testsuite name="./test/config/parsers/DataParsers.ts" tests="9" disabled="0" errors="0" failures="0">
        <testcase name="parseDataFuzzing - returns defaults" classname="./test/config/parsers/DataParsers.ts" time="0.001" line="14" col="6">
        </testcase>
        <testcase name="parseDataFuzzing - applies overrides including uniform noise" classname="./test/config/parsers/DataParsers.ts" time="0.000" line="20" col="6">
        </testcase>
        <testcase name="parseDataFuzzing - falls back to default noise type for unknown values" classname="./test/config/parsers/DataParsers.ts" time="0.000" line="33" col="6">
        </testcase>
        <testcase name="parseDataFuzzing - rejects inputNoiseScale above 1" classname="./test/config/parsers/DataParsers.ts" time="0.001" line="38" col="6">
        </testcase>
        <testcase name="parseDataQuantisation - returns defaults" classname="./test/config/parsers/DataParsers.ts" time="0.000" line="45" col="6">
        </testcase>
        <testcase name="parseDataQuantisation - applies overrides" classname="./test/config/parsers/DataParsers.ts" time="0.000" line="55" col="6">
        </testcase>
        <testcase name="parseDataQuantisation - normalises outputLevels of 1 to 2" classname="./test/config/parsers/DataParsers.ts" time="0.000" line="66" col="6">
        </testcase>
        <testcase name="parseDataQuantisation - allows outputLevels of 0 (disabled)" classname="./test/config/parsers/DataParsers.ts" time="0.000" line="71" col="6">
        </testcase>
        <testcase name="parseDataQuantisation - rejects inputLevels below 2" classname="./test/config/parsers/DataParsers.ts" time="0.000" line="76" col="6">
        </testcase>
    </testsuite>
    <testsuite name="./test/config/WorkerUtilisationDiagnostics.ts" tests="5" disabled="0" errors="0" failures="0">
        <testcase name="WorkerUtilisation - generation events include workerUtilisation field" classname="./test/config/WorkerUtilisationDiagnostics.ts" time="0.118" line="18" col="6">
        </testcase>
        <testcase name="WorkerUtilisation - snapshot has valid structure" classname="./test/config/WorkerUtilisationDiagnostics.ts" time="0.092" line="54" col="6">
        </testcase>
        <testcase name="WorkerUtilisation - all phases have snapshots" classname="./test/config/WorkerUtilisationDiagnostics.ts" time="0.060" line="104" col="6">
        </testcase>
        <testcase name="WorkerUtilisation - overallCpuUtilisationPct is a valid percentage" classname="./test/config/WorkerUtilisationDiagnostics.ts" time="0.038" line="148" col="6">
        </testcase>
        <testcase name="WorkerUtilisation - single-thread mode reports correct totals" classname="./test/config/WorkerUtilisationDiagnostics.ts" time="0.112" line="186" col="6">
        </testcase>
    </testsuite>
    <testsuite name="./test/config/parsers/DiscoveryParsers.ts" tests="9" disabled="0" errors="0" failures="0">
        <testcase name="parseDiscoveryMinCandidates - returns defaults when no overrides" classname="./test/config/parsers/DiscoveryParsers.ts" time="0.001" line="16" col="6">
        </testcase>
        <testcase name="parseDiscoveryMinCandidates - applies overrides" classname="./test/config/parsers/DiscoveryParsers.ts" time="0.000" line="36" col="6">
        </testcase>
        <testcase name="parseDiscoveryMinCandidates - rejects negative addNeurons" classname="./test/config/parsers/DiscoveryParsers.ts" time="0.000" line="42" col="6">
        </testcase>
        <testcase name="parseDiscoveryCache - returns defaults when no overrides" classname="./test/config/parsers/DiscoveryParsers.ts" time="0.000" line="49" col="6">
        </testcase>
        <testcase name="parseDiscoveryCache - applies partial overrides" classname="./test/config/parsers/DiscoveryParsers.ts" time="0.000" line="62" col="6">
        </testcase>
        <testcase name="parseDiscoveryCache - rejects ttlDays below 0.001" classname="./test/config/parsers/DiscoveryParsers.ts" time="0.000" line="68" col="6">
        </testcase>
        <testcase name="parseDiskSpaceConfig - returns defaults when no overrides" classname="./test/config/parsers/DiscoveryParsers.ts" time="0.000" line="75" col="6">
        </testcase>
        <testcase name="parseDiskSpaceConfig - applies overrides" classname="./test/config/parsers/DiscoveryParsers.ts" time="0.000" line="85" col="6">
        </testcase>
        <testcase name="parseDiskSpaceConfig - rejects negative minFreeDiskMB" classname="./test/config/parsers/DiscoveryParsers.ts" time="0.000" line="94" col="6">
        </testcase>
    </testsuite>
    <testsuite name="./test/config/parsers/MutationParsers.ts" tests="12" disabled="0" errors="0" failures="0">
        <testcase name="parseAdaptiveMutationThresholds - returns defaults" classname="./test/config/parsers/MutationParsers.ts" time="0.001" line="18" col="6">
        </testcase>
        <testcase name="parseAdaptiveMutationThresholds - applies overrides" classname="./test/config/parsers/MutationParsers.ts" time="0.000" line="24" col="6">
        </testcase>
        <testcase name="parseAdaptiveMutationThresholds - rejects largeTopologyWeight above 1" classname="./test/config/parsers/MutationParsers.ts" time="0.000" line="35" col="6">
        </testcase>
        <testcase name="parsePlateauDetection - returns defaults" classname="./test/config/parsers/MutationParsers.ts" time="0.000" line="42" col="6">
        </testcase>
        <testcase name="parsePlateauDetection - applies overrides" classname="./test/config/parsers/MutationParsers.ts" time="0.000" line="48" col="6">
        </testcase>
        <testcase name="parsePlateauDetection - rejects windowSize below 1" classname="./test/config/parsers/MutationParsers.ts" time="0.000" line="54" col="6">
        </testcase>
        <testcase name="parseStabilityAdaptation - returns defaults" classname="./test/config/parsers/MutationParsers.ts" time="0.001" line="61" col="6">
        </testcase>
        <testcase name="parseStabilityAdaptation - applies overrides" classname="./test/config/parsers/MutationParsers.ts" time="0.000" line="70" col="6">
        </testcase>
        <testcase name="parseStabilityAdaptation - rejects stableBoostFactor below 1" classname="./test/config/parsers/MutationParsers.ts" time="0.000" line="81" col="6">
        </testcase>
        <testcase name="parseMcmc - returns defaults" classname="./test/config/parsers/MutationParsers.ts" time="0.000" line="88" col="6">
        </testcase>
        <testcase name="parseMcmc - applies overrides" classname="./test/config/parsers/MutationParsers.ts" time="0.000" line="97" col="6">
        </testcase>
        <testcase name="parseMcmc - rejects coolingRate of 1 (must be exclusive)" classname="./test/config/parsers/MutationParsers.ts" time="0.000" line="108" col="6">
        </testcase>
    </testsuite>
    <testsuite name="./test/config/parsers/RegularisationParsers.ts" tests="6" disabled="0" errors="0" failures="0">
        <testcase name="parseWeightRegularisation - returns defaults" classname="./test/config/parsers/RegularisationParsers.ts" time="0.001" line="14" col="6">
        </testcase>
        <testcase name="parseWeightRegularisation - applies overrides" classname="./test/config/parsers/RegularisationParsers.ts" time="0.000" line="23" col="6">
        </testcase>
        <testcase name="parseWeightRegularisation - rejects maxAbsoluteWeight below 0.001" classname="./test/config/parsers/RegularisationParsers.ts" time="0.000" line="40" col="6">
        </testcase>
        <testcase name="parseBiasRegularisation - returns defaults" classname="./test/config/parsers/RegularisationParsers.ts" time="0.000" line="47" col="6">
        </testcase>
        <testcase name="parseBiasRegularisation - applies overrides" classname="./test/config/parsers/RegularisationParsers.ts" time="0.000" line="56" col="6">
        </testcase>
        <testcase name="parseBiasRegularisation - rejects l2Strength above 1" classname="./test/config/parsers/RegularisationParsers.ts" time="0.000" line="69" col="6">
        </testcase>
    </testsuite>
    <testsuite name="./test/config/parsers/PopulationParsers.ts" tests="10" disabled="0" errors="0" failures="0">
        <testcase name="parseFineTunePopulation - returns defaults" classname="./test/config/parsers/PopulationParsers.ts" time="0.001" line="16" col="6">
        </testcase>
        <testcase name="parseFineTunePopulation - applies overrides" classname="./test/config/parsers/PopulationParsers.ts" time="0.000" line="28" col="6">
        </testcase>
        <testcase name="parseFineTunePopulation - rejects successRateWindow below 1" classname="./test/config/parsers/PopulationParsers.ts" time="0.000" line="41" col="6">
        </testcase>
        <testcase name="parseAdaptivePopulation - returns defaults" classname="./test/config/parsers/PopulationParsers.ts" time="0.000" line="48" col="6">
        </testcase>
        <testcase name="parseAdaptivePopulation - applies overrides" classname="./test/config/parsers/PopulationParsers.ts" time="0.000" line="57" col="6">
        </testcase>
        <testcase name="parseAdaptivePopulation - rejects maxPopulationFraction below 1" classname="./test/config/parsers/PopulationParsers.ts" time="0.000" line="70" col="6">
        </testcase>
        <testcase name="parseAdaptivePopulation - rejects minPopulationFraction of 0 (exclusive)" classname="./test/config/parsers/PopulationParsers.ts" time="0.000" line="77" col="6">
        </testcase>
        <testcase name="parseEnsembleDiversity - returns defaults" classname="./test/config/parsers/PopulationParsers.ts" time="0.000" line="84" col="6">
        </testcase>
        <testcase name="parseEnsembleDiversity - applies overrides" classname="./test/config/parsers/PopulationParsers.ts" time="0.000" line="93" col="6">
        </testcase>
        <testcase name="parseEnsembleDiversity - rejects diversityWeight above 1" classname="./test/config/parsers/PopulationParsers.ts" time="0.000" line="106" col="6">
        </testcase>
    </testsuite>
    <testsuite name="./test/config/parsers/RuntimeParsers.ts" tests="11" disabled="0" errors="0" failures="0">
        <testcase name="parseWorkerThreadCap - returns defaults when no overrides" classname="./test/config/parsers/RuntimeParsers.ts" time="0.001" line="21" col="6">
        </testcase>
        <testcase name="parseWorkerThreadCap - applies overrides" classname="./test/config/parsers/RuntimeParsers.ts" time="0.000" line="30" col="6">
        </testcase>
        <testcase name="parseWorkerThreadCap - rejects estimatedMemoryPerWorkerMB below 1" classname="./test/config/parsers/RuntimeParsers.ts" time="0.000" line="39" col="6">
        </testcase>
        <testcase name="parseWasmCache - returns defaults derived from population size" classname="./test/config/parsers/RuntimeParsers.ts" time="0.000" line="46" col="6">
        </testcase>
        <testcase name="parseWasmCache - rejects non-integer maxCachedActivations" classname="./test/config/parsers/RuntimeParsers.ts" time="0.000" line="55" col="6">
        </testcase>
        <testcase name="parseMemoryConfig - returns defaults when no overrides" classname="./test/config/parsers/RuntimeParsers.ts" time="0.000" line="62" col="6">
        </testcase>
        <testcase name="parseMemoryConfig - applies enabled override and thresholds" classname="./test/config/parsers/RuntimeParsers.ts" time="0.000" line="69" col="6">
        </testcase>
        <testcase name="parseMemoryConfig - rejects warningThreshold above 1" classname="./test/config/parsers/RuntimeParsers.ts" time="0.000" line="80" col="6">
        </testcase>
        <testcase name="parseParallelEvaluation - returns defaults when no overrides" classname="./test/config/parsers/RuntimeParsers.ts" time="0.000" line="87" col="6">
        </testcase>
        <testcase name="parseParallelEvaluation - applies overrides" classname="./test/config/parsers/RuntimeParsers.ts" time="0.000" line="99" col="6">
        </testcase>
        <testcase name="parseParallelEvaluation - rejects negative maxConcurrentEvaluations" classname="./test/config/parsers/RuntimeParsers.ts" time="0.000" line="111" col="6">
        </testcase>
    </testsuite>
    <testsuite name="./test/config/parsers/TrainingParsers.ts" tests="12" disabled="0" errors="0" failures="0">
        <testcase name="parseHyperparameterEvolution - returns defaults" classname="./test/config/parsers/TrainingParsers.ts" time="0.001" line="18" col="6">
        </testcase>
        <testcase name="parseHyperparameterEvolution - applies overrides" classname="./test/config/parsers/TrainingParsers.ts" time="0.000" line="27" col="6">
        </testcase>
        <testcase name="parseHyperparameterEvolution - rejects minLearningRate of 0 (exclusive)" classname="./test/config/parsers/TrainingParsers.ts" time="0.000" line="40" col="6">
        </testcase>
        <testcase name="parseQuantumStep - returns defaults" classname="./test/config/parsers/TrainingParsers.ts" time="0.000" line="47" col="6">
        </testcase>
        <testcase name="parseQuantumStep - applies overrides" classname="./test/config/parsers/TrainingParsers.ts" time="0.000" line="54" col="6">
        </testcase>
        <testcase name="parseQuantumStep - rejects errorScale below 0" classname="./test/config/parsers/TrainingParsers.ts" time="0.000" line="65" col="6">
        </testcase>
        <testcase name="parsePredictiveCoding - returns defaults" classname="./test/config/parsers/TrainingParsers.ts" time="0.000" line="72" col="6">
        </testcase>
        <testcase name="parsePredictiveCoding - applies overrides" classname="./test/config/parsers/TrainingParsers.ts" time="0.000" line="81" col="6">
        </testcase>
        <testcase name="parsePredictiveCoding - rejects inferenceSteps below 1" classname="./test/config/parsers/TrainingParsers.ts" time="0.000" line="96" col="6">
        </testcase>
        <testcase name="parseCrossValidation - returns defaults" classname="./test/config/parsers/TrainingParsers.ts" time="0.000" line="103" col="6">
        </testcase>
        <testcase name="parseCrossValidation - applies overrides" classname="./test/config/parsers/TrainingParsers.ts" time="0.000" line="109" col="6">
        </testcase>
        <testcase name="parseCrossValidation - rejects folds above 20" classname="./test/config/parsers/TrainingParsers.ts" time="0.000" line="120" col="6">
        </testcase>
    </testsuite>
    <testsuite name="./test/constants/AddNeuron.ts" tests="1" disabled="0" errors="0" failures="0">
        <testcase name="AddNeuron" classname="./test/constants/AddNeuron.ts" time="0.078" line="60" col="6">
        </testcase>
    </testsuite>
    <testsuite name="./test/costs/CostName.ts" tests="2" disabled="0" errors="0" failures="0">
        <testcase name="BUILT_IN_COST_NAMES - should stay in sync with supported costs" classname="./test/costs/CostName.ts" time="0.001" line="8" col="6">
        </testcase>
        <testcase name="CostName types - should expose strict built-in union plus custom escape hatch" classname="./test/costs/CostName.ts" time="0.000" line="19" col="6">
        </testcase>
    </testsuite>
    <testsuite name="./test/constants/Constant.ts" tests="2" disabled="0" errors="0" failures="0">
        <testcase name="No squash" classname="./test/constants/Constant.ts" time="0.015" line="11" col="6">
        </testcase>
        <testcase name="Constants" classname="./test/constants/Constant.ts" time="0.012" line="44" col="6">
        </testcase>
    </testsuite>
    <testsuite name="./test/costs/CostNameTypes.ts" tests="1" disabled="0" errors="0" failures="0">
        <testcase name="type-only: NeatOptions.costName accepts valid built-in names" classname="./test/costs/CostNameTypes.ts" time="0.000" line="28" col="6">
        </testcase>
    </testsuite>
    <testsuite name="./test/costs/CostsRegistry.ts" tests="12" disabled="0" errors="0" failures="0">
        <testcase name="Costs.find - returns MSE instance" classname="./test/costs/CostsRegistry.ts" time="0.001" line="5" col="6">
        </testcase>
        <testcase name="Costs.find - returns MAE instance" classname="./test/costs/CostsRegistry.ts" time="0.000" line="10" col="6">
        </testcase>
        <testcase name="Costs.find - returns MAPE instance" classname="./test/costs/CostsRegistry.ts" time="0.000" line="15" col="6">
        </testcase>
        <testcase name="Costs.find - returns MSLE instance" classname="./test/costs/CostsRegistry.ts" time="0.000" line="20" col="6">
        </testcase>
        <testcase name="Costs.find - returns CROSS_ENTROPY instance" classname="./test/costs/CostsRegistry.ts" time="0.000" line="25" col="6">
        </testcase>
        <testcase name="Costs.find - returns HINGE instance" classname="./test/costs/CostsRegistry.ts" time="0.000" line="30" col="6">
        </testcase>
        <testcase name="Costs.find - throws for unknown cost" classname="./test/costs/CostsRegistry.ts" time="0.000" line="35" col="6">
        </testcase>
        <testcase name="Costs.getAvailableCosts - includes all built-in costs" classname="./test/costs/CostsRegistry.ts" time="0.000" line="48" col="6">
        </testcase>
        <testcase name="Costs.registerCustomCost - custom cost function can be registered and found" classname="./test/costs/CostsRegistry.ts" time="0.000" line="58" col="6">
        </testcase>
        <testcase name="Costs.registerCostFactory - registers a named factory" classname="./test/costs/CostsRegistry.ts" time="0.000" line="82" col="6">
        </testcase>
        <testcase name="Costs.getAvailableCosts - includes custom costs after registration" classname="./test/costs/CostsRegistry.ts" time="0.000" line="96" col="6">
        </testcase>
        <testcase name="Costs.find - each call returns a fresh instance from registry" classname="./test/costs/CostsRegistry.ts" time="0.000" line="109" col="6">
        </testcase>
    </testsuite>
    <testsuite name="./test/costs/CrossEntropy.ts" tests="7" disabled="0" errors="0" failures="0">
        <testcase name="CrossEntropy - getName returns CROSS_ENTROPY" classname="./test/costs/CrossEntropy.ts" time="0.001" line="4" col="6">
        </testcase>
        <testcase name="CrossEntropy - low error for correct confident predictions" classname="./test/costs/CrossEntropy.ts" time="0.000" line="9" col="6">
        </testcase>
        <testcase name="CrossEntropy - higher error for wrong predictions" classname="./test/costs/CrossEntropy.ts" time="0.000" line="19" col="6">
        </testcase>
        <testcase name="CrossEntropy - single element perfect prediction" classname="./test/costs/CrossEntropy.ts" time="0.000" line="36" col="6">
        </testcase>
        <testcase name="CrossEntropy - rejects output outside 0-1 range" classname="./test/costs/CrossEntropy.ts" time="0.000" line="45" col="6">
        </testcase>
        <testcase name="CrossEntropy - rejects negative output" classname="./test/costs/CrossEntropy.ts" time="0.000" line="61" col="6">
        </testcase>
        <testcase name="CrossEntropy - handles edge values near 0 and 1" classname="./test/costs/CrossEntropy.ts" time="0.000" line="77" col="6">
        </testcase>
    </testsuite>
    <testsuite name="./test/costs/HINGE.ts" tests="6" disabled="0" errors="0" failures="0">
        <testcase name="HINGE - getName returns HINGE" classname="./test/costs/HINGE.ts" time="0.001" line="4" col="6">
        </testcase>
        <testcase name="HINGE - zero loss for correct confident predictions" classname="./test/costs/HINGE.ts" time="0.000" line="9" col="6">
        </testcase>
        <testcase name="HINGE - known calculation" classname="./test/costs/HINGE.ts" time="0.000" line="19" col="6">
        </testcase>
        <testcase name="HINGE - single element" classname="./test/costs/HINGE.ts" time="0.000" line="29" col="6">
        </testcase>
        <testcase name="HINGE - misclassification produces larger loss" classname="./test/costs/HINGE.ts" time="0.000" line="38" col="6">
        </testcase>
        <testcase name="HINGE - always non-negative" classname="./test/costs/HINGE.ts" time="0.000" line="55" col="6">
        </testcase>
    </testsuite>
    <testsuite name="./test/costs/CustomCost.ts" tests="1" disabled="0" errors="0" failures="0">
        <testcase name="Custom cost function with weighted outputs" classname="./test/costs/CustomCost.ts" time="0.004" line="36" col="6">
        </testcase>
    </testsuite>
    <testsuite name="./test/costs/MAE.ts" tests="6" disabled="0" errors="0" failures="0">
        <testcase name="MAE - getName returns MAE" classname="./test/costs/MAE.ts" time="0.001" line="4" col="6">
        </testcase>
        <testcase name="MAE - zero error when target equals output" classname="./test/costs/MAE.ts" time="0.000" line="9" col="6">
        </testcase>
        <testcase name="MAE - known calculation" classname="./test/costs/MAE.ts" time="0.000" line="17" col="6">
        </testcase>
        <testcase name="MAE - single element" classname="./test/costs/MAE.ts" time="0.000" line="26" col="6">
        </testcase>
        <testcase name="MAE - symmetric" classname="./test/costs/MAE.ts" time="0.000" line="35" col="6">
        </testcase>
        <testcase name="MAE - negative values" classname="./test/costs/MAE.ts" time="0.000" line="44" col="6">
        </testcase>
    </testsuite>
    <testsuite name="./test/costs/MAPE.ts" tests="6" disabled="0" errors="0" failures="0">
        <testcase name="MAPE - getName returns MAPE" classname="./test/costs/MAPE.ts" time="0.001" line="4" col="6">
        </testcase>
        <testcase name="MAPE - zero error when target equals output" classname="./test/costs/MAPE.ts" time="0.000" line="9" col="6">
        </testcase>
        <testcase name="MAPE - known calculation" classname="./test/costs/MAPE.ts" time="0.000" line="17" col="6">
        </testcase>
        <testcase name="MAPE - single element" classname="./test/costs/MAPE.ts" time="0.000" line="27" col="6">
        </testcase>
        <testcase name="MAPE - large values" classname="./test/costs/MAPE.ts" time="0.000" line="36" col="6">
        </testcase>
        <testcase name="MAPE - scale independence" classname="./test/costs/MAPE.ts" time="0.000" line="45" col="6">
        </testcase>
    </testsuite>
    <testsuite name="./test/costs/MSE.ts" tests="6" disabled="0" errors="0" failures="0">
        <testcase name="MSE - getName returns MSE" classname="./test/costs/MSE.ts" time="0.001" line="4" col="6">
        </testcase>
        <testcase name="MSE - zero error when target equals output" classname="./test/costs/MSE.ts" time="0.000" line="9" col="6">
        </testcase>
        <testcase name="MSE - known calculation" classname="./test/costs/MSE.ts" time="0.000" line="17" col="6">
        </testcase>
        <testcase name="MSE - single element" classname="./test/costs/MSE.ts" time="0.000" line="27" col="6">
        </testcase>
        <testcase name="MSE - penalises large errors more heavily" classname="./test/costs/MSE.ts" time="0.000" line="36" col="6">
        </testcase>
        <testcase name="MSE - symmetric" classname="./test/costs/MSE.ts" time="0.000" line="46" col="6">
        </testcase>
    </testsuite>
    <testsuite name="./test/costs/MSLE.ts" tests="6" disabled="0" errors="0" failures="0">
        <testcase name="MSLE - getName returns MSLE" classname="./test/costs/MSLE.ts" time="0.001" line="4" col="6">
        </testcase>
        <testcase name="MSLE - zero error when target equals output" classname="./test/costs/MSLE.ts" time="0.000" line="9" col="6">
        </testcase>
        <testcase name="MSLE - known calculation" classname="./test/costs/MSLE.ts" time="0.000" line="17" col="6">
        </testcase>
        <testcase name="MSLE - single element" classname="./test/costs/MSLE.ts" time="0.000" line="29" col="6">
        </testcase>
        <testcase name="MSLE - handles small positive values" classname="./test/costs/MSLE.ts" time="0.000" line="37" col="6">
        </testcase>
        <testcase name="MSLE - positive when target &gt; output" classname="./test/costs/MSLE.ts" time="0.000" line="46" col="6">
        </testcase>
    </testsuite>
    <testsuite name="./test/costs/SimpleCustomCostTest.ts" tests="1" disabled="0" errors="0" failures="0">
        <testcase name="Custom cost function is called during evolution" classname="./test/costs/SimpleCustomCostTest.ts" time="0.242" line="5" col="6">
        </testcase>
    </testsuite>
    <testsuite name="./test/creature/ClampEmojiNotAlarm.ts" tests="2" disabled="0" errors="0" failures="0">
        <testcase name="Issue #2392: loadFrom clamp warning does not use 🚨 alarm emoji" classname="./test/creature/ClampEmojiNotAlarm.ts" time="0.002" line="58" col="6">
        </testcase>
        <testcase name="Issue #2392: Score overflow clamp warning does not use 🚨 alarm emoji" classname="./test/creature/ClampEmojiNotAlarm.ts" time="0.003" line="102" col="6">
        </testcase>
    </testsuite>
    <testsuite name="./test/creature/Correct.ts" tests="1" disabled="0" errors="0" failures="0">
        <testcase name="correctExport" classname="./test/creature/Correct.ts" time="0.043" line="10" col="6">
        </testcase>
    </testsuite>
    <testsuite name="./test/creature/CreatureActivation.ts" tests="7" disabled="0" errors="0" failures="0">
        <testcase name="isWasmEligible - standard creature is WASM-eligible" classname="./test/creature/CreatureActivation.ts" time="0.006" line="19" col="6">
        </testcase>
        <testcase name="isWasmEligible - via facade" classname="./test/creature/CreatureActivation.ts" time="0.000" line="30" col="6">
        </testcase>
        <testcase name="getUnsupportedWasmSquashFunctions - returns empty for standard creature" classname="./test/creature/CreatureActivation.ts" time="0.000" line="43" col="6">
        </testcase>
        <testcase name="requireWasmOrThrow - does not throw for eligible creature" classname="./test/creature/CreatureActivation.ts" time="0.000" line="58" col="6">
        </testcase>
        <testcase name="disposeWasm - cleans up WASM state" classname="./test/creature/CreatureActivation.ts" time="0.002" line="68" col="6">
        </testcase>
        <testcase name="activate - produces consistent output" classname="./test/creature/CreatureActivation.ts" time="0.000" line="92" col="6">
        </testcase>
        <testcase name="activate - rejects non-finite input" classname="./test/creature/CreatureActivation.ts" time="0.001" line="111" col="6">
        </testcase>
    </testsuite>
    <testsuite name="./test/creature/CreatureActivationTypedErrors.ts" tests="3" disabled="0" errors="0" failures="0">
        <testcase name="requireWasmOrThrow - does not throw for WASM-eligible creature" classname="./test/creature/CreatureActivationTypedErrors.ts" time="0.003" line="12" col="6">
        </testcase>
        <testcase name="WasmError - has correct reason and is catchable by type" classname="./test/creature/CreatureActivationTypedErrors.ts" time="0.000" line="19" col="6">
        </testcase>
        <testcase name="WasmError - COMPILATION_FAILED reason is distinct from MODULE_NOT_LOADED" classname="./test/creature/CreatureActivationTypedErrors.ts" time="0.000" line="29" col="6">
        </testcase>
    </testsuite>
    <testsuite name="./test/creature/CreatureConstruction.ts" tests="9" disabled="0" errors="0" failures="0">
        <testcase name="Fresh construction produces valid creature (no layers)" classname="./test/creature/CreatureConstruction.ts" time="0.005" line="12" col="6">
        </testcase>
        <testcase name="Fresh construction feedbackEnabled yields 4.x and forwardOnly false" classname="./test/creature/CreatureConstruction.ts" time="0.000" line="25" col="6">
        </testcase>
        <testcase name="Fresh construction produces valid creature (with layers)" classname="./test/creature/CreatureConstruction.ts" time="0.001" line="35" col="6">
        </testcase>
        <testcase name="Fresh construction synapses are sorted" classname="./test/creature/CreatureConstruction.ts" time="0.004" line="49" col="6">
        </testcase>
        <testcase name="Fresh construction with fixed squash validates" classname="./test/creature/CreatureConstruction.ts" time="0.000" line="73" col="6">
        </testcase>
        <testcase name="Fresh construction with random squash assigns valid squash to all neurons" classname="./test/creature/CreatureConstruction.ts" time="0.000" line="89" col="6">
        </testcase>
        <testcase name="Fresh construction round-trips through JSON" classname="./test/creature/CreatureConstruction.ts" time="0.004" line="105" col="6">
        </testcase>
        <testcase name="Large construction produces valid creature" classname="./test/creature/CreatureConstruction.ts" time="0.019" line="119" col="6">
        </testcase>
        <testcase name="Constructed creature can activate" classname="./test/creature/CreatureConstruction.ts" time="0.002" line="130" col="6">
        </testcase>
    </testsuite>
    <testsuite name="./test/creature/CreatureModeSplit.ts" tests="8" disabled="0" errors="0" failures="0">
        <testcase name="CreatureModeSplit: fresh forward-only is 4.0.0" classname="./test/creature/CreatureModeSplit.ts" time="0.003" line="13" col="6">
        </testcase>
        <testcase name="CreatureModeSplit: fresh feedbackEnabled is 4.0.0 and not forward-only" classname="./test/creature/CreatureModeSplit.ts" time="0.000" line="19" col="6">
        </testcase>
        <testcase name="CreatureModeSplit: setForwardOnlyTopology strips recurrent edges" classname="./test/creature/CreatureModeSplit.ts" time="0.004" line="28" col="6">
        </testcase>
        <testcase name="CreatureModeSplit: setFeedbackEnabledTopology allows validate without forwardOnly" classname="./test/creature/CreatureModeSplit.ts" time="0.000" line="41" col="6">
        </testcase>
        <testcase name="CreatureModeSplit: setFeedbackEnabledTopology does not mutate flags when validation fails" classname="./test/creature/CreatureModeSplit.ts" time="0.002" line="49" col="6">
        </testcase>
        <testcase name="CreatureModeSplit: forward-only mutator cannot select recurrent ops" classname="./test/creature/CreatureModeSplit.ts" time="0.005" line="65" col="6">
        </testcase>
        <testcase name="CreatureModeSplit: feedback creature can select recurrent mutation when configured" classname="./test/creature/CreatureModeSplit.ts" time="0.000" line="79" col="6">
        </testcase>
        <testcase name="CreatureModeSplit: upgrade promotes legacy 2.x JSON with forwardOnly false" classname="./test/creature/CreatureModeSplit.ts" time="0.000" line="94" col="6">
        </testcase>
    </testsuite>
    <testsuite name="./test/creature/CreatureMutation.ts" tests="8" disabled="0" errors="0" failures="0">
        <testcase name="makeRandomConnection - adds a connection to a hidden neuron" classname="./test/creature/CreatureMutation.ts" time="0.006" line="15" col="6">
        </testcase>
        <testcase name="makeRandomConnection - via Creature facade" classname="./test/creature/CreatureMutation.ts" time="0.000" line="40" col="6">
        </testcase>
        <testcase name="fix - removes zero-weight synapses" classname="./test/creature/CreatureMutation.ts" time="0.002" line="57" col="6">
        </testcase>
        <testcase name="fix - maintains sorted synapses" classname="./test/creature/CreatureMutation.ts" time="0.001" line="79" col="6">
        </testcase>
        <testcase name="fix - via Creature facade" classname="./test/creature/CreatureMutation.ts" time="0.000" line="99" col="6">
        </testcase>
        <testcase name="fix - removes constant with no outward connections" classname="./test/creature/CreatureMutation.ts" time="0.003" line="110" col="6">
        </testcase>
        <testcase name="fix - with forwardOnly preserves semanticVersion" classname="./test/creature/CreatureMutation.ts" time="0.000" line="134" col="6">
        </testcase>
        <testcase name="fix - clears UUID when structure changes" classname="./test/creature/CreatureMutation.ts" time="0.001" line="151" col="6">
        </testcase>
    </testsuite>
    <testsuite name="./test/creature/CreatureMutations.ts" tests="15" disabled="0" errors="0" failures="0">
        <testcase name="ADD_NODE" classname="./test/creature/CreatureMutations.ts" time="0.043" line="180" col="6">
        </testcase>
        <testcase name="ADD_CONNECTION" classname="./test/creature/CreatureMutations.ts" time="0.018" line="185" col="6">
        </testcase>
        <testcase name="MOD_BIAS" classname="./test/creature/CreatureMutations.ts" time="0.018" line="190" col="6">
        </testcase>
        <testcase name="MOD_WEIGHT" classname="./test/creature/CreatureMutations.ts" time="0.011" line="195" col="6">
        </testcase>
        <testcase name="SUB_CONN" classname="./test/creature/CreatureMutations.ts" time="0.011" line="200" col="6">
        </testcase>
        <testcase name="SUB_NODE" classname="./test/creature/CreatureMutations.ts" time="0.011" line="205" col="6">
        </testcase>
        <testcase name="MOD_SQUASH" classname="./test/creature/CreatureMutations.ts" time="0.013" line="210" col="6">
        </testcase>
        <testcase name="ADD_SELF_CONN" classname="./test/creature/CreatureMutations.ts" time="0.011" line="215" col="6">
        </testcase>
        <testcase name="SUB_BACK_CONN" classname="./test/creature/CreatureMutations.ts" time="0.010" line="220" col="6">
        </testcase>
        <testcase name="ADD_BACK_CONN" classname="./test/creature/CreatureMutations.ts" time="0.010" line="225" col="6">
        </testcase>
        <testcase name="SUB_SELF_CONN" classname="./test/creature/CreatureMutations.ts" time="0.012" line="230" col="6">
        </testcase>
        <testcase name="SWAP_NODES" classname="./test/creature/CreatureMutations.ts" time="0.010" line="235" col="6">
        </testcase>
        <testcase name="gender-tag" classname="./test/creature/CreatureMutations.ts" time="0.006" line="240" col="6">
        </testcase>
        <testcase name="Feed-forward" classname="./test/creature/CreatureMutations.ts" time="1.823" line="258" col="6">
        </testcase>
        <testcase name="from/toJSON equivalency" classname="./test/creature/CreatureMutations.ts" time="0.010" line="289" col="6">
        </testcase>
    </testsuite>
    <testsuite name="./test/creature/CreatureSerialization.ts" tests="7" disabled="0" errors="0" failures="0">
        <testcase name="exportJSON - produces valid CreatureExport" classname="./test/creature/CreatureSerialization.ts" time="0.006" line="23" col="6">
        </testcase>
        <testcase name="traceJSON - includes trace data after activation" classname="./test/creature/CreatureSerialization.ts" time="0.005" line="45" col="6">
        </testcase>
        <testcase name="fromJSON - round-trips correctly" classname="./test/creature/CreatureSerialization.ts" time="0.002" line="66" col="6">
        </testcase>
        <testcase name="fromJSON - via Creature.fromJSON static method" classname="./test/creature/CreatureSerialization.ts" time="0.001" line="83" col="6">
        </testcase>
        <testcase name="loadFrom - replaces creature content" classname="./test/creature/CreatureSerialization.ts" time="0.000" line="105" col="6">
        </testcase>
        <testcase name="shallowClone - creates independent copy" classname="./test/creature/CreatureSerialization.ts" time="0.000" line="120" col="6">
        </testcase>
        <testcase name="shallowClone - via Creature facade method" classname="./test/creature/CreatureSerialization.ts" time="0.000" line="142" col="6">
        </testcase>
    </testsuite>
    <testsuite name="./test/creature/CreatureSerializationPolicy.ts" tests="2" disabled="0" errors="0" failures="0">
        <testcase name="exportJSON: toggling DEBUG does not change export for the same valid creature" classname="./test/creature/CreatureSerializationPolicy.ts" time="0.009" line="11" col="6">
        </testcase>
        <testcase name="Creature.fromJSON: validate defaults to false (hot import path)" classname="./test/creature/CreatureSerializationPolicy.ts" time="0.002" line="27" col="6">
        </testcase>
    </testsuite>
    <testsuite name="./test/creature/CreatureStateOptimised.ts" tests="12" disabled="0" errors="0" failures="0">
        <testcase name="DenseNumberMap basic operations" classname="./test/creature/CreatureStateOptimised.ts" time="0.001" line="17" col="6">
        </testcase>
        <testcase name="DenseNumberMap clear operation" classname="./test/creature/CreatureStateOptimised.ts" time="0.000" line="47" col="6">
        </testcase>
        <testcase name="DenseNumberMap overwrite values" classname="./test/creature/CreatureStateOptimised.ts" time="0.000" line="69" col="6">
        </testcase>
        <testcase name="DenseNumberMap handles zero values correctly" classname="./test/creature/CreatureStateOptimised.ts" time="0.000" line="85" col="6">
        </testcase>
        <testcase name="DenseNumberMap resize when needed" classname="./test/creature/CreatureStateOptimised.ts" time="0.000" line="100" col="6">
        </testcase>
        <testcase name="CreatureState cacheAdjustedActivation uses DenseNumberMap" classname="./test/creature/CreatureStateOptimised.ts" time="0.003" line="117" col="6">
        </testcase>
        <testcase name="CreatureState node() returns consistent NeuronState for same index" classname="./test/creature/CreatureStateOptimised.ts" time="0.000" line="204" col="6">
        </testcase>
        <testcase name="CreatureState clear() resets node and connection state" classname="./test/creature/CreatureStateOptimised.ts" time="0.000" line="247" col="6">
        </testcase>
        <testcase name="DenseNumberMap clear() clears adjusted activation cache" classname="./test/creature/CreatureStateOptimised.ts" time="0.000" line="293" col="6">
        </testcase>
        <testcase name="CreatureState preserves behaviour with large neuron count" classname="./test/creature/CreatureStateOptimised.ts" time="0.001" line="331" col="6">
        </testcase>
        <testcase name="CreatureState activation array uses Float32Array" classname="./test/creature/CreatureStateOptimised.ts" time="0.000" line="425" col="6">
        </testcase>
        <testcase name="DenseNumberMap is used internally by CreatureState" classname="./test/creature/CreatureStateOptimised.ts" time="0.000" line="463" col="6">
        </testcase>
    </testsuite>
    <testsuite name="./test/creature/CreatureStore.ts" tests="1" disabled="0" errors="0" failures="0">
        <testcase name="storePopulation" classname="./test/creature/CreatureStore.ts" time="8.053" line="8" col="6">
        </testcase>
    </testsuite>
    <testsuite name="./test/creature/CreatureTopology.ts" tests="11" disabled="0" errors="0" failures="0">
        <testcase name="inwardConnections - finds correct inbound synapses" classname="./test/creature/CreatureTopology.ts" time="0.006" line="40" col="6">
        </testcase>
        <testcase name="outwardConnections - finds correct outbound synapses" classname="./test/creature/CreatureTopology.ts" time="0.000" line="61" col="6">
        </testcase>
        <testcase name="getSynapse - returns synapse when found, null otherwise" classname="./test/creature/CreatureTopology.ts" time="0.000" line="81" col="6">
        </testcase>
        <testcase name="binarySearchSynapse - finds correct index" classname="./test/creature/CreatureTopology.ts" time="0.000" line="98" col="6">
        </testcase>
        <testcase name="findInsertionPoint - returns correct position" classname="./test/creature/CreatureTopology.ts" time="0.000" line="114" col="6">
        </testcase>
        <testcase name="selfConnection - detects self-connections" classname="./test/creature/CreatureTopology.ts" time="0.000" line="124" col="6">
        </testcase>
        <testcase name="hasConnection - checks connection existence" classname="./test/creature/CreatureTopology.ts" time="0.000" line="137" col="6">
        </testcase>
        <testcase name="getConnectionSet - returns all connection keys" classname="./test/creature/CreatureTopology.ts" time="0.000" line="154" col="6">
        </testcase>
        <testcase name="getHiddenNeuronIds - returns hidden neuron UUIDs" classname="./test/creature/CreatureTopology.ts" time="0.000" line="168" col="6">
        </testcase>
        <testcase name="prebuildInwardIndex - builds secondary index" classname="./test/creature/CreatureTopology.ts" time="0.000" line="180" col="6">
        </testcase>
        <testcase name="facade delegation matches direct module calls" classname="./test/creature/CreatureTopology.ts" time="0.000" line="202" col="6">
        </testcase>
    </testsuite>
    <testsuite name="./test/creature/CreatureTrainEvolve.ts" tests="19" disabled="0" errors="0" failures="1">
        <testcase name="train_AND_gate" classname="./test/creature/CreatureTrainEvolve.ts" time="0.042" line="211" col="6">
        </testcase>
        <testcase name="evolve_AND_gate" classname="./test/creature/CreatureTrainEvolve.ts" time="3.187" line="225" col="6">
            <failure message="Uncaught TopologyError: node 0 creature mismatch">TopologyError: node 0 creature mismatch
      throw new TopologyError(
            ^
    at file:///home/runner/work/NEAT-AI/NEAT-AI/src/architecture/CreatureValidate.ts:309:13
    at Array.forEach (&lt;anonymous&gt;)
    at creatureValidate (file:///home/runner/work/NEAT-AI/NEAT-AI/src/architecture/CreatureValidate.ts:88:20)
    at Module.exportJSON (file:///home/runner/work/NEAT-AI/NEAT-AI/src/creature/CreatureSerialization.ts:144:5)
    at Creature.exportJSON (file:///home/runner/work/NEAT-AI/NEAT-AI/src/Creature.ts:1097:26)
    at WorkerHandler.evaluate (file:///home/runner/work/NEAT-AI/NEAT-AI/src/multithreading/workers/WorkerHandler.ts:448:28)
    at processNext (file:///home/runner/work/NEAT-AI/NEAT-AI/src/architecture/Fitness.ts:348:41)
    at processNext (file:///home/runner/work/NEAT-AI/NEAT-AI/src/architecture/Fitness.ts:405:13)
    at async processNext (file:///home/runner/work/NEAT-AI/NEAT-AI/src/architecture/Fitness.ts:405:7)
    at async processNext (file:///home/runner/work/NEAT-AI/NEAT-AI/src/architecture/Fitness.ts:405:7)</failure>
        </testcase>
        <testcase name="evolve XORgate" classname="./test/creature/CreatureTrainEvolve.ts" time="4.734" line="238" col="6">
        </testcase>
        <testcase name="train XOR gate" classname="./test/creature/CreatureTrainEvolve.ts" time="0.004" line="259" col="6">
        </testcase>
        <testcase name="evolve_NOT_gate" classname="./test/creature/CreatureTrainEvolve.ts" time="1.896" line="272" col="6">
        </testcase>
        <testcase name="train_NOT_gate" classname="./test/creature/CreatureTrainEvolve.ts" time="0.022" line="283" col="6">
        </testcase>
        <testcase name="evolve_XNOR_gate" classname="./test/creature/CreatureTrainEvolve.ts" time="7.449" line="294" col="6">
        </testcase>
        <testcase name="train_XNOR_gate" classname="./test/creature/CreatureTrainEvolve.ts" time="0.003" line="308" col="6">
        </testcase>
        <testcase name="train OR gate" classname="./test/creature/CreatureTrainEvolve.ts" time="0.003" line="321" col="6">
        </testcase>
        <testcase name="evolve OR gate" classname="./test/creature/CreatureTrainEvolve.ts" time="1.296" line="334" col="6">
        </testcase>
        <testcase name="train_SIN_function" classname="./test/creature/CreatureTrainEvolve.ts" time="0.037" line="347" col="6">
        </testcase>
        <testcase name="evolve_SIN_function" classname="./test/creature/CreatureTrainEvolve.ts" time="1.350" line="361" col="6">
        </testcase>
        <testcase name="train_Bigger_than" classname="./test/creature/CreatureTrainEvolve.ts" time="0.033" line="376" col="6">
        </testcase>
        <testcase name="evolve_Bigger_than" classname="./test/creature/CreatureTrainEvolve.ts" time="2.357" line="393" col="6">
        </testcase>
        <testcase name="train SIN + COS" classname="./test/creature/CreatureTrainEvolve.ts" time="0.022" line="456" col="6">
        </testcase>
        <testcase name="evolve SIN + COS" classname="./test/creature/CreatureTrainEvolve.ts" time="3.020" line="473" col="6">
        </testcase>
        <testcase name="train_SHIFT" classname="./test/creature/CreatureTrainEvolve.ts" time="0.241" line="506" col="6">
        </testcase>
        <testcase name="evolveSHIFT" classname="./test/creature/CreatureTrainEvolve.ts" time="16.681" line="523" col="6">
        </testcase>
        <testcase name="from-to" classname="./test/creature/CreatureTrainEvolve.ts" time="3.035" line="560" col="6">
        </testcase>
    </testsuite>
    <testsuite name="./test/creature/CreatureTrainingTypedErrors.ts" tests="2" disabled="0" errors="0" failures="0">
        <testcase name="TopologyError EXCESSIVE_ERRORS - has correct reason and message" classname="./test/creature/CreatureTrainingTypedErrors.ts" time="0.001" line="10" col="6">
        </testcase>
        <testcase name="TopologyError - is instance of Error" classname="./test/creature/CreatureTrainingTypedErrors.ts" time="0.000" line="20" col="6">
        </testcase>
    </testsuite>
    <testsuite name="./test/creature/CreatureTypedErrors.ts" tests="4" disabled="0" errors="0" failures="0">
        <testcase name="Creature activate - throws ActivationError for NaN input" classname="./test/creature/CreatureTypedErrors.ts" time="0.004" line="12" col="6">
        </testcase>
        <testcase name="Creature activateEphemeral - throws ActivationError for Infinity input" classname="./test/creature/CreatureTypedErrors.ts" time="0.000" line="23" col="6">
        </testcase>
        <testcase name="Creature connectBatch - throws TopologyError for duplicate in batch" classname="./test/creature/CreatureTypedErrors.ts" time="0.000" line="30" col="6">
        </testcase>
        <testcase name="Creature connectBatch - throws TopologyError for existing connection" classname="./test/creature/CreatureTypedErrors.ts" time="0.000" line="45" col="6">
        </testcase>
    </testsuite>
    <testsuite name="./test/creature/CreatureUUID.ts" tests="5" disabled="0" errors="0" failures="0">
        <testcase name="knownName" classname="./test/creature/CreatureUUID.ts" time="0.004" line="17" col="6">
        </testcase>
        <testcase name="ignoreTags" classname="./test/creature/CreatureUUID.ts" time="0.003" line="57" col="6">
        </testcase>
        <testcase name="keepUUID" classname="./test/creature/CreatureUUID.ts" time="0.001" line="149" col="6">
        </testcase>
        <testcase name="generateUUID" classname="./test/creature/CreatureUUID.ts" time="0.008" line="211" col="6">
        </testcase>
        <testcase name="ignoreOrderUUID" classname="./test/creature/CreatureUUID.ts" time="0.000" line="282" col="6">
        </testcase>
    </testsuite>
    <testsuite name="./test/creature/DisconnectBinarySearch.ts" tests="11" disabled="0" errors="0" failures="0">
        <testcase name="disconnect: removes synapse correctly using binary search" classname="./test/creature/DisconnectBinarySearch.ts" time="0.002" line="32" col="6">
        </testcase>
        <testcase name="disconnect: handles non-existent synapse gracefully" classname="./test/creature/DisconnectBinarySearch.ts" time="0.000" line="64" col="6">
        </testcase>
        <testcase name="disconnect: removes first synapse correctly" classname="./test/creature/DisconnectBinarySearch.ts" time="0.000" line="79" col="6">
        </testcase>
        <testcase name="disconnect: removes last synapse correctly" classname="./test/creature/DisconnectBinarySearch.ts" time="0.000" line="104" col="6">
        </testcase>
        <testcase name="disconnect: maintains sorted order after removal" classname="./test/creature/DisconnectBinarySearch.ts" time="0.000" line="129" col="6">
        </testcase>
        <testcase name="disconnect: invalidates caches correctly" classname="./test/creature/DisconnectBinarySearch.ts" time="0.000" line="151" col="6">
        </testcase>
        <testcase name="disconnect: works with many synapses same from index" classname="./test/creature/DisconnectBinarySearch.ts" time="0.000" line="179" col="6">
        </testcase>
        <testcase name="disconnect: handles single synapse creature" classname="./test/creature/DisconnectBinarySearch.ts" time="0.001" line="209" col="6">
        </testcase>
        <testcase name="disconnect: sequential disconnects work correctly" classname="./test/creature/DisconnectBinarySearch.ts" time="0.001" line="228" col="6">
        </testcase>
        <testcase name="disconnect: binarySearchSynapse finds correct index" classname="./test/creature/DisconnectBinarySearch.ts" time="0.001" line="256" col="6">
        </testcase>
        <testcase name="disconnect: empty synapses array handled gracefully" classname="./test/creature/DisconnectBinarySearch.ts" time="0.000" line="287" col="6">
        </testcase>
    </testsuite>
    <testsuite name="./test/creature/EpisodeAdapter_test.ts" tests="10" disabled="0" errors="0" failures="0">
        <testcase name="EpisodeAdapter: counting adapter happy path" classname="./test/creature/EpisodeAdapter_test.ts" time="0.001" line="64" col="6">
        </testcase>
        <testcase name="EpisodeAdapter: default guards are 5000 / 60_000" classname="./test/creature/EpisodeAdapter_test.ts" time="0.000" line="119" col="6">
        </testcase>
        <testcase name="EpisodeAdapter: subclass guard overrides are honoured" classname="./test/creature/EpisodeAdapter_test.ts" time="0.000" line="140" col="6">
        </testcase>
        <testcase name="EpisodeAdapter: zero observationLength fails on first use" classname="./test/creature/EpisodeAdapter_test.ts" time="0.000" line="158" col="6">
        </testcase>
        <testcase name="EpisodeAdapter: non-positive maxSteps() fails on first use" classname="./test/creature/EpisodeAdapter_test.ts" time="0.000" line="173" col="6">
        </testcase>
        <testcase name="EpisodeAdapter: zero wallClockMs() fails on first use" classname="./test/creature/EpisodeAdapter_test.ts" time="0.000" line="188" col="6">
        </testcase>
        <testcase name="EpisodeAdapter: non-Float32Array observation fails contract" classname="./test/creature/EpisodeAdapter_test.ts" time="0.000" line="230" col="6">
        </testcase>
        <testcase name="EpisodeAdapter: mismatched observation length fails contract" classname="./test/creature/EpisodeAdapter_test.ts" time="0.000" line="266" col="6">
        </testcase>
        <testcase name="EpisodeAdapter: argmax decodeAction picks the largest index" classname="./test/creature/EpisodeAdapter_test.ts" time="0.000" line="316" col="6">
        </testcase>
        <testcase name="EpisodeAdapter: assertContract() is idempotent on repeat calls" classname="./test/creature/EpisodeAdapter_test.ts" time="0.000" line="346" col="6">
        </testcase>
    </testsuite>
    <testsuite name="./test/creature/EpisodeRunner_test.ts" tests="6" disabled="0" errors="0" failures="0">
        <testcase name="runEpisode: natural termination after 12 steps" classname="./test/creature/EpisodeRunner_test.ts" time="0.008" line="94" col="6">
        </testcase>
        <testcase name="runEpisode: default maxSteps guard truncates at 5000" classname="./test/creature/EpisodeRunner_test.ts" time="0.031" line="142" col="6">
        </testcase>
        <testcase name="runEpisode: wall-clock truncation fires near the cap" classname="./test/creature/EpisodeRunner_test.ts" time="0.001" line="204" col="6">
        </testcase>
        <testcase name="runEpisode: subclass maxSteps override is honoured" classname="./test/creature/EpisodeRunner_test.ts" time="0.000" line="234" col="6">
        </testcase>
        <testcase name="runEpisode: same seed produces identical results" classname="./test/creature/EpisodeRunner_test.ts" time="0.000" line="295" col="6">
        </testcase>
        <testcase name="runEpisode: accumulates scalar rewards across the rollout" classname="./test/creature/EpisodeRunner_test.ts" time="0.000" line="344" col="6">
        </testcase>
    </testsuite>
    <testsuite name="./test/creature/EvolveEnv.ts" tests="9" disabled="0" errors="0" failures="0">
        <testcase name="evolveEnv: defaultRewardToError flattens non-negative rewards to 0" classname="./test/creature/EvolveEnv.ts" time="0.001" line="79" col="6">
        </testcase>
        <testcase name="evolveEnv: rejects creature whose I/O does not match adapter" classname="./test/creature/EvolveEnv.ts" time="0.004" line="86" col="6">
        </testcase>
        <testcase name="evolveEnv: happy path reaches targetError within iterations" classname="./test/creature/EvolveEnv.ts" time="0.077" line="100" col="6">
        </testcase>
        <testcase name="evolveEnv: iterations cap stops the run" classname="./test/creature/EvolveEnv.ts" time="0.020" line="119" col="6">
        </testcase>
        <testcase name="evolveEnv: timeoutMinutes option is accepted and run completes" classname="./test/creature/EvolveEnv.ts" time="0.017" line="135" col="6">
        </testcase>
        <testcase name="evolveEnv: trialsPerScore &gt; 1 averages multiple trials" classname="./test/creature/EvolveEnv.ts" time="0.014" line="155" col="6">
        </testcase>
        <testcase name="evolveEnv: deterministic given the same seed" classname="./test/creature/EvolveEnv.ts" time="0.075" line="179" col="6">
        </testcase>
        <testcase name="evolveEnv: emits generation_complete events" classname="./test/creature/EvolveEnv.ts" time="0.012" line="213" col="6">
        </testcase>
        <testcase name="evolveEnv: abort signal interrupts the run" classname="./test/creature/EvolveEnv.ts" time="2.265" line="233" col="6">
        </testcase>
    </testsuite>
    <testsuite name="./test/creature/EvolveRLStatistics_test.ts" tests="3" disabled="0" errors="0" failures="0">
        <testcase name="EvolveRLStatistics: isMilestoneGeneration matches the schedule" classname="./test/creature/EvolveRLStatistics_test.ts" time="0.001" line="70" col="6">
        </testcase>
        <testcase name="EvolveRLStatistics: default off — no milestone events over 50 generations" classname="./test/creature/EvolveRLStatistics_test.ts" time="0.266" line="111" col="6">
        </testcase>
        <testcase name="EvolveRLStatistics: on — events at exactly 1, 2, 5, 10, 20, 50 over 50 generations" classname="./test/creature/EvolveRLStatistics_test.ts" time="0.088" line="146" col="6">
        </testcase>
    </testsuite>
    <testsuite name="./test/creature/Fix.ts" tests="1" disabled="0" errors="0" failures="0">
        <testcase name="fix: is idempotent - second fix does not change creature" classname="./test/creature/Fix.ts" time="0.011" line="8" col="6">
        </testcase>
    </testsuite>
    <testsuite name="./test/creature/FixNoInwardRandomSynapse.ts" tests="1" disabled="0" errors="0" failures="0">
        <testcase name="fix({ forwardOnly: true }) adds random inbound for hidden with no inward connections" classname="./test/creature/FixNoInwardRandomSynapse.ts" time="0.011" line="11" col="6">
        </testcase>
    </testsuite>
    <testsuite name="./test/creature/FocusClosure.ts" tests="9" disabled="0" errors="0" failures="0">
        <testcase name="focus closure - chain transitive reachability" classname="./test/creature/FocusClosure.ts" time="0.003" line="86" col="6">
        </testcase>
        <testcase name="focus closure - mid-chain focus" classname="./test/creature/FocusClosure.ts" time="0.000" line="96" col="6">
        </testcase>
        <testcase name="focus closure - diamond topology" classname="./test/creature/FocusClosure.ts" time="0.000" line="119" col="6">
        </testcase>
        <testcase name="focus closure - disconnected paths only follow focused path" classname="./test/creature/FocusClosure.ts" time="0.000" line="130" col="6">
        </testcase>
        <testcase name="focus closure - multiple focus neurons" classname="./test/creature/FocusClosure.ts" time="0.000" line="158" col="6">
        </testcase>
        <testcase name="focus closure - empty focus list returns true for all" classname="./test/creature/FocusClosure.ts" time="0.000" line="169" col="6">
        </testcase>
        <testcase name="focus closure - cache invalidation on focus list change" classname="./test/creature/FocusClosure.ts" time="0.000" line="186" col="6">
        </testcase>
        <testcase name="focus closure - self-connection marks neuron as in focus" classname="./test/creature/FocusClosure.ts" time="0.000" line="199" col="6">
        </testcase>
        <testcase name="focus closure - consistent results with inFocus.json test data" classname="./test/creature/FocusClosure.ts" time="0.000" line="234" col="6">
        </testcase>
    </testsuite>
    <testsuite name="./test/creature/ForwardOnlyGuaranteed.ts" tests="9" disabled="0" errors="0" failures="0">
        <testcase name="forwardOnlyGuaranteed - forward-only creature is true" classname="./test/creature/ForwardOnlyGuaranteed.ts" time="0.004" line="9" col="6">
        </testcase>
        <testcase name="forwardOnlyGuaranteed - feedback-enabled creature is false" classname="./test/creature/ForwardOnlyGuaranteed.ts" time="0.000" line="22" col="6">
        </testcase>
        <testcase name="forwardOnlyGuaranteed - default fresh creature is true" classname="./test/creature/ForwardOnlyGuaranteed.ts" time="0.000" line="36" col="6">
        </testcase>
        <testcase name="forwardOnlyGuaranteed - high semantic version forward-only is true" classname="./test/creature/ForwardOnlyGuaranteed.ts" time="0.000" line="49" col="6">
        </testcase>
        <testcase name="forwardOnlyGuaranteed - preserved through fromJSON" classname="./test/creature/ForwardOnlyGuaranteed.ts" time="0.002" line="62" col="6">
        </testcase>
        <testcase name="forwardOnlyGuaranteed - preserved through shallowClone" classname="./test/creature/ForwardOnlyGuaranteed.ts" time="0.000" line="78" col="6">
        </testcase>
        <testcase name="forwardOnlyGuaranteed - false preserved through fromJSON" classname="./test/creature/ForwardOnlyGuaranteed.ts" time="0.000" line="93" col="6">
        </testcase>
        <testcase name="forwardOnlyGuaranteed - false preserved through shallowClone" classname="./test/creature/ForwardOnlyGuaranteed.ts" time="0.000" line="110" col="6">
        </testcase>
        <testcase name="forwardOnlyGuaranteed - invalid semantic version still true when forward-only" classname="./test/creature/ForwardOnlyGuaranteed.ts" time="0.000" line="126" col="6">
        </testcase>
    </testsuite>
    <testsuite name="./test/creature/ForwardOnlyOutputRoundTrip.ts" tests="5" disabled="0" errors="0" failures="0">
        <testcase name="Issue #2511: forward-only creature with output-0 round-trips with no recurrent synapse" classname="./test/creature/ForwardOnlyOutputRoundTrip.ts" time="0.008" line="50" col="6">
        </testcase>
        <testcase name="Issue #2511: exportJSON refuses to serialise forward-only creature with recurrent synapse" classname="./test/creature/ForwardOnlyOutputRoundTrip.ts" time="0.001" line="100" col="6">
        </testcase>
        <testcase name="Issue #2511: exportJSON allows recurrent synapse on non-forward-only creature" classname="./test/creature/ForwardOnlyOutputRoundTrip.ts" time="0.000" line="124" col="6">
        </testcase>
        <testcase name="Issue #2511: loadFrom strip warning includes depth=&lt;to-from&gt;" classname="./test/creature/ForwardOnlyOutputRoundTrip.ts" time="0.002" line="137" col="6">
        </testcase>
        <testcase name="Issue #2511: audited mutation operators never produce output-0 self-loop on forward-only creature" classname="./test/creature/ForwardOnlyOutputRoundTrip.ts" time="0.052" line="210" col="6">
        </testcase>
    </testsuite>
    <testsuite name="./test/creature/FromPersistedJSON.ts" tests="2" disabled="0" errors="0" failures="0">
        <testcase name="fromPersistedJSON: forward-only corrupt JSON becomes valid (GRQ disk path)" classname="./test/creature/FromPersistedJSON.ts" time="0.009" line="5" col="6">
        </testcase>
        <testcase name="fromPersistedJSON: fresh-shaped genome matches fromJSON for valid data" classname="./test/creature/FromPersistedJSON.ts" time="0.001" line="32" col="6">
        </testcase>
    </testsuite>
    <testsuite name="./test/creature/LoadFromForwardOnlyThrow.ts" tests="4" disabled="0" errors="0" failures="0">
        <testcase name="Issue #2514: loadFrom default throws on forward-only output-0 self-loop" classname="./test/creature/LoadFromForwardOnlyThrow.ts" time="0.004" line="72" col="6">
        </testcase>
        <testcase name="Issue #2514: throwOnRecurrent=never preserves legacy strip+warn" classname="./test/creature/LoadFromForwardOnlyThrow.ts" time="0.002" line="114" col="6">
        </testcase>
        <testcase name="Issue #2514: throwOnRecurrent=always throws on recurrent (non-forward-only) creature" classname="./test/creature/LoadFromForwardOnlyThrow.ts" time="0.000" line="161" col="6">
        </testcase>
        <testcase name="Issue #2514: loadFrom throws synchronously and the error tags the source pipeline" classname="./test/creature/LoadFromForwardOnlyThrow.ts" time="0.002" line="184" col="6">
        </testcase>
    </testsuite>
    <testsuite name="./test/creature/LoadFromObservability.ts" tests="3" disabled="0" errors="0" failures="0">
        <testcase name="loadFrom strip warning: no longer says &apos;UUID: unknown&apos;" classname="./test/creature/LoadFromObservability.ts" time="0.009" line="46" col="6">
        </testcase>
        <testcase name="loadFrom strip warning: source=... reflects caller tag" classname="./test/creature/LoadFromObservability.ts" time="0.002" line="91" col="6">
        </testcase>
        <testcase name="loadFrom strip warning: same JSON yields the same hash twice" classname="./test/creature/LoadFromObservability.ts" time="0.001" line="128" col="6">
        </testcase>
    </testsuite>
    <testsuite name="./test/creature/NeuronUuidStability.ts" tests="12" disabled="0" errors="0" failures="0">
        <testcase name="UUID stability: AddNeuron does not change existing neuron UUIDs" classname="./test/creature/NeuronUuidStability.ts" time="0.006" line="62" col="6">
        </testcase>
        <testcase name="UUID stability: AddConnection does not change existing neuron UUIDs" classname="./test/creature/NeuronUuidStability.ts" time="0.000" line="81" col="6">
        </testcase>
        <testcase name="UUID stability: ModWeight does not change existing neuron UUIDs" classname="./test/creature/NeuronUuidStability.ts" time="0.000" line="100" col="6">
        </testcase>
        <testcase name="UUID stability: ModBias does not change existing neuron UUIDs" classname="./test/creature/NeuronUuidStability.ts" time="0.000" line="119" col="6">
        </testcase>
        <testcase name="UUID stability: ModSquash does not change existing neuron UUIDs" classname="./test/creature/NeuronUuidStability.ts" time="0.000" line="138" col="6">
        </testcase>
        <testcase name="UUID stability: SubConnection does not fabricate or change surviving neuron UUIDs" classname="./test/creature/NeuronUuidStability.ts" time="0.000" line="157" col="6">
        </testcase>
        <testcase name="UUID stability: SwapNeurons does not change existing neuron UUIDs" classname="./test/creature/NeuronUuidStability.ts" time="0.000" line="177" col="6">
        </testcase>
        <testcase name="UUID stability: exportJSON round-trip preserves all neuron UUIDs" classname="./test/creature/NeuronUuidStability.ts" time="0.002" line="196" col="6">
        </testcase>
        <testcase name="UUID stability: multiple mutation generations preserve surviving neuron UUIDs" classname="./test/creature/NeuronUuidStability.ts" time="0.014" line="220" col="6">
        </testcase>
        <testcase name="UUID stability: breeding preserves neuron UUIDs from parents" classname="./test/creature/NeuronUuidStability.ts" time="0.008" line="258" col="6">
        </testcase>
        <testcase name="UUID stability: cross-machine breeding scenario — creatures evolved independently share neuron UUIDs for alignment" classname="./test/creature/NeuronUuidStability.ts" time="0.006" line="339" col="6">
        </testcase>
        <testcase name="UUID stability: exportJSON contains no numeric id, fromId, or toId" classname="./test/creature/NeuronUuidStability.ts" time="0.000" line="415" col="6">
        </testcase>
    </testsuite>
    <testsuite name="./test/creature/PrototypePollution.ts" tests="4" disabled="0" errors="0" failures="0">
        <testcase name="loadFrom - neuron trace with __proto__ key does not pollute Object.prototype" classname="./test/creature/PrototypePollution.ts" time="0.012" line="17" col="6">
        </testcase>
        <testcase name="loadFrom - synapse trace with __proto__ key does not pollute Object.prototype" classname="./test/creature/PrototypePollution.ts" time="0.001" line="62" col="6">
        </testcase>
        <testcase name="loadFrom - trace with constructor key does not pollute prototype" classname="./test/creature/PrototypePollution.ts" time="0.001" line="107" col="6">
        </testcase>
        <testcase name="loadFrom - mixed safe and unsafe keys: safe keys copied, unsafe keys blocked" classname="./test/creature/PrototypePollution.ts" time="0.001" line="151" col="6">
        </testcase>
    </testsuite>
    <testsuite name="./test/creature/SelectiveCacheInvalidation.ts" tests="10" disabled="0" errors="0" failures="0">
        <testcase name="SelectiveCacheInvalidation: connect() preserves hiddenNeuronUUIDs cache" classname="./test/creature/SelectiveCacheInvalidation.ts" time="0.005" line="54" col="6">
        </testcase>
        <testcase name="SelectiveCacheInvalidation: disconnect() preserves hiddenNeuronUUIDs cache" classname="./test/creature/SelectiveCacheInvalidation.ts" time="0.000" line="75" col="6">
        </testcase>
        <testcase name="SelectiveCacheInvalidation: connect() invalidates connectionSet" classname="./test/creature/SelectiveCacheInvalidation.ts" time="0.000" line="101" col="6">
        </testcase>
        <testcase name="SelectiveCacheInvalidation: connect() invalidates availableConnectionsCache" classname="./test/creature/SelectiveCacheInvalidation.ts" time="0.000" line="120" col="6">
        </testcase>
        <testcase name="SelectiveCacheInvalidation: full clearCache() invalidates everything" classname="./test/creature/SelectiveCacheInvalidation.ts" time="0.000" line="145" col="6">
        </testcase>
        <testcase name="SelectiveCacheInvalidation: connect() invalidates score cache" classname="./test/creature/SelectiveCacheInvalidation.ts" time="0.001" line="179" col="6">
        </testcase>
        <testcase name="SelectiveCacheInvalidation: disconnect() invalidates score cache" classname="./test/creature/SelectiveCacheInvalidation.ts" time="0.000" line="198" col="6">
        </testcase>
        <testcase name="SelectiveCacheInvalidation: connectBatch() preserves hiddenNeuronUUIDs cache" classname="./test/creature/SelectiveCacheInvalidation.ts" time="0.000" line="222" col="6">
        </testcase>
        <testcase name="SelectiveCacheInvalidation: disconnectBatch() preserves hiddenNeuronUUIDs cache" classname="./test/creature/SelectiveCacheInvalidation.ts" time="0.000" line="246" col="6">
        </testcase>
        <testcase name="SelectiveCacheInvalidation: many connect/disconnect preserve hiddenNeuronUUIDs" classname="./test/creature/SelectiveCacheInvalidation.ts" time="0.002" line="276" col="6">
        </testcase>
    </testsuite>
    <testsuite name="./test/creature/SemanticVersionStability.ts" tests="12" disabled="0" errors="0" failures="0">
        <testcase name="semanticVersion preserved: new creature defaults to 4.0.0" classname="./test/creature/SemanticVersionStability.ts" time="0.005" line="49" col="6">
        </testcase>
        <testcase name="semanticVersion preserved: fromJSON round-trip" classname="./test/creature/SemanticVersionStability.ts" time="0.002" line="57" col="6">
        </testcase>
        <testcase name="semanticVersion preserved: after AddNeuron mutation" classname="./test/creature/SemanticVersionStability.ts" time="0.003" line="71" col="6">
        </testcase>
        <testcase name="semanticVersion preserved: after AddConnection mutation" classname="./test/creature/SemanticVersionStability.ts" time="0.000" line="88" col="6">
        </testcase>
        <testcase name="semanticVersion preserved: after ModWeight mutation" classname="./test/creature/SemanticVersionStability.ts" time="0.000" line="105" col="6">
        </testcase>
        <testcase name="semanticVersion preserved: after ModBias mutation" classname="./test/creature/SemanticVersionStability.ts" time="0.000" line="122" col="6">
        </testcase>
        <testcase name="semanticVersion preserved: after SubConnection mutation" classname="./test/creature/SemanticVersionStability.ts" time="0.000" line="139" col="6">
        </testcase>
        <testcase name="semanticVersion preserved: after Mutator.mutate (multiple generations)" classname="./test/creature/SemanticVersionStability.ts" time="0.016" line="156" col="6">
        </testcase>
        <testcase name="semanticVersion preserved: breeding offspring inherits 4.x" classname="./test/creature/SemanticVersionStability.ts" time="0.009" line="187" col="6">
        </testcase>
        <testcase name="semanticVersion preserved: exportJSON never drops version" classname="./test/creature/SemanticVersionStability.ts" time="0.000" line="220" col="6">
        </testcase>
        <testcase name="semanticVersion preserved: shallowClone" classname="./test/creature/SemanticVersionStability.ts" time="0.000" line="234" col="6">
        </testcase>
        <testcase name="semanticVersion preserved: mutation + export + reimport cycle" classname="./test/creature/SemanticVersionStability.ts" time="0.001" line="249" col="6">
        </testcase>
    </testsuite>
    <testsuite name="./test/creature/SemanticVersionWriteGuard.ts" tests="17" disabled="0" errors="0" failures="0">
        <testcase name="isValidWriteableSemanticVersion rejects empty string" classname="./test/creature/SemanticVersionWriteGuard.ts" time="0.001" line="25" col="6">
        </testcase>
        <testcase name="isValidWriteableSemanticVersion rejects undefined" classname="./test/creature/SemanticVersionWriteGuard.ts" time="0.000" line="32" col="6">
        </testcase>
        <testcase name="isValidWriteableSemanticVersion rejects 0.x versions" classname="./test/creature/SemanticVersionWriteGuard.ts" time="0.000" line="39" col="6">
        </testcase>
        <testcase name="isValidWriteableSemanticVersion rejects 1.x versions" classname="./test/creature/SemanticVersionWriteGuard.ts" time="0.000" line="46" col="6">
        </testcase>
        <testcase name="isValidWriteableSemanticVersion accepts 2.0.0" classname="./test/creature/SemanticVersionWriteGuard.ts" time="0.000" line="53" col="6">
        </testcase>
        <testcase name="isValidWriteableSemanticVersion accepts 4.0.0" classname="./test/creature/SemanticVersionWriteGuard.ts" time="0.000" line="60" col="6">
        </testcase>
        <testcase name="isValidWriteableSemanticVersion accepts 10.1.3" classname="./test/creature/SemanticVersionWriteGuard.ts" time="0.000" line="67" col="6">
        </testcase>
        <testcase name="isValidWriteableSemanticVersion rejects non-semver strings" classname="./test/creature/SemanticVersionWriteGuard.ts" time="0.000" line="74" col="6">
        </testcase>
        <testcase name="assertValidWriteableSemanticVersion throws on empty string" classname="./test/creature/SemanticVersionWriteGuard.ts" time="0.001" line="83" col="6">
        </testcase>
        <testcase name="assertValidWriteableSemanticVersion throws on undefined" classname="./test/creature/SemanticVersionWriteGuard.ts" time="0.000" line="94" col="6">
        </testcase>
        <testcase name="assertValidWriteableSemanticVersion passes on 4.0.0" classname="./test/creature/SemanticVersionWriteGuard.ts" time="0.000" line="105" col="6">
        </testcase>
        <testcase name="fromJSON with empty semanticVersion defaults to current version" classname="./test/creature/SemanticVersionWriteGuard.ts" time="0.002" line="114" col="6">
        </testcase>
        <testcase name="fromJSON with undefined semanticVersion defaults to current version" classname="./test/creature/SemanticVersionWriteGuard.ts" time="0.000" line="154" col="6">
        </testcase>
        <testcase name="constructor with empty semanticVersion uses default" classname="./test/creature/SemanticVersionWriteGuard.ts" time="0.003" line="190" col="6">
        </testcase>
        <testcase name="exportJSON includes valid semanticVersion after fromJSON with empty version" classname="./test/creature/SemanticVersionWriteGuard.ts" time="0.001" line="206" col="6">
        </testcase>
        <testcase name="exportJSON includes valid semanticVersion for a new creature" classname="./test/creature/SemanticVersionWriteGuard.ts" time="0.000" line="247" col="6">
        </testcase>
        <testcase name="round-trip: fromJSON(empty version) → exportJSON → fromJSON preserves valid version" classname="./test/creature/SemanticVersionWriteGuard.ts" time="0.000" line="262" col="6">
        </testcase>
    </testsuite>
    <testsuite name="./test/creature/SerialisationTypeSafety.ts" tests="7" disabled="0" errors="0" failures="0">
        <testcase name="isMemeticWireData - accepts valid wire data" classname="./test/creature/SerialisationTypeSafety.ts" time="0.000" line="21" col="6">
        </testcase>
        <testcase name="isMemeticWireData - rejects invalid shapes" classname="./test/creature/SerialisationTypeSafety.ts" time="0.000" line="45" col="6">
        </testcase>
        <testcase name="isRecord - validates plain objects" classname="./test/creature/SerialisationTypeSafety.ts" time="0.000" line="71" col="6">
        </testcase>
        <testcase name="loadFrom preserves memetic with UUID keys" classname="./test/creature/SerialisationTypeSafety.ts" time="0.007" line="83" col="6">
        </testcase>
        <testcase name="normaliseCreatureExport assigns integer IDs from UUID neurons" classname="./test/creature/SerialisationTypeSafety.ts" time="0.001" line="122" col="6">
        </testcase>
        <testcase name="normaliseCreatureExport converts UUID memetic keys to integer IDs" classname="./test/creature/SerialisationTypeSafety.ts" time="0.000" line="168" col="6">
        </testcase>
        <testcase name="loadFrom handles trace data without double casts" classname="./test/creature/SerialisationTypeSafety.ts" time="0.001" line="220" col="6">
        </testcase>
    </testsuite>
    <testsuite name="./test/creature/ShallowCloneRuntimeIds.ts" tests="3" disabled="0" errors="0" failures="0">
        <testcase name="shallowClone preserves runtime IDs equivalent to exportJSONWithRuntimeIds" classname="./test/creature/ShallowCloneRuntimeIds.ts" time="0.017" line="29" col="6">
        </testcase>
        <testcase name="shallowClone preserves runtime IDs for multi-layer creature" classname="./test/creature/ShallowCloneRuntimeIds.ts" time="0.011" line="159" col="6">
        </testcase>
        <testcase name="shallowClone preserves semantic version and forwardOnly" classname="./test/creature/ShallowCloneRuntimeIds.ts" time="0.000" line="228" col="6">
        </testcase>
    </testsuite>
    <testsuite name="./test/creature/TraceDir.ts" tests="1" disabled="0" errors="0" failures="0">
        <testcase name="TraceDir" classname="./test/creature/TraceDir.ts" time="0.123" line="11" col="6">
        </testcase>
    </testsuite>
    <testsuite name="./test/creature/ShallowClone.ts" tests="18" disabled="0" errors="0" failures="0">
        <testcase name="shallowClone - basic structure preservation" classname="./test/creature/ShallowClone.ts" time="0.006" line="29" col="6">
        </testcase>
        <testcase name="shallowClone - activation output equivalence" classname="./test/creature/ShallowClone.ts" time="0.006" line="53" col="6">
        </testcase>
        <testcase name="shallowClone - mutable state copying" classname="./test/creature/ShallowClone.ts" time="0.000" line="87" col="6">
        </testcase>
        <testcase name="shallowClone - memetic weights object is not shared with original" classname="./test/creature/ShallowClone.ts" time="0.000" line="115" col="6">
        </testcase>
        <testcase name="shallowClone - independence from original (neuron modification)" classname="./test/creature/ShallowClone.ts" time="0.000" line="135" col="6">
        </testcase>
        <testcase name="shallowClone - independence from original (synapse modification)" classname="./test/creature/ShallowClone.ts" time="0.000" line="162" col="6">
        </testcase>
        <testcase name="shallowClone - independence from original (tags modification)" classname="./test/creature/ShallowClone.ts" time="0.000" line="189" col="6">
        </testcase>
        <testcase name="shallowClone - large creature activation equivalence" classname="./test/creature/ShallowClone.ts" time="0.198" line="218" col="6">
        </testcase>
        <testcase name="shallowClone - uuid generation after modification" classname="./test/creature/ShallowClone.ts" time="0.003" line="255" col="6">
        </testcase>
        <testcase name="shallowClone - semantic version preservation" classname="./test/creature/ShallowClone.ts" time="0.000" line="281" col="6">
        </testcase>
        <testcase name="shallowClone - forwardOnly flag preservation" classname="./test/creature/ShallowClone.ts" time="0.000" line="294" col="6">
        </testcase>
        <testcase name="shallowClone - activateAndTrace equivalence" classname="./test/creature/ShallowClone.ts" time="0.008" line="307" col="6">
        </testcase>
        <testcase name="shallowClone - structural equivalence with fromJSON" classname="./test/creature/ShallowClone.ts" time="0.003" line="353" col="6">
        </testcase>
        <testcase name="shallowClone - fittest creature protection: mutation cannot affect original" classname="./test/creature/ShallowClone.ts" time="0.004" line="461" col="6">
        </testcase>
        <testcase name="shallowClone - fittest creature protection: breeding produces new creature" classname="./test/creature/ShallowClone.ts" time="0.001" line="537" col="6">
        </testcase>
        <testcase name="shallowClone - fittest creature protection: compact operation preserves original" classname="./test/creature/ShallowClone.ts" time="0.004" line="607" col="6">
        </testcase>
        <testcase name="shallowClone - fittest creature protection: mutation cannot affect original &gt; heavy mutation of clone preserves original" classname="./test/creature/ShallowClone.ts" time="0.001" line="477" col="11">
        </testcase>
        <testcase name="shallowClone - fittest creature protection: mutation cannot affect original &gt; structural changes to clone preserve original" classname="./test/creature/ShallowClone.ts" time="0.001" line="522" col="11">
        </testcase>
    </testsuite>
    <testsuite name="./test/creature/WeightBiasOverflowClamp.ts" tests="4" disabled="0" errors="0" failures="0">
        <testcase name="fromJSON: synapse weight above MAX_SAFE_INTEGER is clamped" classname="./test/creature/WeightBiasOverflowClamp.ts" time="0.005" line="20" col="6">
        </testcase>
        <testcase name="fromJSON: negative synapse weight below -MAX_SAFE_INTEGER is clamped" classname="./test/creature/WeightBiasOverflowClamp.ts" time="0.000" line="50" col="6">
        </testcase>
        <testcase name="fromJSON: neuron bias above MAX_SAFE_INTEGER is clamped" classname="./test/creature/WeightBiasOverflowClamp.ts" time="0.000" line="75" col="6">
        </testcase>
        <testcase name="fromJSON: in-range weights and biases are preserved exactly" classname="./test/creature/WeightBiasOverflowClamp.ts" time="0.000" line="109" col="6">
        </testcase>
    </testsuite>
    <testsuite name="./test/creature/evolveRL_parallel_test.ts" tests="8" disabled="0" errors="0" failures="0">
        <testcase name="EpisodeWorkerPool: initialises from adapter URL" classname="./test/creature/evolveRL_parallel_test.ts" time="0.007" line="47" col="6">
        </testcase>
        <testcase name="EpisodeWorkerPool: runEpisodes returns per-trial outcomes" classname="./test/creature/evolveRL_parallel_test.ts" time="0.009" line="64" col="6">
        </testcase>
        <testcase name="EpisodeWorkerPool: mixed terminated + truncated signals collected" classname="./test/creature/evolveRL_parallel_test.ts" time="0.002" line="91" col="6">
        </testcase>
        <testcase name="evolveRL: deterministic across threads = 1 and threads = 2" classname="./test/creature/evolveRL_parallel_test.ts" time="0.085" line="122" col="6">
        </testcase>
        <testcase name="evolveRL parallel: episodesPerCreature=3 returns the mean of the seed set" classname="./test/creature/evolveRL_parallel_test.ts" time="0.016" line="162" col="6">
        </testcase>
        <testcase name="evolveRL parallel: seed set rotates per generation" classname="./test/creature/evolveRL_parallel_test.ts" time="0.015" line="201" col="6">
        </testcase>
        <testcase name="evolveRL parallel: emits generation_complete throughput" classname="./test/creature/evolveRL_parallel_test.ts" time="0.020" line="241" col="6">
        </testcase>
        <testcase name="EpisodeWorkerPool: bad adapter URL surfaces an init error" classname="./test/creature/evolveRL_parallel_test.ts" time="0.014" line="272" col="6">
        </testcase>
    </testsuite>
    <testsuite name="./test/creature/evolveRL_test.ts" tests="14" disabled="0" errors="0" failures="0">
        <testcase name="evolveRL seed helper: deriveRLSeed is deterministic" classname="./test/creature/evolveRL_test.ts" time="0.001" line="115" col="6">
        </testcase>
        <testcase name="evolveRL seed helper: buildRLSeedSet length and rotation" classname="./test/creature/evolveRL_test.ts" time="0.000" line="122" col="6">
        </testcase>
        <testcase name="evolveRL seed helper: fixedSeedSet collapses to generation 0" classname="./test/creature/evolveRL_test.ts" time="0.000" line="134" col="6">
        </testcase>
        <testcase name="evolveRL seed helper: rejects invalid episodesPerCreature" classname="./test/creature/evolveRL_test.ts" time="0.000" line="142" col="6">
        </testcase>
        <testcase name="evolveRL: happy path converges within 10 generations" classname="./test/creature/evolveRL_test.ts" time="0.138" line="157" col="6">
        </testcase>
        <testcase name="evolveRL: targetError stop fires when reached" classname="./test/creature/evolveRL_test.ts" time="0.023" line="179" col="6">
        </testcase>
        <testcase name="evolveRL: timeoutMinutes option is accepted and run completes" classname="./test/creature/evolveRL_test.ts" time="0.013" line="202" col="6">
        </testcase>
        <testcase name="evolveRL: iterations cap stops the run" classname="./test/creature/evolveRL_test.ts" time="0.020" line="226" col="6">
        </testcase>
        <testcase name="evolveRL: episodesPerCreature=3 returns the mean of the seed set" classname="./test/creature/evolveRL_test.ts" time="0.012" line="244" col="6">
        </testcase>
        <testcase name="evolveRL: seed set rotates per generation and is reproducible" classname="./test/creature/evolveRL_test.ts" time="0.018" line="285" col="6">
        </testcase>
        <testcase name="evolveRL: fixedSeedSet=true uses identical seeds every generation" classname="./test/creature/evolveRL_test.ts" time="0.015" line="342" col="6">
        </testcase>
        <testcase name="evolveRL: deterministic given the same seed" classname="./test/creature/evolveRL_test.ts" time="0.038" line="386" col="6">
        </testcase>
        <testcase name="evolveRL: abort signal interrupts the run" classname="./test/creature/evolveRL_test.ts" time="1.835" line="430" col="6">
        </testcase>
        <testcase name="evolveRL: rejects creature whose input does not match adapter" classname="./test/creature/evolveRL_test.ts" time="0.001" line="461" col="6">
        </testcase>
    </testsuite>
    <testsuite name="./test/creature/makeActivation.ts" tests="1" disabled="0" errors="0" failures="0">
        <testcase name="makeActivation" classname="./test/creature/makeActivation.ts" time="0.005" line="7" col="6">
        </testcase>
    </testsuite>
    <testsuite name="./test/creature/toJSON.ts" tests="1" disabled="0" errors="0" failures="0">
        <testcase name="useUUIDinsteadOfPosition" classname="./test/creature/toJSON.ts" time="0.004" line="6" col="6">
        </testcase>
    </testsuite>
    <testsuite name="./test/data/SampleCreatureFixtures.ts" tests="5" disabled="0" errors="0" failures="0">
        <testcase name="GRQ-25-1 fixture loads and validates" classname="./test/data/SampleCreatureFixtures.ts" time="0.008" line="13" col="6">
        </testcase>
        <testcase name="Europa fixture loads and validates" classname="./test/data/SampleCreatureFixtures.ts" time="0.003" line="39" col="6">
        </testcase>
        <testcase name="GRQ-25-1 and Europa have same input/output counts" classname="./test/data/SampleCreatureFixtures.ts" time="0.001" line="65" col="6">
        </testcase>
        <testcase name="GRQ-25-1 and Europa have zero genetic compatibility" classname="./test/data/SampleCreatureFixtures.ts" time="0.001" line="77" col="6">
        </testcase>
        <testcase name="GRQ-25-1 is sparse and deep relative to Europa" classname="./test/data/SampleCreatureFixtures.ts" time="0.001" line="89" col="6">
        </testcase>
    </testsuite>
    <testsuite name="./test/discovery/AnalysisEnsureCombinedAnalysis.ts" tests="3" disabled="0" errors="0" failures="0">
        <testcase name="analyzeSelectedNeurons calls analyzeParallel to populate cache" classname="./test/discovery/AnalysisEnsureCombinedAnalysis.ts" time="0.029" line="47" col="6">
        </testcase>
        <testcase name="analyzeMissingNeurons calls analyzeParallel to populate cache" classname="./test/discovery/AnalysisEnsureCombinedAnalysis.ts" time="0.006" line="123" col="6">
        </testcase>
        <testcase name="analyzeSelectedNeuronsForRemoval calls analyzeParallel to populate cache" classname="./test/discovery/AnalysisEnsureCombinedAnalysis.ts" time="0.005" line="202" col="6">
        </testcase>
    </testsuite>
    <testsuite name="./test/discovery/BatchDiscoveryValidator.ts" tests="13" disabled="0" errors="0" failures="0">
        <testcase name="groupCandidatesByType correctly separates structural and weight-only changes" classname="./test/discovery/BatchDiscoveryValidator.ts" time="0.012" line="55" col="6">
        </testcase>
        <testcase name="BatchDiscoveryValidator validates all candidates and returns results" classname="./test/discovery/BatchDiscoveryValidator.ts" time="0.001" line="131" col="6">
        </testcase>
        <testcase name="BatchDiscoveryValidator uses validation cache to avoid redundant validations" classname="./test/discovery/BatchDiscoveryValidator.ts" time="0.001" line="179" col="6">
        </testcase>
        <testcase name="BatchDiscoveryValidator early-exits on first invalid structural candidate" classname="./test/discovery/BatchDiscoveryValidator.ts" time="0.001" line="240" col="6">
        </testcase>
        <testcase name="BatchDiscoveryValidator groups candidates correctly by category" classname="./test/discovery/BatchDiscoveryValidator.ts" time="0.001" line="287" col="6">
        </testcase>
        <testcase name="BatchDiscoveryValidator correctly handles forward-only validation" classname="./test/discovery/BatchDiscoveryValidator.ts" time="0.001" line="363" col="6">
        </testcase>
        <testcase name="BatchDiscoveryValidator provides validation statistics" classname="./test/discovery/BatchDiscoveryValidator.ts" time="0.000" line="416" col="6">
        </testcase>
        <testcase name="BatchDiscoveryValidator can be reset between batches" classname="./test/discovery/BatchDiscoveryValidator.ts" time="0.000" line="483" col="6">
        </testcase>
        <testcase name="BatchDiscoveryValidator reports enhanced validation as disabled by default" classname="./test/discovery/BatchDiscoveryValidator.ts" time="0.000" line="543" col="6">
        </testcase>
        <testcase name="BatchDiscoveryValidator enables enhanced validation when holdout is configured" classname="./test/discovery/BatchDiscoveryValidator.ts" time="0.000" line="558" col="6">
        </testcase>
        <testcase name="BatchDiscoveryValidator enables enhanced validation when brittleness is configured" classname="./test/discovery/BatchDiscoveryValidator.ts" time="0.000" line="577" col="6">
        </testcase>
        <testcase name="BatchDiscoveryValidator tracks enhanced rejection statistics" classname="./test/discovery/BatchDiscoveryValidator.ts" time="0.006" line="596" col="6">
        </testcase>
        <testcase name="validateDiscoveryCandidatesBatchWithEnhanced convenience function works" classname="./test/discovery/BatchDiscoveryValidator.ts" time="0.010" line="678" col="6">
        </testcase>
    </testsuite>
    <testsuite name="./test/discovery/CacheInformedRemovalCandidates.ts" tests="10" disabled="0" errors="0" failures="0">
        <testcase name="buildCacheInformedRemovalCandidates - returns empty for undefined successCacheDir" classname="./test/discovery/CacheInformedRemovalCandidates.ts" time="0.006" line="103" col="6">
        </testcase>
        <testcase name="buildCacheInformedRemovalCandidates - returns empty for non-existent cache directory" classname="./test/discovery/CacheInformedRemovalCandidates.ts" time="0.001" line="109" col="6">
        </testcase>
        <testcase name="buildCacheInformedRemovalCandidates - returns empty for empty cache directory" classname="./test/discovery/CacheInformedRemovalCandidates.ts" time="0.000" line="118" col="6">
        </testcase>
        <testcase name="buildCacheInformedRemovalCandidates - returns empty when only one neuron in cache" classname="./test/discovery/CacheInformedRemovalCandidates.ts" time="0.002" line="133" col="6">
        </testcase>
        <testcase name="buildCacheInformedRemovalCandidates - returns empty when cached neurons not in creature" classname="./test/discovery/CacheInformedRemovalCandidates.ts" time="0.003" line="146" col="6">
        </testcase>
        <testcase name="buildCacheInformedRemovalCandidates - builds pair candidate from two cached neurons" classname="./test/discovery/CacheInformedRemovalCandidates.ts" time="0.007" line="162" col="6">
        </testcase>
        <testcase name="buildCacheInformedRemovalCandidates - builds pair and triple candidates from three cached neurons" classname="./test/discovery/CacheInformedRemovalCandidates.ts" time="0.008" line="195" col="6">
        </testcase>
        <testcase name="buildCacheInformedRemovalCandidates - filters to neurons existing in creature" classname="./test/discovery/CacheInformedRemovalCandidates.ts" time="0.003" line="230" col="6">
        </testcase>
        <testcase name="buildCacheInformedRemovalCandidates - produces reproducible results with same seed" classname="./test/discovery/CacheInformedRemovalCandidates.ts" time="0.014" line="252" col="6">
        </testcase>
        <testcase name="buildCacheInformedRemovalCandidates - all candidates have cache-informed-removal type" classname="./test/discovery/CacheInformedRemovalCandidates.ts" time="0.005" line="283" col="6">
        </testcase>
    </testsuite>
    <testsuite name="./test/discovery/BrittlenessScorer.ts" tests="12" disabled="0" errors="0" failures="0">
        <testcase name="perturbInput adds small perturbations within specified magnitude" classname="./test/discovery/BrittlenessScorer.ts" time="0.001" line="57" col="6">
        </testcase>
        <testcase name="perturbInput with same seed produces same perturbation" classname="./test/discovery/BrittlenessScorer.ts" time="0.000" line="79" col="6">
        </testcase>
        <testcase name="perturbInput with different seeds produces different perturbations" classname="./test/discovery/BrittlenessScorer.ts" time="0.000" line="99" col="6">
        </testcase>
        <testcase name="BrittlenessScorer computes brittleness score for candidate" classname="./test/discovery/BrittlenessScorer.ts" time="0.009" line="120" col="6">
        </testcase>
        <testcase name="BrittlenessScorer reports variance across perturbations" classname="./test/discovery/BrittlenessScorer.ts" time="0.001" line="152" col="6">
        </testcase>
        <testcase name="BrittlenessScorer detects sensitive creatures as more brittle" classname="./test/discovery/BrittlenessScorer.ts" time="0.002" line="182" col="6">
        </testcase>
        <testcase name="BrittlenessScorer respects configurable threshold" classname="./test/discovery/BrittlenessScorer.ts" time="0.001" line="215" col="6">
        </testcase>
        <testcase name="BrittlenessScorer tests across input ranges" classname="./test/discovery/BrittlenessScorer.ts" time="0.000" line="260" col="6">
        </testcase>
        <testcase name="BrittlenessScorer handles single input gracefully" classname="./test/discovery/BrittlenessScorer.ts" time="0.000" line="292" col="6">
        </testcase>
        <testcase name="BrittlenessScorer provides rejection reason when threshold exceeded" classname="./test/discovery/BrittlenessScorer.ts" time="0.000" line="316" col="6">
        </testcase>
        <testcase name="BrittlenessScorer provides statistics for analysis logging" classname="./test/discovery/BrittlenessScorer.ts" time="0.001" line="349" col="6">
        </testcase>
        <testcase name="BrittlenessScorer deterministic with same seed" classname="./test/discovery/BrittlenessScorer.ts" time="0.000" line="381" col="6">
        </testcase>
    </testsuite>
    <testsuite name="./test/discovery/CandidateApplicationOps.ts" tests="15" disabled="0" errors="0" failures="0">
        <testcase name="applyAddSynapses - adds new synapse from candidate" classname="./test/discovery/CandidateApplicationOps.ts" time="0.006" line="87" col="6">
        </testcase>
        <testcase name="applyAddSynapses - returns undefined when no new synapses" classname="./test/discovery/CandidateApplicationOps.ts" time="0.000" line="110" col="6">
        </testcase>
        <testcase name="applyAddSynapses - enforces forward-only when requested" classname="./test/discovery/CandidateApplicationOps.ts" time="0.000" line="128" col="6">
        </testcase>
        <testcase name="applyAddSynapses - skips synapse with non-existent endpoint" classname="./test/discovery/CandidateApplicationOps.ts" time="0.000" line="157" col="6">
        </testcase>
        <testcase name="applyAddNeurons - adds new hidden neuron from candidate" classname="./test/discovery/CandidateApplicationOps.ts" time="0.001" line="183" col="6">
        </testcase>
        <testcase name="applyAddNeurons - returns undefined when no new neurons" classname="./test/discovery/CandidateApplicationOps.ts" time="0.000" line="199" col="6">
        </testcase>
        <testcase name="applyAddNeurons - includes synapses connected to new neuron" classname="./test/discovery/CandidateApplicationOps.ts" time="0.000" line="211" col="6">
        </testcase>
        <testcase name="applyChangeSquash - changes squash for target neuron" classname="./test/discovery/CandidateApplicationOps.ts" time="0.000" line="235" col="6">
        </testcase>
        <testcase name="applyChangeSquash - returns original creature when squash already matches" classname="./test/discovery/CandidateApplicationOps.ts" time="0.000" line="279" col="6">
        </testcase>
        <testcase name="applyRemoveSynapse - removes synapse that was in base but not candidate" classname="./test/discovery/CandidateApplicationOps.ts" time="0.004" line="320" col="6">
        </testcase>
        <testcase name="applyRemoveSynapse - returns undefined when nothing to remove or add" classname="./test/discovery/CandidateApplicationOps.ts" time="0.000" line="364" col="6">
        </testcase>
        <testcase name="applyRemoveNeuron - removes hidden neuron that was in base but not candidate" classname="./test/discovery/CandidateApplicationOps.ts" time="0.001" line="382" col="6">
        </testcase>
        <testcase name="applyRemoveNeuron - returns original creature when nothing to remove" classname="./test/discovery/CandidateApplicationOps.ts" time="0.000" line="419" col="6">
        </testcase>
        <testcase name="buildIdToIndexMap - maps input and hidden/output UUIDs correctly" classname="./test/discovery/CandidateApplicationOps.ts" time="0.000" line="444" col="6">
        </testcase>
        <testcase name="buildIdToIndexMap - handles creature with no inputs" classname="./test/discovery/CandidateApplicationOps.ts" time="0.000" line="458" col="6">
        </testcase>
    </testsuite>
    <testsuite name="./test/discovery/CandidateCreation.ts" tests="20" disabled="0" errors="0" failures="0">
        <testcase name="buildSingleSynapseCandidates - returns empty for undefined synapses" classname="./test/discovery/CandidateCreation.ts" time="0.006" line="76" col="6">
        </testcase>
        <testcase name="buildSingleSynapseCandidates - returns empty for empty array" classname="./test/discovery/CandidateCreation.ts" time="0.000" line="82" col="6">
        </testcase>
        <testcase name="buildSingleSynapseCandidates - builds candidate for valid synapse" classname="./test/discovery/CandidateCreation.ts" time="0.002" line="88" col="6">
        </testcase>
        <testcase name="buildSingleSynapseCandidates - includes expectedErrorReduction from getExpected" classname="./test/discovery/CandidateCreation.ts" time="0.000" line="115" col="6">
        </testcase>
        <testcase name="buildSingleNeuronCandidates - returns empty for undefined neurons" classname="./test/discovery/CandidateCreation.ts" time="0.000" line="143" col="6">
        </testcase>
        <testcase name="buildSingleNeuronCandidates - returns empty for empty array" classname="./test/discovery/CandidateCreation.ts" time="0.000" line="149" col="6">
        </testcase>
        <testcase name="buildSingleNeuronCandidates - builds candidate for valid neuron" classname="./test/discovery/CandidateCreation.ts" time="0.002" line="155" col="6">
        </testcase>
        <testcase name="buildSingleSquashCandidates - returns empty for undefined squashes" classname="./test/discovery/CandidateCreation.ts" time="0.000" line="185" col="6">
        </testcase>
        <testcase name="buildSingleSquashCandidates - returns empty for empty array" classname="./test/discovery/CandidateCreation.ts" time="0.000" line="191" col="6">
        </testcase>
        <testcase name="buildSingleSquashCandidates - builds candidate for valid squash change" classname="./test/discovery/CandidateCreation.ts" time="0.000" line="197" col="6">
        </testcase>
        <testcase name="buildSingleSquashCandidates - includes expected from getExpected" classname="./test/discovery/CandidateCreation.ts" time="0.000" line="221" col="6">
        </testcase>
        <testcase name="buildLowImpactRemovalCandidates - returns empty when no removalCandidates" classname="./test/discovery/CandidateCreation.ts" time="0.000" line="248" col="6">
        </testcase>
        <testcase name="buildLowImpactRemovalCandidates - returns empty for empty removalCandidates" classname="./test/discovery/CandidateCreation.ts" time="0.000" line="264" col="6">
        </testcase>
        <testcase name="buildLowImpactRemovalCandidates - skips non-existent neuron" classname="./test/discovery/CandidateCreation.ts" time="0.000" line="280" col="6">
        </testcase>
        <testcase name="buildLowImpactRemovalCandidates - builds candidate for existing hidden neuron" classname="./test/discovery/CandidateCreation.ts" time="0.001" line="301" col="6">
        </testcase>
        <testcase name="buildHarmfulNeuronRemovalCandidate - returns undefined for empty array" classname="./test/discovery/CandidateCreation.ts" time="0.000" line="333" col="6">
        </testcase>
        <testcase name="buildHarmfulNeuronRemovalCandidate - returns undefined for undefined" classname="./test/discovery/CandidateCreation.ts" time="0.000" line="339" col="6">
        </testcase>
        <testcase name="buildHarmfulNeuronRemovalCandidate - builds candidate for valid harmful neuron" classname="./test/discovery/CandidateCreation.ts" time="0.000" line="349" col="6">
        </testcase>
        <testcase name="buildHarmfulSynapseRemovalCandidates - returns empty when no harmful synapse" classname="./test/discovery/CandidateCreation.ts" time="0.000" line="377" col="6">
        </testcase>
        <testcase name="buildHarmfulSynapseRemovalCandidates - builds candidate for valid synapse removal" classname="./test/discovery/CandidateCreation.ts" time="0.000" line="404" col="6">
        </testcase>
    </testsuite>
    <testsuite name="./test/discovery/CandidateFilteringSuccessCache.ts" tests="6" disabled="0" errors="0" failures="0">
        <testcase name="filterCandidatesForEvaluation: novel removal candidates preferred over already-successful ones" classname="./test/discovery/CandidateFilteringSuccessCache.ts" time="0.007" line="64" col="6">
        </testcase>
        <testcase name="filterCandidatesForEvaluation: already-successful candidates used as fallback when insufficient novel candidates" classname="./test/discovery/CandidateFilteringSuccessCache.ts" time="0.000" line="107" col="6">
        </testcase>
        <testcase name="filterCandidatesForEvaluation: behaviour unchanged when no success cache dir provided" classname="./test/discovery/CandidateFilteringSuccessCache.ts" time="0.000" line="142" col="6">
        </testcase>
        <testcase name="filterCandidatesForEvaluation: diagnostics include novel vs already-successful counts" classname="./test/discovery/CandidateFilteringSuccessCache.ts" time="0.000" line="172" col="6">
        </testcase>
        <testcase name="filterCandidatesForEvaluation: harmful neuron candidates also deprioritised by success cache" classname="./test/discovery/CandidateFilteringSuccessCache.ts" time="0.000" line="207" col="6">
        </testcase>
        <testcase name="filterCandidatesForEvaluation: no diagnostics novelCount when no successCacheDir" classname="./test/discovery/CandidateFilteringSuccessCache.ts" time="0.000" line="250" col="6">
        </testcase>
    </testsuite>
    <testsuite name="./test/discovery/CombinedCandidateNeuronOps.ts" tests="6" disabled="0" errors="0" failures="0">
        <testcase name="buildCombinedFromSuccessful: add-neurons + remove-neuron preserves added neurons" classname="./test/discovery/CombinedCandidateNeuronOps.ts" time="0.013" line="66" col="6">
        </testcase>
        <testcase name="buildCombinedFromSuccessful: add-neurons targeting hidden neuron keeps new neuron before target" classname="./test/discovery/CombinedCandidateNeuronOps.ts" time="0.002" line="190" col="6">
        </testcase>
        <testcase name="buildCombinedFromSuccessful: forward-only (4.x) combinations must not introduce recurrent synapses" classname="./test/discovery/CombinedCandidateNeuronOps.ts" time="0.002" line="293" col="6">
        </testcase>
        <testcase name="buildCombinedFromSuccessful: add-neurons (forward-only 4.x) filters recurrent synapses instead of relying on fix()" classname="./test/discovery/CombinedCandidateNeuronOps.ts" time="0.002" line="372" col="6">
        </testcase>
        <testcase name="buildCombinedFromSuccessful: add-neurons chain keeps new neurons in candidate order (new -&gt; new -&gt; existing)" classname="./test/discovery/CombinedCandidateNeuronOps.ts" time="0.002" line="484" col="6">
        </testcase>
        <testcase name="buildCombinedFromSuccessful: add-synapses + remove-synapse preserves added synapses" classname="./test/discovery/CombinedCandidateNeuronOps.ts" time="0.001" line="601" col="6">
        </testcase>
    </testsuite>
    <testsuite name="./test/discovery/CombinedCandidateSynapseRemoval.ts" tests="1" disabled="0" errors="0" failures="0">
        <testcase name="buildCombinedFromSuccessful: remove-synapse combinations describe synapses not neurons" classname="./test/discovery/CombinedCandidateSynapseRemoval.ts" time="0.012" line="46" col="6">
        </testcase>
    </testsuite>
    <testsuite name="./test/discovery/CombinedCandidateRemoval.ts" tests="4" disabled="0" errors="0" failures="0">
        <testcase name="buildCombinedFromSuccessful: multiple remove-low-impact candidates are all applied" classname="./test/discovery/CombinedCandidateRemoval.ts" time="0.016" line="60" col="6">
        </testcase>
        <testcase name="buildCombinedFromSuccessful: descriptions use proper grammar for commit messages" classname="./test/discovery/CombinedCandidateRemoval.ts" time="0.003" line="224" col="6">
        </testcase>
        <testcase name="buildCombinedFromSuccessful: uses unique emojis for different combination types" classname="./test/discovery/CombinedCandidateRemoval.ts" time="0.003" line="304" col="6">
        </testcase>
        <testcase name="buildCombinedFromSuccessful: reconnection synapses from input neurons are preserved" classname="./test/discovery/CombinedCandidateRemoval.ts" time="0.001" line="433" col="6">
        </testcase>
    </testsuite>
    <testsuite name="./test/discovery/CombinedFromSuccessfulIndexMap.ts" tests="2" disabled="0" errors="0" failures="0">
        <testcase name="buildCombinedFromSuccessful: mixed removal and non-removal candidates produce correct combinations" classname="./test/discovery/CombinedFromSuccessfulIndexMap.ts" time="0.019" line="56" col="6">
        </testcase>
        <testcase name="buildCombinedFromSuccessful: appliedTypes tracks unique types correctly" classname="./test/discovery/CombinedFromSuccessfulIndexMap.ts" time="0.001" line="155" col="6">
        </testcase>
    </testsuite>
    <testsuite name="./test/discovery/CoordinatedStructuralAddNeuronInsertBeforeMissing.ts" tests="1" disabled="0" errors="0" failures="0">
        <testcase name="applyCoordinatedStructuralCandidate: addNeuron with missing insertBefore is a no-op for forward-only creatures" classname="./test/discovery/CoordinatedStructuralAddNeuronInsertBeforeMissing.ts" time="0.008" line="8" col="6">
        </testcase>
    </testsuite>
    <testsuite name="./test/discovery/CoordinatedStructuralCache.ts" tests="2" disabled="0" errors="0" failures="0">
        <testcase name="FailureCache: coordinated-structural failures are recorded and then skipped" classname="./test/discovery/CoordinatedStructuralCache.ts" time="0.017" line="62" col="6">
        </testcase>
        <testcase name="SuccessCache: coordinated-structural successes are recorded (replayable via rustRequest)" classname="./test/discovery/CoordinatedStructuralCache.ts" time="0.004" line="116" col="6">
        </testcase>
    </testsuite>
    <testsuite name="./test/discovery/CoordinatedStructuralCandidate.ts" tests="11" disabled="0" errors="0" failures="0">
        <testcase name="applyCoordinatedStructuralCandidate: remove/remove/add updates synapses as a single ordered ablation" classname="./test/discovery/CoordinatedStructuralCandidate.ts" time="0.010" line="35" col="6">
        </testcase>
        <testcase name="applyCoordinatedStructuralCandidate: applying twice is safe (idempotent)" classname="./test/discovery/CoordinatedStructuralCandidate.ts" time="0.000" line="102" col="6">
        </testcase>
        <testcase name="applyCoordinatedStructuralCandidate: removeSynapse deletes memetic when referenced" classname="./test/discovery/CoordinatedStructuralCandidate.ts" time="0.001" line="144" col="6">
        </testcase>
        <testcase name="applyCoordinatedStructuralCandidate: forward-only rejects back-connections (addSynapse is skipped)" classname="./test/discovery/CoordinatedStructuralCandidate.ts" time="0.000" line="183" col="6">
        </testcase>
        <testcase name="applyCoordinatedStructuralCandidate: empty operations is a no-op returning the same creature" classname="./test/discovery/CoordinatedStructuralCandidate.ts" time="0.000" line="210" col="6">
        </testcase>
        <testcase name="applyCoordinatedStructuralCandidate: addNeuron can insert before a target so forward-only addSynapse is valid" classname="./test/discovery/CoordinatedStructuralCandidate.ts" time="0.000" line="233" col="6">
        </testcase>
        <testcase name="applyCoordinatedStructuralCandidate: removeNeuron deletes neuron and any connected synapses" classname="./test/discovery/CoordinatedStructuralCandidate.ts" time="0.001" line="313" col="6">
        </testcase>
        <testcase name="applyCoordinatedStructuralCandidate: setWeight updates existing synapse weight" classname="./test/discovery/CoordinatedStructuralCandidate.ts" time="0.000" line="343" col="6">
        </testcase>
        <testcase name="applyCoordinatedStructuralCandidate: setWeight is idempotent (applying twice is safe)" classname="./test/discovery/CoordinatedStructuralCandidate.ts" time="0.000" line="392" col="6">
        </testcase>
        <testcase name="applyCoordinatedStructuralCandidate: setWeight is no-op if synapse doesn&apos;t exist" classname="./test/discovery/CoordinatedStructuralCandidate.ts" time="0.000" line="429" col="6">
        </testcase>
        <testcase name="applyCoordinatedStructuralCandidate: setWeight preserves synapse metadata (type/tags)" classname="./test/discovery/CoordinatedStructuralCandidate.ts" time="0.000" line="470" col="6">
        </testcase>
    </testsuite>
    <testsuite name="./test/discovery/CoordinatedStructuralCandidatePreserveSynapseMetadata.ts" tests="1" disabled="0" errors="0" failures="0">
        <testcase name="applyCoordinatedStructuralCandidate: remove+add preserves synapse type/tags when adjusting weight" classname="./test/discovery/CoordinatedStructuralCandidatePreserveSynapseMetadata.ts" time="0.009" line="9" col="6">
        </testcase>
    </testsuite>
    <testsuite name="./test/discovery/CoordinatedStructuralCandidateMoreOps.ts" tests="5" disabled="0" errors="0" failures="0">
        <testcase name="applyCoordinatedStructuralCandidate: addNeuron updates an existing neuron (idempotent replay)" classname="./test/discovery/CoordinatedStructuralCandidateMoreOps.ts" time="0.008" line="14" col="6">
        </testcase>
        <testcase name="applyCoordinatedStructuralCandidate: addNeuron with missing insertBefore inserts before outputs for non-forward-only creatures" classname="./test/discovery/CoordinatedStructuralCandidateMoreOps.ts" time="0.000" line="60" col="6">
        </testcase>
        <testcase name="applyCoordinatedStructuralCandidate: changeSquash updates existing neuron squash" classname="./test/discovery/CoordinatedStructuralCandidateMoreOps.ts" time="0.000" line="132" col="6">
        </testcase>
        <testcase name="applyCoordinatedStructuralCandidate: setBias updates existing neuron bias" classname="./test/discovery/CoordinatedStructuralCandidateMoreOps.ts" time="0.000" line="176" col="6">
        </testcase>
        <testcase name="applyCoordinatedStructuralCandidate: removeNeuron is a no-op when neuron is missing" classname="./test/discovery/CoordinatedStructuralCandidateMoreOps.ts" time="0.000" line="220" col="6">
        </testcase>
    </testsuite>
    <testsuite name="./test/discovery/CoordinatedStructuralRemoveNeuronCleanupOrphans.ts" tests="1" disabled="0" errors="0" failures="0">
        <testcase name="applyCoordinatedStructuralCandidate: removeNeuron cleans up orphaned neurons to avoid forward-only fix() bumping semanticVersion (7-Jan-2026)" classname="./test/discovery/CoordinatedStructuralRemoveNeuronCleanupOrphans.ts" time="0.009" line="8" col="6">
        </testcase>
    </testsuite>
    <testsuite name="./test/discovery/CpuOnlyDiscoveryIntegration.ts" tests="5" disabled="0" errors="0" failures="0">
        <testcase name="CPU-only integration: ensureRustCombinedAnalysis returns undefined result when GPU unavailable (Issue #2143)" classname="./test/discovery/CpuOnlyDiscoveryIntegration.ts" time="0.008" line="69" col="6">
        </testcase>
        <testcase name="CPU-only integration: both synapse and neuron scopes log unavailability (Issue #2143)" classname="./test/discovery/CpuOnlyDiscoveryIntegration.ts" time="0.000" line="124" col="6">
        </testcase>
        <testcase name="CPU-only integration: no exceptions thrown during GPU-unavailable flow (Issue #2143)" classname="./test/discovery/CpuOnlyDiscoveryIntegration.ts" time="0.002" line="175" col="6">
        </testcase>
        <testcase name="CPU-only integration: analyzeParallel receives requireGpu omitted, enabling GPU guard (Issue #2143)" classname="./test/discovery/CpuOnlyDiscoveryIntegration.ts" time="0.000" line="218" col="6">
        </testcase>
        <testcase name="CPU-only integration: discovery disabled returns undefined without calling analysis (Issue #2143)" classname="./test/discovery/CpuOnlyDiscoveryIntegration.ts" time="0.000" line="263" col="6">
        </testcase>
    </testsuite>
    <testsuite name="./test/discovery/CoordinatedStructuralRemoveNeuronMemeticCleanup.ts" tests="1" disabled="0" errors="0" failures="0">
        <testcase name="applyCoordinatedStructuralCandidate: removeNeuron cleans memetic references to avoid MEMETIC validation errors" classname="./test/discovery/CoordinatedStructuralRemoveNeuronMemeticCleanup.ts" time="0.010" line="11" col="6">
        </testcase>
    </testsuite>
    <testsuite name="./test/discovery/CreatureDiscoveryDir.ts" tests="1" disabled="0" errors="0" failures="0">
        <testcase name="Creature.discoveryDir delegates to DiscoveryRunner and returns result" classname="./test/discovery/CreatureDiscoveryDir.ts" time="0.004" line="37" col="6">
        </testcase>
    </testsuite>
    <testsuite name="./test/discovery/CrossPlatformGpuSupport.ts" tests="15" disabled="0" errors="0" failures="0">
        <testcase name="requireGpu is omitted in ensureRustCombinedAnalysis so GPU guard is active (Issue #2142)" classname="./test/discovery/CrossPlatformGpuSupport.ts" time="0.011" line="52" col="6">
        </testcase>
        <testcase name="CPU fallback: analysis succeeds with gpuUsed=false" classname="./test/discovery/CrossPlatformGpuSupport.ts" time="0.000" line="97" col="6">
        </testcase>
        <testcase name="GPU acceleration: analysis reports gpuUsed=true" classname="./test/discovery/CrossPlatformGpuSupport.ts" time="0.000" line="134" col="6">
        </testcase>
        <testcase name="RustCheckGpuResult accepts backend info fields" classname="./test/discovery/CrossPlatformGpuSupport.ts" time="0.000" line="178" col="6">
        </testcase>
        <testcase name="RustCheckGpuResult works without backend info (older Rust library)" classname="./test/discovery/CrossPlatformGpuSupport.ts" time="0.000" line="191" col="6">
        </testcase>
        <testcase name="RustCheckGpuResult reports Vulkan backend" classname="./test/discovery/CrossPlatformGpuSupport.ts" time="0.000" line="202" col="6">
        </testcase>
        <testcase name="RustCheckGpuResult reports DX12 backend" classname="./test/discovery/CrossPlatformGpuSupport.ts" time="0.000" line="215" col="6">
        </testcase>
        <testcase name="RustCheckGpuResult reports no GPU available with reason" classname="./test/discovery/CrossPlatformGpuSupport.ts" time="0.000" line="227" col="6">
        </testcase>
        <testcase name="GpuBackendInfo type represents GPU-available state" classname="./test/discovery/CrossPlatformGpuSupport.ts" time="0.000" line="239" col="6">
        </testcase>
        <testcase name="GpuBackendInfo type represents CPU-fallback state" classname="./test/discovery/CrossPlatformGpuSupport.ts" time="0.000" line="251" col="6">
        </testcase>
        <testcase name="discovery enabled: analysis called with requireGpu omitted (Issue #2142)" classname="./test/discovery/CrossPlatformGpuSupport.ts" time="0.000" line="262" col="6">
        </testcase>
        <testcase name="ensureRustCombinedAnalysis skips unresolved focus neurons" classname="./test/discovery/CrossPlatformGpuSupport.ts" time="0.000" line="311" col="6">
        </testcase>
        <testcase name="discovery disabled when library unavailable" classname="./test/discovery/CrossPlatformGpuSupport.ts" time="0.000" line="355" col="6">
        </testcase>
        <testcase name="creatureToRustFormat rejects missing wire uuids" classname="./test/discovery/CrossPlatformGpuSupport.ts" time="0.001" line="390" col="6">
        </testcase>
        <testcase name="combined analysis cache key is stable" classname="./test/discovery/CrossPlatformGpuSupport.ts" time="0.000" line="418" col="6">
        </testcase>
    </testsuite>
    <testsuite name="./test/discovery/DiscoverStructureRecordIndices.ts" tests="2" disabled="0" errors="0" failures="0">
        <testcase name="DiscoverStructure preserves record indices for single binary chunk" classname="./test/discovery/DiscoverStructureRecordIndices.ts" time="0.020" line="28" col="6">
        </testcase>
        <testcase name="DiscoverStructure keeps slice offsets across multiple chunk flushes" classname="./test/discovery/DiscoverStructureRecordIndices.ts" time="0.010" line="139" col="6">
        </testcase>
    </testsuite>
    <testsuite name="./test/discovery/DiscoveryCacheEviction.ts" tests="8" disabled="0" errors="0" failures="0">
        <testcase name="pruneCacheSync evicts entries older than TTL" classname="./test/discovery/DiscoveryCacheEviction.ts" time="0.005" line="42" col="6">
        </testcase>
        <testcase name="pruneCacheSync evicts oldest when exceeding max entries" classname="./test/discovery/DiscoveryCacheEviction.ts" time="0.001" line="69" col="6">
        </testcase>
        <testcase name="pruneCacheSync handles empty or missing directory" classname="./test/discovery/DiscoveryCacheEviction.ts" time="0.000" line="95" col="6">
        </testcase>
        <testcase name="pruneObsoleteSync removes old archived entries" classname="./test/discovery/DiscoveryCacheEviction.ts" time="0.000" line="120" col="6">
        </testcase>
        <testcase name="pruneObsoleteSync handles missing directory" classname="./test/discovery/DiscoveryCacheEviction.ts" time="0.000" line="151" col="6">
        </testcase>
        <testcase name="getCacheStatisticsSync returns accurate counts" classname="./test/discovery/DiscoveryCacheEviction.ts" time="0.000" line="159" col="6">
        </testcase>
        <testcase name="logCacheStatistics does not throw on empty stats" classname="./test/discovery/DiscoveryCacheEviction.ts" time="0.000" line="179" col="6">
        </testcase>
        <testcase name="pruneCacheSync combines TTL and size eviction" classname="./test/discovery/DiscoveryCacheEviction.ts" time="0.000" line="191" col="6">
        </testcase>
    </testsuite>
    <testsuite name="./test/discovery/DiscoverStructureSquash.ts" tests="2" disabled="0" errors="0" failures="0">
        <testcase name="squash estimates are computed in activation domain" classname="./test/discovery/DiscoverStructureSquash.ts" time="0.010" line="59" col="6">
        </testcase>
        <testcase name="squash estimates scale by neuron impact to avoid inflated expectations" classname="./test/discovery/DiscoverStructureSquash.ts" time="0.001" line="123" col="6">
        </testcase>
    </testsuite>
    <testsuite name="./test/discovery/DiscoveryCandidateSelection.ts" tests="5" disabled="0" errors="0" failures="0">
        <testcase name="filterCandidatesForEvaluation: cached candidates are never selected" classname="./test/discovery/DiscoveryCandidateSelection.ts" time="0.006" line="26" col="6">
        </testcase>
        <testcase name="filterCandidatesForEvaluation: ensures category coverage (minPerCategory)" classname="./test/discovery/DiscoveryCandidateSelection.ts" time="0.001" line="56" col="6">
        </testcase>
        <testcase name="filterCandidatesForEvaluation: weighted selection is deterministic with random=() =&gt; 0" classname="./test/discovery/DiscoveryCandidateSelection.ts" time="0.000" line="89" col="6">
        </testcase>
        <testcase name="filterCandidatesForEvaluation: no-positive-weights falls back to stable uniform selection" classname="./test/discovery/DiscoveryCandidateSelection.ts" time="0.000" line="118" col="6">
        </testcase>
        <testcase name="filterCandidatesForEvaluation: coordinated-structural candidates are not starved by per-category minimums" classname="./test/discovery/DiscoveryCandidateSelection.ts" time="0.000" line="145" col="6">
        </testcase>
    </testsuite>
    <testsuite name="./test/discovery/DiscoveryCandidateSummaryCounts.ts" tests="2" disabled="0" errors="0" failures="0">
        <testcase name="Discovery candidate summary reports raw Rust counts (no implied combos)" classname="./test/discovery/DiscoveryCandidateSummaryCounts.ts" time="0.001" line="6" col="6">
        </testcase>
        <testcase name="Discovery candidate summary does not inflate removal counts when multiple exist" classname="./test/discovery/DiscoveryCandidateSummaryCounts.ts" time="0.000" line="28" col="6">
        </testcase>
    </testsuite>
    <testsuite name="./test/discovery/DiscoveryCandidatesCombined.ts" tests="5" disabled="0" errors="0" failures="0">
        <testcase name="buildDiscoveryCandidates synthesises combined candidate across categories" classname="./test/discovery/DiscoveryCandidatesCombined.ts" time="0.035" line="66" col="6">
        </testcase>
        <testcase name="buildDiscoveryCandidates removes harmful neuron and adjusts downstream biases" classname="./test/discovery/DiscoveryCandidatesCombined.ts" time="0.001" line="186" col="6">
        </testcase>
        <testcase name="removeHarmfulNeuron accumulates bias adjustment from multiple synapses to same downstream neuron" classname="./test/discovery/DiscoveryCandidatesCombined.ts" time="0.000" line="274" col="6">
        </testcase>
        <testcase name="buildDiscoveryCandidates creates combo-add-remove candidate when both remove synapse and add synapses exist" classname="./test/discovery/DiscoveryCandidatesCombined.ts" time="0.004" line="373" col="6">
        </testcase>
        <testcase name="buildDiscoveryCandidates creates combo-add-change candidate when both add synapses and change squash exist" classname="./test/discovery/DiscoveryCandidatesCombined.ts" time="0.002" line="456" col="6">
        </testcase>
    </testsuite>
    <testsuite name="./test/discovery/DiscoveryCandidatesForwardOnlyVersionBump.ts" tests="1" disabled="0" errors="0" failures="0">
        <testcase name="buildCombinedFromSuccessful: forward-only preserved through discovery" classname="./test/discovery/DiscoveryCandidatesForwardOnlyVersionBump.ts" time="0.013" line="8" col="6">
        </testcase>
    </testsuite>
    <testsuite name="./test/discovery/DiscoveryCandidatesIndividual.ts" tests="7" disabled="0" errors="0" failures="0">
        <testcase name="buildDiscoveryCandidates returns empty list when there are no suggestions" classname="./test/discovery/DiscoveryCandidatesIndividual.ts" time="0.009" line="63" col="6">
        </testcase>
        <testcase name="buildDiscoveryCandidates emits individual candidates for each helpful synapse" classname="./test/discovery/DiscoveryCandidatesIndividual.ts" time="0.004" line="84" col="6">
        </testcase>
        <testcase name="buildDiscoveryCandidates emits individual candidates for each squash change" classname="./test/discovery/DiscoveryCandidatesIndividual.ts" time="0.002" line="179" col="6">
        </testcase>
        <testcase name="buildDiscoveryCandidates combines best candidate from each category" classname="./test/discovery/DiscoveryCandidatesIndividual.ts" time="0.013" line="245" col="6">
        </testcase>
        <testcase name="buildDiscoveryCandidates includes removeHarmfulNeurons in best-of-category candidate" classname="./test/discovery/DiscoveryCandidatesIndividual.ts" time="0.005" line="382" col="6">
        </testcase>
        <testcase name="buildDiscoveryCandidates includes helpful neuron suggestions" classname="./test/discovery/DiscoveryCandidatesIndividual.ts" time="0.001" line="456" col="6">
        </testcase>
        <testcase name="pruneSuccessfulCandidatesForCombos keeps best add-neurons per from→to slot" classname="./test/discovery/DiscoveryCandidatesIndividual.ts" time="0.004" line="514" col="6">
        </testcase>
    </testsuite>
    <testsuite name="./test/discovery/DiscoveryCandidatesSynapseOps.ts" tests="5" disabled="0" errors="0" failures="0">
        <testcase name="harmful synapse removal appears as remove-synapse candidate in evaluation output" classname="./test/discovery/DiscoveryCandidatesSynapseOps.ts" time="0.011" line="39" col="6">
        </testcase>
        <testcase name="removeSynapse returns valid creature when synapse exists" classname="./test/discovery/DiscoveryCandidatesSynapseOps.ts" time="0.000" line="110" col="6">
        </testcase>
        <testcase name="removeSynapse returns null and logs warning when synapse doesn&apos;t exist" classname="./test/discovery/DiscoveryCandidatesSynapseOps.ts" time="0.000" line="154" col="6">
        </testcase>
        <testcase name="buildDiscoveryCandidates skips remove-synapse candidate when synapse doesn&apos;t exist" classname="./test/discovery/DiscoveryCandidatesSynapseOps.ts" time="0.000" line="193" col="6">
        </testcase>
        <testcase name="buildDiscoveryCandidates does not build combined removal candidates during Phase 1 (skipCombinedCandidates)" classname="./test/discovery/DiscoveryCandidatesSynapseOps.ts" time="0.002" line="233" col="6">
        </testcase>
    </testsuite>
    <testsuite name="./test/discovery/DiscoveryCandidatesPruning.ts" tests="5" disabled="0" errors="0" failures="0">
        <testcase name="buildDiscoveryCandidates (skipCombinedCandidates) emits only single-step candidates for add-neurons/add-synapses/change-squash" classname="./test/discovery/DiscoveryCandidatesPruning.ts" time="0.012" line="36" col="6">
        </testcase>
        <testcase name="pruneSuccessfulCandidatesForCombos keeps best add-synapses per from→to slot" classname="./test/discovery/DiscoveryCandidatesPruning.ts" time="0.001" line="164" col="6">
        </testcase>
        <testcase name="pruneSuccessfulCandidatesForCombos keeps best change-squash per neuron" classname="./test/discovery/DiscoveryCandidatesPruning.ts" time="0.000" line="266" col="6">
        </testcase>
        <testcase name="pruneSuccessfulCandidatesForCombos sorts results by scoreDelta descending" classname="./test/discovery/DiscoveryCandidatesPruning.ts" time="0.001" line="359" col="6">
        </testcase>
        <testcase name="pruneSuccessfulCandidatesForCombos handles mixed candidate types correctly" classname="./test/discovery/DiscoveryCandidatesPruning.ts" time="0.001" line="453" col="6">
        </testcase>
    </testsuite>
    <testsuite name="./test/discovery/DiscoveryCleanup.ts" tests="17" disabled="0" errors="0" failures="0">
        <testcase name="createDiscoveryLockFile writes a lock file with PID" classname="./test/discovery/DiscoveryCleanup.ts" time="0.002" line="44" col="6">
        </testcase>
        <testcase name="removeDiscoveryLockFile removes the lock file" classname="./test/discovery/DiscoveryCleanup.ts" time="0.000" line="59" col="6">
        </testcase>
        <testcase name="removeDiscoveryLockFile does not throw if lock file missing" classname="./test/discovery/DiscoveryCleanup.ts" time="0.000" line="78" col="6">
        </testcase>
        <testcase name="isDirectoryOrphaned returns true for directory without lock file" classname="./test/discovery/DiscoveryCleanup.ts" time="0.000" line="92" col="6">
        </testcase>
        <testcase name="isDirectoryOrphaned returns false for directory with lock from current PID" classname="./test/discovery/DiscoveryCleanup.ts" time="0.000" line="103" col="6">
        </testcase>
        <testcase name="isDirectoryOrphaned returns true for directory with lock from non-existent PID" classname="./test/discovery/DiscoveryCleanup.ts" time="0.000" line="115" col="6">
        </testcase>
        <testcase name="isDirectoryOrphaned returns true for directory with malformed lock file" classname="./test/discovery/DiscoveryCleanup.ts" time="0.000" line="136" col="6">
        </testcase>
        <testcase name="cleanOrphanedDiscoveryDirs removes old orphaned directories" classname="./test/discovery/DiscoveryCleanup.ts" time="0.001" line="150" col="6">
        </testcase>
        <testcase name="cleanOrphanedDiscoveryDirs preserves directories with active lock files" classname="./test/discovery/DiscoveryCleanup.ts" time="0.000" line="182" col="6">
        </testcase>
        <testcase name="cleanOrphanedDiscoveryDirs uses default 24-hour threshold" classname="./test/discovery/DiscoveryCleanup.ts" time="0.000" line="207" col="6">
        </testcase>
        <testcase name="cleanOrphanedDiscoveryDirs handles non-existent base directory" classname="./test/discovery/DiscoveryCleanup.ts" time="0.000" line="220" col="6">
        </testcase>
        <testcase name="cleanOrphanedDiscoveryDirs skips non-directory entries" classname="./test/discovery/DiscoveryCleanup.ts" time="0.000" line="227" col="6">
        </testcase>
        <testcase name="forceCleanAllDiscoveryDirs removes all subdirectories" classname="./test/discovery/DiscoveryCleanup.ts" time="0.001" line="252" col="6">
        </testcase>
        <testcase name="forceCleanAllDiscoveryDirs handles non-existent directory" classname="./test/discovery/DiscoveryCleanup.ts" time="0.000" line="273" col="6">
        </testcase>
        <testcase name="forceCleanAllDiscoveryDirs throws on empty path" classname="./test/discovery/DiscoveryCleanup.ts" time="0.000" line="280" col="6">
        </testcase>
        <testcase name="cleanOrphanedDiscoveryDirs respects custom age threshold" classname="./test/discovery/DiscoveryCleanup.ts" time="0.000" line="292" col="6">
        </testcase>
        <testcase name="cleanOrphanedDiscoveryDirs with very high threshold removes nothing" classname="./test/discovery/DiscoveryCleanup.ts" time="0.000" line="308" col="6">
        </testcase>
    </testsuite>
    <testsuite name="./test/discovery/DiscoveryFocusSquashBounds.ts" tests="2" disabled="0" errors="0" failures="0">
        <testcase name="Focus selection accounts for squashing function bounds on downstream paths" classname="./test/discovery/DiscoveryFocusSquashBounds.ts" time="0.016" line="16" col="6">
        </testcase>
        <testcase name="Focus selection correctly weights neurons by squash-bounded impact" classname="./test/discovery/DiscoveryFocusSquashBounds.ts" time="0.002" line="127" col="6">
        </testcase>
    </testsuite>
    <testsuite name="./test/discovery/DiscoveryDiagnostics.ts" tests="12" disabled="0" errors="0" failures="0">
        <testcase name="aggregateDiscoveryDiagnostics returns empty map for no candidates" classname="./test/discovery/DiscoveryDiagnostics.ts" time="0.001" line="46" col="6">
        </testcase>
        <testcase name="aggregateDiscoveryDiagnostics counts single success" classname="./test/discovery/DiscoveryDiagnostics.ts" time="0.005" line="54" col="6">
        </testcase>
        <testcase name="aggregateDiscoveryDiagnostics counts single failure" classname="./test/discovery/DiscoveryDiagnostics.ts" time="0.000" line="71" col="6">
        </testcase>
        <testcase name="aggregateDiscoveryDiagnostics handles mixed results for same type" classname="./test/discovery/DiscoveryDiagnostics.ts" time="0.000" line="86" col="6">
        </testcase>
        <testcase name="aggregateDiscoveryDiagnostics tracks multiple change types independently" classname="./test/discovery/DiscoveryDiagnostics.ts" time="0.003" line="104" col="6">
        </testcase>
        <testcase name="aggregateDiscoveryDiagnostics ignores original results" classname="./test/discovery/DiscoveryDiagnostics.ts" time="0.000" line="133" col="6">
        </testcase>
        <testcase name="aggregateDiscoveryDiagnostics handles candidate with equal score as failure" classname="./test/discovery/DiscoveryDiagnostics.ts" time="0.000" line="143" col="6">
        </testcase>
        <testcase name="formatDiagnosticsTable returns empty string for empty diagnostics" classname="./test/discovery/DiscoveryDiagnostics.ts" time="0.000" line="156" col="6">
        </testcase>
        <testcase name="formatDiagnosticsTable formats single entry" classname="./test/discovery/DiscoveryDiagnostics.ts" time="0.000" line="162" col="6">
        </testcase>
        <testcase name="formatDiagnosticsTable includes all change types" classname="./test/discovery/DiscoveryDiagnostics.ts" time="0.000" line="178" col="6">
        </testcase>
        <testcase name="aggregateDiscoveryDiagnostics handles combo types" classname="./test/discovery/DiscoveryDiagnostics.ts" time="0.000" line="198" col="6">
        </testcase>
        <testcase name="aggregateDiscoveryDiagnostics skips candidates without change type" classname="./test/discovery/DiscoveryDiagnostics.ts" time="0.000" line="218" col="6">
        </testcase>
    </testsuite>
    <testsuite name="./test/discovery/DiscoveryMessageFormatting.ts" tests="6" disabled="0" errors="0" failures="0">
        <testcase name="Discovery message uses shortID for remove-low-impact neuron UUID" classname="./test/discovery/DiscoveryMessageFormatting.ts" time="0.036" line="99" col="6">
        </testcase>
        <testcase name="Discovery improvement message does not duplicate change type after descriptive text" classname="./test/discovery/DiscoveryMessageFormatting.ts" time="0.005" line="154" col="6">
        </testcase>
        <testcase name="Discovery improvement message does not include creature short ID at end" classname="./test/discovery/DiscoveryMessageFormatting.ts" time="0.003" line="202" col="6">
        </testcase>
        <testcase name="shortID function returns last 8 chars of UUID" classname="./test/discovery/DiscoveryMessageFormatting.ts" time="0.000" line="253" col="6">
        </testcase>
        <testcase name="shortID function returns full ID if too short" classname="./test/discovery/DiscoveryMessageFormatting.ts" time="0.000" line="259" col="6">
        </testcase>
        <testcase name="shortID function returns full ID if no dashes" classname="./test/discovery/DiscoveryMessageFormatting.ts" time="0.000" line="265" col="6">
        </testcase>
    </testsuite>
    <testsuite name="./test/discovery/DiscoveryPerformanceSummary.ts" tests="1" disabled="0" errors="0" failures="0">
        <testcase name="Discovery performance summary omits unrecorded (zero) phase timings" classname="./test/discovery/DiscoveryPerformanceSummary.ts" time="0.001" line="6" col="6">
        </testcase>
    </testsuite>
    <testsuite name="./test/discovery/DiscoveryPostValidate.ts" tests="3" disabled="0" errors="0" failures="0">
        <testcase name="validateAfterDiscoveryOrThrow: throws for forward-only base when discovery result has back connection" classname="./test/discovery/DiscoveryPostValidate.ts" time="0.009" line="8" col="6">
        </testcase>
        <testcase name="validateAfterDiscoveryOrThrow: valid forward-only creature passes" classname="./test/discovery/DiscoveryPostValidate.ts" time="0.002" line="39" col="6">
        </testcase>
        <testcase name="validateAfterDiscoveryOrThrow: does not throw when feedbackLoop is enabled and base is not forward-only" classname="./test/discovery/DiscoveryPostValidate.ts" time="0.000" line="57" col="6">
        </testcase>
    </testsuite>
    <testsuite name="./test/discovery/DiscoveryReplayRunner.ts" tests="4" disabled="0" errors="0" failures="0">
        <testcase name="DiscoveryReplayRunner prunes stale successes and prefers best combo" classname="./test/discovery/DiscoveryReplayRunner.ts" time="0.013" line="27" col="6">
        </testcase>
        <testcase name="DiscoveryReplayRunner returns timedOut when timeout occurs before evaluation" classname="./test/discovery/DiscoveryReplayRunner.ts" time="0.000" line="121" col="6">
        </testcase>
        <testcase name="DiscoveryReplayRunner completes normally with sufficient timeout" classname="./test/discovery/DiscoveryReplayRunner.ts" time="0.001" line="165" col="6">
        </testcase>
        <testcase name="DiscoveryReplayRunner works without timeout (undefined)" classname="./test/discovery/DiscoveryReplayRunner.ts" time="0.000" line="212" col="6">
        </testcase>
    </testsuite>
    <testsuite name="./test/discovery/DiscoveryReplayRunnerAlreadyAppliedCoordinatedStructural.ts" tests="3" disabled="0" errors="0" failures="0">
        <testcase name="DiscoveryReplayRunner skips coordinated-structural entries that already appear applied" classname="./test/discovery/DiscoveryReplayRunnerAlreadyAppliedCoordinatedStructural.ts" time="0.012" line="9" col="6">
        </testcase>
        <testcase name="DiscoveryReplayRunner skips coordinated-structural entries with setWeight that already appear applied" classname="./test/discovery/DiscoveryReplayRunnerAlreadyAppliedCoordinatedStructural.ts" time="0.000" line="93" col="6">
        </testcase>
        <testcase name="DiscoveryReplayRunner skips coordinated-structural entries with removeSynapse followed by setWeight that already appear applied" classname="./test/discovery/DiscoveryReplayRunnerAlreadyAppliedCoordinatedStructural.ts" time="0.000" line="181" col="6">
        </testcase>
    </testsuite>
    <testsuite name="./test/discovery/DiscoveryReplayRunnerArchive.ts" tests="4" disabled="0" errors="0" failures="0">
        <testcase name="getObsoleteDir returns correct sibling directory" classname="./test/discovery/DiscoveryReplayRunnerArchive.ts" time="0.001" line="32" col="6">
        </testcase>
        <testcase name="archiveSuccessByKeySync moves file to obsolete directory" classname="./test/discovery/DiscoveryReplayRunnerArchive.ts" time="0.003" line="41" col="6">
        </testcase>
        <testcase name="archiveSuccessByKeySync handles missing file gracefully" classname="./test/discovery/DiscoveryReplayRunnerArchive.ts" time="0.001" line="89" col="6">
        </testcase>
        <testcase name="DiscoveryReplayRunner archives obsolete entries instead of deleting" classname="./test/discovery/DiscoveryReplayRunnerArchive.ts" time="0.011" line="94" col="6">
        </testcase>
    </testsuite>
    <testsuite name="./test/discovery/DiscoveryReplayRunnerCoverage.ts" tests="5" disabled="0" errors="0" failures="0">
        <testcase name="DiscoveryReplayRunner: default applyEntry replays singles, then all-successful combo, returning best" classname="./test/discovery/DiscoveryReplayRunnerCoverage.ts" time="0.022" line="36" col="6">
        </testcase>
        <testcase name="DiscoveryReplayRunner: skips already-applied add-synapses candidates" classname="./test/discovery/DiscoveryReplayRunnerCoverage.ts" time="0.001" line="131" col="6">
        </testcase>
        <testcase name="DiscoveryReplayRunner: prunes stale candidates (remove-low-impact + remove-synapse synapseDetails fallback)" classname="./test/discovery/DiscoveryReplayRunnerCoverage.ts" time="0.004" line="179" col="6">
        </testcase>
        <testcase name="DiscoveryReplayRunner: add-neurons already-applied detection matches exponent buckets" classname="./test/discovery/DiscoveryReplayRunnerCoverage.ts" time="0.000" line="250" col="6">
        </testcase>
        <testcase name="DiscoveryReplayRunner: coordinated-structural candidate can be replayed" classname="./test/discovery/DiscoveryReplayRunnerCoverage.ts" time="0.002" line="313" col="6">
        </testcase>
    </testsuite>
    <testsuite name="./test/discovery/DiscoveryReplayRunnerEvaluateAll.ts" tests="1" disabled="0" errors="0" failures="0">
        <testcase name="DiscoveryReplayRunner.evaluateAll: distributes evaluation across workers" classname="./test/discovery/DiscoveryReplayRunnerEvaluateAll.ts" time="0.007" line="6" col="6">
        </testcase>
    </testsuite>
    <testsuite name="./test/discovery/DiscoveryReplayRunnerPriority.ts" tests="4" disabled="0" errors="0" failures="0">
        <testcase name="DiscoveryReplayRunner processes entries in priority order (highest scoreDelta first)" classname="./test/discovery/DiscoveryReplayRunnerPriority.ts" time="0.012" line="33" col="6">
        </testcase>
        <testcase name="DiscoveryReplayRunner prioritises by scoreDelta when selecting best improvement" classname="./test/discovery/DiscoveryReplayRunnerPriority.ts" time="0.001" line="102" col="6">
        </testcase>
        <testcase name="DiscoveryReplayRunner evaluations include priority information" classname="./test/discovery/DiscoveryReplayRunnerPriority.ts" time="0.000" line="156" col="6">
        </testcase>
        <testcase name="DiscoveryReplayRunner sorts entries by scoreDelta before processing" classname="./test/discovery/DiscoveryReplayRunnerPriority.ts" time="0.001" line="222" col="6">
        </testcase>
    </testsuite>
    <testsuite name="./test/discovery/DiscoveryReplayRunnerShortID.ts" tests="1" disabled="0" errors="0" failures="0">
        <testcase name="DiscoveryReplayRunner: verifiedImprovement shortens creature uuid to last 8 chars" classname="./test/discovery/DiscoveryReplayRunnerShortID.ts" time="0.014" line="27" col="6">
        </testcase>
    </testsuite>
    <testsuite name="./test/discovery/DiscoveryReplayRunnerVerifyScores.ts" tests="6" disabled="0" errors="0" failures="0">
        <testcase name="DiscoveryReplayRunner: detects baseline score drift when verification enabled" classname="./test/discovery/DiscoveryReplayRunnerVerifyScores.ts" time="0.010" line="30" col="6">
        </testcase>
        <testcase name="DiscoveryReplayRunner: baselineRescore includes a helpful reason when no claimed score tag exists" classname="./test/discovery/DiscoveryReplayRunnerVerifyScores.ts" time="0.001" line="66" col="6">
        </testcase>
        <testcase name="DiscoveryReplayRunner: rejects stale &apos;better by cache metadata&apos; candidates when verification enabled" classname="./test/discovery/DiscoveryReplayRunnerVerifyScores.ts" time="0.003" line="98" col="6">
        </testcase>
        <testcase name="DiscoveryReplayRunner: considers all-removals combo as a separate outcome" classname="./test/discovery/DiscoveryReplayRunnerVerifyScores.ts" time="0.003" line="151" col="6">
        </testcase>
        <testcase name="DiscoveryReplayRunner: concurrency does not change which verified improvement is selected" classname="./test/discovery/DiscoveryReplayRunnerVerifyScores.ts" time="0.052" line="236" col="6">
        </testcase>
        <testcase name="DiscoveryReplayRunner: returns timing diagnostics when enabled" classname="./test/discovery/DiscoveryReplayRunnerVerifyScores.ts" time="0.000" line="309" col="6">
        </testcase>
    </testsuite>
    <testsuite name="./test/discovery/DiscoveryRunnerCacheSupplement.ts" tests="3" disabled="0" errors="0" failures="0">
        <testcase name="DiscoveryRunner Phase 2 triggers with 1 successful single when cache supplements available" classname="./test/discovery/DiscoveryRunnerCacheSupplement.ts" time="0.040" line="72" col="6">
        </testcase>
        <testcase name="DiscoveryRunner Phase 2 unchanged when 2+ Phase 1 successes exist" classname="./test/discovery/DiscoveryRunnerCacheSupplement.ts" time="0.006" line="200" col="6">
        </testcase>
        <testcase name="DiscoveryRunner Phase 2 skipped when 0 Phase 1 successes and no cache" classname="./test/discovery/DiscoveryRunnerCacheSupplement.ts" time="0.003" line="285" col="6">
        </testcase>
    </testsuite>
    <testsuite name="./test/discovery/DiscoveryRunnerCandidateEvaluation.ts" tests="8" disabled="0" errors="0" failures="0">
        <testcase name="DiscoveryRunner records evaluation summaries and archives candidates" classname="./test/discovery/DiscoveryRunnerCandidateEvaluation.ts" time="0.022" line="121" col="6">
        </testcase>
        <testcase name="DiscoveryRunner evaluates synapse candidates correctly" classname="./test/discovery/DiscoveryRunnerCandidateEvaluation.ts" time="0.013" line="203" col="6">
        </testcase>
        <testcase name="DiscoveryRunner evaluates neuron candidates correctly" classname="./test/discovery/DiscoveryRunnerCandidateEvaluation.ts" time="0.021" line="259" col="6">
        </testcase>
        <testcase name="DiscoveryRunner passes discovery focus neurons to worker" classname="./test/discovery/DiscoveryRunnerCandidateEvaluation.ts" time="0.007" line="333" col="6">
        </testcase>
        <testcase name="DiscoveryRunner includes synapse candidates with positive expected impact" classname="./test/discovery/DiscoveryRunnerCandidateEvaluation.ts" time="0.006" line="378" col="6">
        </testcase>
        <testcase name="DiscoveryRunner includes neuron candidates with positive expected impact" classname="./test/discovery/DiscoveryRunnerCandidateEvaluation.ts" time="0.004" line="456" col="6">
        </testcase>
        <testcase name="DiscoveryRunner includes candidates with undefined expectedErrorReduction for evaluation" classname="./test/discovery/DiscoveryRunnerCandidateEvaluation.ts" time="0.004" line="541" col="6">
        </testcase>
        <testcase name="DiscoveryRunner logs sub-basis deltas with at least three significant digits" classname="./test/discovery/DiscoveryRunnerCandidateEvaluation.ts" time="0.004" line="600" col="6">
        </testcase>
    </testsuite>
    <testsuite name="./test/discovery/DiscoveryRunnerCore.ts" tests="6" disabled="0" errors="0" failures="0">
        <testcase name="DiscoveryRunner throws when Rust discovery is disabled" classname="./test/discovery/DiscoveryRunnerCore.ts" time="0.009" line="69" col="6">
        </testcase>
        <testcase name="DiscoveryRunner enables verbose discovery logging when verbose option is set" classname="./test/discovery/DiscoveryRunnerCore.ts" time="0.018" line="93" col="6">
        </testcase>
        <testcase name="DiscoveryRunner returns best improvement with informative message" classname="./test/discovery/DiscoveryRunnerCore.ts" time="0.015" line="130" col="6">
        </testcase>
        <testcase name="DiscoveryRunner evaluates coordinated-structural candidates as a single unit" classname="./test/discovery/DiscoveryRunnerCore.ts" time="0.009" line="242" col="6">
        </testcase>
        <testcase name="DiscoveryRunner considers combined multi-category candidate when selecting best result" classname="./test/discovery/DiscoveryRunnerCore.ts" time="0.009" line="304" col="6">
        </testcase>
        <testcase name="DiscoveryRunner returns no improvement when candidates are not better" classname="./test/discovery/DiscoveryRunnerCore.ts" time="0.002" line="468" col="6">
        </testcase>
    </testsuite>
    <testsuite name="./test/discovery/DiscoveryRunnerConfiguration.ts" tests="5" disabled="0" errors="0" failures="0">
        <testcase name="DiscoveryRunner respects discoveryMinCandidatesPerCategory for removal candidates" classname="./test/discovery/DiscoveryRunnerConfiguration.ts" time="0.061" line="70" col="6">
        </testcase>
        <testcase name="DiscoveryRunner respects discoveryMinCandidatesPerCategory for add-neurons" classname="./test/discovery/DiscoveryRunnerConfiguration.ts" time="0.011" line="174" col="6">
        </testcase>
        <testcase name="DiscoveryRunner uses default values when discoveryMinCandidatesPerCategory is not set" classname="./test/discovery/DiscoveryRunnerConfiguration.ts" time="0.011" line="284" col="6">
        </testcase>
        <testcase name="DiscoveryRunner logs specific candidate types when skipped due to cache" classname="./test/discovery/DiscoveryRunnerConfiguration.ts" time="0.019" line="382" col="6">
        </testcase>
        <testcase name="DiscoveryRunner passes discoveryFailureCacheDir to candidate builder" classname="./test/discovery/DiscoveryRunnerConfiguration.ts" time="0.005" line="488" col="6">
        </testcase>
    </testsuite>
    <testsuite name="./test/discovery/DiscoveryRunnerFailureCache.ts" tests="4" disabled="0" errors="0" failures="0">
        <testcase name="DiscoveryRunner caches failed candidates when discoveryFailureCacheDir is set" classname="./test/discovery/DiscoveryRunnerFailureCache.ts" time="0.036" line="69" col="6">
        </testcase>
        <testcase name="DiscoveryRunner skips cached candidates on subsequent runs" classname="./test/discovery/DiscoveryRunnerFailureCache.ts" time="0.014" line="153" col="6">
        </testcase>
        <testcase name="DiscoveryRunner skips cached Phase 2 combined candidates on subsequent runs" classname="./test/discovery/DiscoveryRunnerFailureCache.ts" time="0.015" line="250" col="6">
        </testcase>
        <testcase name="DiscoveryRunner does not cache successful candidates" classname="./test/discovery/DiscoveryRunnerFailureCache.ts" time="0.005" line="363" col="6">
        </testcase>
    </testsuite>
    <testsuite name="./test/discovery/DiscoveryRunnerRemovalCandidates.ts" tests="2" disabled="0" errors="0" failures="0">
        <testcase name="DiscoveryRunner evaluates removal candidates and includes them in evaluation summaries" classname="./test/discovery/DiscoveryRunnerRemovalCandidates.ts" time="0.027" line="78" col="6">
        </testcase>
        <testcase name="DiscoveryRunner reserves slots for removal candidates even when many other candidates exist" classname="./test/discovery/DiscoveryRunnerRemovalCandidates.ts" time="0.010" line="177" col="6">
        </testcase>
    </testsuite>
    <testsuite name="./test/discovery/DiscoveryRunnerMultipleImprovements.ts" tests="5" disabled="0" errors="0" failures="0">
        <testcase name="DiscoveryRunner returns additionalImprovements when multiple candidates improve" classname="./test/discovery/DiscoveryRunnerMultipleImprovements.ts" time="0.037" line="80" col="6">
        </testcase>
        <testcase name="DiscoveryRunner returns no additionalImprovements when only one candidate improves" classname="./test/discovery/DiscoveryRunnerMultipleImprovements.ts" time="0.006" line="202" col="6">
        </testcase>
        <testcase name="DiscoveryRunner returns no additionalImprovements when no candidates improve" classname="./test/discovery/DiscoveryRunnerMultipleImprovements.ts" time="0.002" line="265" col="6">
        </testcase>
        <testcase name="DiscoveryRunner additionalImprovements contain correct fields" classname="./test/discovery/DiscoveryRunnerMultipleImprovements.ts" time="0.003" line="294" col="6">
        </testcase>
        <testcase name="DiscoveryRunner primary improvement is excluded from additionalImprovements" classname="./test/discovery/DiscoveryRunnerMultipleImprovements.ts" time="0.004" line="375" col="6">
        </testcase>
    </testsuite>
    <testsuite name="./test/discovery/DiscoveryScenarioAddNeuronBetweenHidden.ts" tests="6" disabled="0" errors="0" failures="0">
        <testcase name="DiscoveryScenario: add neuron between hidden - creatures are valid" classname="./test/discovery/DiscoveryScenarioAddNeuronBetweenHidden.ts" time="0.015" line="106" col="6">
        </testcase>
        <testcase name="DiscoveryScenario: add neuron between hidden - cripple degrades outputs" classname="./test/discovery/DiscoveryScenarioAddNeuronBetweenHidden.ts" time="0.001" line="144" col="6">
        </testcase>
        <testcase name="DiscoveryScenario: add neuron between hidden - tracing captures errors" classname="./test/discovery/DiscoveryScenarioAddNeuronBetweenHidden.ts" time="0.002" line="158" col="6">
        </testcase>
        <testcase name="DiscoveryScenario: add neuron between hidden - crippled has fewer neurons" classname="./test/discovery/DiscoveryScenarioAddNeuronBetweenHidden.ts" time="0.001" line="172" col="6">
        </testcase>
        <testcase name="DiscoveryScenario: add neuron between hidden - crippled has fewer synapses" classname="./test/discovery/DiscoveryScenarioAddNeuronBetweenHidden.ts" time="0.001" line="191" col="6">
        </testcase>
        <testcase name="DiscoveryScenario: add neuron between hidden - discovery finds add-neurons candidate" classname="./test/discovery/DiscoveryScenarioAddNeuronBetweenHidden.ts" time="0.006" line="210" col="6">
        </testcase>
    </testsuite>
    <testsuite name="./test/discovery/DiscoveryScenarioAddSynapseBetweenHidden.ts" tests="5" disabled="0" errors="0" failures="0">
        <testcase name="DiscoveryScenario: add synapse between hidden - creatures are valid" classname="./test/discovery/DiscoveryScenarioAddSynapseBetweenHidden.ts" time="0.014" line="101" col="6">
        </testcase>
        <testcase name="DiscoveryScenario: add synapse between hidden - cripple degrades outputs" classname="./test/discovery/DiscoveryScenarioAddSynapseBetweenHidden.ts" time="0.001" line="139" col="6">
        </testcase>
        <testcase name="DiscoveryScenario: add synapse between hidden - tracing captures errors" classname="./test/discovery/DiscoveryScenarioAddSynapseBetweenHidden.ts" time="0.001" line="153" col="6">
        </testcase>
        <testcase name="DiscoveryScenario: add synapse between hidden - crippled has fewer synapses" classname="./test/discovery/DiscoveryScenarioAddSynapseBetweenHidden.ts" time="0.001" line="167" col="6">
        </testcase>
        <testcase name="DiscoveryScenario: add synapse between hidden - discovery finds add-synapses candidate" classname="./test/discovery/DiscoveryScenarioAddSynapseBetweenHidden.ts" time="0.005" line="186" col="6">
        </testcase>
    </testsuite>
    <testsuite name="./test/discovery/DiscoveryScenarioChangeSquash.ts" tests="11" disabled="0" errors="0" failures="0">
        <testcase name="DiscoveryScenario: change squash TANH→IDENTITY - creatures are valid" classname="./test/discovery/DiscoveryScenarioChangeSquash.ts" time="0.022" line="69" col="6">
        </testcase>
        <testcase name="DiscoveryScenario: change squash TANH→IDENTITY - cripple degrades outputs" classname="./test/discovery/DiscoveryScenarioChangeSquash.ts" time="0.001" line="109" col="6">
        </testcase>
        <testcase name="DiscoveryScenario: change squash TANH→IDENTITY - tracing captures errors" classname="./test/discovery/DiscoveryScenarioChangeSquash.ts" time="0.001" line="123" col="6">
        </testcase>
        <testcase name="DiscoveryScenario: change squash TANH→IDENTITY - same topology different squash" classname="./test/discovery/DiscoveryScenarioChangeSquash.ts" time="0.000" line="137" col="6">
        </testcase>
        <testcase name="DiscoveryScenario: change squash TANH→IDENTITY - discovery finds change-squash candidate" classname="./test/discovery/DiscoveryScenarioChangeSquash.ts" time="0.006" line="170" col="6">
        </testcase>
        <testcase name="DiscoveryScenario: change squash RELU→IDENTITY - cripple degrades outputs" classname="./test/discovery/DiscoveryScenarioChangeSquash.ts" time="0.001" line="217" col="6">
        </testcase>
        <testcase name="DiscoveryScenario: change squash RELU→IDENTITY - tracing captures errors" classname="./test/discovery/DiscoveryScenarioChangeSquash.ts" time="0.000" line="232" col="6">
        </testcase>
        <testcase name="DiscoveryScenario: change squash LOGISTIC→IDENTITY - cripple degrades outputs" classname="./test/discovery/DiscoveryScenarioChangeSquash.ts" time="0.000" line="249" col="6">
        </testcase>
        <testcase name="DiscoveryScenario: change squash LOGISTIC→IDENTITY - tracing captures errors" classname="./test/discovery/DiscoveryScenarioChangeSquash.ts" time="0.000" line="263" col="6">
        </testcase>
        <testcase name="DiscoveryScenario: change squash GELU→IDENTITY - cripple degrades outputs" classname="./test/discovery/DiscoveryScenarioChangeSquash.ts" time="0.000" line="280" col="6">
        </testcase>
        <testcase name="DiscoveryScenario: change squash GELU→IDENTITY - tracing captures errors" classname="./test/discovery/DiscoveryScenarioChangeSquash.ts" time="0.001" line="294" col="6">
        </testcase>
    </testsuite>
    <testsuite name="./test/discovery/DiscoveryScenarioCoordinatedStructural.ts" tests="7" disabled="0" errors="0" failures="0">
        <testcase name="DiscoveryScenario: coordinated structural - creatures are valid" classname="./test/discovery/DiscoveryScenarioCoordinatedStructural.ts" time="0.014" line="111" col="6">
        </testcase>
        <testcase name="DiscoveryScenario: coordinated structural - cripple degrades outputs" classname="./test/discovery/DiscoveryScenarioCoordinatedStructural.ts" time="0.001" line="149" col="6">
        </testcase>
        <testcase name="DiscoveryScenario: coordinated structural - tracing captures errors" classname="./test/discovery/DiscoveryScenarioCoordinatedStructural.ts" time="0.001" line="163" col="6">
        </testcase>
        <testcase name="DiscoveryScenario: coordinated structural - same topology, different parameters" classname="./test/discovery/DiscoveryScenarioCoordinatedStructural.ts" time="0.001" line="177" col="6">
        </testcase>
        <testcase name="DiscoveryScenario: coordinated structural - bias was changed" classname="./test/discovery/DiscoveryScenarioCoordinatedStructural.ts" time="0.001" line="201" col="6">
        </testcase>
        <testcase name="DiscoveryScenario: coordinated structural - multiple degradations confirmed" classname="./test/discovery/DiscoveryScenarioCoordinatedStructural.ts" time="0.001" line="233" col="6">
        </testcase>
        <testcase name="DiscoveryScenario: coordinated structural - discovery finds coordinated-structural candidate" classname="./test/discovery/DiscoveryScenarioCoordinatedStructural.ts" time="0.005" line="283" col="6">
        </testcase>
    </testsuite>
    <testsuite name="./test/discovery/DiscoveryScenarioFanInSynapsePatterns.ts" tests="7" disabled="0" errors="0" failures="0">
        <testcase name="DiscoveryScenario: fan-in synapse patterns - creatures are valid" classname="./test/discovery/DiscoveryScenarioFanInSynapsePatterns.ts" time="0.019" line="112" col="6">
        </testcase>
        <testcase name="DiscoveryScenario: fan-in synapse patterns - whole creature has fan-in of 3" classname="./test/discovery/DiscoveryScenarioFanInSynapsePatterns.ts" time="0.001" line="149" col="6">
        </testcase>
        <testcase name="DiscoveryScenario: fan-in synapse patterns - cripple reduces fan-in" classname="./test/discovery/DiscoveryScenarioFanInSynapsePatterns.ts" time="0.001" line="177" col="6">
        </testcase>
        <testcase name="DiscoveryScenario: fan-in synapse patterns - cripple degrades outputs" classname="./test/discovery/DiscoveryScenarioFanInSynapsePatterns.ts" time="0.001" line="205" col="6">
        </testcase>
        <testcase name="DiscoveryScenario: fan-in synapse patterns - tracing captures errors" classname="./test/discovery/DiscoveryScenarioFanInSynapsePatterns.ts" time="0.001" line="219" col="6">
        </testcase>
        <testcase name="DiscoveryScenario: fan-in synapse patterns - crippled has fewer synapses" classname="./test/discovery/DiscoveryScenarioFanInSynapsePatterns.ts" time="0.000" line="233" col="6">
        </testcase>
        <testcase name="DiscoveryScenario: fan-in synapse patterns - discovery finds add-synapses candidate" classname="./test/discovery/DiscoveryScenarioFanInSynapsePatterns.ts" time="0.005" line="252" col="6">
        </testcase>
    </testsuite>
    <testsuite name="./test/discovery/DiscoveryScenarioHelperSmokeTest.ts" tests="7" disabled="0" errors="0" failures="0">
        <testcase name="DiscoveryScenarioHelper: runDiscoveryScenario returns valid results" classname="./test/discovery/DiscoveryScenarioHelperSmokeTest.ts" time="0.013" line="78" col="6">
        </testcase>
        <testcase name="DiscoveryScenarioHelper: whole and crippled creatures produce different outputs" classname="./test/discovery/DiscoveryScenarioHelperSmokeTest.ts" time="0.001" line="98" col="6">
        </testcase>
        <testcase name="DiscoveryScenarioHelper: assertCrippleDegraded succeeds for degraded creature" classname="./test/discovery/DiscoveryScenarioHelperSmokeTest.ts" time="0.001" line="120" col="6">
        </testcase>
        <testcase name="DiscoveryScenarioHelper: tracing captures error records" classname="./test/discovery/DiscoveryScenarioHelperSmokeTest.ts" time="0.001" line="131" col="6">
        </testcase>
        <testcase name="DiscoveryScenarioHelper: traceAllConfig creates valid sparse config" classname="./test/discovery/DiscoveryScenarioHelperSmokeTest.ts" time="0.000" line="142" col="6">
        </testcase>
        <testcase name="DiscoveryScenarioHelper: discoverySkipReason formats correctly" classname="./test/discovery/DiscoveryScenarioHelperSmokeTest.ts" time="0.000" line="148" col="6">
        </testcase>
        <testcase name="DiscoveryScenarioHelper: creatures are validated and have UUIDs" classname="./test/discovery/DiscoveryScenarioHelperSmokeTest.ts" time="0.001" line="161" col="6">
        </testcase>
    </testsuite>
    <testsuite name="./test/discovery/DiscoveryScenarioRemoveHarmfulSynapse.ts" tests="5" disabled="0" errors="0" failures="0">
        <testcase name="DiscoveryScenario: remove harmful synapse - creatures are valid" classname="./test/discovery/DiscoveryScenarioRemoveHarmfulSynapse.ts" time="0.014" line="100" col="6">
        </testcase>
        <testcase name="DiscoveryScenario: remove harmful synapse - cripple degrades outputs" classname="./test/discovery/DiscoveryScenarioRemoveHarmfulSynapse.ts" time="0.001" line="138" col="6">
        </testcase>
        <testcase name="DiscoveryScenario: remove harmful synapse - tracing captures errors" classname="./test/discovery/DiscoveryScenarioRemoveHarmfulSynapse.ts" time="0.001" line="152" col="6">
        </testcase>
        <testcase name="DiscoveryScenario: remove harmful synapse - crippled has more synapses" classname="./test/discovery/DiscoveryScenarioRemoveHarmfulSynapse.ts" time="0.000" line="166" col="6">
        </testcase>
        <testcase name="DiscoveryScenario: remove harmful synapse - discovery finds remove-synapse candidate" classname="./test/discovery/DiscoveryScenarioRemoveHarmfulSynapse.ts" time="0.004" line="185" col="6">
        </testcase>
    </testsuite>
    <testsuite name="./test/discovery/DiscoverySynapseTagging.ts" tests="1" disabled="0" errors="0" failures="0">
        <testcase name="Discovery addHelpfulSynapses tags new synapses and tags survive export/import" classname="./test/discovery/DiscoverySynapseTagging.ts" time="0.008" line="10" col="6">
        </testcase>
    </testsuite>
    <testsuite name="./test/discovery/DiscoveryTimeout.ts" tests="17" disabled="0" errors="0" failures="0">
        <testcase name="calculateDiscoveryTimeout - minimal creature returns near-minimum timeout" classname="./test/discovery/DiscoveryTimeout.ts" time="0.000" line="9" col="6">
        </testcase>
        <testcase name="calculateDiscoveryTimeout - complex creature returns higher timeout" classname="./test/discovery/DiscoveryTimeout.ts" time="0.000" line="24" col="6">
        </testcase>
        <testcase name="calculateDiscoveryTimeout - very complex creature is capped at maximum" classname="./test/discovery/DiscoveryTimeout.ts" time="0.000" line="40" col="6">
        </testcase>
        <testcase name="calculateDiscoveryTimeout - zero neurons/synapses returns minimum" classname="./test/discovery/DiscoveryTimeout.ts" time="0.000" line="52" col="6">
        </testcase>
        <testcase name="calculateDiscoveryTimeout - scales logarithmically" classname="./test/discovery/DiscoveryTimeout.ts" time="0.000" line="64" col="6">
        </testcase>
        <testcase name="calculateDiscoveryTimeout - custom bounds are respected" classname="./test/discovery/DiscoveryTimeout.ts" time="0.000" line="92" col="6">
        </testcase>
        <testcase name="calculateDiscoveryTimeout - more synapses increases timeout" classname="./test/discovery/DiscoveryTimeout.ts" time="0.000" line="109" col="6">
        </testcase>
        <testcase name="calculateDiscoveryTimeout - more neurons increases timeout" classname="./test/discovery/DiscoveryTimeout.ts" time="0.000" line="125" col="6">
        </testcase>
        <testcase name="calculateDiscoveryTimeout - default bounds are sensible" classname="./test/discovery/DiscoveryTimeout.ts" time="0.000" line="141" col="6">
        </testcase>
        <testcase name="calculateDiscoveryTimeout - negative inputs treated as zero" classname="./test/discovery/DiscoveryTimeout.ts" time="0.000" line="157" col="6">
        </testcase>
        <testcase name="allocateDiscoveryTimeouts - never exceeds wall-clock budget" classname="./test/discovery/DiscoveryTimeout.ts" time="0.000" line="173" col="6">
        </testcase>
        <testcase name="allocateDiscoveryTimeouts - clamps recording by adaptive ceiling" classname="./test/discovery/DiscoveryTimeout.ts" time="0.000" line="191" col="6">
        </testcase>
        <testcase name="allocateDiscoveryTimeouts - generous budget honours configured caps" classname="./test/discovery/DiscoveryTimeout.ts" time="0.000" line="209" col="6">
        </testcase>
        <testcase name="allocateDiscoveryTimeouts - tight budget keeps both phases above min" classname="./test/discovery/DiscoveryTimeout.ts" time="0.000" line="226" col="6">
        </testcase>
        <testcase name="allocateDiscoveryTimeouts - zero wall-clock budget yields zero allocation" classname="./test/discovery/DiscoveryTimeout.ts" time="0.000" line="247" col="6">
        </testcase>
        <testcase name="allocateDiscoveryTimeouts - negative inputs are clamped to zero" classname="./test/discovery/DiscoveryTimeout.ts" time="0.000" line="259" col="6">
        </testcase>
        <testcase name="allocateDiscoveryTimeouts - sub-minimum budget splits proportionally" classname="./test/discovery/DiscoveryTimeout.ts" time="0.000" line="269" col="6">
        </testcase>
    </testsuite>
    <testsuite name="./test/discovery/DiskSpaceMonitor.ts" tests="18" disabled="0" errors="0" failures="0">
        <testcase name="getAvailableDiskSpaceMB returns a positive number for existing path" classname="./test/discovery/DiskSpaceMonitor.ts" time="0.003" line="26" col="6">
        </testcase>
        <testcase name="getAvailableDiskSpaceMB falls back to cwd for non-existent path" classname="./test/discovery/DiskSpaceMonitor.ts" time="0.002" line="35" col="6">
        </testcase>
        <testcase name="checkDiskSpace passes when threshold is very low" classname="./test/discovery/DiskSpaceMonitor.ts" time="0.002" line="48" col="6">
        </testcase>
        <testcase name="checkDiskSpace fails when threshold is impossibly high" classname="./test/discovery/DiskSpaceMonitor.ts" time="0.001" line="54" col="6">
        </testcase>
        <testcase name="checkDiskSpace includes availableMB when determinable" classname="./test/discovery/DiskSpaceMonitor.ts" time="0.001" line="66" col="6">
        </testcase>
        <testcase name="checkDiskSpace falls back to cwd for non-existent path" classname="./test/discovery/DiskSpaceMonitor.ts" time="0.001" line="73" col="6">
        </testcase>
        <testcase name="estimateRequiredDiskSpaceMB calculates correctly with default multiplier" classname="./test/discovery/DiskSpaceMonitor.ts" time="0.000" line="88" col="6">
        </testcase>
        <testcase name="estimateRequiredDiskSpaceMB uses custom safety multiplier" classname="./test/discovery/DiskSpaceMonitor.ts" time="0.000" line="96" col="6">
        </testcase>
        <testcase name="estimateRequiredDiskSpaceMB returns zero for zero samples" classname="./test/discovery/DiskSpaceMonitor.ts" time="0.000" line="102" col="6">
        </testcase>
        <testcase name="measureDirectorySize returns zero for non-existent directory" classname="./test/discovery/DiskSpaceMonitor.ts" time="0.000" line="109" col="6">
        </testcase>
        <testcase name="measureDirectorySize measures files correctly" classname="./test/discovery/DiskSpaceMonitor.ts" time="0.000" line="118" col="6">
        </testcase>
        <testcase name="measureDirectorySize recurses into subdirectories" classname="./test/discovery/DiskSpaceMonitor.ts" time="0.000" line="138" col="6">
        </testcase>
        <testcase name="preFlightDiskSpaceCheck returns true when space is sufficient" classname="./test/discovery/DiskSpaceMonitor.ts" time="0.005" line="156" col="6">
        </testcase>
        <testcase name="preFlightDiskSpaceCheck returns false when critical threshold is impossibly high" classname="./test/discovery/DiskSpaceMonitor.ts" time="0.006" line="162" col="6">
        </testcase>
        <testcase name="preFlightDiskSpaceCheck returns true for non-existent path" classname="./test/discovery/DiskSpaceMonitor.ts" time="0.001" line="177" col="6">
        </testcase>
        <testcase name="preFlightDiskSpaceCheck accepts optional estimated required space" classname="./test/discovery/DiskSpaceMonitor.ts" time="0.001" line="187" col="6">
        </testcase>
        <testcase name="logDiscoveryDiskUsage does not throw for non-existent directory" classname="./test/discovery/DiskSpaceMonitor.ts" time="0.000" line="194" col="6">
        </testcase>
        <testcase name="logDiscoveryDiskUsage does not throw for existing directory" classname="./test/discovery/DiskSpaceMonitor.ts" time="0.000" line="199" col="6">
        </testcase>
    </testsuite>
    <testsuite name="./test/discovery/DiscoveryTypedErrors.ts" tests="7" disabled="0" errors="0" failures="0">
        <testcase name="DiscoveryRunner throws DiscoveryError when Rust library is unavailable" classname="./test/discovery/DiscoveryTypedErrors.ts" time="0.008" line="12" col="6">
        </testcase>
        <testcase name="DiscoveryRunner throws ConfigurationError for non-positive discoverySampleRate" classname="./test/discovery/DiscoveryTypedErrors.ts" time="0.004" line="29" col="6">
        </testcase>
        <testcase name="DiscoveryRunner throws ConfigurationError for non-positive discoveryRecordTimeOutMinutes" classname="./test/discovery/DiscoveryTypedErrors.ts" time="0.000" line="46" col="6">
        </testcase>
        <testcase name="buildCacheKey throws TopologyError for remove-synapse without synapseDetails" classname="./test/discovery/DiscoveryTypedErrors.ts" time="0.000" line="63" col="6">
        </testcase>
        <testcase name="HoldoutValidator throws ValidationError for unknown cost function" classname="./test/discovery/DiscoveryTypedErrors.ts" time="0.000" line="81" col="6">
        </testcase>
        <testcase name="HoldoutValidator.validateWithGap throws ValidationError for unknown cost function" classname="./test/discovery/DiscoveryTypedErrors.ts" time="0.000" line="92" col="6">
        </testcase>
        <testcase name="DiscoveryReplayRunner throws ConfigurationError when discoverySuccessCacheDir is not set" classname="./test/discovery/DiscoveryTypedErrors.ts" time="0.002" line="103" col="6">
        </testcase>
    </testsuite>
    <testsuite name="./test/discovery/EGSETypedErrors.ts" tests="3" disabled="0" errors="0" failures="0">
        <testcase name="calculateSquashError throws TopologyError when activation is undefined" classname="./test/discovery/EGSETypedErrors.ts" time="0.001" line="12" col="6">
        </testcase>
        <testcase name="findCandidateSquash throws TopologyError when record value is undefined" classname="./test/discovery/EGSETypedErrors.ts" time="0.006" line="24" col="6">
        </testcase>
        <testcase name="findCandidateSquash throws TopologyError when record activation is undefined" classname="./test/discovery/EGSETypedErrors.ts" time="0.000" line="46" col="6">
        </testcase>
    </testsuite>
    <testsuite name="./test/discovery/EnhancedDiscoveryValidator.ts" tests="10" disabled="0" errors="0" failures="0">
        <testcase name="EnhancedDiscoveryValidator validates candidate with full pipeline" classname="./test/discovery/EnhancedDiscoveryValidator.ts" time="0.017" line="74" col="6">
        </testcase>
        <testcase name="EnhancedDiscoveryValidator can run holdout only" classname="./test/discovery/EnhancedDiscoveryValidator.ts" time="0.002" line="132" col="6">
        </testcase>
        <testcase name="EnhancedDiscoveryValidator can run brittleness only" classname="./test/discovery/EnhancedDiscoveryValidator.ts" time="0.004" line="186" col="6">
        </testcase>
        <testcase name="EnhancedDiscoveryValidator fails if holdout check fails" classname="./test/discovery/EnhancedDiscoveryValidator.ts" time="0.002" line="244" col="6">
        </testcase>
        <testcase name="EnhancedDiscoveryValidator fails if brittleness check fails" classname="./test/discovery/EnhancedDiscoveryValidator.ts" time="0.010" line="310" col="6">
        </testcase>
        <testcase name="EnhancedDiscoveryValidator provides combined statistics" classname="./test/discovery/EnhancedDiscoveryValidator.ts" time="0.007" line="390" col="6">
        </testcase>
        <testcase name="EnhancedDiscoveryValidator validates batch of candidates" classname="./test/discovery/EnhancedDiscoveryValidator.ts" time="0.009" line="444" col="6">
        </testcase>
        <testcase name="EnhancedDiscoveryValidator computes combined brittleness score" classname="./test/discovery/EnhancedDiscoveryValidator.ts" time="0.005" line="509" col="6">
        </testcase>
        <testcase name="EnhancedDiscoveryValidator logs brittleness metrics when verbose" classname="./test/discovery/EnhancedDiscoveryValidator.ts" time="0.005" line="569" col="6">
        </testcase>
        <testcase name="EnhancedDiscoveryValidator disabled by default when options not provided" classname="./test/discovery/EnhancedDiscoveryValidator.ts" time="0.000" line="635" col="6">
        </testcase>
    </testsuite>
    <testsuite name="./test/discovery/FailureCacheCoordinatedStructuralKeyBucketing.ts" tests="1" disabled="0" errors="0" failures="0">
        <testcase name="buildCacheKey: coordinated-structural buckets addSynapse weight by exponent (stable under normal training drift)" classname="./test/discovery/FailureCacheCoordinatedStructuralKeyBucketing.ts" time="0.004" line="23" col="6">
        </testcase>
    </testsuite>
    <testsuite name="./test/discovery/FailureCacheErrorReduction.ts" tests="10" disabled="2" errors="0" failures="0">
        <testcase name="recordFailure computes actualErrorReduction when originalError is provided" classname="./test/discovery/FailureCacheErrorReduction.ts" time="0.008" line="36" col="6">
        </testcase>
        <testcase name="recordFailure omits actualErrorReduction when originalError is not provided" classname="./test/discovery/FailureCacheErrorReduction.ts" time="0.001" line="98" col="6">
        </testcase>
        <testcase name="recordFailure handles negative actualErrorReduction (error increased)" classname="./test/discovery/FailureCacheErrorReduction.ts" time="0.001" line="144" col="6">
        </testcase>
        <testcase name="recordFailure omits actualErrorReduction when candidateError is Infinity" classname="./test/discovery/FailureCacheErrorReduction.ts" time="0.002" line="192" col="6">
        </testcase>
        <testcase name="extractTargetNeuronInfo finds neuron using UUID wire fields for add-synapses" classname="./test/discovery/FailureCacheErrorReduction.ts" time="0.000" line="246" col="6">
        </testcase>
        <testcase name="getDiscoveryVersion returns version string when library is available" classname="./test/discovery/FailureCacheErrorReduction.ts" time="0.000" line="295" col="6">
            <skipped/>
        </testcase>
        <testcase name="recordFailure includes discoveryVersion in cache entry" classname="./test/discovery/FailureCacheErrorReduction.ts" time="0.000" line="329" col="6">
            <skipped/>
        </testcase>
        <testcase name="recordFailure includes removalCandidate in rustRequest for remove-low-impact" classname="./test/discovery/FailureCacheErrorReduction.ts" time="0.002" line="371" col="6">
        </testcase>
        <testcase name="recordFailure includes harmfulNeuronCandidate in rustRequest for remove-neuron" classname="./test/discovery/FailureCacheErrorReduction.ts" time="0.001" line="465" col="6">
        </testcase>
        <testcase name="recordFailure includes harmfulSynapseCandidate in rustRequest for remove-synapse" classname="./test/discovery/FailureCacheErrorReduction.ts" time="0.001" line="557" col="6">
        </testcase>
    </testsuite>
    <testsuite name="./test/discovery/FailureCacheKeys.ts" tests="12" disabled="0" errors="0" failures="0">
        <testcase name="extractExponent returns correct exponent for various numbers" classname="./test/discovery/FailureCacheKeys.ts" time="0.001" line="27" col="6">
        </testcase>
        <testcase name="formatWeight formats weight using exponent only" classname="./test/discovery/FailureCacheKeys.ts" time="0.000" line="53" col="6">
        </testcase>
        <testcase name="buildCacheKey creates reproducible keys for add-synapses candidates" classname="./test/discovery/FailureCacheKeys.ts" time="0.006" line="68" col="6">
        </testcase>
        <testcase name="buildCacheKey creates different keys for significantly different weights" classname="./test/discovery/FailureCacheKeys.ts" time="0.000" line="95" col="6">
        </testcase>
        <testcase name="buildCacheKey creates same keys for similar weights" classname="./test/discovery/FailureCacheKeys.ts" time="0.000" line="138" col="6">
        </testcase>
        <testcase name="buildCacheKey: coordinated-structural key is stable and order-sensitive (hash of ordered operations)" classname="./test/discovery/FailureCacheKeys.ts" time="0.000" line="182" col="6">
        </testcase>
        <testcase name="buildCacheKey includes neuron details for add-neurons candidates" classname="./test/discovery/FailureCacheKeys.ts" time="0.000" line="252" col="6">
        </testcase>
        <testcase name="buildCacheKey handles remove-low-impact candidates" classname="./test/discovery/FailureCacheKeys.ts" time="0.000" line="277" col="6">
        </testcase>
        <testcase name="buildCacheKey avoids cache collision when description is undefined" classname="./test/discovery/FailureCacheKeys.ts" time="0.000" line="301" col="6">
        </testcase>
        <testcase name="buildCacheKey avoids cache collision when description doesn&apos;t match regex" classname="./test/discovery/FailureCacheKeys.ts" time="0.000" line="358" col="6">
        </testcase>
        <testcase name="buildCacheKey throws for remove-synapse without synapseDetails" classname="./test/discovery/FailureCacheKeys.ts" time="0.000" line="402" col="6">
        </testcase>
        <testcase name="buildCacheKey works for remove-synapse with synapseDetails" classname="./test/discovery/FailureCacheKeys.ts" time="0.000" line="427" col="6">
        </testcase>
    </testsuite>
    <testsuite name="./test/discovery/FailureCacheOperations.ts" tests="9" disabled="0" errors="0" failures="0">
        <testcase name="recordFailure and isCandidateCached work together" classname="./test/discovery/FailureCacheOperations.ts" time="0.011" line="29" col="6">
        </testcase>
        <testcase name="combo-* failures are not cached (except combo-successful)" classname="./test/discovery/FailureCacheOperations.ts" time="0.000" line="65" col="6">
        </testcase>
        <testcase name="combo-successful failures are cached (phase 2 cache)" classname="./test/discovery/FailureCacheOperations.ts" time="0.002" line="113" col="6">
        </testcase>
        <testcase name="isCandidateCached returns false when cache dir doesn&apos;t exist" classname="./test/discovery/FailureCacheOperations.ts" time="0.001" line="157" col="6">
        </testcase>
        <testcase name="recordFailure creates directory structure if needed" classname="./test/discovery/FailureCacheOperations.ts" time="0.001" line="169" col="6">
        </testcase>
        <testcase name="different change types create different cache keys" classname="./test/discovery/FailureCacheOperations.ts" time="0.000" line="198" col="6">
        </testcase>
        <testcase name="buildCacheKey handles edge case of empty synapses" classname="./test/discovery/FailureCacheOperations.ts" time="0.000" line="223" col="6">
        </testcase>
        <testcase name="buildCacheKey creates different keys for different output squash functions" classname="./test/discovery/FailureCacheOperations.ts" time="0.000" line="246" col="6">
        </testcase>
        <testcase name="buildCacheKey produces deterministic keys regardless of neuron order" classname="./test/discovery/FailureCacheOperations.ts" time="0.000" line="291" col="6">
        </testcase>
    </testsuite>
    <testsuite name="./test/discovery/FocusCostOfGrowthFilter.ts" tests="2" disabled="2" errors="0" failures="0">
        <testcase name="Discovery focus selection filters neurons below costOfGrowth threshold" classname="./test/discovery/FocusCostOfGrowthFilter.ts" time="0.000" line="26" col="6">
            <skipped/>
        </testcase>
        <testcase name="Discovery returns empty when all neurons below costOfGrowth threshold" classname="./test/discovery/FocusCostOfGrowthFilter.ts" time="0.000" line="167" col="6">
            <skipped/>
        </testcase>
    </testsuite>
    <testsuite name="./test/discovery/GpuBackendDetection.ts" tests="4" disabled="0" errors="0" failures="0">
        <testcase name="getGpuBackendInfo returns structured result" classname="./test/discovery/GpuBackendDetection.ts" time="0.003" line="15" col="6">
        </testcase>
        <testcase name="getGpuBackendInfo is consistent across calls" classname="./test/discovery/GpuBackendDetection.ts" time="0.000" line="46" col="6">
        </testcase>
        <testcase name="isRustGpuAvailable and getGpuBackendInfo agree" classname="./test/discovery/GpuBackendDetection.ts" time="0.001" line="67" col="6">
        </testcase>
        <testcase name="GpuBackendInfo type covers all expected platform backends" classname="./test/discovery/GpuBackendDetection.ts" time="0.000" line="90" col="6">
        </testcase>
    </testsuite>
    <testsuite name="./test/discovery/ForwardOnlyDiscoveryValidation.ts" tests="1" disabled="0" errors="0" failures="0">
        <testcase name="Discovery: forward-only repairs recurrent connections" classname="./test/discovery/ForwardOnlyDiscoveryValidation.ts" time="0.013" line="11" col="6">
        </testcase>
    </testsuite>
    <testsuite name="./test/discovery/HoldoutValidator.ts" tests="9" disabled="0" errors="0" failures="0">
        <testcase name="splitDataForHoldout correctly splits data by percentage" classname="./test/discovery/HoldoutValidator.ts" time="0.001" line="51" col="6">
        </testcase>
        <testcase name="splitDataForHoldout uses deterministic seed for reproducibility" classname="./test/discovery/HoldoutValidator.ts" time="0.002" line="69" col="6">
        </testcase>
        <testcase name="splitDataForHoldout with different seeds produces different splits" classname="./test/discovery/HoldoutValidator.ts" time="0.001" line="101" col="6">
        </testcase>
        <testcase name="HoldoutValidator validates candidate against holdout data" classname="./test/discovery/HoldoutValidator.ts" time="0.009" line="131" col="6">
        </testcase>
        <testcase name="HoldoutValidator computes performance gap between discovery and holdout" classname="./test/discovery/HoldoutValidator.ts" time="0.002" line="175" col="6">
        </testcase>
        <testcase name="HoldoutValidator rejects candidates exceeding performance gap threshold" classname="./test/discovery/HoldoutValidator.ts" time="0.003" line="233" col="6">
        </testcase>
        <testcase name="HoldoutValidator respects configurable holdout percentage" classname="./test/discovery/HoldoutValidator.ts" time="0.003" line="299" col="6">
        </testcase>
        <testcase name="HoldoutValidator handles edge case of minimum data" classname="./test/discovery/HoldoutValidator.ts" time="0.000" line="327" col="6">
        </testcase>
        <testcase name="HoldoutValidator returns statistics for logging" classname="./test/discovery/HoldoutValidator.ts" time="0.000" line="342" col="6">
        </testcase>
    </testsuite>
    <testsuite name="./test/discovery/LeaveOneOutCombinations.ts" tests="6" disabled="0" errors="0" failures="0">
        <testcase name="buildCombinedFromSuccessful: generates leave-one-out combinations for 3+ candidates" classname="./test/discovery/LeaveOneOutCombinations.ts" time="0.017" line="118" col="6">
        </testcase>
        <testcase name="buildCombinedFromSuccessful: generates leave-one-out combinations for 4 candidates" classname="./test/discovery/LeaveOneOutCombinations.ts" time="0.010" line="152" col="6">
        </testcase>
        <testcase name="buildCombinedFromSuccessful: leave-one-out with 5 candidates produces size-4 subsets" classname="./test/discovery/LeaveOneOutCombinations.ts" time="0.022" line="196" col="6">
        </testcase>
        <testcase name="buildCombinedFromSuccessful: leave-one-out avoids duplicate with all-combined" classname="./test/discovery/LeaveOneOutCombinations.ts" time="0.004" line="233" col="6">
        </testcase>
        <testcase name="buildCombinedFromSuccessful: extended pairwise sampling for &gt; 10 candidates" classname="./test/discovery/LeaveOneOutCombinations.ts" time="0.092" line="261" col="6">
        </testcase>
        <testcase name="buildCombinedFromSuccessful: leave-one-out combinations each exclude exactly one candidate" classname="./test/discovery/LeaveOneOutCombinations.ts" time="0.004" line="323" col="6">
        </testcase>
    </testsuite>
    <testsuite name="./test/discovery/PriorityDiscoveryQueue.ts" tests="17" disabled="0" errors="0" failures="0">
        <testcase name="PriorityDiscoveryQueue - makeEmptyQueue creates empty queue" classname="./test/discovery/PriorityDiscoveryQueue.ts" time="0.003" line="50" col="6">
        </testcase>
        <testcase name="PriorityDiscoveryQueue - enqueue adds candidates with priority" classname="./test/discovery/PriorityDiscoveryQueue.ts" time="0.000" line="56" col="6">
        </testcase>
        <testcase name="PriorityDiscoveryQueue - dequeue returns highest priority first" classname="./test/discovery/PriorityDiscoveryQueue.ts" time="0.000" line="66" col="6">
        </testcase>
        <testcase name="PriorityDiscoveryQueue - peek returns highest priority without removing" classname="./test/discovery/PriorityDiscoveryQueue.ts" time="0.000" line="91" col="6">
        </testcase>
        <testcase name="PriorityDiscoveryQueue - dequeueAll returns all candidates in priority order" classname="./test/discovery/PriorityDiscoveryQueue.ts" time="0.000" line="101" col="6">
        </testcase>
        <testcase name="PriorityDiscoveryQueue - calculatePriority uses scoreDelta as primary factor" classname="./test/discovery/PriorityDiscoveryQueue.ts" time="0.000" line="121" col="6">
        </testcase>
        <testcase name="PriorityDiscoveryQueue - calculatePriority considers success rate" classname="./test/discovery/PriorityDiscoveryQueue.ts" time="0.003" line="131" col="6">
        </testcase>
        <testcase name="PriorityDiscoveryQueue - calculatePriority handles missing scoreDelta" classname="./test/discovery/PriorityDiscoveryQueue.ts" time="0.000" line="153" col="6">
        </testcase>
        <testcase name="PriorityDiscoveryQueue - calculatePriority handles negative scoreDelta gracefully" classname="./test/discovery/PriorityDiscoveryQueue.ts" time="0.000" line="162" col="6">
        </testcase>
        <testcase name="PriorityDiscoveryQueue - updateSuccessRate tracks by changeType" classname="./test/discovery/PriorityDiscoveryQueue.ts" time="0.000" line="174" col="6">
        </testcase>
        <testcase name="PriorityDiscoveryQueue - updateSuccessRate uses default rate for unknown types" classname="./test/discovery/PriorityDiscoveryQueue.ts" time="0.000" line="199" col="6">
        </testcase>
        <testcase name="PriorityDiscoveryQueue - prioritises high scoreDelta entries" classname="./test/discovery/PriorityDiscoveryQueue.ts" time="0.000" line="216" col="6">
        </testcase>
        <testcase name="PriorityDiscoveryQueue - deprioritises repeatedly failing types" classname="./test/discovery/PriorityDiscoveryQueue.ts" time="0.000" line="237" col="6">
        </testcase>
        <testcase name="PriorityDiscoveryQueue - maintains stable ordering for equal priorities" classname="./test/discovery/PriorityDiscoveryQueue.ts" time="0.000" line="272" col="6">
        </testcase>
        <testcase name="PriorityDiscoveryQueue - handles empty queue operations gracefully" classname="./test/discovery/PriorityDiscoveryQueue.ts" time="0.000" line="292" col="6">
        </testcase>
        <testcase name="PriorityDiscoveryQueue - handles large number of entries" classname="./test/discovery/PriorityDiscoveryQueue.ts" time="0.015" line="305" col="6">
        </testcase>
        <testcase name="PriorityDiscoveryQueue - immutable operations don&apos;t modify original" classname="./test/discovery/PriorityDiscoveryQueue.ts" time="0.000" line="332" col="6">
        </testcase>
    </testsuite>
    <testsuite name="./test/discovery/NeuronErrorImpactEstimator.ts" tests="3" disabled="0" errors="0" failures="0">
        <testcase name="NeuronErrorImpactEstimator splits share across inbound synapses" classname="./test/discovery/NeuronErrorImpactEstimator.ts" time="0.005" line="16" col="6">
        </testcase>
        <testcase name="NeuronErrorImpactEstimator propagates recursively through multiple layers" classname="./test/discovery/NeuronErrorImpactEstimator.ts" time="0.000" line="44" col="6">
        </testcase>
        <testcase name="NeuronErrorImpactEstimator averages contribution across multiple outputs" classname="./test/discovery/NeuronErrorImpactEstimator.ts" time="0.000" line="97" col="6">
        </testcase>
    </testsuite>
    <testsuite name="./test/discovery/RemovalCandidates.ts" tests="10" disabled="0" errors="0" failures="0">
        <testcase name="removeLowImpactNeuron applies bias compensation for outgoing synapses" classname="./test/discovery/RemovalCandidates.ts" time="0.009" line="20" col="6">
        </testcase>
        <testcase name="removeLowImpactNeuron makes no bias changes when removed neuron has no outgoing synapses" classname="./test/discovery/RemovalCandidates.ts" time="0.001" line="85" col="6">
        </testcase>
        <testcase name="removeLowImpactNeuron returns undefined for non-existent neuron" classname="./test/discovery/RemovalCandidates.ts" time="0.000" line="135" col="6">
        </testcase>
        <testcase name="removeLowImpactNeuron returns undefined for output neurons" classname="./test/discovery/RemovalCandidates.ts" time="0.000" line="163" col="6">
        </testcase>
        <testcase name="buildDiscoveryCandidates creates removal candidates for low-impact neurons" classname="./test/discovery/RemovalCandidates.ts" time="0.003" line="195" col="6">
        </testcase>
        <testcase name="buildDiscoveryCandidates creates removal candidate with undefined expectedErrorReduction" classname="./test/discovery/RemovalCandidates.ts" time="0.000" line="258" col="6">
        </testcase>
        <testcase name="removal candidates should have undefined expectedErrorReduction to pass filter" classname="./test/discovery/RemovalCandidates.ts" time="0.000" line="331" col="6">
        </testcase>
        <testcase name="buildDiscoveryCandidates uses crippled-removal.json for near-zero weight neuron removal" classname="./test/discovery/RemovalCandidates.ts" time="0.000" line="381" col="6">
        </testcase>
        <testcase name="combined removal candidate should be created when some removals fail" classname="./test/discovery/RemovalCandidates.ts" time="0.004" line="464" col="6">
        </testcase>
        <testcase name="removeLowImpactNeuron cleans up memetic data for removed neuron" classname="./test/discovery/RemovalCandidates.ts" time="0.001" line="609" col="6">
        </testcase>
    </testsuite>
    <testsuite name="./test/discovery/SubnetworkHashIndex.ts" tests="19" disabled="0" errors="0" failures="0">
        <testcase name="SubnetworkHashIndex - identical wire pattern across creatures hashes to the same bucket" classname="./test/discovery/SubnetworkHashIndex.ts" time="0.007" line="45" col="6">
        </testcase>
        <testcase name="SubnetworkHashIndex - hash is invariant to UUID renaming" classname="./test/discovery/SubnetworkHashIndex.ts" time="0.000" line="63" col="6">
        </testcase>
        <testcase name="SubnetworkHashIndex - hash includes squash function (different squash → different hash)" classname="./test/discovery/SubnetworkHashIndex.ts" time="0.000" line="84" col="6">
        </testcase>
        <testcase name="SubnetworkHashIndex - hash is byte-stable across exportJSON/fromJSON round-trip" classname="./test/discovery/SubnetworkHashIndex.ts" time="0.000" line="105" col="6">
        </testcase>
        <testcase name="SubnetworkHashIndex - returns undefined when focal UUID is missing" classname="./test/discovery/SubnetworkHashIndex.ts" time="0.000" line="120" col="6">
        </testcase>
        <testcase name="SubnetworkHashIndex - hash never contains integer id / fromId / toId fields" classname="./test/discovery/SubnetworkHashIndex.ts" time="0.000" line="126" col="6">
        </testcase>
        <testcase name="SubnetworkHashIndex - default size 50,000 and isEnabled() reflects size" classname="./test/discovery/SubnetworkHashIndex.ts" time="0.000" line="140" col="6">
        </testcase>
        <testcase name="SubnetworkHashIndex - lookup misses return empty arrays" classname="./test/discovery/SubnetworkHashIndex.ts" time="0.000" line="148" col="6">
        </testcase>
        <testcase name="SubnetworkHashIndex - insert + lookup is O(1) hashmap-backed" classname="./test/discovery/SubnetworkHashIndex.ts" time="0.000" line="153" col="6">
        </testcase>
        <testcase name="SubnetworkHashIndex - LRU evicts oldest entries when over capacity" classname="./test/discovery/SubnetworkHashIndex.ts" time="0.000" line="164" col="6">
        </testcase>
        <testcase name="SubnetworkHashIndex - never evicts entries from the current generation" classname="./test/discovery/SubnetworkHashIndex.ts" time="0.000" line="184" col="6">
        </testcase>
        <testcase name="SubnetworkHashIndex - clear() empties the index" classname="./test/discovery/SubnetworkHashIndex.ts" time="0.000" line="214" col="6">
        </testcase>
        <testcase name="SubnetworkHashIndex - same hash collects multiple entries in a bucket" classname="./test/discovery/SubnetworkHashIndex.ts" time="0.000" line="224" col="6">
        </testcase>
        <testcase name="SubnetworkHashIndex - disabled (size=0) silently drops inserts" classname="./test/discovery/SubnetworkHashIndex.ts" time="0.000" line="236" col="6">
        </testcase>
        <testcase name="extractFocalUuid - returns the changed neuron for change-squash" classname="./test/discovery/SubnetworkHashIndex.ts" time="0.000" line="244" col="6">
        </testcase>
        <testcase name="extractFocalUuid - returns undefined for combo / coordinated candidates" classname="./test/discovery/SubnetworkHashIndex.ts" time="0.000" line="262" col="6">
        </testcase>
        <testcase name="recordSuccessSync populates the shared subnetwork hash index" classname="./test/discovery/SubnetworkHashIndex.ts" time="0.005" line="276" col="6">
        </testcase>
        <testcase name="recordSuccessSync is a no-op for the index when size = 0 (disabled)" classname="./test/discovery/SubnetworkHashIndex.ts" time="0.002" line="343" col="6">
        </testcase>
        <testcase name="SubnetworkHashIndex - lookup matches without re-verify cannot leak through (no false positives)" classname="./test/discovery/SubnetworkHashIndex.ts" time="0.000" line="399" col="6">
        </testcase>
    </testsuite>
    <testsuite name="./test/discovery/STEPRecordingIntegration.ts" tests="10" disabled="0" errors="0" failures="0">
        <testcase name="STEP recording: errors stored as numeric arrays" classname="./test/discovery/STEPRecordingIntegration.ts" time="0.012" line="32" col="6">
        </testcase>
        <testcase name="STEP recording: error magnitude when crossing from 0 to 1" classname="./test/discovery/STEPRecordingIntegration.ts" time="0.000" line="83" col="6">
        </testcase>
        <testcase name="STEP recording: error magnitude when crossing from 1 to 0" classname="./test/discovery/STEPRecordingIntegration.ts" time="0.000" line="129" col="6">
        </testcase>
        <testcase name="STEP recording: zero error when already on correct side (positive)" classname="./test/discovery/STEPRecordingIntegration.ts" time="0.000" line="179" col="6">
        </testcase>
        <testcase name="STEP recording: zero error when already on correct side (negative)" classname="./test/discovery/STEPRecordingIntegration.ts" time="0.000" line="223" col="6">
        </testcase>
        <testcase name="STEP recording: hidden neuron receives propagated error" classname="./test/discovery/STEPRecordingIntegration.ts" time="0.001" line="271" col="6">
        </testcase>
        <testcase name="STEP recording: at threshold (x=0)" classname="./test/discovery/STEPRecordingIntegration.ts" time="0.000" line="322" col="6">
        </testcase>
        <testcase name="STEP recording: extreme values are clamped (prevents exploding discovery errors)" classname="./test/discovery/STEPRecordingIntegration.ts" time="0.000" line="369" col="6">
        </testcase>
        <testcase name="BIPOLAR recording: extreme values are clamped (prevents exploding discovery errors)" classname="./test/discovery/STEPRecordingIntegration.ts" time="0.000" line="420" col="6">
        </testcase>
        <testcase name="STEP recording: consistent errors across multiple activations" classname="./test/discovery/STEPRecordingIntegration.ts" time="0.000" line="467" col="6">
        </testcase>
    </testsuite>
    <testsuite name="./test/discovery/SuccessCache.ts" tests="11" disabled="0" errors="0" failures="0">
        <testcase name="SuccessCache records, lists, and deletes entries (sync)" classname="./test/discovery/SuccessCache.ts" time="0.017" line="69" col="6">
        </testcase>
        <testcase name="SuccessCache does not overwrite on key collisions" classname="./test/discovery/SuccessCache.ts" time="0.004" line="138" col="6">
        </testcase>
        <testcase name="SuccessCache retains the existing entry when the new one is worse" classname="./test/discovery/SuccessCache.ts" time="0.001" line="222" col="6">
        </testcase>
        <testcase name="SuccessCache overwrites corrupt entries (best-effort)" classname="./test/discovery/SuccessCache.ts" time="0.001" line="295" col="6">
        </testcase>
        <testcase name="getSuccessfulRemovalNeuronIds returns empty set for non-existent directory" classname="./test/discovery/SuccessCache.ts" time="0.000" line="357" col="6">
        </testcase>
        <testcase name="getSuccessfulRemovalNeuronIds returns empty set for empty directory" classname="./test/discovery/SuccessCache.ts" time="0.000" line="362" col="6">
        </testcase>
        <testcase name="getSuccessfulRemovalNeuronIds extracts neuron IDs from removal entries" classname="./test/discovery/SuccessCache.ts" time="0.000" line="374" col="6">
        </testcase>
        <testcase name="getSuccessfulRemovalNeuronIds ignores non-removal entries" classname="./test/discovery/SuccessCache.ts" time="0.001" line="418" col="6">
        </testcase>
        <testcase name="getSuccessfulRemovalNeuronIds skips corrupt entries gracefully" classname="./test/discovery/SuccessCache.ts" time="0.001" line="472" col="6">
        </testcase>
        <testcase name="getSuccessfulRemovalNeuronIds deduplicates same neuron ID across directories" classname="./test/discovery/SuccessCache.ts" time="0.000" line="507" col="6">
        </testcase>
        <testcase name="SuccessCache falls back to direct write when rename fails" classname="./test/discovery/SuccessCache.ts" time="0.001" line="548" col="6">
        </testcase>
    </testsuite>
    <testsuite name="./test/discovery/SuccessCacheRemovalDetails.ts" tests="8" disabled="0" errors="0" failures="0">
        <testcase name="getSuccessfulRemovalDetails returns empty array for non-existent directory" classname="./test/discovery/SuccessCacheRemovalDetails.ts" time="0.002" line="8" col="6">
        </testcase>
        <testcase name="getSuccessfulRemovalDetails returns empty array for empty directory" classname="./test/discovery/SuccessCacheRemovalDetails.ts" time="0.000" line="13" col="6">
        </testcase>
        <testcase name="getSuccessfulRemovalDetails returns structured data from removal entries" classname="./test/discovery/SuccessCacheRemovalDetails.ts" time="0.001" line="25" col="6">
        </testcase>
        <testcase name="getSuccessfulRemovalDetails ignores non-removal entries" classname="./test/discovery/SuccessCacheRemovalDetails.ts" time="0.001" line="91" col="6">
        </testcase>
        <testcase name="getSuccessfulRemovalDetails deduplicates same neuron, keeping best score delta" classname="./test/discovery/SuccessCacheRemovalDetails.ts" time="0.000" line="142" col="6">
        </testcase>
        <testcase name="getSuccessfulRemovalDetails skips corrupt entries gracefully" classname="./test/discovery/SuccessCacheRemovalDetails.ts" time="0.001" line="197" col="6">
        </testcase>
        <testcase name="getSuccessfulRemovalDetails handles missing metadata fields gracefully" classname="./test/discovery/SuccessCacheRemovalDetails.ts" time="0.000" line="238" col="6">
        </testcase>
        <testcase name="getSuccessfulRemovalDetails skips entries without neuron UUID" classname="./test/discovery/SuccessCacheRemovalDetails.ts" time="0.001" line="272" col="6">
        </testcase>
    </testsuite>
    <testsuite name="./test/discovery/SuccessCacheCoverage.ts" tests="3" disabled="0" errors="0" failures="0">
        <testcase name="SuccessCache: listSuccessEntriesSync returns [] for missing directory and skips corrupt JSON" classname="./test/discovery/SuccessCacheCoverage.ts" time="0.003" line="12" col="6">
        </testcase>
        <testcase name="SuccessCache: deleteSuccessByKeySync ignores missing files" classname="./test/discovery/SuccessCacheCoverage.ts" time="0.000" line="33" col="6">
        </testcase>
        <testcase name="SuccessCache: recordSuccessSync captures rustRequest fields for many candidate shapes" classname="./test/discovery/SuccessCacheCoverage.ts" time="0.010" line="48" col="6">
        </testcase>
    </testsuite>
    <testsuite name="./test/discovery/SupplementFromCache.ts" tests="9" disabled="0" errors="0" failures="0">
        <testcase name="supplementFromCache returns empty when no cache dir" classname="./test/discovery/SupplementFromCache.ts" time="0.006" line="101" col="6">
        </testcase>
        <testcase name="supplementFromCache returns empty when cache is empty" classname="./test/discovery/SupplementFromCache.ts" time="0.000" line="107" col="6">
        </testcase>
        <testcase name="supplementFromCache returns candidates from cache" classname="./test/discovery/SupplementFromCache.ts" time="0.011" line="118" col="6">
        </testcase>
        <testcase name="supplementFromCache skips already-applied entries" classname="./test/discovery/SupplementFromCache.ts" time="0.003" line="153" col="6">
        </testcase>
        <testcase name="supplementFromCache skips entries referencing non-existent neurons" classname="./test/discovery/SupplementFromCache.ts" time="0.001" line="185" col="6">
        </testcase>
        <testcase name="supplementFromCache excludes duplicates of existing Phase 1 successes" classname="./test/discovery/SupplementFromCache.ts" time="0.001" line="240" col="6">
        </testcase>
        <testcase name="supplementFromCache respects maxSupplements limit" classname="./test/discovery/SupplementFromCache.ts" time="0.003" line="269" col="6">
        </testcase>
        <testcase name="supplementFromCache sorts by scoreDelta descending" classname="./test/discovery/SupplementFromCache.ts" time="0.002" line="309" col="6">
        </testcase>
        <testcase name="supplementFromCache skips combo entries from cache" classname="./test/discovery/SupplementFromCache.ts" time="0.000" line="354" col="6">
        </testcase>
    </testsuite>
    <testsuite name="./test/discovery/SynapseApplicationPreservesStructure.ts" tests="7" disabled="0" errors="0" failures="0">
        <testcase name="addHelpfulSynapses applies synapse when source and target exist - no fix() corruption" classname="./test/discovery/SynapseApplicationPreservesStructure.ts" time="0.009" line="93" col="6">
        </testcase>
        <testcase name="addHelpfulSynapses does not call fix() which could add random connections" classname="./test/discovery/SynapseApplicationPreservesStructure.ts" time="0.005" line="150" col="6">
        </testcase>
        <testcase name="synapse candidates appear in evaluation output via buildDiscoveryCandidates" classname="./test/discovery/SynapseApplicationPreservesStructure.ts" time="0.003" line="191" col="6">
        </testcase>
        <testcase name="addHelpfulSynapses skips synapse that already exists (with warning)" classname="./test/discovery/SynapseApplicationPreservesStructure.ts" time="0.000" line="237" col="6">
        </testcase>
        <testcase name="addHelpfulSynapses handles mix of valid and invalid synapses" classname="./test/discovery/SynapseApplicationPreservesStructure.ts" time="0.000" line="282" col="6">
        </testcase>
        <testcase name="fix() does not revert valid synapse additions - creature structure preserved" classname="./test/discovery/SynapseApplicationPreservesStructure.ts" time="0.002" line="347" col="6">
        </testcase>
        <testcase name="validate-first approach: fix() not called when creature remains valid after synapse addition" classname="./test/discovery/SynapseApplicationPreservesStructure.ts" time="0.000" line="386" col="6">
        </testcase>
    </testsuite>
    <testsuite name="./test/discovery/TwoPhaseDiscoveryScoring.ts" tests="4" disabled="0" errors="0" failures="0">
        <testcase name="DiscoveryRunner two-phase scoring: only combines successful candidates" classname="./test/discovery/TwoPhaseDiscoveryScoring.ts" time="0.033" line="76" col="6">
        </testcase>
        <testcase name="DiscoveryRunner two-phase scoring: returns single candidate when no combinations improve" classname="./test/discovery/TwoPhaseDiscoveryScoring.ts" time="0.007" line="240" col="6">
        </testcase>
        <testcase name="DiscoveryRunner two-phase scoring: no combination phase when only one candidate succeeds" classname="./test/discovery/TwoPhaseDiscoveryScoring.ts" time="0.005" line="301" col="6">
        </testcase>
        <testcase name="DiscoveryRunner two-phase scoring: combination outperforms individual candidates" classname="./test/discovery/TwoPhaseDiscoveryScoring.ts" time="0.006" line="411" col="6">
        </testcase>
    </testsuite>
    <testsuite name="./test/docs/ConfigurationGuideSplit.ts" tests="7" disabled="0" errors="0" failures="0">
        <testcase name="CONFIGURATION_GUIDE is a short index (&lt;= 300 lines)" classname="./test/docs/ConfigurationGuideSplit.ts" time="0.000" line="35" col="6">
        </testcase>
        <testcase name="CONFIGURATION_GUIDE links to every topic detail doc" classname="./test/docs/ConfigurationGuideSplit.ts" time="0.000" line="44" col="6">
        </testcase>
        <testcase name="Each topic detail doc exists and is non-trivial" classname="./test/docs/ConfigurationGuideSplit.ts" time="0.000" line="54" col="6">
        </testcase>
        <testcase name="Each topic detail doc cross-references performance tuning" classname="./test/docs/ConfigurationGuideSplit.ts" time="0.000" line="77" col="6">
        </testcase>
        <testcase name="CONFIGURATION_GUIDE relative links resolve" classname="./test/docs/ConfigurationGuideSplit.ts" time="0.001" line="94" col="6">
        </testcase>
        <testcase name="Topic detail docs relative links resolve" classname="./test/docs/ConfigurationGuideSplit.ts" time="0.003" line="99" col="6">
        </testcase>
        <testcase name="docs/README.md still indexes the configuration guide" classname="./test/docs/ConfigurationGuideSplit.ts" time="0.000" line="113" col="6">
        </testcase>
    </testsuite>
    <testsuite name="./test/discovery/WasmInitialisationBeforeDiscovery.ts" tests="3" disabled="0" errors="0" failures="0">
        <testcase name="Issue #1219: ensureWasmActivationForDiscovery initialises WASM when not available" classname="./test/discovery/WasmInitialisationBeforeDiscovery.ts" time="0.001" line="17" col="6">
        </testcase>
        <testcase name="Issue #1219: ensureWasmActivationForDiscovery is idempotent" classname="./test/discovery/WasmInitialisationBeforeDiscovery.ts" time="0.000" line="42" col="6">
        </testcase>
        <testcase name="Issue #1219: ensureWasmActivationForDiscovery works when WASM already initialised" classname="./test/discovery/WasmInitialisationBeforeDiscovery.ts" time="0.000" line="72" col="6">
        </testcase>
    </testsuite>
    <testsuite name="./test/discovery/WorkerDiscoveryResponseCoordinatedStructural.ts" tests="3" disabled="0" errors="0" failures="0">
        <testcase name="WorkerProcessor: discover response includes coordinated structural candidates" classname="./test/discovery/WorkerDiscoveryResponseCoordinatedStructural.ts" time="0.001" line="20" col="6">
        </testcase>
        <testcase name="WorkerProcessor: buildDiscoverResponsePayload maps all optional fields when present" classname="./test/discovery/WorkerDiscoveryResponseCoordinatedStructural.ts" time="0.000" line="62" col="6">
        </testcase>
        <testcase name="WorkerProcessor: clearDiscoverResultForGC clears coordinatedStructuralCandidates alongside other arrays" classname="./test/discovery/WorkerDiscoveryResponseCoordinatedStructural.ts" time="0.000" line="171" col="6">
        </testcase>
    </testsuite>
    <testsuite name="./test/docs/DeepseekPapersIndex.ts" tests="15" disabled="0" errors="0" failures="0">
        <testcase name="deepseek-papers-index — referenced artefact exists: bench/MCMCAdvantageConvergence.ts" classname="./test/docs/DeepseekPapersIndex.ts" time="0.000" line="48" col="8">
        </testcase>
        <testcase name="deepseek-papers-index — referenced artefact exists: test/NEAT/GroupRelativeAdvantage.ts" classname="./test/docs/DeepseekPapersIndex.ts" time="0.000" line="48" col="8">
        </testcase>
        <testcase name="deepseek-papers-index — referenced artefact exists: bench/OnPolicyDistillationBreed.ts" classname="./test/docs/DeepseekPapersIndex.ts" time="0.000" line="48" col="8">
        </testcase>
        <testcase name="deepseek-papers-index — referenced artefact exists: test/breed/OnPolicyDistillationBreed.ts" classname="./test/docs/DeepseekPapersIndex.ts" time="0.000" line="48" col="8">
        </testcase>
        <testcase name="deepseek-papers-index — referenced artefact exists: bench/MuonVsBaseline.ts" classname="./test/docs/DeepseekPapersIndex.ts" time="0.000" line="48" col="8">
        </testcase>
        <testcase name="deepseek-papers-index — referenced artefact exists: test/propagate/MuonOrthogonalisation.ts" classname="./test/docs/DeepseekPapersIndex.ts" time="0.000" line="48" col="8">
        </testcase>
        <testcase name="deepseek-papers-index — referenced artefact exists: bench/SpecialistVsMixed.ts" classname="./test/docs/DeepseekPapersIndex.ts" time="0.000" line="48" col="8">
        </testcase>
        <testcase name="deepseek-papers-index — referenced artefact exists: test/NEAT/SpecialistPipeline.ts" classname="./test/docs/DeepseekPapersIndex.ts" time="0.000" line="48" col="8">
        </testcase>
        <testcase name="deepseek-papers-index — referenced artefact exists: bench/SubnetworkHashLookup.ts" classname="./test/docs/DeepseekPapersIndex.ts" time="0.000" line="48" col="8">
        </testcase>
        <testcase name="deepseek-papers-index — referenced artefact exists: test/discovery/SubnetworkHashIndex.ts" classname="./test/docs/DeepseekPapersIndex.ts" time="0.000" line="48" col="8">
        </testcase>
        <testcase name="deepseek-papers-index — GRPO advantage mode defaults to absolute (#2527)" classname="./test/docs/DeepseekPapersIndex.ts" time="0.005" line="65" col="6">
        </testcase>
        <testcase name="deepseek-papers-index — OPD breed rate defaults to 0 (#2528)" classname="./test/docs/DeepseekPapersIndex.ts" time="0.000" line="77" col="6">
        </testcase>
        <testcase name="deepseek-papers-index — Muon orthogonalisation defaults to none (#2529)" classname="./test/docs/DeepseekPapersIndex.ts" time="0.000" line="89" col="6">
        </testcase>
        <testcase name="deepseek-papers-index — specialist pipeline defaults to off (#2530)" classname="./test/docs/DeepseekPapersIndex.ts" time="0.000" line="101" col="6">
        </testcase>
        <testcase name="deepseek-papers-index — subnetwork hash index size has documented default (#2531)" classname="./test/docs/DeepseekPapersIndex.ts" time="0.000" line="113" col="6">
        </testcase>
    </testsuite>
    <testsuite name="./test/docs/DocsIndex.ts" tests="10" disabled="0" errors="0" failures="0">
        <testcase name="docs/README.md exists and is non-trivial" classname="./test/docs/DocsIndex.ts" time="0.000" line="78" col="6">
        </testcase>
        <testcase name="docs/README.md uses the expected topic groupings" classname="./test/docs/DocsIndex.ts" time="0.000" line="86" col="6">
        </testcase>
        <testcase name="docs/README.md links to every major topic doc" classname="./test/docs/DocsIndex.ts" time="0.000" line="105" col="6">
        </testcase>
        <testcase name="docs/README.md flags pr-summary-*.md as out of scope" classname="./test/docs/DocsIndex.ts" time="0.000" line="119" col="6">
        </testcase>
        <testcase name="docs/README.md provides a &apos;where to start&apos; reading path" classname="./test/docs/DocsIndex.ts" time="0.000" line="133" col="6">
        </testcase>
        <testcase name="docs/README.md internal links resolve" classname="./test/docs/DocsIndex.ts" time="0.002" line="143" col="6">
        </testcase>
        <testcase name="README.md has a Docs map section linking to docs/README.md" classname="./test/docs/DocsIndex.ts" time="0.000" line="183" col="6">
        </testcase>
        <testcase name="README.md includes at least one Mermaid diagram" classname="./test/docs/DocsIndex.ts" time="0.000" line="196" col="6">
        </testcase>
        <testcase name="README.md expands acronyms on first use" classname="./test/docs/DocsIndex.ts" time="0.000" line="205" col="6">
        </testcase>
        <testcase name="README.md still references core dependency documentation" classname="./test/docs/DocsIndex.ts" time="0.000" line="220" col="6">
        </testcase>
    </testsuite>
    <testsuite name="./test/docs/JekyllLiquidSafety.ts" tests="7" disabled="0" errors="0" failures="0">
        <testcase name="docs/**/*.md contains no unescaped Liquid syntax (#2590, #2592)" classname="./test/docs/JekyllLiquidSafety.ts" time="0.474" line="94" col="6">
        </testcase>
        <testcase name="findLiquidOffences flags bare {% in prose" classname="./test/docs/JekyllLiquidSafety.ts" time="0.000" line="129" col="6">
        </testcase>
        <testcase name="findLiquidOffences flags bare {{ in prose" classname="./test/docs/JekyllLiquidSafety.ts" time="0.000" line="136" col="6">
        </testcase>
        <testcase name="findLiquidOffences flags Liquid inside fenced code blocks (Jekyll parses fences) (#2592)" classname="./test/docs/JekyllLiquidSafety.ts" time="0.000" line="142" col="6">
        </testcase>
        <testcase name="findLiquidOffences ignores Liquid inside {% raw %} blocks" classname="./test/docs/JekyllLiquidSafety.ts" time="0.000" line="167" col="6">
        </testcase>
        <testcase name="findLiquidOffences ignores Liquid inside {% raw %} wrapping a fenced block (#2592)" classname="./test/docs/JekyllLiquidSafety.ts" time="0.000" line="180" col="6">
        </testcase>
        <testcase name="findLiquidOffences supports inline {% raw %}{% endraw %} on one line" classname="./test/docs/JekyllLiquidSafety.ts" time="0.000" line="199" col="6">
        </testcase>
    </testsuite>
    <testsuite name="./test/docs/PerformanceGuide.ts" tests="5" disabled="0" errors="0" failures="0">
        <testcase name="performance-guide - WASM activation available for numerical operations" classname="./test/docs/PerformanceGuide.ts" time="0.000" line="17" col="6">
        </testcase>
        <testcase name="performance-guide - WASM activation produces correct results" classname="./test/docs/PerformanceGuide.ts" time="0.005" line="31" col="6">
        </testcase>
        <testcase name="performance-guide - shallowClone produces equivalent creature to JSON round-trip" classname="./test/docs/PerformanceGuide.ts" time="0.004" line="53" col="6">
        </testcase>
        <testcase name="performance-guide - shallowClone preserves neuron count and synapse count" classname="./test/docs/PerformanceGuide.ts" time="0.000" line="95" col="6">
        </testcase>
        <testcase name="performance-guide - creature remains valid after multiple mutations" classname="./test/docs/PerformanceGuide.ts" time="0.000" line="124" col="6">
        </testcase>
    </testsuite>
    <testsuite name="./test/docs/TroubleshootingGuide.ts" tests="11" disabled="0" errors="0" failures="0">
        <testcase name="troubleshooting - WASM activation initialises and is available" classname="./test/docs/TroubleshootingGuide.ts" time="0.000" line="26" col="6">
        </testcase>
        <testcase name="troubleshooting - Creature.activate() works when WASM is loaded" classname="./test/docs/TroubleshootingGuide.ts" time="0.006" line="40" col="6">
        </testcase>
        <testcase name="troubleshooting - feedbackLoop without disableRandomSamples throws" classname="./test/docs/TroubleshootingGuide.ts" time="0.006" line="58" col="6">
        </testcase>
        <testcase name="troubleshooting - adaptive mutation thresholds must be ordered" classname="./test/docs/TroubleshootingGuide.ts" time="0.000" line="77" col="6">
        </testcase>
        <testcase name="troubleshooting - plateau detection rates must be ordered" classname="./test/docs/TroubleshootingGuide.ts" time="0.000" line="95" col="6">
        </testcase>
        <testcase name="troubleshooting - valid config creates without error" classname="./test/docs/TroubleshootingGuide.ts" time="0.000" line="116" col="6">
        </testcase>
        <testcase name="troubleshooting - forward-only mode rejects recursive synapses" classname="./test/docs/TroubleshootingGuide.ts" time="0.002" line="130" col="6">
        </testcase>
        <testcase name="troubleshooting - forward-only mode rejects self-connections" classname="./test/docs/TroubleshootingGuide.ts" time="0.001" line="159" col="6">
        </testcase>
        <testcase name="troubleshooting - recurrent mode allows backward connections" classname="./test/docs/TroubleshootingGuide.ts" time="0.000" line="191" col="6">
        </testcase>
        <testcase name="troubleshooting - hidden neuron without outward connections" classname="./test/docs/TroubleshootingGuide.ts" time="0.002" line="215" col="6">
        </testcase>
        <testcase name="troubleshooting - hidden neuron without inward connections" classname="./test/docs/TroubleshootingGuide.ts" time="0.000" line="248" col="6">
        </testcase>
    </testsuite>
    <testsuite name="./test/errors/ActivationError.ts" tests="8" disabled="0" errors="0" failures="0">
        <testcase name="ActivationError - NON_FINITE_INPUT reason" classname="./test/errors/ActivationError.ts" time="0.001" line="7" col="6">
        </testcase>
        <testcase name="ActivationError - NON_FINITE_RESULT reason" classname="./test/errors/ActivationError.ts" time="0.000" line="22" col="6">
        </testcase>
        <testcase name="ActivationError - UNKNOWN_ACTIVATION reason" classname="./test/errors/ActivationError.ts" time="0.000" line="35" col="6">
        </testcase>
        <testcase name="ActivationError - is instanceof Error" classname="./test/errors/ActivationError.ts" time="0.000" line="47" col="6">
        </testcase>
        <testcase name="ActivationError - can be caught selectively" classname="./test/errors/ActivationError.ts" time="0.000" line="58" col="6">
        </testcase>
        <testcase name="ActivationError - reason is typed" classname="./test/errors/ActivationError.ts" time="0.000" line="71" col="6">
        </testcase>
        <testcase name="ActivationError - distinguishable from generic Error" classname="./test/errors/ActivationError.ts" time="0.000" line="84" col="6">
        </testcase>
        <testcase name="ActivationError - input can be array of numbers" classname="./test/errors/ActivationError.ts" time="0.000" line="103" col="6">
        </testcase>
    </testsuite>
    <testsuite name="./test/errors/ConfigurationError.ts" tests="9" disabled="0" errors="0" failures="0">
        <testcase name="ConfigurationError - INVALID_TYPE reason" classname="./test/errors/ConfigurationError.ts" time="0.001" line="7" col="6">
        </testcase>
        <testcase name="ConfigurationError - OUT_OF_RANGE reason" classname="./test/errors/ConfigurationError.ts" time="0.000" line="21" col="6">
        </testcase>
        <testcase name="ConfigurationError - NOT_INTEGER reason" classname="./test/errors/ConfigurationError.ts" time="0.000" line="30" col="6">
        </testcase>
        <testcase name="ConfigurationError - NOT_FINITE reason" classname="./test/errors/ConfigurationError.ts" time="0.000" line="39" col="6">
        </testcase>
        <testcase name="ConfigurationError - CROSS_FIELD_VALIDATION reason" classname="./test/errors/ConfigurationError.ts" time="0.000" line="48" col="6">
        </testcase>
        <testcase name="ConfigurationError - is instanceof Error" classname="./test/errors/ConfigurationError.ts" time="0.000" line="57" col="6">
        </testcase>
        <testcase name="ConfigurationError - can be caught selectively" classname="./test/errors/ConfigurationError.ts" time="0.000" line="63" col="6">
        </testcase>
        <testcase name="ConfigurationError - reason is typed" classname="./test/errors/ConfigurationError.ts" time="0.000" line="71" col="6">
        </testcase>
        <testcase name="ConfigurationError - distinguishable from generic Error" classname="./test/errors/ConfigurationError.ts" time="0.000" line="86" col="6">
        </testcase>
    </testsuite>
    <testsuite name="./test/errors/ConfigurationErrorIntegration.ts" tests="6" disabled="0" errors="0" failures="0">
        <testcase name="parseNumber throws ConfigurationError for non-numeric string" classname="./test/errors/ConfigurationErrorIntegration.ts" time="0.001" line="5" col="6">
        </testcase>
        <testcase name="parseNumber throws ConfigurationError for non-finite number" classname="./test/errors/ConfigurationErrorIntegration.ts" time="0.000" line="13" col="6">
        </testcase>
        <testcase name="parseNumber throws ConfigurationError for wrong type" classname="./test/errors/ConfigurationErrorIntegration.ts" time="0.000" line="21" col="6">
        </testcase>
        <testcase name="parseNumber throws ConfigurationError for non-integer" classname="./test/errors/ConfigurationErrorIntegration.ts" time="0.000" line="29" col="6">
        </testcase>
        <testcase name="parseNumber throws ConfigurationError for out of range" classname="./test/errors/ConfigurationErrorIntegration.ts" time="0.000" line="37" col="6">
        </testcase>
        <testcase name="parseDiscoverySampleRate throws ConfigurationError for invalid value" classname="./test/errors/ConfigurationErrorIntegration.ts" time="0.000" line="45" col="6">
        </testcase>
    </testsuite>
    <testsuite name="./test/errors/DiscoveryError.ts" tests="9" disabled="0" errors="0" failures="0">
        <testcase name="DiscoveryError - LIBRARY_NOT_FOUND reason" classname="./test/errors/DiscoveryError.ts" time="0.001" line="7" col="6">
        </testcase>
        <testcase name="DiscoveryError - GPU_UNAVAILABLE reason" classname="./test/errors/DiscoveryError.ts" time="0.000" line="18" col="6">
        </testcase>
        <testcase name="DiscoveryError - FFI_CRASH reason" classname="./test/errors/DiscoveryError.ts" time="0.000" line="27" col="6">
        </testcase>
        <testcase name="DiscoveryError - TIMEOUT reason" classname="./test/errors/DiscoveryError.ts" time="0.000" line="36" col="6">
        </testcase>
        <testcase name="DiscoveryError - DATA_CORRUPTION reason" classname="./test/errors/DiscoveryError.ts" time="0.000" line="45" col="6">
        </testcase>
        <testcase name="DiscoveryError - INVALID_CREATURE reason" classname="./test/errors/DiscoveryError.ts" time="0.000" line="54" col="6">
        </testcase>
        <testcase name="DiscoveryError - is instanceof Error" classname="./test/errors/DiscoveryError.ts" time="0.000" line="63" col="6">
        </testcase>
        <testcase name="DiscoveryError - can be caught selectively" classname="./test/errors/DiscoveryError.ts" time="0.000" line="69" col="6">
        </testcase>
        <testcase name="DiscoveryError - reason is typed" classname="./test/errors/DiscoveryError.ts" time="0.000" line="77" col="6">
        </testcase>
    </testsuite>
    <testsuite name="./test/errors/TopologyError.ts" tests="13" disabled="0" errors="0" failures="0">
        <testcase name="TopologyError - INVALID_NEURON_TYPE reason" classname="./test/errors/TopologyError.ts" time="0.001" line="7" col="6">
        </testcase>
        <testcase name="TopologyError - INVALID_SQUASH reason" classname="./test/errors/TopologyError.ts" time="0.000" line="18" col="6">
        </testcase>
        <testcase name="TopologyError - MISSING_SQUASH reason" classname="./test/errors/TopologyError.ts" time="0.000" line="27" col="6">
        </testcase>
        <testcase name="TopologyError - INVALID_CONNECTION reason" classname="./test/errors/TopologyError.ts" time="0.000" line="36" col="6">
        </testcase>
        <testcase name="TopologyError - INVALID_STATE reason" classname="./test/errors/TopologyError.ts" time="0.000" line="45" col="6">
        </testcase>
        <testcase name="TopologyError - DUPLICATE_UUID reason" classname="./test/errors/TopologyError.ts" time="0.000" line="54" col="6">
        </testcase>
        <testcase name="TopologyError - MISSING_NEURON reason" classname="./test/errors/TopologyError.ts" time="0.000" line="63" col="6">
        </testcase>
        <testcase name="TopologyError - SORT_FAILURE reason" classname="./test/errors/TopologyError.ts" time="0.000" line="72" col="6">
        </testcase>
        <testcase name="TopologyError - EXCESSIVE_ERRORS reason" classname="./test/errors/TopologyError.ts" time="0.000" line="81" col="6">
        </testcase>
        <testcase name="TopologyError - is instanceof Error" classname="./test/errors/TopologyError.ts" time="0.000" line="90" col="6">
        </testcase>
        <testcase name="TopologyError - can be caught selectively" classname="./test/errors/TopologyError.ts" time="0.000" line="96" col="6">
        </testcase>
        <testcase name="TopologyError - reason is typed" classname="./test/errors/TopologyError.ts" time="0.000" line="104" col="6">
        </testcase>
        <testcase name="TopologyError - distinguishable from generic Error" classname="./test/errors/TopologyError.ts" time="0.000" line="123" col="6">
        </testcase>
    </testsuite>
    <testsuite name="./test/errors/TopologyErrorIntegration.ts" tests="5" disabled="0" errors="0" failures="0">
        <testcase name="Neuron constructor throws TopologyError for invalid type" classname="./test/errors/TopologyErrorIntegration.ts" time="0.004" line="6" col="6">
        </testcase>
        <testcase name="Neuron constructor throws TopologyError for constant with squash" classname="./test/errors/TopologyErrorIntegration.ts" time="0.000" line="21" col="6">
        </testcase>
        <testcase name="Neuron.validate throws TopologyError for missing squash on hidden" classname="./test/errors/TopologyErrorIntegration.ts" time="0.000" line="37" col="6">
        </testcase>
        <testcase name="Neuron.exportJSON throws TopologyError for input type" classname="./test/errors/TopologyErrorIntegration.ts" time="0.000" line="56" col="6">
        </testcase>
        <testcase name="Neuron.mutate throws TopologyError for input node" classname="./test/errors/TopologyErrorIntegration.ts" time="0.001" line="72" col="6">
        </testcase>
    </testsuite>
    <testsuite name="./test/errors/TypedErrorReplacements.ts" tests="4" disabled="0" errors="0" failures="0">
        <testcase name="FitnessRanking - empty population throws ValidationError" classname="./test/errors/TypedErrorReplacements.ts" time="0.003" line="18" col="6">
        </testcase>
        <testcase name="Costs.find - unknown cost throws ValidationError" classname="./test/errors/TypedErrorReplacements.ts" time="0.000" line="28" col="6">
        </testcase>
        <testcase name="SeededRng.choice - empty array throws ValidationError" classname="./test/errors/TypedErrorReplacements.ts" time="0.000" line="38" col="6">
        </testcase>
        <testcase name="UnseededRng.choice - empty array throws ValidationError" classname="./test/errors/TypedErrorReplacements.ts" time="0.000" line="47" col="6">
        </testcase>
    </testsuite>
    <testsuite name="./test/errors/ValidationError.ts" tests="14" disabled="0" errors="0" failures="0">
        <testcase name="ValidationError - OTHER reason" classname="./test/errors/ValidationError.ts" time="0.001" line="13" col="6">
        </testcase>
        <testcase name="ValidationError - NEURON_ORDER reason" classname="./test/errors/ValidationError.ts" time="0.000" line="21" col="6">
        </testcase>
        <testcase name="ValidationError - NO_OUTWARD_CONNECTIONS reason" classname="./test/errors/ValidationError.ts" time="0.000" line="30" col="6">
        </testcase>
        <testcase name="ValidationError - NO_INWARD_CONNECTIONS reason" classname="./test/errors/ValidationError.ts" time="0.000" line="39" col="6">
        </testcase>
        <testcase name="ValidationError - IF_CONDITIONS reason" classname="./test/errors/ValidationError.ts" time="0.000" line="48" col="6">
        </testcase>
        <testcase name="ValidationError - RECURSIVE_SYNAPSE reason" classname="./test/errors/ValidationError.ts" time="0.000" line="57" col="6">
        </testcase>
        <testcase name="ValidationError - SELF_CONNECTION reason" classname="./test/errors/ValidationError.ts" time="0.000" line="66" col="6">
        </testcase>
        <testcase name="ValidationError - DUPLICATE_SYNAPSE reason" classname="./test/errors/ValidationError.ts" time="0.000" line="75" col="6">
        </testcase>
        <testcase name="ValidationError - MEMETIC reason" classname="./test/errors/ValidationError.ts" time="0.000" line="84" col="6">
        </testcase>
        <testcase name="ValidationError - is instanceof Error" classname="./test/errors/ValidationError.ts" time="0.000" line="90" col="6">
        </testcase>
        <testcase name="ValidationError - can be caught selectively" classname="./test/errors/ValidationError.ts" time="0.000" line="96" col="6">
        </testcase>
        <testcase name="ValidationError - all reasons are valid" classname="./test/errors/ValidationError.ts" time="0.000" line="105" col="6">
        </testcase>
        <testcase name="ValidationError - distinguishable in catch block" classname="./test/errors/ValidationError.ts" time="0.000" line="125" col="6">
        </testcase>
        <testcase name="ValidationError - API aligned with TopologyError" classname="./test/errors/ValidationError.ts" time="0.000" line="139" col="6">
        </testcase>
    </testsuite>
    <testsuite name="./test/errors/WasmError.ts" tests="7" disabled="0" errors="0" failures="0">
        <testcase name="WasmError - COMPILATION_FAILED reason" classname="./test/errors/WasmError.ts" time="0.001" line="4" col="6">
        </testcase>
        <testcase name="WasmError - ACTIVATION_FAILED reason" classname="./test/errors/WasmError.ts" time="0.000" line="15" col="6">
        </testcase>
        <testcase name="WasmError - MODULE_NOT_LOADED reason" classname="./test/errors/WasmError.ts" time="0.000" line="24" col="6">
        </testcase>
        <testcase name="WasmError - is instanceof Error" classname="./test/errors/WasmError.ts" time="0.000" line="33" col="6">
        </testcase>
        <testcase name="WasmError - can be caught selectively" classname="./test/errors/WasmError.ts" time="0.000" line="39" col="6">
        </testcase>
        <testcase name="WasmError - reason is typed" classname="./test/errors/WasmError.ts" time="0.000" line="47" col="6">
        </testcase>
        <testcase name="WasmError - distinguishable from generic Error" classname="./test/errors/WasmError.ts" time="0.000" line="61" col="6">
        </testcase>
    </testsuite>
    <testsuite name="./test/feedForward/AddNeuronForwardOnly.ts" tests="1" disabled="0" errors="0" failures="0">
        <testcase name="Forward-only: AddNeuron does not introduce recurrent connections" classname="./test/feedForward/AddNeuronForwardOnly.ts" time="0.008" line="9" col="6">
        </testcase>
    </testsuite>
    <testsuite name="./test/feedForward/ForwardOnlyFlag.ts" tests="4" disabled="0" errors="0" failures="0">
        <testcase name="forwardOnly flag survives export/import" classname="./test/feedForward/ForwardOnlyFlag.ts" time="0.006" line="8" col="6">
        </testcase>
        <testcase name="Breeding forward-only repairs mother with legacy self-connection (#2139)" classname="./test/feedForward/ForwardOnlyFlag.ts" time="0.014" line="24" col="6">
        </testcase>
        <testcase name="Breeding inherits forwardOnly by default (when a parent is forward-only)" classname="./test/feedForward/ForwardOnlyFlag.ts" time="0.001" line="85" col="6">
        </testcase>
        <testcase name="Breeding with forwardOnly=false sets child forwardOnly=false when parents are not 4.x" classname="./test/feedForward/ForwardOnlyFlag.ts" time="0.001" line="129" col="6">
        </testcase>
    </testsuite>
    <testsuite name="./test/feedForward/ForwardOnlyHashCollision.ts" tests="1" disabled="0" errors="0" failures="0">
        <testcase name="Issue #2090 — loadFrom prefers UUID over colliding integer ID" classname="./test/feedForward/ForwardOnlyHashCollision.ts" time="0.038" line="48" col="6">
        </testcase>
    </testsuite>
    <testsuite name="./test/feedForward/ForwardOnlyLegacy.ts" tests="1" disabled="0" errors="0" failures="0">
        <testcase name="Forward-only: mutated creatures remove legacy self/back connections" classname="./test/feedForward/ForwardOnlyLegacy.ts" time="0.017" line="8" col="6">
        </testcase>
    </testsuite>
    <testsuite name="./test/feedForward/ForwardOnlyRepairAfterMutation.ts" tests="1" disabled="0" errors="0" failures="0">
        <testcase name="Forward-only: repairAfterMutation completes and creature validates when checked" classname="./test/feedForward/ForwardOnlyRepairAfterMutation.ts" time="0.016" line="12" col="6">
        </testcase>
    </testsuite>
    <testsuite name="./test/feedForward/ForwardOnlySemanticVersion.ts" tests="3" disabled="0" errors="0" failures="0">
        <testcase name="Forward-only: breeding produces a 4.x forward-only child" classname="./test/feedForward/ForwardOnlySemanticVersion.ts" time="0.019" line="10" col="6">
        </testcase>
        <testcase name="Forward-only: mutation preserves forwardOnly and semanticVersion" classname="./test/feedForward/ForwardOnlySemanticVersion.ts" time="0.009" line="57" col="6">
        </testcase>
        <testcase name="Forward-only: semanticVersion is never downgraded (e.g. 4.1.2 stays 4.1.2)" classname="./test/feedForward/ForwardOnlySemanticVersion.ts" time="0.001" line="85" col="6">
        </testcase>
    </testsuite>
    <testsuite name="./test/feedForward/ForwardOnlyViolationLogging.ts" tests="2" disabled="0" errors="0" failures="0">
        <testcase name="Forward-only: self-connection is repaired on mutate" classname="./test/feedForward/ForwardOnlyViolationLogging.ts" time="0.016" line="10" col="6">
        </testcase>
        <testcase name="FeedbackLoop enabled does not clear forwardOnly on mutate" classname="./test/feedForward/ForwardOnlyViolationLogging.ts" time="0.001" line="62" col="6">
        </testcase>
    </testsuite>
    <testsuite name="./test/feedForward/MakeRandomConnectionForwardOnly.ts" tests="1" disabled="0" errors="0" failures="0">
        <testcase name="Forward-only: makeRandomConnection() never creates recurrent connections" classname="./test/feedForward/MakeRandomConnectionForwardOnly.ts" time="0.004" line="10" col="6">
        </testcase>
    </testsuite>
    <testsuite name="./test/fix/DuplicateSynapses.ts" tests="3" disabled="0" errors="0" failures="0">
        <testcase name="fix(): throws DUPLICATE_SYNAPSE when duplicate (from,to) rows exist" classname="./test/fix/DuplicateSynapses.ts" time="0.005" line="37" col="6">
        </testcase>
        <testcase name="mergeDuplicateSynapses on export then fix() restores single row (legacy recovery)" classname="./test/fix/DuplicateSynapses.ts" time="0.008" line="49" col="6">
        </testcase>
        <testcase name="mergeDuplicateSynapses coalesces same (from,to) with different type before load" classname="./test/fix/DuplicateSynapses.ts" time="0.000" line="89" col="6">
        </testcase>
    </testsuite>
    <testsuite name="./test/fix/DuplicateSynapsesTagDedup.ts" tests="1" disabled="0" errors="0" failures="0">
        <testcase name="mergeDuplicateSynapses: de-duplicates tags by {name,value} on merged row" classname="./test/fix/DuplicateSynapsesTagDedup.ts" time="0.007" line="6" col="6">
        </testcase>
    </testsuite>
    <testsuite name="./test/fix/FixKeepsLastZeroWeightOutputSynapse.ts" tests="1" disabled="0" errors="0" failures="0">
        <testcase name="fix(): keeps the last zero-weight inbound synapse to an output (structure safety)" classname="./test/fix/FixKeepsLastZeroWeightOutputSynapse.ts" time="0.008" line="5" col="6">
        </testcase>
    </testsuite>
    <testsuite name="./test/fix/ForwardOnly.ts" tests="1" disabled="0" errors="0" failures="0">
        <testcase name="fix({ forwardOnly: true }) removes back + self connections and preserves semanticVersion" classname="./test/fix/ForwardOnly.ts" time="0.009" line="4" col="6">
        </testcase>
    </testsuite>
    <testsuite name="./test/fix/ForwardOnlyNoSelfLoops.ts" tests="1" disabled="0" errors="0" failures="0">
        <testcase name="fix({ forwardOnly:true }): never creates self-loops; removes neurons with no forward targets" classname="./test/fix/ForwardOnlyNoSelfLoops.ts" time="0.009" line="5" col="6">
        </testcase>
    </testsuite>
    <testsuite name="./test/fix/Grq24SlothNoInwardThenDuplicateRegression.ts" tests="1" disabled="0" errors="0" failures="0">
        <testcase name="GRQ-24-sloth: corrupt JSON is valid after fromJSON (load-time merge + orphan repair)" classname="./test/fix/Grq24SlothNoInwardThenDuplicateRegression.ts" time="0.008" line="15" col="6">
        </testcase>
    </testsuite>
    <testsuite name="./test/fix/Grq25SlothLoadPathRegression.ts" tests="1" disabled="0" errors="0" failures="0">
        <testcase name="GRQ-25-sloth: fromJSON(validate true) merges duplicate synapses and repairs NO_INWARD" classname="./test/fix/Grq25SlothLoadPathRegression.ts" time="0.008" line="12" col="6">
        </testcase>
    </testsuite>
    <testsuite name="./test/fix/IFDowngradeDuringFix.ts" tests="2" disabled="0" errors="0" failures="0">
        <testcase name="fix/IFDowngradeDuringFix - IF.fix should downgrade when 3rd inbound cannot be created" classname="./test/fix/IFDowngradeDuringFix.ts" time="0.005" line="5" col="6">
        </testcase>
        <testcase name="fix/IFDowngradeDuringFix - IF.fix downgrades non-output neurons to TANH in the same edge case" classname="./test/fix/IFDowngradeDuringFix.ts" time="0.000" line="35" col="6">
        </testcase>
    </testsuite>
    <testsuite name="./test/fix/IFTooFewInboundConnections.ts" tests="1" disabled="0" errors="0" failures="0">
        <testcase name="fix/IFTooFewInboundConnections - should downgrade IF rather than throwing" classname="./test/fix/IFTooFewInboundConnections.ts" time="0.008" line="5" col="6">
        </testcase>
    </testsuite>
    <testsuite name="./test/fix/MakeRandomConnectionNoSelfLoop.ts" tests="1" disabled="0" errors="0" failures="0">
        <testcase name="Creature.makeRandomConnection: never creates self-loops" classname="./test/fix/MakeRandomConnectionNoSelfLoop.ts" time="0.005" line="16" col="6">
        </testcase>
    </testsuite>
    <testsuite name="./test/fix/NeuronSelfLoopLastResort.ts" tests="1" disabled="0" errors="0" failures="0">
        <testcase name="Neuron.fix(): in recurrent mode, self-loop is only used as a last resort (no forward targets)" classname="./test/fix/NeuronSelfLoopLastResort.ts" time="0.007" line="5" col="6">
        </testcase>
    </testsuite>
    <testsuite name="./test/fix/ZeroWeights.ts" tests="1" disabled="0" errors="0" failures="0">
        <testcase name="Remove zero weights" classname="./test/fix/ZeroWeights.ts" time="0.008" line="43" col="6">
        </testcase>
    </testsuite>
    <testsuite name="./test/fixtures/SimpleCreatures.test.ts" tests="4" disabled="0" errors="0" failures="0">
        <testcase name="makeSimpleCreature returns a valid 2-input, 1-output creature" classname="./test/fixtures/SimpleCreatures.test.ts" time="0.006" line="14" col="6">
        </testcase>
        <testcase name="makeSimpleCreature returns distinct instances" classname="./test/fixtures/SimpleCreatures.test.ts" time="0.000" line="33" col="6">
        </testcase>
        <testcase name="makeBaseCreature returns a valid 2-input, 1-output creature with 3 synapses" classname="./test/fixtures/SimpleCreatures.test.ts" time="0.000" line="39" col="6">
        </testcase>
        <testcase name="makeForwardOnlyCreature returns a valid 1-input, 1-output forward-only creature" classname="./test/fixtures/SimpleCreatures.test.ts" time="0.000" line="58" col="6">
        </testcase>
    </testsuite>
    <testsuite name="./test/intelligentDesign/AlternativeSquashes.ts" tests="5" disabled="0" errors="0" failures="0">
        <testcase name="alternativeSquashes contains expected tier 1 functions" classname="./test/intelligentDesign/AlternativeSquashes.ts" time="0.000" line="8" col="6">
        </testcase>
        <testcase name="alternativeSquashes contains expected tier 2 functions" classname="./test/intelligentDesign/AlternativeSquashes.ts" time="0.000" line="19" col="6">
        </testcase>
        <testcase name="alternativeSquashes does not contain unstable functions" classname="./test/intelligentDesign/AlternativeSquashes.ts" time="0.000" line="37" col="6">
        </testcase>
        <testcase name="alternativeSquashes has no duplicates" classname="./test/intelligentDesign/AlternativeSquashes.ts" time="0.000" line="64" col="6">
        </testcase>
        <testcase name="alternativeSquashes is non-empty" classname="./test/intelligentDesign/AlternativeSquashes.ts" time="0.000" line="69" col="6">
        </testcase>
    </testsuite>
    <testsuite name="./test/intelligentDesign/Exports.ts" tests="2" disabled="0" errors="0" failures="0">
        <testcase name="mod.ts exports Intelligent Design symbols" classname="./test/intelligentDesign/Exports.ts" time="0.168" line="10" col="6">
        </testcase>
        <testcase name="src/intelligentDesign/mod.ts exports key utilities" classname="./test/intelligentDesign/Exports.ts" time="0.000" line="18" col="6">
        </testcase>
    </testsuite>
    <testsuite name="./test/intelligentDesign/CombineImprovementsWasm.ts" tests="2" disabled="0" errors="0" failures="0">
        <testcase name="Issue #1250: combineImprovements auto-initialises WASM and scores without error" classname="./test/intelligentDesign/CombineImprovementsWasm.ts" time="0.023" line="46" col="6">
        </testcase>
        <testcase name="Issue #1250: combineImprovements fallback path works with real WASM scoring" classname="./test/intelligentDesign/CombineImprovementsWasm.ts" time="0.003" line="125" col="6">
        </testcase>
    </testsuite>
    <testsuite name="./test/intelligentDesign/ImproveSquash.ts" tests="6" disabled="0" errors="0" failures="0">
        <testcase name="shuffle preserves all elements" classname="./test/intelligentDesign/ImproveSquash.ts" time="0.001" line="38" col="6">
        </testcase>
        <testcase name="shuffle returns the same array reference" classname="./test/intelligentDesign/ImproveSquash.ts" time="0.000" line="49" col="6">
        </testcase>
        <testcase name="shuffle handles empty array" classname="./test/intelligentDesign/ImproveSquash.ts" time="0.000" line="56" col="6">
        </testcase>
        <testcase name="shuffle handles single element" classname="./test/intelligentDesign/ImproveSquash.ts" time="0.000" line="62" col="6">
        </testcase>
        <testcase name="makeModifiedCreatureWithPrevious accepts UUID string and returns creature and previous squash" classname="./test/intelligentDesign/ImproveSquash.ts" time="0.003" line="68" col="6">
        </testcase>
        <testcase name="makeModifiedCreatureWithPrevious adds intelligentDesign tag" classname="./test/intelligentDesign/ImproveSquash.ts" time="0.000" line="92" col="6">
        </testcase>
    </testsuite>
    <testsuite name="./test/intelligentDesign/ImproveSquashAtomicWrites.ts" tests="1" disabled="0" errors="0" failures="0">
        <testcase name="scanForSquashImprovements uses injected safe writers (async + sync paths)" classname="./test/intelligentDesign/ImproveSquashAtomicWrites.ts" time="0.007" line="70" col="6">
        </testcase>
    </testsuite>
    <testsuite name="./test/intelligentDesign/ImproveSquashAlternativeMessage.ts" tests="1" disabled="0" errors="0" failures="0">
        <testcase name="scanForSquashImprovements: alternative improvement message reports targetSquash -&gt; altSquash" classname="./test/intelligentDesign/ImproveSquashAlternativeMessage.ts" time="0.009" line="36" col="6">
        </testcase>
    </testsuite>
    <testsuite name="./test/intelligentDesign/ImproveSquashCombine.ts" tests="4" disabled="0" errors="0" failures="0">
        <testcase name="combineImprovements returns original creature when no improvements exist" classname="./test/intelligentDesign/ImproveSquashCombine.ts" time="0.004" line="26" col="6">
        </testcase>
        <testcase name="combineImprovements returns the single improvement file contents" classname="./test/intelligentDesign/ImproveSquashCombine.ts" time="0.001" line="35" col="6">
        </testcase>
        <testcase name="combineImprovements returns combined creature when combined score beats best individual" classname="./test/intelligentDesign/ImproveSquashCombine.ts" time="0.006" line="67" col="6">
        </testcase>
        <testcase name="combineImprovements falls back to best individual when marriage fails" classname="./test/intelligentDesign/ImproveSquashCombine.ts" time="0.002" line="128" col="6">
        </testcase>
    </testsuite>
    <testsuite name="./test/intelligentDesign/ImproveSquashScan.ts" tests="3" disabled="0" errors="0" failures="0">
        <testcase name="scanForSquashImprovements records improvement then upgrades via alternative squash" classname="./test/intelligentDesign/ImproveSquashScan.ts" time="0.010" line="41" col="6">
        </testcase>
        <testcase name="scanForSquashImprovements terminates workers if a file write fails" classname="./test/intelligentDesign/ImproveSquashScan.ts" time="0.001" line="124" col="6">
        </testcase>
        <testcase name="scanForSquashImprovements reports timedOut when task remains pending past deadline" classname="./test/intelligentDesign/ImproveSquashScan.ts" time="0.011" line="168" col="6">
        </testcase>
    </testsuite>
    <testsuite name="./test/intelligentDesign/ImproveSquashWorkerErrors.ts" tests="1" disabled="0" errors="0" failures="0">
        <testcase name="scanForSquashImprovements surfaces worker errors and does not inflate tested count" classname="./test/intelligentDesign/ImproveSquashWorkerErrors.ts" time="0.009" line="38" col="6">
        </testcase>
    </testsuite>
    <testsuite name="./test/intelligentDesign/SafeWrite.ts" tests="6" disabled="0" errors="0" failures="0">
        <testcase name="safeWriteTextSync writes file atomically" classname="./test/intelligentDesign/SafeWrite.ts" time="0.002" line="26" col="6">
        </testcase>
        <testcase name="safeWriteJsonSync writes JSON file atomically" classname="./test/intelligentDesign/SafeWrite.ts" time="0.000" line="49" col="6">
        </testcase>
        <testcase name="safeWriteText writes file atomically (async)" classname="./test/intelligentDesign/SafeWrite.ts" time="0.000" line="68" col="6">
        </testcase>
        <testcase name="safeWriteJson writes JSON file atomically (async)" classname="./test/intelligentDesign/SafeWrite.ts" time="0.000" line="86" col="6">
        </testcase>
        <testcase name="safeWriteJsonSync creates nested directories" classname="./test/intelligentDesign/SafeWrite.ts" time="0.000" line="105" col="6">
        </testcase>
        <testcase name="safeWriteJsonSync overwrites existing file" classname="./test/intelligentDesign/SafeWrite.ts" time="0.000" line="124" col="6">
        </testcase>
    </testsuite>
    <testsuite name="./test/intelligentDesign/TacitKnowledge.ts" tests="6" disabled="0" errors="0" failures="0">
        <testcase name="getValidNeuronSquashes returns map keyed by UUID strings" classname="./test/intelligentDesign/TacitKnowledge.ts" time="0.004" line="51" col="6">
        </testcase>
        <testcase name="combineKnowledge merges with local taking precedence (UUID keys)" classname="./test/intelligentDesign/TacitKnowledge.ts" time="0.000" line="62" col="6">
        </testcase>
        <testcase name="cleanKnowledge removes entries for non-existent neurons (UUID keys)" classname="./test/intelligentDesign/TacitKnowledge.ts" time="0.000" line="80" col="6">
        </testcase>
        <testcase name="getNeuronsToTest returns neurons with different squash than knowledge (UUID keys)" classname="./test/intelligentDesign/TacitKnowledge.ts" time="0.001" line="113" col="6">
        </testcase>
        <testcase name="getNeuronsToTest returns empty when knowledge matches current squash (UUID keys)" classname="./test/intelligentDesign/TacitKnowledge.ts" time="0.000" line="129" col="6">
        </testcase>
        <testcase name="makeModifiedCreature accepts UUID string and changes neuron squash" classname="./test/intelligentDesign/TacitKnowledge.ts" time="0.000" line="144" col="6">
        </testcase>
    </testsuite>
    <testsuite name="./test/intelligentDesign/TacitKnowledgeApplyNeuronChanges.ts" tests="1" disabled="0" errors="0" failures="0">
        <testcase name="applyNeuronChanges uses UUID keys for neuron lookup" classname="./test/intelligentDesign/TacitKnowledgeApplyNeuronChanges.ts" time="0.009" line="15" col="6">
        </testcase>
    </testsuite>
    <testsuite name="./test/intelligentDesign/WorkerFailurePropagation.ts" tests="1" disabled="0" errors="0" failures="0">
        <testcase name="scanForSquashImprovements: does not hang when a worker never responds (final await is timeout-protected)" classname="./test/intelligentDesign/WorkerFailurePropagation.ts" time="0.156" line="15" col="6">
        </testcase>
    </testsuite>
    <testsuite name="./test/intelligentDesign/WorkerProcessor.ts" tests="4" disabled="0" errors="0" failures="0">
        <testcase name="WorkerProcessor.process returns score payload and tags exported creature" classname="./test/intelligentDesign/WorkerProcessor.ts" time="0.009" line="13" col="6">
        </testcase>
        <testcase name="WorkerProcessor.process throws on unknown message" classname="./test/intelligentDesign/WorkerProcessor.ts" time="0.001" line="62" col="6">
        </testcase>
        <testcase name="WorkerProcessor.process handles initialization request" classname="./test/intelligentDesign/WorkerProcessor.ts" time="0.000" line="72" col="6">
        </testcase>
        <testcase name="WorkerProcessor.process skips WASM init if already attempted" classname="./test/intelligentDesign/WorkerProcessor.ts" time="0.000" line="104" col="6">
        </testcase>
    </testsuite>
    <testsuite name="./test/intelligentDesign/WorkerTerminationOnError.ts" tests="1" disabled="0" errors="0" failures="0">
        <testcase name="scanForSquashImprovements: terminates workers when throttling surfaces a task rejection" classname="./test/intelligentDesign/WorkerTerminationOnError.ts" time="0.008" line="76" col="6">
        </testcase>
    </testsuite>
    <testsuite name="./test/lifecycle/ForwardOnlyApplyChangeLifecycle.ts" tests="8" disabled="0" errors="0" failures="0">
        <testcase name="Lifecycle apply: add-synapses preserves forward-only" classname="./test/lifecycle/ForwardOnlyApplyChangeLifecycle.ts" time="0.010" line="83" col="6">
        </testcase>
        <testcase name="Lifecycle apply: add-synapses filters backward-edge candidate hint" classname="./test/lifecycle/ForwardOnlyApplyChangeLifecycle.ts" time="0.003" line="106" col="6">
        </testcase>
        <testcase name="Lifecycle apply: add-neurons preserves forward-only" classname="./test/lifecycle/ForwardOnlyApplyChangeLifecycle.ts" time="0.001" line="140" col="6">
        </testcase>
        <testcase name="Lifecycle apply: change-squash preserves forward-only" classname="./test/lifecycle/ForwardOnlyApplyChangeLifecycle.ts" time="0.001" line="173" col="6">
        </testcase>
        <testcase name="Lifecycle apply: remove-synapse preserves forward-only" classname="./test/lifecycle/ForwardOnlyApplyChangeLifecycle.ts" time="0.001" line="208" col="6">
        </testcase>
        <testcase name="Lifecycle apply: remove-neuron preserves forward-only" classname="./test/lifecycle/ForwardOnlyApplyChangeLifecycle.ts" time="0.001" line="245" col="6">
        </testcase>
        <testcase name="Lifecycle apply: coordinated-structural preserves forward-only" classname="./test/lifecycle/ForwardOnlyApplyChangeLifecycle.ts" time="0.001" line="299" col="6">
        </testcase>
        <testcase name="Lifecycle apply: coordinated-structural filters back-edge addSynapse" classname="./test/lifecycle/ForwardOnlyApplyChangeLifecycle.ts" time="0.001" line="324" col="6">
        </testcase>
    </testsuite>
    <testsuite name="./test/methods/Selection.ts" tests="4" disabled="0" errors="0" failures="0">
        <testcase name="FITNESS_PROPORTIONATE has correct name" classname="./test/methods/Selection.ts" time="0.000" line="10" col="6">
        </testcase>
        <testcase name="POWER has correct name and default power" classname="./test/methods/Selection.ts" time="0.000" line="14" col="6">
        </testcase>
        <testcase name="TOURNAMENT has correct name and defaults" classname="./test/methods/Selection.ts" time="0.000" line="19" col="6">
        </testcase>
        <testcase name="Selection strategies have distinct names" classname="./test/methods/Selection.ts" time="0.000" line="25" col="6">
        </testcase>
    </testsuite>
    <testsuite name="./test/lifecycle/ForwardOnlyLifecycle.ts" tests="4" disabled="0" errors="0" failures="0">
        <testcase name="Forward-only lifecycle: mutations preserve topology" classname="./test/lifecycle/ForwardOnlyLifecycle.ts" time="0.062" line="51" col="6">
        </testcase>
        <testcase name="Forward-only lifecycle: breeding produces valid offspring" classname="./test/lifecycle/ForwardOnlyLifecycle.ts" time="0.075" line="89" col="6">
        </testcase>
        <testcase name="Forward-only lifecycle: serialisation round-trip preserves topology" classname="./test/lifecycle/ForwardOnlyLifecycle.ts" time="0.007" line="141" col="6">
        </testcase>
        <testcase name="Forward-only lifecycle: multi-generation evolution" classname="./test/lifecycle/ForwardOnlyLifecycle.ts" time="0.054" line="219" col="6">
        </testcase>
    </testsuite>
    <testsuite name="./test/methods/activations/ABSOLUTE.ts" tests="5" disabled="0" errors="0" failures="0">
        <testcase name="ABSOLUTE - creature activation matches JS squash" classname="./test/methods/activations/ABSOLUTE.ts" time="0.022" line="10" col="6">
        </testcase>
        <testcase name="ABSOLUTE - known values" classname="./test/methods/activations/ABSOLUTE.ts" time="0.000" line="39" col="6">
        </testcase>
        <testcase name="ABSOLUTE - output always &gt;= 0" classname="./test/methods/activations/ABSOLUTE.ts" time="0.000" line="47" col="6">
        </testcase>
        <testcase name="ABSOLUTE - edge cases" classname="./test/methods/activations/ABSOLUTE.ts" time="0.000" line="55" col="6">
        </testcase>
        <testcase name="ABSOLUTE - derivative" classname="./test/methods/activations/ABSOLUTE.ts" time="0.000" line="62" col="6">
        </testcase>
    </testsuite>
    <testsuite name="./test/methods/activations/ActivateBufferReuse.ts" tests="7" disabled="0" errors="0" failures="0">
        <testcase name="activate(): returns new array by default (backward compatibility)" classname="./test/methods/activations/ActivateBufferReuse.ts" time="0.005" line="21" col="6">
        </testcase>
        <testcase name="activateAndTrace(): returns new array by default" classname="./test/methods/activations/ActivateBufferReuse.ts" time="0.005" line="55" col="6">
        </testcase>
        <testcase name="activate(): outputs reflect new inputs (no aliasing)" classname="./test/methods/activations/ActivateBufferReuse.ts" time="0.000" line="90" col="6">
        </testcase>
        <testcase name="clearState(): does not break activation" classname="./test/methods/activations/ActivateBufferReuse.ts" time="0.000" line="128" col="6">
        </testcase>
        <testcase name="activate(): produces correct output for complex network" classname="./test/methods/activations/ActivateBufferReuse.ts" time="0.000" line="159" col="6">
        </testcase>
        <testcase name="activate(): caller can modify returned array" classname="./test/methods/activations/ActivateBufferReuse.ts" time="0.000" line="201" col="6">
        </testcase>
        <testcase name="activate(): works with 100+ outputs" classname="./test/methods/activations/ActivateBufferReuse.ts" time="0.002" line="238" col="6">
        </testcase>
    </testsuite>
    <testsuite name="./test/methods/activations/ActivationErrorIntegration.ts" tests="48" disabled="0" errors="0" failures="0">
        <testcase name="ReLU.derivative(NaN) throws ActivationError" classname="./test/methods/activations/ActivationErrorIntegration.ts" time="0.001" line="41" col="8">
        </testcase>
        <testcase name="ReLU.derivative(Infinity) throws ActivationError" classname="./test/methods/activations/ActivationErrorIntegration.ts" time="0.000" line="48" col="8">
        </testcase>
        <testcase name="ReLU.derivative(-Infinity) throws ActivationError" classname="./test/methods/activations/ActivationErrorIntegration.ts" time="0.000" line="55" col="8">
        </testcase>
        <testcase name="TANH.derivative(NaN) throws ActivationError" classname="./test/methods/activations/ActivationErrorIntegration.ts" time="0.000" line="41" col="8">
        </testcase>
        <testcase name="TANH.derivative(Infinity) throws ActivationError" classname="./test/methods/activations/ActivationErrorIntegration.ts" time="0.000" line="48" col="8">
        </testcase>
        <testcase name="TANH.derivative(-Infinity) throws ActivationError" classname="./test/methods/activations/ActivationErrorIntegration.ts" time="0.000" line="55" col="8">
        </testcase>
        <testcase name="Mish.derivative(NaN) throws ActivationError" classname="./test/methods/activations/ActivationErrorIntegration.ts" time="0.000" line="41" col="8">
        </testcase>
        <testcase name="Mish.derivative(Infinity) throws ActivationError" classname="./test/methods/activations/ActivationErrorIntegration.ts" time="0.000" line="48" col="8">
        </testcase>
        <testcase name="Mish.derivative(-Infinity) throws ActivationError" classname="./test/methods/activations/ActivationErrorIntegration.ts" time="0.000" line="55" col="8">
        </testcase>
        <testcase name="Softplus.derivative(NaN) throws ActivationError" classname="./test/methods/activations/ActivationErrorIntegration.ts" time="0.000" line="41" col="8">
        </testcase>
        <testcase name="Softplus.derivative(Infinity) throws ActivationError" classname="./test/methods/activations/ActivationErrorIntegration.ts" time="0.000" line="48" col="8">
        </testcase>
        <testcase name="Softplus.derivative(-Infinity) throws ActivationError" classname="./test/methods/activations/ActivationErrorIntegration.ts" time="0.000" line="55" col="8">
        </testcase>
        <testcase name="TAN.derivative(NaN) throws ActivationError" classname="./test/methods/activations/ActivationErrorIntegration.ts" time="0.000" line="41" col="8">
        </testcase>
        <testcase name="TAN.derivative(Infinity) throws ActivationError" classname="./test/methods/activations/ActivationErrorIntegration.ts" time="0.000" line="48" col="8">
        </testcase>
        <testcase name="TAN.derivative(-Infinity) throws ActivationError" classname="./test/methods/activations/ActivationErrorIntegration.ts" time="0.000" line="55" col="8">
        </testcase>
        <testcase name="LogSigmoid.derivative(NaN) throws ActivationError" classname="./test/methods/activations/ActivationErrorIntegration.ts" time="0.000" line="41" col="8">
        </testcase>
        <testcase name="LogSigmoid.derivative(Infinity) throws ActivationError" classname="./test/methods/activations/ActivationErrorIntegration.ts" time="0.000" line="48" col="8">
        </testcase>
        <testcase name="LogSigmoid.derivative(-Infinity) throws ActivationError" classname="./test/methods/activations/ActivationErrorIntegration.ts" time="0.000" line="55" col="8">
        </testcase>
        <testcase name="COMPLEMENT.derivative(NaN) throws ActivationError" classname="./test/methods/activations/ActivationErrorIntegration.ts" time="0.000" line="41" col="8">
        </testcase>
        <testcase name="COMPLEMENT.derivative(Infinity) throws ActivationError" classname="./test/methods/activations/ActivationErrorIntegration.ts" time="0.000" line="48" col="8">
        </testcase>
        <testcase name="COMPLEMENT.derivative(-Infinity) throws ActivationError" classname="./test/methods/activations/ActivationErrorIntegration.ts" time="0.000" line="55" col="8">
        </testcase>
        <testcase name="STEP.derivative(NaN) throws ActivationError" classname="./test/methods/activations/ActivationErrorIntegration.ts" time="0.000" line="41" col="8">
        </testcase>
        <testcase name="STEP.derivative(Infinity) throws ActivationError" classname="./test/methods/activations/ActivationErrorIntegration.ts" time="0.000" line="48" col="8">
        </testcase>
        <testcase name="STEP.derivative(-Infinity) throws ActivationError" classname="./test/methods/activations/ActivationErrorIntegration.ts" time="0.000" line="55" col="8">
        </testcase>
        <testcase name="SOFTSIGN.derivative(NaN) throws ActivationError" classname="./test/methods/activations/ActivationErrorIntegration.ts" time="0.000" line="41" col="8">
        </testcase>
        <testcase name="SOFTSIGN.derivative(Infinity) throws ActivationError" classname="./test/methods/activations/ActivationErrorIntegration.ts" time="0.000" line="48" col="8">
        </testcase>
        <testcase name="SOFTSIGN.derivative(-Infinity) throws ActivationError" classname="./test/methods/activations/ActivationErrorIntegration.ts" time="0.000" line="55" col="8">
        </testcase>
        <testcase name="ReLU6.derivative(NaN) throws ActivationError" classname="./test/methods/activations/ActivationErrorIntegration.ts" time="0.000" line="41" col="8">
        </testcase>
        <testcase name="ReLU6.derivative(Infinity) throws ActivationError" classname="./test/methods/activations/ActivationErrorIntegration.ts" time="0.000" line="48" col="8">
        </testcase>
        <testcase name="ReLU6.derivative(-Infinity) throws ActivationError" classname="./test/methods/activations/ActivationErrorIntegration.ts" time="0.000" line="55" col="8">
        </testcase>
        <testcase name="HARD_TANH.derivative(NaN) throws ActivationError" classname="./test/methods/activations/ActivationErrorIntegration.ts" time="0.000" line="41" col="8">
        </testcase>
        <testcase name="HARD_TANH.derivative(Infinity) throws ActivationError" classname="./test/methods/activations/ActivationErrorIntegration.ts" time="0.000" line="48" col="8">
        </testcase>
        <testcase name="HARD_TANH.derivative(-Infinity) throws ActivationError" classname="./test/methods/activations/ActivationErrorIntegration.ts" time="0.000" line="55" col="8">
        </testcase>
        <testcase name="LeakyReLU.derivative(NaN) throws ActivationError" classname="./test/methods/activations/ActivationErrorIntegration.ts" time="0.000" line="41" col="8">
        </testcase>
        <testcase name="LeakyReLU.derivative(Infinity) throws ActivationError" classname="./test/methods/activations/ActivationErrorIntegration.ts" time="0.000" line="48" col="8">
        </testcase>
        <testcase name="LeakyReLU.derivative(-Infinity) throws ActivationError" classname="./test/methods/activations/ActivationErrorIntegration.ts" time="0.000" line="55" col="8">
        </testcase>
        <testcase name="LOGISTIC.derivative(NaN) throws ActivationError" classname="./test/methods/activations/ActivationErrorIntegration.ts" time="0.000" line="41" col="8">
        </testcase>
        <testcase name="LOGISTIC.derivative(Infinity) throws ActivationError" classname="./test/methods/activations/ActivationErrorIntegration.ts" time="0.000" line="48" col="8">
        </testcase>
        <testcase name="LOGISTIC.derivative(-Infinity) throws ActivationError" classname="./test/methods/activations/ActivationErrorIntegration.ts" time="0.000" line="55" col="8">
        </testcase>
        <testcase name="SINE.derivative(NaN) throws ActivationError" classname="./test/methods/activations/ActivationErrorIntegration.ts" time="0.000" line="41" col="8">
        </testcase>
        <testcase name="SINE.derivative(Infinity) throws ActivationError" classname="./test/methods/activations/ActivationErrorIntegration.ts" time="0.000" line="48" col="8">
        </testcase>
        <testcase name="SINE.derivative(-Infinity) throws ActivationError" classname="./test/methods/activations/ActivationErrorIntegration.ts" time="0.000" line="55" col="8">
        </testcase>
        <testcase name="TAN.unSquash(NaN) throws ActivationError" classname="./test/methods/activations/ActivationErrorIntegration.ts" time="0.000" line="63" col="6">
        </testcase>
        <testcase name="TAN.unSquash(Infinity) throws ActivationError" classname="./test/methods/activations/ActivationErrorIntegration.ts" time="0.000" line="71" col="6">
        </testcase>
        <testcase name="Activations.find() with unknown name throws ActivationError" classname="./test/methods/activations/ActivationErrorIntegration.ts" time="0.000" line="79" col="6">
        </testcase>
        <testcase name="ActivationError from derivative has correct reason" classname="./test/methods/activations/ActivationErrorIntegration.ts" time="0.000" line="86" col="6">
        </testcase>
        <testcase name="ActivationError from Activations.find has UNKNOWN_ACTIVATION reason" classname="./test/methods/activations/ActivationErrorIntegration.ts" time="0.000" line="96" col="6">
        </testcase>
        <testcase name="ArcTan: derivative still works for finite inputs" classname="./test/methods/activations/ActivationErrorIntegration.ts" time="0.000" line="105" col="6">
        </testcase>
    </testsuite>
    <testsuite name="./test/methods/activations/ActivationNames.ts" tests="1" disabled="0" errors="0" failures="0">
        <testcase name="pickRandomSquash: never returns excluded squash type" classname="./test/methods/activations/ActivationNames.ts" time="0.006" line="4" col="6">
        </testcase>
    </testsuite>
    <testsuite name="./test/methods/activations/Activations.ts" tests="10" disabled="0" errors="0" failures="0">
        <testcase name="Activations.find returns known activation by name" classname="./test/methods/activations/Activations.ts" time="0.001" line="10" col="6">
        </testcase>
        <testcase name="Activations.find resolves alias RELU to ReLU" classname="./test/methods/activations/Activations.ts" time="0.000" line="15" col="6">
        </testcase>
        <testcase name="Activations.find resolves alias CLIPPED to HARD_TANH" classname="./test/methods/activations/Activations.ts" time="0.000" line="20" col="6">
        </testcase>
        <testcase name="Activations.find resolves alias INVERSE to COMPLEMENT" classname="./test/methods/activations/Activations.ts" time="0.000" line="25" col="6">
        </testcase>
        <testcase name="Activations.find resolves alias SINUSOID to SINE" classname="./test/methods/activations/Activations.ts" time="0.000" line="30" col="6">
        </testcase>
        <testcase name="Activations.list contains all standard activations" classname="./test/methods/activations/Activations.ts" time="0.001" line="35" col="6">
        </testcase>
        <testcase name="Activations.pickRandomSquash returns a valid activation name" classname="./test/methods/activations/Activations.ts" time="0.000" line="58" col="6">
        </testcase>
        <testcase name="Activations.pickRandomSquash with exclude omits that name" classname="./test/methods/activations/Activations.ts" time="0.000" line="65" col="6">
        </testcase>
        <testcase name="All activations have non-negative integer mutationProbability" classname="./test/methods/activations/Activations.ts" time="0.000" line="73" col="6">
        </testcase>
        <testcase name="All activations have a range with valid low and high bounds" classname="./test/methods/activations/Activations.ts" time="0.000" line="84" col="6">
        </testcase>
    </testsuite>
    <testsuite name="./test/methods/activations/ArcTan.ts" tests="5" disabled="0" errors="0" failures="0">
        <testcase name="ArcTan - creature activation matches JS squash" classname="./test/methods/activations/ArcTan.ts" time="0.035" line="10" col="6">
        </testcase>
        <testcase name="ArcTan - known values" classname="./test/methods/activations/ArcTan.ts" time="0.000" line="39" col="6">
        </testcase>
        <testcase name="ArcTan - output range (-pi/2, pi/2)" classname="./test/methods/activations/ArcTan.ts" time="0.000" line="46" col="6">
        </testcase>
        <testcase name="ArcTan - derivative" classname="./test/methods/activations/ArcTan.ts" time="0.000" line="59" col="6">
        </testcase>
        <testcase name="ArcTan - unSquash round-trip" classname="./test/methods/activations/ArcTan.ts" time="0.000" line="66" col="6">
        </testcase>
    </testsuite>
    <testsuite name="./test/methods/activations/BIPOLAR.ts" tests="5" disabled="0" errors="0" failures="0">
        <testcase name="BIPOLAR - creature activation matches JS squash" classname="./test/methods/activations/BIPOLAR.ts" time="0.037" line="10" col="6">
        </testcase>
        <testcase name="BIPOLAR - known values" classname="./test/methods/activations/BIPOLAR.ts" time="0.000" line="39" col="6">
        </testcase>
        <testcase name="BIPOLAR - output is only -1 or 1" classname="./test/methods/activations/BIPOLAR.ts" time="0.000" line="47" col="6">
        </testcase>
        <testcase name="BIPOLAR - edge case at zero" classname="./test/methods/activations/BIPOLAR.ts" time="0.000" line="56" col="6">
        </testcase>
        <testcase name="BIPOLAR - derivative is always 0" classname="./test/methods/activations/BIPOLAR.ts" time="0.000" line="62" col="6">
        </testcase>
    </testsuite>
    <testsuite name="./test/methods/activations/BENT_IDENTITY.ts" tests="5" disabled="0" errors="0" failures="0">
        <testcase name="BENT_IDENTITY - creature activation matches JS squash" classname="./test/methods/activations/BENT_IDENTITY.ts" time="0.035" line="10" col="6">
        </testcase>
        <testcase name="BENT_IDENTITY - known values" classname="./test/methods/activations/BENT_IDENTITY.ts" time="0.000" line="39" col="6">
        </testcase>
        <testcase name="BENT_IDENTITY - edge cases" classname="./test/methods/activations/BENT_IDENTITY.ts" time="0.000" line="51" col="6">
        </testcase>
        <testcase name="BENT_IDENTITY - derivative" classname="./test/methods/activations/BENT_IDENTITY.ts" time="0.000" line="61" col="6">
        </testcase>
        <testcase name="BENT_IDENTITY - unSquash round-trip" classname="./test/methods/activations/BENT_IDENTITY.ts" time="0.000" line="73" col="6">
        </testcase>
    </testsuite>
    <testsuite name="./test/methods/activations/BIPOLAR_SIGMOID.ts" tests="6" disabled="0" errors="0" failures="0">
        <testcase name="BIPOLAR_SIGMOID - creature activation matches JS squash" classname="./test/methods/activations/BIPOLAR_SIGMOID.ts" time="0.031" line="10" col="6">
        </testcase>
        <testcase name="BIPOLAR_SIGMOID - known values" classname="./test/methods/activations/BIPOLAR_SIGMOID.ts" time="0.000" line="39" col="6">
        </testcase>
        <testcase name="BIPOLAR_SIGMOID - output range [-1, 1]" classname="./test/methods/activations/BIPOLAR_SIGMOID.ts" time="0.000" line="51" col="6">
        </testcase>
        <testcase name="BIPOLAR_SIGMOID - edge cases" classname="./test/methods/activations/BIPOLAR_SIGMOID.ts" time="0.000" line="63" col="6">
        </testcase>
        <testcase name="BIPOLAR_SIGMOID - derivative" classname="./test/methods/activations/BIPOLAR_SIGMOID.ts" time="0.000" line="70" col="6">
        </testcase>
        <testcase name="BIPOLAR_SIGMOID - unSquash round-trip" classname="./test/methods/activations/BIPOLAR_SIGMOID.ts" time="0.000" line="79" col="6">
        </testcase>
    </testsuite>
    <testsuite name="./test/methods/activations/CalculateError.ts" tests="101" disabled="0" errors="0" failures="0">
        <testcase name="IDENTITY: calculateError returns 0 when target equals current" classname="./test/methods/activations/CalculateError.ts" time="0.001" line="70" col="8">
        </testcase>
        <testcase name="ReLU: calculateError returns 0 when target equals current" classname="./test/methods/activations/CalculateError.ts" time="0.000" line="70" col="8">
        </testcase>
        <testcase name="LOGISTIC: calculateError returns 0 when target equals current" classname="./test/methods/activations/CalculateError.ts" time="0.000" line="70" col="8">
        </testcase>
        <testcase name="TANH: calculateError returns 0 when target equals current" classname="./test/methods/activations/CalculateError.ts" time="0.000" line="70" col="8">
        </testcase>
        <testcase name="SELU: calculateError returns 0 when target equals current" classname="./test/methods/activations/CalculateError.ts" time="0.000" line="70" col="8">
        </testcase>
        <testcase name="ELU: calculateError returns 0 when target equals current" classname="./test/methods/activations/CalculateError.ts" time="0.000" line="70" col="8">
        </testcase>
        <testcase name="LeakyReLU: calculateError returns 0 when target equals current" classname="./test/methods/activations/CalculateError.ts" time="0.000" line="70" col="8">
        </testcase>
        <testcase name="ABSOLUTE: calculateError returns 0 when target equals current" classname="./test/methods/activations/CalculateError.ts" time="0.000" line="70" col="8">
        </testcase>
        <testcase name="GAUSSIAN: calculateError returns 0 when target equals current" classname="./test/methods/activations/CalculateError.ts" time="0.000" line="70" col="8">
        </testcase>
        <testcase name="STEP: calculateError returns 0 when target equals current" classname="./test/methods/activations/CalculateError.ts" time="0.000" line="70" col="8">
        </testcase>
        <testcase name="BIPOLAR: calculateError returns 0 when target equals current" classname="./test/methods/activations/CalculateError.ts" time="0.000" line="70" col="8">
        </testcase>
        <testcase name="COMPLEMENT: calculateError returns 0 when target equals current" classname="./test/methods/activations/CalculateError.ts" time="0.000" line="70" col="8">
        </testcase>
        <testcase name="Cosine: calculateError returns 0 when target equals current" classname="./test/methods/activations/CalculateError.ts" time="0.000" line="70" col="8">
        </testcase>
        <testcase name="SOFTSIGN: calculateError returns 0 when target equals current" classname="./test/methods/activations/CalculateError.ts" time="0.000" line="70" col="8">
        </testcase>
        <testcase name="Softplus: calculateError returns 0 when target equals current" classname="./test/methods/activations/CalculateError.ts" time="0.000" line="70" col="8">
        </testcase>
        <testcase name="ArcTan: calculateError returns 0 when target equals current" classname="./test/methods/activations/CalculateError.ts" time="0.000" line="70" col="8">
        </testcase>
        <testcase name="BENT_IDENTITY: calculateError returns 0 when target equals current" classname="./test/methods/activations/CalculateError.ts" time="0.000" line="70" col="8">
        </testcase>
        <testcase name="BIPOLAR_SIGMOID: calculateError returns 0 when target equals current" classname="./test/methods/activations/CalculateError.ts" time="0.000" line="70" col="8">
        </testcase>
        <testcase name="HARD_TANH: calculateError returns 0 when target equals current" classname="./test/methods/activations/CalculateError.ts" time="0.000" line="70" col="8">
        </testcase>
        <testcase name="SINE: calculateError returns 0 when target equals current" classname="./test/methods/activations/CalculateError.ts" time="0.000" line="70" col="8">
        </testcase>
        <testcase name="Mish: calculateError returns 0 when target equals current" classname="./test/methods/activations/CalculateError.ts" time="0.000" line="70" col="8">
        </testcase>
        <testcase name="Swish: calculateError returns 0 when target equals current" classname="./test/methods/activations/CalculateError.ts" time="0.000" line="70" col="8">
        </testcase>
        <testcase name="GELU: calculateError returns 0 when target equals current" classname="./test/methods/activations/CalculateError.ts" time="0.000" line="70" col="8">
        </testcase>
        <testcase name="ReLU6: calculateError returns 0 when target equals current" classname="./test/methods/activations/CalculateError.ts" time="0.000" line="70" col="8">
        </testcase>
        <testcase name="ISRU: calculateError returns 0 when target equals current" classname="./test/methods/activations/CalculateError.ts" time="0.000" line="70" col="8">
        </testcase>
        <testcase name="SQUARE: calculateError returns 0 when target equals current" classname="./test/methods/activations/CalculateError.ts" time="0.000" line="70" col="8">
        </testcase>
        <testcase name="SQRT: calculateError returns 0 when target equals current" classname="./test/methods/activations/CalculateError.ts" time="0.000" line="70" col="8">
        </testcase>
        <testcase name="Cube: calculateError returns 0 when target equals current" classname="./test/methods/activations/CalculateError.ts" time="0.000" line="70" col="8">
        </testcase>
        <testcase name="Exponential: calculateError returns 0 when target equals current" classname="./test/methods/activations/CalculateError.ts" time="0.000" line="70" col="8">
        </testcase>
        <testcase name="LogSigmoid: calculateError returns 0 when target equals current" classname="./test/methods/activations/CalculateError.ts" time="0.000" line="70" col="8">
        </testcase>
        <testcase name="StdInverse: calculateError returns 0 when target equals current" classname="./test/methods/activations/CalculateError.ts" time="0.000" line="70" col="8">
        </testcase>
        <testcase name="TAN: calculateError returns 0 when target equals current" classname="./test/methods/activations/CalculateError.ts" time="0.000" line="70" col="8">
        </testcase>
        <testcase name="IDENTITY: calculateError returns finite number" classname="./test/methods/activations/CalculateError.ts" time="0.000" line="81" col="8">
        </testcase>
        <testcase name="ReLU: calculateError returns finite number" classname="./test/methods/activations/CalculateError.ts" time="0.000" line="81" col="8">
        </testcase>
        <testcase name="LOGISTIC: calculateError returns finite number" classname="./test/methods/activations/CalculateError.ts" time="0.000" line="81" col="8">
        </testcase>
        <testcase name="TANH: calculateError returns finite number" classname="./test/methods/activations/CalculateError.ts" time="0.000" line="81" col="8">
        </testcase>
        <testcase name="SELU: calculateError returns finite number" classname="./test/methods/activations/CalculateError.ts" time="0.000" line="81" col="8">
        </testcase>
        <testcase name="ELU: calculateError returns finite number" classname="./test/methods/activations/CalculateError.ts" time="0.000" line="81" col="8">
        </testcase>
        <testcase name="LeakyReLU: calculateError returns finite number" classname="./test/methods/activations/CalculateError.ts" time="0.000" line="81" col="8">
        </testcase>
        <testcase name="ABSOLUTE: calculateError returns finite number" classname="./test/methods/activations/CalculateError.ts" time="0.000" line="81" col="8">
        </testcase>
        <testcase name="GAUSSIAN: calculateError returns finite number" classname="./test/methods/activations/CalculateError.ts" time="0.000" line="81" col="8">
        </testcase>
        <testcase name="STEP: calculateError returns finite number" classname="./test/methods/activations/CalculateError.ts" time="0.000" line="81" col="8">
        </testcase>
        <testcase name="BIPOLAR: calculateError returns finite number" classname="./test/methods/activations/CalculateError.ts" time="0.000" line="81" col="8">
        </testcase>
        <testcase name="COMPLEMENT: calculateError returns finite number" classname="./test/methods/activations/CalculateError.ts" time="0.000" line="81" col="8">
        </testcase>
        <testcase name="Cosine: calculateError returns finite number" classname="./test/methods/activations/CalculateError.ts" time="0.000" line="81" col="8">
        </testcase>
        <testcase name="SOFTSIGN: calculateError returns finite number" classname="./test/methods/activations/CalculateError.ts" time="0.000" line="81" col="8">
        </testcase>
        <testcase name="Softplus: calculateError returns finite number" classname="./test/methods/activations/CalculateError.ts" time="0.000" line="81" col="8">
        </testcase>
        <testcase name="ArcTan: calculateError returns finite number" classname="./test/methods/activations/CalculateError.ts" time="0.000" line="81" col="8">
        </testcase>
        <testcase name="BENT_IDENTITY: calculateError returns finite number" classname="./test/methods/activations/CalculateError.ts" time="0.000" line="81" col="8">
        </testcase>
        <testcase name="BIPOLAR_SIGMOID: calculateError returns finite number" classname="./test/methods/activations/CalculateError.ts" time="0.000" line="81" col="8">
        </testcase>
        <testcase name="HARD_TANH: calculateError returns finite number" classname="./test/methods/activations/CalculateError.ts" time="0.000" line="81" col="8">
        </testcase>
        <testcase name="SINE: calculateError returns finite number" classname="./test/methods/activations/CalculateError.ts" time="0.000" line="81" col="8">
        </testcase>
        <testcase name="Mish: calculateError returns finite number" classname="./test/methods/activations/CalculateError.ts" time="0.000" line="81" col="8">
        </testcase>
        <testcase name="Swish: calculateError returns finite number" classname="./test/methods/activations/CalculateError.ts" time="0.000" line="81" col="8">
        </testcase>
        <testcase name="GELU: calculateError returns finite number" classname="./test/methods/activations/CalculateError.ts" time="0.000" line="81" col="8">
        </testcase>
        <testcase name="ReLU6: calculateError returns finite number" classname="./test/methods/activations/CalculateError.ts" time="0.000" line="81" col="8">
        </testcase>
        <testcase name="ISRU: calculateError returns finite number" classname="./test/methods/activations/CalculateError.ts" time="0.000" line="81" col="8">
        </testcase>
        <testcase name="SQUARE: calculateError returns finite number" classname="./test/methods/activations/CalculateError.ts" time="0.000" line="81" col="8">
        </testcase>
        <testcase name="SQRT: calculateError returns finite number" classname="./test/methods/activations/CalculateError.ts" time="0.000" line="81" col="8">
        </testcase>
        <testcase name="Cube: calculateError returns finite number" classname="./test/methods/activations/CalculateError.ts" time="0.000" line="81" col="8">
        </testcase>
        <testcase name="Exponential: calculateError returns finite number" classname="./test/methods/activations/CalculateError.ts" time="0.000" line="81" col="8">
        </testcase>
        <testcase name="LogSigmoid: calculateError returns finite number" classname="./test/methods/activations/CalculateError.ts" time="0.000" line="81" col="8">
        </testcase>
        <testcase name="StdInverse: calculateError returns finite number" classname="./test/methods/activations/CalculateError.ts" time="0.000" line="81" col="8">
        </testcase>
        <testcase name="TAN: calculateError returns finite number" classname="./test/methods/activations/CalculateError.ts" time="0.000" line="81" col="8">
        </testcase>
        <testcase name="IDENTITY: calculateError direction is correct for positive delta" classname="./test/methods/activations/CalculateError.ts" time="0.000" line="96" col="8">
        </testcase>
        <testcase name="ReLU: calculateError direction is correct for positive delta" classname="./test/methods/activations/CalculateError.ts" time="0.000" line="96" col="8">
        </testcase>
        <testcase name="LOGISTIC: calculateError direction is correct for positive delta" classname="./test/methods/activations/CalculateError.ts" time="0.000" line="96" col="8">
        </testcase>
        <testcase name="TANH: calculateError direction is correct for positive delta" classname="./test/methods/activations/CalculateError.ts" time="0.000" line="96" col="8">
        </testcase>
        <testcase name="SELU: calculateError direction is correct for positive delta" classname="./test/methods/activations/CalculateError.ts" time="0.000" line="96" col="8">
        </testcase>
        <testcase name="ELU: calculateError direction is correct for positive delta" classname="./test/methods/activations/CalculateError.ts" time="0.000" line="96" col="8">
        </testcase>
        <testcase name="LeakyReLU: calculateError direction is correct for positive delta" classname="./test/methods/activations/CalculateError.ts" time="0.000" line="96" col="8">
        </testcase>
        <testcase name="ABSOLUTE: calculateError direction is correct for positive delta" classname="./test/methods/activations/CalculateError.ts" time="0.000" line="96" col="8">
        </testcase>
        <testcase name="GAUSSIAN: calculateError direction is correct for positive delta" classname="./test/methods/activations/CalculateError.ts" time="0.000" line="96" col="8">
        </testcase>
        <testcase name="STEP: calculateError direction is correct for positive delta" classname="./test/methods/activations/CalculateError.ts" time="0.000" line="96" col="8">
        </testcase>
        <testcase name="BIPOLAR: calculateError direction is correct for positive delta" classname="./test/methods/activations/CalculateError.ts" time="0.000" line="96" col="8">
        </testcase>
        <testcase name="COMPLEMENT: calculateError direction is correct for positive delta" classname="./test/methods/activations/CalculateError.ts" time="0.000" line="96" col="8">
        </testcase>
        <testcase name="Cosine: calculateError direction is correct for positive delta" classname="./test/methods/activations/CalculateError.ts" time="0.000" line="96" col="8">
        </testcase>
        <testcase name="SOFTSIGN: calculateError direction is correct for positive delta" classname="./test/methods/activations/CalculateError.ts" time="0.000" line="96" col="8">
        </testcase>
        <testcase name="Softplus: calculateError direction is correct for positive delta" classname="./test/methods/activations/CalculateError.ts" time="0.000" line="96" col="8">
        </testcase>
        <testcase name="ArcTan: calculateError direction is correct for positive delta" classname="./test/methods/activations/CalculateError.ts" time="0.000" line="96" col="8">
        </testcase>
        <testcase name="BENT_IDENTITY: calculateError direction is correct for positive delta" classname="./test/methods/activations/CalculateError.ts" time="0.000" line="96" col="8">
        </testcase>
        <testcase name="BIPOLAR_SIGMOID: calculateError direction is correct for positive delta" classname="./test/methods/activations/CalculateError.ts" time="0.000" line="96" col="8">
        </testcase>
        <testcase name="HARD_TANH: calculateError direction is correct for positive delta" classname="./test/methods/activations/CalculateError.ts" time="0.000" line="96" col="8">
        </testcase>
        <testcase name="SINE: calculateError direction is correct for positive delta" classname="./test/methods/activations/CalculateError.ts" time="0.000" line="96" col="8">
        </testcase>
        <testcase name="Mish: calculateError direction is correct for positive delta" classname="./test/methods/activations/CalculateError.ts" time="0.000" line="96" col="8">
        </testcase>
        <testcase name="Swish: calculateError direction is correct for positive delta" classname="./test/methods/activations/CalculateError.ts" time="0.000" line="96" col="8">
        </testcase>
        <testcase name="GELU: calculateError direction is correct for positive delta" classname="./test/methods/activations/CalculateError.ts" time="0.000" line="96" col="8">
        </testcase>
        <testcase name="ReLU6: calculateError direction is correct for positive delta" classname="./test/methods/activations/CalculateError.ts" time="0.000" line="96" col="8">
        </testcase>
        <testcase name="ISRU: calculateError direction is correct for positive delta" classname="./test/methods/activations/CalculateError.ts" time="0.000" line="96" col="8">
        </testcase>
        <testcase name="SQUARE: calculateError direction is correct for positive delta" classname="./test/methods/activations/CalculateError.ts" time="0.000" line="96" col="8">
        </testcase>
        <testcase name="SQRT: calculateError direction is correct for positive delta" classname="./test/methods/activations/CalculateError.ts" time="0.000" line="96" col="8">
        </testcase>
        <testcase name="Cube: calculateError direction is correct for positive delta" classname="./test/methods/activations/CalculateError.ts" time="0.000" line="96" col="8">
        </testcase>
        <testcase name="Exponential: calculateError direction is correct for positive delta" classname="./test/methods/activations/CalculateError.ts" time="0.000" line="96" col="8">
        </testcase>
        <testcase name="LogSigmoid: calculateError direction is correct for positive delta" classname="./test/methods/activations/CalculateError.ts" time="0.000" line="96" col="8">
        </testcase>
        <testcase name="StdInverse: calculateError direction is correct for positive delta" classname="./test/methods/activations/CalculateError.ts" time="0.000" line="96" col="8">
        </testcase>
        <testcase name="TAN: calculateError direction is correct for positive delta" classname="./test/methods/activations/CalculateError.ts" time="0.000" line="96" col="8">
        </testcase>
        <testcase name="LOGISTIC calculateError uses derivative for centre region" classname="./test/methods/activations/CalculateError.ts" time="0.000" line="117" col="6">
        </testcase>
        <testcase name="TANH calculateError uses derivative for centre region" classname="./test/methods/activations/CalculateError.ts" time="0.000" line="127" col="6">
        </testcase>
        <testcase name="IDENTITY calculateError reflects raw error" classname="./test/methods/activations/CalculateError.ts" time="0.000" line="137" col="6">
        </testcase>
        <testcase name="ReLU calculateError handles active region" classname="./test/methods/activations/CalculateError.ts" time="0.000" line="146" col="6">
        </testcase>
        <testcase name="ReLU calculateError handles dead region" classname="./test/methods/activations/CalculateError.ts" time="0.000" line="156" col="6">
        </testcase>
    </testsuite>
    <testsuite name="./test/methods/activations/COMPLEMENT.ts" tests="6" disabled="0" errors="0" failures="0">
        <testcase name="COMPLEMENT - creature activation matches JS squash" classname="./test/methods/activations/COMPLEMENT.ts" time="0.060" line="10" col="6">
        </testcase>
        <testcase name="COMPLEMENT - known values (1 - x)" classname="./test/methods/activations/COMPLEMENT.ts" time="0.000" line="45" col="6">
        </testcase>
        <testcase name="COMPLEMENT - involution property: complement(complement(x)) = x" classname="./test/methods/activations/COMPLEMENT.ts" time="0.000" line="54" col="6">
        </testcase>
        <testcase name="COMPLEMENT - edge cases" classname="./test/methods/activations/COMPLEMENT.ts" time="0.000" line="68" col="6">
        </testcase>
        <testcase name="COMPLEMENT - derivative is always -1" classname="./test/methods/activations/COMPLEMENT.ts" time="0.000" line="74" col="6">
        </testcase>
        <testcase name="COMPLEMENT - unSquash round-trip" classname="./test/methods/activations/COMPLEMENT.ts" time="0.000" line="81" col="6">
        </testcase>
    </testsuite>
    <testsuite name="./test/methods/activations/Clipped.ts" tests="1" disabled="0" errors="0" failures="0">
        <testcase name="CLIPPED" classname="./test/methods/activations/Clipped.ts" time="0.037" line="9" col="6">
        </testcase>
    </testsuite>
    <testsuite name="./test/methods/activations/Cosine.ts" tests="4" disabled="0" errors="0" failures="0">
        <testcase name="Cosine - creature activation matches JS squash" classname="./test/methods/activations/Cosine.ts" time="0.029" line="10" col="6">
        </testcase>
        <testcase name="Cosine - known values" classname="./test/methods/activations/Cosine.ts" time="0.000" line="39" col="6">
        </testcase>
        <testcase name="Cosine - output range [-1, 1]" classname="./test/methods/activations/Cosine.ts" time="0.000" line="46" col="6">
        </testcase>
        <testcase name="Cosine - derivative" classname="./test/methods/activations/Cosine.ts" time="0.000" line="55" col="6">
        </testcase>
    </testsuite>
    <testsuite name="./test/methods/activations/Cube.ts" tests="5" disabled="0" errors="0" failures="0">
        <testcase name="Cube - creature activation matches JS squash" classname="./test/methods/activations/Cube.ts" time="0.044" line="10" col="6">
        </testcase>
        <testcase name="Cube - known values" classname="./test/methods/activations/Cube.ts" time="0.000" line="39" col="6">
        </testcase>
        <testcase name="Cube - odd function: f(-x) = -f(x)" classname="./test/methods/activations/Cube.ts" time="0.000" line="47" col="6">
        </testcase>
        <testcase name="Cube - derivative" classname="./test/methods/activations/Cube.ts" time="0.000" line="60" col="6">
        </testcase>
        <testcase name="Cube - unSquash round-trip" classname="./test/methods/activations/Cube.ts" time="0.000" line="68" col="6">
        </testcase>
    </testsuite>
    <testsuite name="./test/methods/activations/EdgeCases.ts" tests="56" disabled="0" errors="0" failures="0">
        <testcase name="ArcTan: squash(0) = 0" classname="./test/methods/activations/EdgeCases.ts" time="0.000" line="19" col="6">
        </testcase>
        <testcase name="BENT_IDENTITY: squash(0) = 0" classname="./test/methods/activations/EdgeCases.ts" time="0.000" line="24" col="6">
        </testcase>
        <testcase name="COMPLEMENT: squash(0) = 1" classname="./test/methods/activations/EdgeCases.ts" time="0.000" line="30" col="6">
        </testcase>
        <testcase name="Cosine: squash(0) = 1" classname="./test/methods/activations/EdgeCases.ts" time="0.000" line="35" col="6">
        </testcase>
        <testcase name="Cube: squash(0) = 0" classname="./test/methods/activations/EdgeCases.ts" time="0.000" line="40" col="6">
        </testcase>
        <testcase name="ELU: squash(0) = 0" classname="./test/methods/activations/EdgeCases.ts" time="0.000" line="45" col="6">
        </testcase>
        <testcase name="Exponential: squash(0) = 1" classname="./test/methods/activations/EdgeCases.ts" time="0.000" line="50" col="6">
        </testcase>
        <testcase name="GAUSSIAN: squash(0) = 1" classname="./test/methods/activations/EdgeCases.ts" time="0.000" line="55" col="6">
        </testcase>
        <testcase name="HARD_TANH: squash(0) = 0" classname="./test/methods/activations/EdgeCases.ts" time="0.000" line="60" col="6">
        </testcase>
        <testcase name="IDENTITY: squash(0) = 0" classname="./test/methods/activations/EdgeCases.ts" time="0.000" line="65" col="6">
        </testcase>
        <testcase name="LOGISTIC: squash(0) = 0.5" classname="./test/methods/activations/EdgeCases.ts" time="0.000" line="70" col="6">
        </testcase>
        <testcase name="ReLU: squash(0) = 0" classname="./test/methods/activations/EdgeCases.ts" time="0.000" line="75" col="6">
        </testcase>
        <testcase name="ReLU6: squash(0) = 0" classname="./test/methods/activations/EdgeCases.ts" time="0.000" line="80" col="6">
        </testcase>
        <testcase name="SINE: squash(0) = 0" classname="./test/methods/activations/EdgeCases.ts" time="0.000" line="85" col="6">
        </testcase>
        <testcase name="TANH: squash(0) = 0" classname="./test/methods/activations/EdgeCases.ts" time="0.000" line="90" col="6">
        </testcase>
        <testcase name="STEP: squash(0) = 0" classname="./test/methods/activations/EdgeCases.ts" time="0.000" line="95" col="6">
        </testcase>
        <testcase name="BIPOLAR: squash(0) = -1" classname="./test/methods/activations/EdgeCases.ts" time="0.000" line="100" col="6">
        </testcase>
        <testcase name="ABSOLUTE: squash(0) = 0" classname="./test/methods/activations/EdgeCases.ts" time="0.000" line="105" col="6">
        </testcase>
        <testcase name="SQUARE: squash(0) = 0" classname="./test/methods/activations/EdgeCases.ts" time="0.000" line="110" col="6">
        </testcase>
        <testcase name="SQRT: squash(0) = 0" classname="./test/methods/activations/EdgeCases.ts" time="0.000" line="115" col="6">
        </testcase>
        <testcase name="Softplus: squash(0) ≈ ln(2)" classname="./test/methods/activations/EdgeCases.ts" time="0.000" line="120" col="6">
        </testcase>
        <testcase name="SOFTSIGN: squash(0) = 0" classname="./test/methods/activations/EdgeCases.ts" time="0.000" line="125" col="6">
        </testcase>
        <testcase name="Swish: squash(0) = 0" classname="./test/methods/activations/EdgeCases.ts" time="0.000" line="130" col="6">
        </testcase>
        <testcase name="GELU: squash(0) = 0" classname="./test/methods/activations/EdgeCases.ts" time="0.000" line="136" col="6">
        </testcase>
        <testcase name="Mish: squash(0) ≈ 0" classname="./test/methods/activations/EdgeCases.ts" time="0.000" line="141" col="6">
        </testcase>
        <testcase name="LeakyReLU: squash(0) = 0" classname="./test/methods/activations/EdgeCases.ts" time="0.000" line="147" col="6">
        </testcase>
        <testcase name="ISRU: squash(0) = 0" classname="./test/methods/activations/EdgeCases.ts" time="0.000" line="152" col="6">
        </testcase>
        <testcase name="SELU: squash(0) = 0" classname="./test/methods/activations/EdgeCases.ts" time="0.000" line="157" col="6">
        </testcase>
        <testcase name="StdInverse: squash(0) produces large magnitude (1/x near zero)" classname="./test/methods/activations/EdgeCases.ts" time="0.000" line="162" col="6">
        </testcase>
        <testcase name="TAN: squash(0) = 0" classname="./test/methods/activations/EdgeCases.ts" time="0.000" line="176" col="6">
        </testcase>
        <testcase name="BIPOLAR_SIGMOID: squash(0) = 0" classname="./test/methods/activations/EdgeCases.ts" time="0.000" line="181" col="6">
        </testcase>
        <testcase name="LogSigmoid: squash(0) = -ln(2)" classname="./test/methods/activations/EdgeCases.ts" time="0.000" line="189" col="6">
        </testcase>
        <testcase name="LOGISTIC: squash handles non-finite inputs gracefully" classname="./test/methods/activations/EdgeCases.ts" time="0.000" line="209" col="8">
        </testcase>
        <testcase name="ReLU: squash handles non-finite inputs gracefully" classname="./test/methods/activations/EdgeCases.ts" time="0.000" line="209" col="8">
        </testcase>
        <testcase name="ReLU6: squash handles non-finite inputs gracefully" classname="./test/methods/activations/EdgeCases.ts" time="0.000" line="209" col="8">
        </testcase>
        <testcase name="TANH: squash handles non-finite inputs gracefully" classname="./test/methods/activations/EdgeCases.ts" time="0.000" line="209" col="8">
        </testcase>
        <testcase name="STEP: squash handles non-finite inputs gracefully" classname="./test/methods/activations/EdgeCases.ts" time="0.000" line="209" col="8">
        </testcase>
        <testcase name="GAUSSIAN: squash handles non-finite inputs gracefully" classname="./test/methods/activations/EdgeCases.ts" time="0.000" line="209" col="8">
        </testcase>
        <testcase name="Exponential: squash handles non-finite inputs gracefully" classname="./test/methods/activations/EdgeCases.ts" time="0.000" line="209" col="8">
        </testcase>
        <testcase name="SQUARE: squash handles non-finite inputs gracefully" classname="./test/methods/activations/EdgeCases.ts" time="0.000" line="209" col="8">
        </testcase>
        <testcase name="LOGISTIC: squash(large) ≈ 1" classname="./test/methods/activations/EdgeCases.ts" time="0.000" line="224" col="6">
        </testcase>
        <testcase name="TANH: squash(large) ≈ 1" classname="./test/methods/activations/EdgeCases.ts" time="0.000" line="230" col="6">
        </testcase>
        <testcase name="ArcTan: squash(large) ≈ π/2" classname="./test/methods/activations/EdgeCases.ts" time="0.000" line="236" col="6">
        </testcase>
        <testcase name="ReLU: squash(large) = large" classname="./test/methods/activations/EdgeCases.ts" time="0.000" line="242" col="6">
        </testcase>
        <testcase name="HARD_TANH: squash(large) = 1" classname="./test/methods/activations/EdgeCases.ts" time="0.000" line="247" col="6">
        </testcase>
        <testcase name="GAUSSIAN: squash(large) ≈ 0" classname="./test/methods/activations/EdgeCases.ts" time="0.000" line="252" col="6">
        </testcase>
        <testcase name="LOGISTIC: squash(large_negative) ≈ 0" classname="./test/methods/activations/EdgeCases.ts" time="0.000" line="260" col="6">
        </testcase>
        <testcase name="TANH: squash(large_negative) ≈ -1" classname="./test/methods/activations/EdgeCases.ts" time="0.000" line="266" col="6">
        </testcase>
        <testcase name="ArcTan: squash(large_negative) ≈ -π/2" classname="./test/methods/activations/EdgeCases.ts" time="0.000" line="272" col="6">
        </testcase>
        <testcase name="ReLU: squash(negative) = 0" classname="./test/methods/activations/EdgeCases.ts" time="0.000" line="278" col="6">
        </testcase>
        <testcase name="HARD_TANH: squash(large_negative) = -1" classname="./test/methods/activations/EdgeCases.ts" time="0.000" line="283" col="6">
        </testcase>
        <testcase name="HARD_TANH: boundary at ±1" classname="./test/methods/activations/EdgeCases.ts" time="0.000" line="290" col="6">
        </testcase>
        <testcase name="ReLU6: boundary at 0 and 6" classname="./test/methods/activations/EdgeCases.ts" time="0.000" line="299" col="6">
        </testcase>
        <testcase name="BIPOLAR: boundary at 0" classname="./test/methods/activations/EdgeCases.ts" time="0.000" line="307" col="6">
        </testcase>
        <testcase name="STEP: boundary at 0" classname="./test/methods/activations/EdgeCases.ts" time="0.000" line="314" col="6">
        </testcase>
        <testcase name="SOFTSIGN: asymptotic approach to ±0.99 (clamped range)" classname="./test/methods/activations/EdgeCases.ts" time="0.000" line="321" col="6">
        </testcase>
    </testsuite>
    <testsuite name="./test/methods/activations/ELU.ts" tests="1" disabled="0" errors="0" failures="0">
        <testcase name="ELU" classname="./test/methods/activations/ELU.ts" time="0.067" line="10" col="6">
        </testcase>
    </testsuite>
    <testsuite name="./test/methods/activations/Exponential.ts" tests="6" disabled="0" errors="0" failures="0">
        <testcase name="Exponential - creature activation matches JS squash" classname="./test/methods/activations/Exponential.ts" time="0.032" line="10" col="6">
        </testcase>
        <testcase name="Exponential - known values" classname="./test/methods/activations/Exponential.ts" time="0.000" line="39" col="6">
        </testcase>
        <testcase name="Exponential - output always &gt; 0" classname="./test/methods/activations/Exponential.ts" time="0.000" line="50" col="6">
        </testcase>
        <testcase name="Exponential - large positive input is clamped" classname="./test/methods/activations/Exponential.ts" time="0.000" line="58" col="6">
        </testcase>
        <testcase name="Exponential - derivative" classname="./test/methods/activations/Exponential.ts" time="0.000" line="65" col="6">
        </testcase>
        <testcase name="Exponential - unSquash round-trip" classname="./test/methods/activations/Exponential.ts" time="0.000" line="72" col="6">
        </testcase>
    </testsuite>
    <testsuite name="./test/methods/activations/GAUSSIAN.ts" tests="5" disabled="0" errors="0" failures="0">
        <testcase name="GAUSSIAN - creature activation matches JS squash" classname="./test/methods/activations/GAUSSIAN.ts" time="0.045" line="10" col="6">
        </testcase>
        <testcase name="GAUSSIAN - known values" classname="./test/methods/activations/GAUSSIAN.ts" time="0.000" line="39" col="6">
        </testcase>
        <testcase name="GAUSSIAN - output range [0, 1]" classname="./test/methods/activations/GAUSSIAN.ts" time="0.000" line="49" col="6">
        </testcase>
        <testcase name="GAUSSIAN - large values approach 0" classname="./test/methods/activations/GAUSSIAN.ts" time="0.000" line="58" col="6">
        </testcase>
        <testcase name="GAUSSIAN - derivative" classname="./test/methods/activations/GAUSSIAN.ts" time="0.000" line="64" col="6">
        </testcase>
    </testsuite>
    <testsuite name="./test/methods/activations/GELU.ts" tests="6" disabled="0" errors="0" failures="0">
        <testcase name="GELU - creature activation matches JS squash" classname="./test/methods/activations/GELU.ts" time="0.051" line="10" col="6">
        </testcase>
        <testcase name="GELU - known values" classname="./test/methods/activations/GELU.ts" time="0.000" line="45" col="6">
        </testcase>
        <testcase name="GELU - output range lower bound" classname="./test/methods/activations/GELU.ts" time="0.000" line="55" col="6">
        </testcase>
        <testcase name="GELU - edge cases" classname="./test/methods/activations/GELU.ts" time="0.000" line="68" col="6">
        </testcase>
        <testcase name="GELU - derivative" classname="./test/methods/activations/GELU.ts" time="0.000" line="76" col="6">
        </testcase>
        <testcase name="GELU - unSquash round-trip for positive values" classname="./test/methods/activations/GELU.ts" time="0.000" line="87" col="6">
        </testcase>
    </testsuite>
    <testsuite name="./test/methods/activations/HARD_TANH.ts" tests="6" disabled="0" errors="0" failures="0">
        <testcase name="HARD_TANH - creature activation matches JS squash" classname="./test/methods/activations/HARD_TANH.ts" time="0.031" line="10" col="6">
        </testcase>
        <testcase name="HARD_TANH - known values" classname="./test/methods/activations/HARD_TANH.ts" time="0.000" line="39" col="6">
        </testcase>
        <testcase name="HARD_TANH - output range [-1, 1]" classname="./test/methods/activations/HARD_TANH.ts" time="0.000" line="48" col="6">
        </testcase>
        <testcase name="HARD_TANH - linear in [-1, 1]" classname="./test/methods/activations/HARD_TANH.ts" time="0.000" line="57" col="6">
        </testcase>
        <testcase name="HARD_TANH - derivative" classname="./test/methods/activations/HARD_TANH.ts" time="0.000" line="66" col="6">
        </testcase>
        <testcase name="HARD_TANH - unSquash round-trip" classname="./test/methods/activations/HARD_TANH.ts" time="0.000" line="75" col="6">
        </testcase>
    </testsuite>
    <testsuite name="./test/methods/activations/Hypot.ts" tests="1" disabled="0" errors="0" failures="0">
        <testcase name="Hypot" classname="./test/methods/activations/Hypot.ts" time="0.034" line="9" col="6">
        </testcase>
    </testsuite>
    <testsuite name="./test/methods/activations/IDENTITY.ts" tests="5" disabled="0" errors="0" failures="0">
        <testcase name="IDENTITY - creature activation matches JS squash" classname="./test/methods/activations/IDENTITY.ts" time="0.039" line="10" col="6">
        </testcase>
        <testcase name="IDENTITY - known values (pass-through)" classname="./test/methods/activations/IDENTITY.ts" time="0.000" line="45" col="6">
        </testcase>
        <testcase name="IDENTITY - edge cases" classname="./test/methods/activations/IDENTITY.ts" time="0.000" line="54" col="6">
        </testcase>
        <testcase name="IDENTITY - derivative is always 1" classname="./test/methods/activations/IDENTITY.ts" time="0.000" line="59" col="6">
        </testcase>
        <testcase name="IDENTITY - unSquash round-trip" classname="./test/methods/activations/IDENTITY.ts" time="0.000" line="66" col="6">
        </testcase>
    </testsuite>
    <testsuite name="./test/methods/activations/IF.ts" tests="4" disabled="0" errors="0" failures="0">
        <testcase name="IF - positive condition selects positive branch" classname="./test/methods/activations/IF.ts" time="0.009" line="9" col="6">
        </testcase>
        <testcase name="IF - negative condition selects negative branch" classname="./test/methods/activations/IF.ts" time="0.000" line="37" col="6">
        </testcase>
        <testcase name="IF - repeated calls return consistent results" classname="./test/methods/activations/IF.ts" time="0.007" line="65" col="6">
        </testcase>
        <testcase name="IF - condition at zero selects negative branch" classname="./test/methods/activations/IF.ts" time="0.001" line="101" col="6">
        </testcase>
    </testsuite>
    <testsuite name="./test/methods/activations/LOGISTIC.ts" tests="6" disabled="0" errors="0" failures="0">
        <testcase name="LOGISTIC - creature activation matches JS squash" classname="./test/methods/activations/LOGISTIC.ts" time="0.049" line="10" col="6">
        </testcase>
        <testcase name="LOGISTIC - known values" classname="./test/methods/activations/LOGISTIC.ts" time="0.000" line="45" col="6">
        </testcase>
        <testcase name="LOGISTIC - output range [0, 1]" classname="./test/methods/activations/LOGISTIC.ts" time="0.000" line="57" col="6">
        </testcase>
        <testcase name="LOGISTIC - edge cases" classname="./test/methods/activations/LOGISTIC.ts" time="0.000" line="66" col="6">
        </testcase>
        <testcase name="LOGISTIC - derivative" classname="./test/methods/activations/LOGISTIC.ts" time="0.000" line="75" col="6">
        </testcase>
        <testcase name="LOGISTIC - unSquash round-trip" classname="./test/methods/activations/LOGISTIC.ts" time="0.000" line="84" col="6">
        </testcase>
    </testsuite>
    <testsuite name="./test/methods/activations/ISRU.ts" tests="6" disabled="0" errors="0" failures="0">
        <testcase name="ISRU - creature activation matches JS squash" classname="./test/methods/activations/ISRU.ts" time="0.048" line="10" col="6">
        </testcase>
        <testcase name="ISRU - known values" classname="./test/methods/activations/ISRU.ts" time="0.000" line="39" col="6">
        </testcase>
        <testcase name="ISRU - output range [-1, 1]" classname="./test/methods/activations/ISRU.ts" time="0.000" line="49" col="6">
        </testcase>
        <testcase name="ISRU - edge cases" classname="./test/methods/activations/ISRU.ts" time="0.000" line="58" col="6">
        </testcase>
        <testcase name="ISRU - derivative" classname="./test/methods/activations/ISRU.ts" time="0.000" line="66" col="6">
        </testcase>
        <testcase name="ISRU - unSquash round-trip" classname="./test/methods/activations/ISRU.ts" time="0.000" line="75" col="6">
        </testcase>
    </testsuite>
    <testsuite name="./test/methods/activations/LogSigmoid.ts" tests="6" disabled="0" errors="0" failures="0">
        <testcase name="LogSigmoid - creature activation matches JS squash" classname="./test/methods/activations/LogSigmoid.ts" time="0.045" line="10" col="6">
        </testcase>
        <testcase name="LogSigmoid - known values" classname="./test/methods/activations/LogSigmoid.ts" time="0.000" line="39" col="6">
        </testcase>
        <testcase name="LogSigmoid - output always &lt;= 0" classname="./test/methods/activations/LogSigmoid.ts" time="0.000" line="49" col="6">
        </testcase>
        <testcase name="LogSigmoid - monotonically increasing" classname="./test/methods/activations/LogSigmoid.ts" time="0.000" line="57" col="6">
        </testcase>
        <testcase name="LogSigmoid - derivative" classname="./test/methods/activations/LogSigmoid.ts" time="0.000" line="68" col="6">
        </testcase>
        <testcase name="LogSigmoid - unSquash round-trip" classname="./test/methods/activations/LogSigmoid.ts" time="0.000" line="77" col="6">
        </testcase>
    </testsuite>
    <testsuite name="./test/methods/activations/LeakyReLU.ts" tests="1" disabled="0" errors="0" failures="0">
        <testcase name="Leaky ReLU:" classname="./test/methods/activations/LeakyReLU.ts" time="0.062" line="9" col="6">
        </testcase>
    </testsuite>
    <testsuite name="./test/methods/activations/Maximum.ts" tests="2" disabled="0" errors="0" failures="0">
        <testcase name="Maximum" classname="./test/methods/activations/Maximum.ts" time="0.065" line="9" col="6">
        </testcase>
        <testcase name="Maximum-fix" classname="./test/methods/activations/Maximum.ts" time="0.002" line="52" col="6">
        </testcase>
    </testsuite>
    <testsuite name="./test/methods/activations/Mean.ts" tests="1" disabled="0" errors="0" failures="0">
        <testcase name="Mean" classname="./test/methods/activations/Mean.ts" time="0.045" line="12" col="6">
        </testcase>
    </testsuite>
    <testsuite name="./test/methods/activations/Minimum.ts" tests="3" disabled="0" errors="0" failures="0">
        <testcase name="Minimum - selects smallest input" classname="./test/methods/activations/Minimum.ts" time="0.045" line="9" col="6">
        </testcase>
        <testcase name="Minimum - known values" classname="./test/methods/activations/Minimum.ts" time="0.001" line="51" col="6">
        </testcase>
        <testcase name="Minimum - all equal inputs" classname="./test/methods/activations/Minimum.ts" time="0.001" line="78" col="6">
        </testcase>
    </testsuite>
    <testsuite name="./test/methods/activations/Mish.ts" tests="1" disabled="0" errors="0" failures="0">
        <testcase name="Mish" classname="./test/methods/activations/Mish.ts" time="0.039" line="10" col="6">
        </testcase>
    </testsuite>
    <testsuite name="./test/methods/activations/Monotonicity.ts" tests="27" disabled="0" errors="0" failures="0">
        <testcase name="ArcTan: monotonically non-decreasing" classname="./test/methods/activations/Monotonicity.ts" time="0.001" line="50" col="8">
        </testcase>
        <testcase name="BENT_IDENTITY: monotonically non-decreasing" classname="./test/methods/activations/Monotonicity.ts" time="0.000" line="50" col="8">
        </testcase>
        <testcase name="ELU: monotonically non-decreasing" classname="./test/methods/activations/Monotonicity.ts" time="0.000" line="50" col="8">
        </testcase>
        <testcase name="Exponential: monotonically non-decreasing" classname="./test/methods/activations/Monotonicity.ts" time="0.000" line="50" col="8">
        </testcase>
        <testcase name="HARD_TANH: monotonically non-decreasing" classname="./test/methods/activations/Monotonicity.ts" time="0.000" line="50" col="8">
        </testcase>
        <testcase name="IDENTITY: monotonically non-decreasing" classname="./test/methods/activations/Monotonicity.ts" time="0.000" line="50" col="8">
        </testcase>
        <testcase name="ISRU: monotonically non-decreasing" classname="./test/methods/activations/Monotonicity.ts" time="0.000" line="50" col="8">
        </testcase>
        <testcase name="LeakyReLU: monotonically non-decreasing" classname="./test/methods/activations/Monotonicity.ts" time="0.000" line="50" col="8">
        </testcase>
        <testcase name="LOGISTIC: monotonically non-decreasing" classname="./test/methods/activations/Monotonicity.ts" time="0.000" line="50" col="8">
        </testcase>
        <testcase name="LogSigmoid: monotonically non-decreasing" classname="./test/methods/activations/Monotonicity.ts" time="0.000" line="50" col="8">
        </testcase>
        <testcase name="ReLU: monotonically non-decreasing" classname="./test/methods/activations/Monotonicity.ts" time="0.000" line="50" col="8">
        </testcase>
        <testcase name="ReLU6: monotonically non-decreasing" classname="./test/methods/activations/Monotonicity.ts" time="0.000" line="50" col="8">
        </testcase>
        <testcase name="SELU: monotonically non-decreasing" classname="./test/methods/activations/Monotonicity.ts" time="0.000" line="50" col="8">
        </testcase>
        <testcase name="Softplus: monotonically non-decreasing" classname="./test/methods/activations/Monotonicity.ts" time="0.000" line="50" col="8">
        </testcase>
        <testcase name="SOFTSIGN: monotonically non-decreasing" classname="./test/methods/activations/Monotonicity.ts" time="0.000" line="50" col="8">
        </testcase>
        <testcase name="SQRT: monotonically non-decreasing" classname="./test/methods/activations/Monotonicity.ts" time="0.000" line="50" col="8">
        </testcase>
        <testcase name="TANH: monotonically non-decreasing" classname="./test/methods/activations/Monotonicity.ts" time="0.000" line="50" col="8">
        </testcase>
        <testcase name="BIPOLAR_SIGMOID: monotonically non-decreasing" classname="./test/methods/activations/Monotonicity.ts" time="0.000" line="50" col="8">
        </testcase>
        <testcase name="GAUSSIAN: non-monotonic — peaks at x=0" classname="./test/methods/activations/Monotonicity.ts" time="0.000" line="69" col="6">
        </testcase>
        <testcase name="Cosine: non-monotonic — oscillates" classname="./test/methods/activations/Monotonicity.ts" time="0.000" line="83" col="6">
        </testcase>
        <testcase name="SINE: non-monotonic — oscillates" classname="./test/methods/activations/Monotonicity.ts" time="0.000" line="94" col="6">
        </testcase>
        <testcase name="COMPLEMENT: monotonically decreasing" classname="./test/methods/activations/Monotonicity.ts" time="0.000" line="106" col="6">
        </testcase>
        <testcase name="BIPOLAR: non-decreasing step function" classname="./test/methods/activations/Monotonicity.ts" time="0.000" line="125" col="6">
        </testcase>
        <testcase name="STEP: non-decreasing step function" classname="./test/methods/activations/Monotonicity.ts" time="0.000" line="139" col="6">
        </testcase>
        <testcase name="ABSOLUTE: non-monotonic — V-shaped" classname="./test/methods/activations/Monotonicity.ts" time="0.000" line="151" col="6">
        </testcase>
        <testcase name="SQUARE: non-monotonic — U-shaped" classname="./test/methods/activations/Monotonicity.ts" time="0.000" line="165" col="6">
        </testcase>
        <testcase name="StdInverse: monotonically decreasing for positive x" classname="./test/methods/activations/Monotonicity.ts" time="0.000" line="179" col="6">
        </testcase>
    </testsuite>
    <testsuite name="./test/methods/activations/RangeBounds.ts" tests="44" disabled="0" errors="0" failures="0">
        <testcase name="ABSOLUTE: squash output within declared range" classname="./test/methods/activations/RangeBounds.ts" time="0.000" line="76" col="8">
        </testcase>
        <testcase name="ArcTan: squash output within declared range" classname="./test/methods/activations/RangeBounds.ts" time="0.000" line="76" col="8">
        </testcase>
        <testcase name="BENT_IDENTITY: squash output within declared range" classname="./test/methods/activations/RangeBounds.ts" time="0.000" line="76" col="8">
        </testcase>
        <testcase name="BIPOLAR: squash output within declared range" classname="./test/methods/activations/RangeBounds.ts" time="0.000" line="76" col="8">
        </testcase>
        <testcase name="BIPOLAR_SIGMOID: squash output within declared range" classname="./test/methods/activations/RangeBounds.ts" time="0.000" line="76" col="8">
        </testcase>
        <testcase name="COMPLEMENT: squash output within declared range" classname="./test/methods/activations/RangeBounds.ts" time="0.000" line="76" col="8">
        </testcase>
        <testcase name="Cosine: squash output within declared range" classname="./test/methods/activations/RangeBounds.ts" time="0.000" line="76" col="8">
        </testcase>
        <testcase name="Cube: squash output within declared range" classname="./test/methods/activations/RangeBounds.ts" time="0.000" line="76" col="8">
        </testcase>
        <testcase name="ELU: squash output within declared range" classname="./test/methods/activations/RangeBounds.ts" time="0.000" line="76" col="8">
        </testcase>
        <testcase name="Exponential: squash output within declared range" classname="./test/methods/activations/RangeBounds.ts" time="0.000" line="76" col="8">
        </testcase>
        <testcase name="GAUSSIAN: squash output within declared range" classname="./test/methods/activations/RangeBounds.ts" time="0.000" line="76" col="8">
        </testcase>
        <testcase name="GELU: squash output within declared range" classname="./test/methods/activations/RangeBounds.ts" time="0.000" line="76" col="8">
        </testcase>
        <testcase name="HARD_TANH: squash output within declared range" classname="./test/methods/activations/RangeBounds.ts" time="0.000" line="76" col="8">
        </testcase>
        <testcase name="IDENTITY: squash output within declared range" classname="./test/methods/activations/RangeBounds.ts" time="0.000" line="76" col="8">
        </testcase>
        <testcase name="ISRU: squash output within declared range" classname="./test/methods/activations/RangeBounds.ts" time="0.000" line="76" col="8">
        </testcase>
        <testcase name="LeakyReLU: squash output within declared range" classname="./test/methods/activations/RangeBounds.ts" time="0.000" line="76" col="8">
        </testcase>
        <testcase name="LOGISTIC: squash output within declared range" classname="./test/methods/activations/RangeBounds.ts" time="0.000" line="76" col="8">
        </testcase>
        <testcase name="LogSigmoid: squash output within declared range" classname="./test/methods/activations/RangeBounds.ts" time="0.000" line="76" col="8">
        </testcase>
        <testcase name="Mish: squash output within declared range" classname="./test/methods/activations/RangeBounds.ts" time="0.000" line="76" col="8">
        </testcase>
        <testcase name="ReLU: squash output within declared range" classname="./test/methods/activations/RangeBounds.ts" time="0.000" line="76" col="8">
        </testcase>
        <testcase name="ReLU6: squash output within declared range" classname="./test/methods/activations/RangeBounds.ts" time="0.000" line="76" col="8">
        </testcase>
        <testcase name="SELU: squash output within declared range" classname="./test/methods/activations/RangeBounds.ts" time="0.000" line="76" col="8">
        </testcase>
        <testcase name="SINE: squash output within declared range" classname="./test/methods/activations/RangeBounds.ts" time="0.000" line="76" col="8">
        </testcase>
        <testcase name="Softplus: squash output within declared range" classname="./test/methods/activations/RangeBounds.ts" time="0.000" line="76" col="8">
        </testcase>
        <testcase name="SOFTSIGN: squash output within declared range" classname="./test/methods/activations/RangeBounds.ts" time="0.000" line="76" col="8">
        </testcase>
        <testcase name="SQRT: squash output within declared range" classname="./test/methods/activations/RangeBounds.ts" time="0.000" line="76" col="8">
        </testcase>
        <testcase name="SQUARE: squash output within declared range" classname="./test/methods/activations/RangeBounds.ts" time="0.000" line="76" col="8">
        </testcase>
        <testcase name="StdInverse: squash output within declared range" classname="./test/methods/activations/RangeBounds.ts" time="0.000" line="76" col="8">
        </testcase>
        <testcase name="STEP: squash output within declared range" classname="./test/methods/activations/RangeBounds.ts" time="0.000" line="76" col="8">
        </testcase>
        <testcase name="Swish: squash output within declared range" classname="./test/methods/activations/RangeBounds.ts" time="0.000" line="76" col="8">
        </testcase>
        <testcase name="TAN: squash output within declared range" classname="./test/methods/activations/RangeBounds.ts" time="0.000" line="76" col="8">
        </testcase>
        <testcase name="TANH: squash output within declared range" classname="./test/methods/activations/RangeBounds.ts" time="0.000" line="76" col="8">
        </testcase>
        <testcase name="LOGISTIC: range is (0, 1)" classname="./test/methods/activations/RangeBounds.ts" time="0.000" line="103" col="6">
        </testcase>
        <testcase name="TANH: range is (-1, 1)" classname="./test/methods/activations/RangeBounds.ts" time="0.000" line="109" col="6">
        </testcase>
        <testcase name="ReLU: range is (0, MAX_SAFE_INTEGER)" classname="./test/methods/activations/RangeBounds.ts" time="0.000" line="115" col="6">
        </testcase>
        <testcase name="ReLU6: range is (0, 6)" classname="./test/methods/activations/RangeBounds.ts" time="0.000" line="121" col="6">
        </testcase>
        <testcase name="HARD_TANH: range is (-1, 1)" classname="./test/methods/activations/RangeBounds.ts" time="0.000" line="127" col="6">
        </testcase>
        <testcase name="ArcTan: range is (-π/2, π/2)" classname="./test/methods/activations/RangeBounds.ts" time="0.000" line="133" col="6">
        </testcase>
        <testcase name="GAUSSIAN: range is (0, 1)" classname="./test/methods/activations/RangeBounds.ts" time="0.000" line="139" col="6">
        </testcase>
        <testcase name="SINE: range is (-1, 1)" classname="./test/methods/activations/RangeBounds.ts" time="0.000" line="145" col="6">
        </testcase>
        <testcase name="Cosine: range is (-1, 1)" classname="./test/methods/activations/RangeBounds.ts" time="0.000" line="151" col="6">
        </testcase>
        <testcase name="BIPOLAR: range is (-1, 1)" classname="./test/methods/activations/RangeBounds.ts" time="0.000" line="157" col="6">
        </testcase>
        <testcase name="STEP: range is (0, 1)" classname="./test/methods/activations/RangeBounds.ts" time="0.000" line="163" col="6">
        </testcase>
        <testcase name="Exponential: range is (0, MAX_SAFE_INTEGER)" classname="./test/methods/activations/RangeBounds.ts" time="0.000" line="169" col="6">
        </testcase>
    </testsuite>
    <testsuite name="./test/methods/activations/ReLU.ts" tests="6" disabled="0" errors="0" failures="0">
        <testcase name="ReLU - creature activation matches JS squash" classname="./test/methods/activations/ReLU.ts" time="0.058" line="10" col="6">
        </testcase>
        <testcase name="ReLU - known values" classname="./test/methods/activations/ReLU.ts" time="0.000" line="45" col="6">
        </testcase>
        <testcase name="ReLU - output range always &gt;= 0" classname="./test/methods/activations/ReLU.ts" time="0.000" line="54" col="6">
        </testcase>
        <testcase name="ReLU - edge cases" classname="./test/methods/activations/ReLU.ts" time="0.000" line="62" col="6">
        </testcase>
        <testcase name="ReLU - derivative" classname="./test/methods/activations/ReLU.ts" time="0.000" line="71" col="6">
        </testcase>
        <testcase name="ReLU - unSquash round-trip for positive values" classname="./test/methods/activations/ReLU.ts" time="0.000" line="79" col="6">
        </testcase>
    </testsuite>
    <testsuite name="./test/methods/activations/ReLU6.ts" tests="6" disabled="0" errors="0" failures="0">
        <testcase name="ReLU6 - creature activation matches JS squash" classname="./test/methods/activations/ReLU6.ts" time="0.047" line="10" col="6">
        </testcase>
        <testcase name="ReLU6 - known values" classname="./test/methods/activations/ReLU6.ts" time="0.000" line="45" col="6">
        </testcase>
        <testcase name="ReLU6 - output range [0, 6]" classname="./test/methods/activations/ReLU6.ts" time="0.000" line="54" col="6">
        </testcase>
        <testcase name="ReLU6 - edge cases" classname="./test/methods/activations/ReLU6.ts" time="0.000" line="63" col="6">
        </testcase>
        <testcase name="ReLU6 - derivative" classname="./test/methods/activations/ReLU6.ts" time="0.000" line="69" col="6">
        </testcase>
        <testcase name="ReLU6 - unSquash round-trip" classname="./test/methods/activations/ReLU6.ts" time="0.000" line="76" col="6">
        </testcase>
    </testsuite>
    <testsuite name="./test/methods/activations/SINE.ts" tests="5" disabled="0" errors="0" failures="0">
        <testcase name="SINE - creature activation matches JS squash" classname="./test/methods/activations/SINE.ts" time="0.035" line="10" col="6">
        </testcase>
        <testcase name="SINE - known values" classname="./test/methods/activations/SINE.ts" time="0.000" line="39" col="6">
        </testcase>
        <testcase name="SINE - output range [-1, 1]" classname="./test/methods/activations/SINE.ts" time="0.000" line="47" col="6">
        </testcase>
        <testcase name="SINE - odd function: f(-x) = -f(x)" classname="./test/methods/activations/SINE.ts" time="0.000" line="56" col="6">
        </testcase>
        <testcase name="SINE - derivative" classname="./test/methods/activations/SINE.ts" time="0.000" line="69" col="6">
        </testcase>
    </testsuite>
    <testsuite name="./test/methods/activations/SELU.ts" tests="6" disabled="0" errors="0" failures="0">
        <testcase name="SELU - creature activation matches JS squash" classname="./test/methods/activations/SELU.ts" time="0.042" line="10" col="6">
        </testcase>
        <testcase name="SELU - known values" classname="./test/methods/activations/SELU.ts" time="0.000" line="45" col="6">
        </testcase>
        <testcase name="SELU - output is self-normalising for positive inputs" classname="./test/methods/activations/SELU.ts" time="0.000" line="55" col="6">
        </testcase>
        <testcase name="SELU - edge cases" classname="./test/methods/activations/SELU.ts" time="0.000" line="62" col="6">
        </testcase>
        <testcase name="SELU - derivative" classname="./test/methods/activations/SELU.ts" time="0.000" line="71" col="6">
        </testcase>
        <testcase name="SELU - unSquash round-trip" classname="./test/methods/activations/SELU.ts" time="0.000" line="79" col="6">
        </testcase>
    </testsuite>
    <testsuite name="./test/methods/activations/SOFTSIGN.ts" tests="6" disabled="0" errors="0" failures="0">
        <testcase name="SOFTSIGN - creature activation matches JS squash" classname="./test/methods/activations/SOFTSIGN.ts" time="0.036" line="10" col="6">
        </testcase>
        <testcase name="SOFTSIGN - known values" classname="./test/methods/activations/SOFTSIGN.ts" time="0.000" line="39" col="6">
        </testcase>
        <testcase name="SOFTSIGN - output range approximately (-1, 1)" classname="./test/methods/activations/SOFTSIGN.ts" time="0.000" line="49" col="6">
        </testcase>
        <testcase name="SOFTSIGN - odd function: f(-x) = -f(x)" classname="./test/methods/activations/SOFTSIGN.ts" time="0.000" line="61" col="6">
        </testcase>
        <testcase name="SOFTSIGN - derivative" classname="./test/methods/activations/SOFTSIGN.ts" time="0.000" line="74" col="6">
        </testcase>
        <testcase name="SOFTSIGN - unSquash round-trip" classname="./test/methods/activations/SOFTSIGN.ts" time="0.000" line="83" col="6">
        </testcase>
    </testsuite>
    <testsuite name="./test/methods/activations/SQRT.ts" tests="6" disabled="0" errors="0" failures="0">
        <testcase name="SQRT - creature activation matches JS squash" classname="./test/methods/activations/SQRT.ts" time="0.024" line="10" col="6">
        </testcase>
        <testcase name="SQRT - known values" classname="./test/methods/activations/SQRT.ts" time="0.000" line="39" col="6">
        </testcase>
        <testcase name="SQRT - output always &gt;= 0" classname="./test/methods/activations/SQRT.ts" time="0.000" line="47" col="6">
        </testcase>
        <testcase name="SQRT - negative inputs return 0" classname="./test/methods/activations/SQRT.ts" time="0.000" line="55" col="6">
        </testcase>
        <testcase name="SQRT - derivative" classname="./test/methods/activations/SQRT.ts" time="0.000" line="61" col="6">
        </testcase>
        <testcase name="SQRT - unSquash round-trip for positive values" classname="./test/methods/activations/SQRT.ts" time="0.000" line="68" col="6">
        </testcase>
    </testsuite>
    <testsuite name="./test/methods/activations/SQUARE.ts" tests="5" disabled="0" errors="0" failures="0">
        <testcase name="SQUARE - creature activation matches JS squash" classname="./test/methods/activations/SQUARE.ts" time="0.028" line="10" col="6">
        </testcase>
        <testcase name="SQUARE - known values" classname="./test/methods/activations/SQUARE.ts" time="0.000" line="39" col="6">
        </testcase>
        <testcase name="SQUARE - output always &gt;= 0" classname="./test/methods/activations/SQUARE.ts" time="0.000" line="47" col="6">
        </testcase>
        <testcase name="SQUARE - even function: f(-x) = f(x)" classname="./test/methods/activations/SQUARE.ts" time="0.000" line="55" col="6">
        </testcase>
        <testcase name="SQUARE - derivative" classname="./test/methods/activations/SQUARE.ts" time="0.000" line="68" col="6">
        </testcase>
    </testsuite>
    <testsuite name="./test/methods/activations/STEP.ts" tests="6" disabled="0" errors="0" failures="0">
        <testcase name="STEP - creature activation matches JS squash" classname="./test/methods/activations/STEP.ts" time="0.030" line="10" col="6">
        </testcase>
        <testcase name="STEP - known values" classname="./test/methods/activations/STEP.ts" time="0.000" line="45" col="6">
        </testcase>
        <testcase name="STEP - output is only 0 or 1" classname="./test/methods/activations/STEP.ts" time="0.000" line="53" col="6">
        </testcase>
        <testcase name="STEP - edge case at zero" classname="./test/methods/activations/STEP.ts" time="0.000" line="62" col="6">
        </testcase>
        <testcase name="STEP - derivative returns pseudo-gradient" classname="./test/methods/activations/STEP.ts" time="0.000" line="68" col="6">
        </testcase>
        <testcase name="STEP - unSquash for known outputs" classname="./test/methods/activations/STEP.ts" time="0.000" line="75" col="6">
        </testcase>
    </testsuite>
    <testsuite name="./test/methods/activations/SharedSafeZoneAdjustment.ts" tests="23" disabled="0" errors="0" failures="0">
        <testcase name="safeZoneAdjustment: returns 0 for NaN rawInput" classname="./test/methods/activations/SharedSafeZoneAdjustment.ts" time="0.001" line="15" col="6">
        </testcase>
        <testcase name="safeZoneAdjustment: returns 0 for Infinity rawInput" classname="./test/methods/activations/SharedSafeZoneAdjustment.ts" time="0.000" line="19" col="6">
        </testcase>
        <testcase name="safeZoneAdjustment: returns 0 for -Infinity rawInput" classname="./test/methods/activations/SharedSafeZoneAdjustment.ts" time="0.000" line="23" col="6">
        </testcase>
        <testcase name="safeZoneAdjustment: returns 1 inside safe zone" classname="./test/methods/activations/SharedSafeZoneAdjustment.ts" time="0.000" line="29" col="6">
        </testcase>
        <testcase name="safeZoneAdjustment: returns 1 at safe zone boundaries" classname="./test/methods/activations/SharedSafeZoneAdjustment.ts" time="0.000" line="35" col="6">
        </testcase>
        <testcase name="safeZoneAdjustment: returns 0 in safe zone when weight too small and improving" classname="./test/methods/activations/SharedSafeZoneAdjustment.ts" time="0.000" line="42" col="6">
        </testcase>
        <testcase name="safeZoneAdjustment: returns 0 in safe zone when weight too large and improving" classname="./test/methods/activations/SharedSafeZoneAdjustment.ts" time="0.000" line="47" col="6">
        </testcase>
        <testcase name="safeZoneAdjustment: returns 1 in safe zone when weight is normal" classname="./test/methods/activations/SharedSafeZoneAdjustment.ts" time="0.000" line="52" col="6">
        </testcase>
        <testcase name="safeZoneAdjustment: returns 0 when below safeMin and error negative" classname="./test/methods/activations/SharedSafeZoneAdjustment.ts" time="0.000" line="59" col="6">
        </testcase>
        <testcase name="safeZoneAdjustment: returns 0 when above safeMax and error positive" classname="./test/methods/activations/SharedSafeZoneAdjustment.ts" time="0.000" line="63" col="6">
        </testcase>
        <testcase name="safeZoneAdjustment: fade zone above safeMax with default fadeWidth=10" classname="./test/methods/activations/SharedSafeZoneAdjustment.ts" time="0.000" line="69" col="6">
        </testcase>
        <testcase name="safeZoneAdjustment: fade zone just outside safeMax" classname="./test/methods/activations/SharedSafeZoneAdjustment.ts" time="0.000" line="74" col="6">
        </testcase>
        <testcase name="safeZoneAdjustment: fade zone at edge of fade region above" classname="./test/methods/activations/SharedSafeZoneAdjustment.ts" time="0.000" line="79" col="6">
        </testcase>
        <testcase name="safeZoneAdjustment: fade zone below safeMin" classname="./test/methods/activations/SharedSafeZoneAdjustment.ts" time="0.000" line="86" col="6">
        </testcase>
        <testcase name="safeZoneAdjustment: fade zone just outside safeMin" classname="./test/methods/activations/SharedSafeZoneAdjustment.ts" time="0.000" line="91" col="6">
        </testcase>
        <testcase name="safeZoneAdjustment: returns 0 far beyond fade zone" classname="./test/methods/activations/SharedSafeZoneAdjustment.ts" time="0.000" line="98" col="6">
        </testcase>
        <testcase name="safeZoneAdjustment: respects custom GELU bounds [-6, 6]" classname="./test/methods/activations/SharedSafeZoneAdjustment.ts" time="0.000" line="105" col="6">
        </testcase>
        <testcase name="safeZoneAdjustment: respects custom Softplus bounds [-10, 20]" classname="./test/methods/activations/SharedSafeZoneAdjustment.ts" time="0.000" line="112" col="6">
        </testcase>
        <testcase name="safeZoneAdjustment: respects custom Exponential bounds [-10, 30]" classname="./test/methods/activations/SharedSafeZoneAdjustment.ts" time="0.000" line="119" col="6">
        </testcase>
        <testcase name="safeZoneAdjustment: respects custom fadeWidth=20" classname="./test/methods/activations/SharedSafeZoneAdjustment.ts" time="0.000" line="127" col="6">
        </testcase>
        <testcase name="safeZoneAdjustment: respects custom fadeWidth=3" classname="./test/methods/activations/SharedSafeZoneAdjustment.ts" time="0.000" line="135" col="6">
        </testcase>
        <testcase name="safeZoneAdjustment: respects custom fadeWidth=4" classname="./test/methods/activations/SharedSafeZoneAdjustment.ts" time="0.000" line="144" col="6">
        </testcase>
        <testcase name="safeZoneAdjustment: all results are in [0, 1] range" classname="./test/methods/activations/SharedSafeZoneAdjustment.ts" time="0.000" line="153" col="6">
        </testcase>
    </testsuite>
    <testsuite name="./test/methods/activations/SafeZoneAdjustment.ts" tests="35" disabled="0" errors="0" failures="0">
        <testcase name="ArcTan: full confidence in linear zone [-2, 2]" classname="./test/methods/activations/SafeZoneAdjustment.ts" time="0.001" line="32" col="6">
        </testcase>
        <testcase name="ArcTan: zero confidence beyond saturation zone (|x| &gt; 4)" classname="./test/methods/activations/SafeZoneAdjustment.ts" time="0.000" line="42" col="6">
        </testcase>
        <testcase name="ArcTan: recovery zone allows small values" classname="./test/methods/activations/SafeZoneAdjustment.ts" time="0.000" line="50" col="6">
        </testcase>
        <testcase name="LOGISTIC: full confidence in safe zone [-6, 6]" classname="./test/methods/activations/SafeZoneAdjustment.ts" time="0.000" line="60" col="6">
        </testcase>
        <testcase name="LOGISTIC: zero confidence beyond hard saturation" classname="./test/methods/activations/SafeZoneAdjustment.ts" time="0.000" line="69" col="6">
        </testcase>
        <testcase name="LOGISTIC: recovery allows small propagation" classname="./test/methods/activations/SafeZoneAdjustment.ts" time="0.000" line="77" col="6">
        </testcase>
        <testcase name="TANH: full confidence in safe zone [-2, 2]" classname="./test/methods/activations/SafeZoneAdjustment.ts" time="0.000" line="87" col="6">
        </testcase>
        <testcase name="TANH: zero confidence beyond saturation" classname="./test/methods/activations/SafeZoneAdjustment.ts" time="0.000" line="96" col="6">
        </testcase>
        <testcase name="TANH: fade zone between safe and saturation" classname="./test/methods/activations/SafeZoneAdjustment.ts" time="0.000" line="104" col="6">
        </testcase>
        <testcase name="HARD_TANH: full confidence in linear zone [-0.9, 0.9]" classname="./test/methods/activations/SafeZoneAdjustment.ts" time="0.000" line="114" col="6">
        </testcase>
        <testcase name="HARD_TANH: zero confidence far outside clipping zone" classname="./test/methods/activations/SafeZoneAdjustment.ts" time="0.000" line="123" col="6">
        </testcase>
        <testcase name="ReLU: full confidence when active (x &gt; 0)" classname="./test/methods/activations/SafeZoneAdjustment.ts" time="0.000" line="131" col="6">
        </testcase>
        <testcase name="ReLU: dead zone when x &lt;= 0 and error &lt;= 0" classname="./test/methods/activations/SafeZoneAdjustment.ts" time="0.000" line="139" col="6">
        </testcase>
        <testcase name="ReLU: recovery when x &lt;= 0 and error &gt; 0" classname="./test/methods/activations/SafeZoneAdjustment.ts" time="0.000" line="147" col="6">
        </testcase>
        <testcase name="ReLU6: full confidence in active zone (0, 6)" classname="./test/methods/activations/SafeZoneAdjustment.ts" time="0.000" line="155" col="6">
        </testcase>
        <testcase name="ReLU6: dead zones at both ends" classname="./test/methods/activations/SafeZoneAdjustment.ts" time="0.000" line="164" col="6">
        </testcase>
        <testcase name="ReLU6: recovery from saturation" classname="./test/methods/activations/SafeZoneAdjustment.ts" time="0.000" line="172" col="6">
        </testcase>
        <testcase name="GAUSSIAN: full confidence near zero [-3, 3]" classname="./test/methods/activations/SafeZoneAdjustment.ts" time="0.000" line="182" col="6">
        </testcase>
        <testcase name="GAUSSIAN: zero confidence far from zero with worsening error" classname="./test/methods/activations/SafeZoneAdjustment.ts" time="0.000" line="190" col="6">
        </testcase>
        <testcase name="IDENTITY: full confidence for normal inputs" classname="./test/methods/activations/SafeZoneAdjustment.ts" time="0.000" line="200" col="6">
        </testcase>
        <testcase name="IDENTITY: zero confidence for extreme input with tiny weight" classname="./test/methods/activations/SafeZoneAdjustment.ts" time="0.000" line="209" col="6">
        </testcase>
        <testcase name="STEP: high confidence when on wrong side of threshold" classname="./test/methods/activations/SafeZoneAdjustment.ts" time="0.000" line="217" col="6">
        </testcase>
        <testcase name="STEP: reduced confidence when on correct side" classname="./test/methods/activations/SafeZoneAdjustment.ts" time="0.000" line="227" col="6">
        </testcase>
        <testcase name="ABSOLUTE: full confidence for most inputs" classname="./test/methods/activations/SafeZoneAdjustment.ts" time="0.000" line="235" col="6">
        </testcase>
        <testcase name="ABSOLUTE: full confidence for near-zero inputs" classname="./test/methods/activations/SafeZoneAdjustment.ts" time="0.000" line="243" col="6">
        </testcase>
        <testcase name="ABSOLUTE: zero for extreme input with tiny weight" classname="./test/methods/activations/SafeZoneAdjustment.ts" time="0.000" line="255" col="6">
        </testcase>
        <testcase name="Cosine: high confidence where slope is strong" classname="./test/methods/activations/SafeZoneAdjustment.ts" time="0.000" line="262" col="6">
        </testcase>
        <testcase name="Cosine: zero confidence at flat peaks" classname="./test/methods/activations/SafeZoneAdjustment.ts" time="0.000" line="271" col="6">
        </testcase>
        <testcase name="SINE: high confidence where cos is strong" classname="./test/methods/activations/SafeZoneAdjustment.ts" time="0.000" line="280" col="6">
        </testcase>
        <testcase name="Exponential: full confidence in safe zone [-10, 30]" classname="./test/methods/activations/SafeZoneAdjustment.ts" time="0.000" line="289" col="6">
        </testcase>
        <testcase name="Exponential: zero when far outside safe zone and worsening" classname="./test/methods/activations/SafeZoneAdjustment.ts" time="0.000" line="298" col="6">
        </testcase>
        <testcase name="SQUARE: full confidence in [-5, 5]" classname="./test/methods/activations/SafeZoneAdjustment.ts" time="0.000" line="308" col="6">
        </testcase>
        <testcase name="SQUARE: fade zone between 5 and 10" classname="./test/methods/activations/SafeZoneAdjustment.ts" time="0.000" line="317" col="6">
        </testcase>
        <testcase name="SQUARE: zero confidence beyond 10" classname="./test/methods/activations/SafeZoneAdjustment.ts" time="0.000" line="326" col="6">
        </testcase>
        <testcase name="SQUARE: recovery zone allows small value" classname="./test/methods/activations/SafeZoneAdjustment.ts" time="0.000" line="333" col="6">
        </testcase>
    </testsuite>
    <testsuite name="./test/methods/activations/SquashDerivative.ts" tests="53" disabled="0" errors="0" failures="0">
        <testcase name="IDENTITY squash returns input unchanged" classname="./test/methods/activations/SquashDerivative.ts" time="0.001" line="18" col="6">
        </testcase>
        <testcase name="IDENTITY derivative is always 1" classname="./test/methods/activations/SquashDerivative.ts" time="0.000" line="26" col="6">
        </testcase>
        <testcase name="ReLU squash clips negative values to zero" classname="./test/methods/activations/SquashDerivative.ts" time="0.000" line="34" col="6">
        </testcase>
        <testcase name="ReLU derivative is 1 for positive, 0 for negative" classname="./test/methods/activations/SquashDerivative.ts" time="0.000" line="41" col="6">
        </testcase>
        <testcase name="ABSOLUTE squash returns absolute value" classname="./test/methods/activations/SquashDerivative.ts" time="0.000" line="48" col="6">
        </testcase>
        <testcase name="ABSOLUTE derivative is sign function" classname="./test/methods/activations/SquashDerivative.ts" time="0.000" line="55" col="6">
        </testcase>
        <testcase name="STEP squash returns 1 for positive, 0 for non-positive" classname="./test/methods/activations/SquashDerivative.ts" time="0.000" line="63" col="6">
        </testcase>
        <testcase name="STEP derivative is pseudo-gradient near threshold" classname="./test/methods/activations/SquashDerivative.ts" time="0.000" line="70" col="6">
        </testcase>
        <testcase name="LOGISTIC squash returns 0.5 at x=0" classname="./test/methods/activations/SquashDerivative.ts" time="0.000" line="80" col="6">
        </testcase>
        <testcase name="LOGISTIC squash is bounded in (0, 1)" classname="./test/methods/activations/SquashDerivative.ts" time="0.000" line="85" col="6">
        </testcase>
        <testcase name="LOGISTIC derivative peaks at x=0" classname="./test/methods/activations/SquashDerivative.ts" time="0.000" line="93" col="6">
        </testcase>
        <testcase name="TANH squash returns 0 at x=0" classname="./test/methods/activations/SquashDerivative.ts" time="0.000" line="106" col="6">
        </testcase>
        <testcase name="TANH squash is bounded in (-1, 1)" classname="./test/methods/activations/SquashDerivative.ts" time="0.000" line="111" col="6">
        </testcase>
        <testcase name="TANH derivative peaks at x=0" classname="./test/methods/activations/SquashDerivative.ts" time="0.000" line="119" col="6">
        </testcase>
        <testcase name="GAUSSIAN squash peaks at x=0" classname="./test/methods/activations/SquashDerivative.ts" time="0.000" line="130" col="6">
        </testcase>
        <testcase name="GAUSSIAN squash decays toward 0 for large |x|" classname="./test/methods/activations/SquashDerivative.ts" time="0.000" line="135" col="6">
        </testcase>
        <testcase name="GAUSSIAN derivative is 0 at x=0" classname="./test/methods/activations/SquashDerivative.ts" time="0.000" line="143" col="6">
        </testcase>
        <testcase name="GAUSSIAN derivative is negative for positive x" classname="./test/methods/activations/SquashDerivative.ts" time="0.000" line="149" col="6">
        </testcase>
        <testcase name="SELU squash is linear for positive x" classname="./test/methods/activations/SquashDerivative.ts" time="0.000" line="156" col="6">
        </testcase>
        <testcase name="SELU squash returns 0 at x=0" classname="./test/methods/activations/SquashDerivative.ts" time="0.000" line="163" col="6">
        </testcase>
        <testcase name="SELU squash is negative for negative x" classname="./test/methods/activations/SquashDerivative.ts" time="0.000" line="168" col="6">
        </testcase>
        <testcase name="SELU derivative equals scale for positive x" classname="./test/methods/activations/SquashDerivative.ts" time="0.000" line="174" col="6">
        </testcase>
        <testcase name="ELU squash is linear for positive x" classname="./test/methods/activations/SquashDerivative.ts" time="0.000" line="182" col="6">
        </testcase>
        <testcase name="ELU squash approaches -1 for large negative x" classname="./test/methods/activations/SquashDerivative.ts" time="0.000" line="188" col="6">
        </testcase>
        <testcase name="LeakyReLU squash passes positive values through" classname="./test/methods/activations/SquashDerivative.ts" time="0.000" line="195" col="6">
        </testcase>
        <testcase name="LeakyReLU squash applies small slope to negative values" classname="./test/methods/activations/SquashDerivative.ts" time="0.000" line="200" col="6">
        </testcase>
        <testcase name="BIPOLAR squash returns 1 for positive, -1 for non-positive" classname="./test/methods/activations/SquashDerivative.ts" time="0.000" line="209" col="6">
        </testcase>
        <testcase name="COMPLEMENT squash returns 1 - x" classname="./test/methods/activations/SquashDerivative.ts" time="0.000" line="217" col="6">
        </testcase>
        <testcase name="COMPLEMENT derivative is always -1" classname="./test/methods/activations/SquashDerivative.ts" time="0.000" line="224" col="6">
        </testcase>
        <testcase name="Cosine squash returns cos(x)" classname="./test/methods/activations/SquashDerivative.ts" time="0.000" line="231" col="6">
        </testcase>
        <testcase name="SOFTSIGN squash returns x/(1+|x|)" classname="./test/methods/activations/SquashDerivative.ts" time="0.000" line="238" col="6">
        </testcase>
        <testcase name="SOFTSIGN squash is bounded in (-1, 1)" classname="./test/methods/activations/SquashDerivative.ts" time="0.000" line="245" col="6">
        </testcase>
        <testcase name="Softplus squash returns ln(1+exp(x))" classname="./test/methods/activations/SquashDerivative.ts" time="0.000" line="263" col="6">
        </testcase>
        <testcase name="Softplus squash is always positive" classname="./test/methods/activations/SquashDerivative.ts" time="0.000" line="269" col="6">
        </testcase>
        <testcase name="BENT_IDENTITY squash at x=0 returns 0" classname="./test/methods/activations/SquashDerivative.ts" time="0.000" line="276" col="6">
        </testcase>
        <testcase name="ArcTan squash returns atan(x)" classname="./test/methods/activations/SquashDerivative.ts" time="0.000" line="283" col="6">
        </testcase>
        <testcase name="BIPOLAR_SIGMOID squash returns 0 at x=0" classname="./test/methods/activations/SquashDerivative.ts" time="0.000" line="290" col="6">
        </testcase>
        <testcase name="HARD_TANH squash clips to [-1, 1]" classname="./test/methods/activations/SquashDerivative.ts" time="0.000" line="297" col="6">
        </testcase>
        <testcase name="SINE squash returns sin(x)" classname="./test/methods/activations/SquashDerivative.ts" time="0.000" line="305" col="6">
        </testcase>
        <testcase name="Mish squash returns 0 at x=0" classname="./test/methods/activations/SquashDerivative.ts" time="0.000" line="312" col="6">
        </testcase>
        <testcase name="Mish squash approaches x for large positive x" classname="./test/methods/activations/SquashDerivative.ts" time="0.000" line="318" col="6">
        </testcase>
        <testcase name="Swish squash returns 0 at x=0" classname="./test/methods/activations/SquashDerivative.ts" time="0.000" line="326" col="6">
        </testcase>
        <testcase name="GELU squash returns 0 at x=0" classname="./test/methods/activations/SquashDerivative.ts" time="0.000" line="333" col="6">
        </testcase>
        <testcase name="GELU squash approaches x for large positive x" classname="./test/methods/activations/SquashDerivative.ts" time="0.000" line="338" col="6">
        </testcase>
        <testcase name="ReLU6 squash clips to [0, 6]" classname="./test/methods/activations/SquashDerivative.ts" time="0.000" line="344" col="6">
        </testcase>
        <testcase name="ISRU squash returns 0 at x=0" classname="./test/methods/activations/SquashDerivative.ts" time="0.000" line="352" col="6">
        </testcase>
        <testcase name="SQUARE squash returns x*x" classname="./test/methods/activations/SquashDerivative.ts" time="0.000" line="358" col="6">
        </testcase>
        <testcase name="SQRT squash returns sqrt(|x|) with sign" classname="./test/methods/activations/SquashDerivative.ts" time="0.000" line="366" col="6">
        </testcase>
        <testcase name="Cube squash returns x^3" classname="./test/methods/activations/SquashDerivative.ts" time="0.000" line="373" col="6">
        </testcase>
        <testcase name="Exponential squash returns exp(x)" classname="./test/methods/activations/SquashDerivative.ts" time="0.000" line="381" col="6">
        </testcase>
        <testcase name="LogSigmoid squash is negative for all x" classname="./test/methods/activations/SquashDerivative.ts" time="0.000" line="388" col="6">
        </testcase>
        <testcase name="TAN squash returns tan(x) at small values" classname="./test/methods/activations/SquashDerivative.ts" time="0.000" line="397" col="6">
        </testcase>
        <testcase name="StdInverse squash returns 1/x for non-zero x" classname="./test/methods/activations/SquashDerivative.ts" time="0.000" line="404" col="6">
        </testcase>
    </testsuite>
    <testsuite name="./test/methods/activations/Softplus.ts" tests="1" disabled="0" errors="0" failures="0">
        <testcase name="Softplus" classname="./test/methods/activations/Softplus.ts" time="0.055" line="10" col="6">
        </testcase>
    </testsuite>
    <testsuite name="./test/methods/activations/SquashRoundtrip.ts" tests="30" disabled="0" errors="0" failures="0">
        <testcase name="ArcTan: squash/unSquash roundtrip" classname="./test/methods/activations/SquashRoundtrip.ts" time="0.000" line="142" col="8">
        </testcase>
        <testcase name="BENT_IDENTITY: squash/unSquash roundtrip" classname="./test/methods/activations/SquashRoundtrip.ts" time="0.000" line="142" col="8">
        </testcase>
        <testcase name="COMPLEMENT: squash/unSquash roundtrip" classname="./test/methods/activations/SquashRoundtrip.ts" time="0.000" line="142" col="8">
        </testcase>
        <testcase name="ELU: squash/unSquash roundtrip" classname="./test/methods/activations/SquashRoundtrip.ts" time="0.000" line="142" col="8">
        </testcase>
        <testcase name="Exponential: squash/unSquash roundtrip" classname="./test/methods/activations/SquashRoundtrip.ts" time="0.000" line="142" col="8">
        </testcase>
        <testcase name="HARD_TANH: squash/unSquash roundtrip" classname="./test/methods/activations/SquashRoundtrip.ts" time="0.000" line="142" col="8">
        </testcase>
        <testcase name="IDENTITY: squash/unSquash roundtrip" classname="./test/methods/activations/SquashRoundtrip.ts" time="0.000" line="142" col="8">
        </testcase>
        <testcase name="ISRU: squash/unSquash roundtrip" classname="./test/methods/activations/SquashRoundtrip.ts" time="0.000" line="142" col="8">
        </testcase>
        <testcase name="LeakyReLU: squash/unSquash roundtrip" classname="./test/methods/activations/SquashRoundtrip.ts" time="0.000" line="142" col="8">
        </testcase>
        <testcase name="LOGISTIC: squash/unSquash roundtrip" classname="./test/methods/activations/SquashRoundtrip.ts" time="0.000" line="142" col="8">
        </testcase>
        <testcase name="LogSigmoid: squash/unSquash roundtrip" classname="./test/methods/activations/SquashRoundtrip.ts" time="0.000" line="142" col="8">
        </testcase>
        <testcase name="Mish: squash/unSquash roundtrip" classname="./test/methods/activations/SquashRoundtrip.ts" time="0.000" line="142" col="8">
        </testcase>
        <testcase name="ReLU: squash/unSquash roundtrip" classname="./test/methods/activations/SquashRoundtrip.ts" time="0.000" line="142" col="8">
        </testcase>
        <testcase name="ReLU6: squash/unSquash roundtrip" classname="./test/methods/activations/SquashRoundtrip.ts" time="0.000" line="142" col="8">
        </testcase>
        <testcase name="SELU: squash/unSquash roundtrip" classname="./test/methods/activations/SquashRoundtrip.ts" time="0.000" line="142" col="8">
        </testcase>
        <testcase name="Softplus: squash/unSquash roundtrip" classname="./test/methods/activations/SquashRoundtrip.ts" time="0.000" line="142" col="8">
        </testcase>
        <testcase name="SOFTSIGN: squash/unSquash roundtrip" classname="./test/methods/activations/SquashRoundtrip.ts" time="0.000" line="142" col="8">
        </testcase>
        <testcase name="StdInverse: squash/unSquash roundtrip" classname="./test/methods/activations/SquashRoundtrip.ts" time="0.000" line="142" col="8">
        </testcase>
        <testcase name="Swish: squash/unSquash roundtrip" classname="./test/methods/activations/SquashRoundtrip.ts" time="0.000" line="142" col="8">
        </testcase>
        <testcase name="TANH: squash/unSquash roundtrip" classname="./test/methods/activations/SquashRoundtrip.ts" time="0.000" line="142" col="8">
        </testcase>
        <testcase name="BIPOLAR_SIGMOID: squash/unSquash roundtrip" classname="./test/methods/activations/SquashRoundtrip.ts" time="0.000" line="142" col="8">
        </testcase>
        <testcase name="GELU: squash/unSquash roundtrip" classname="./test/methods/activations/SquashRoundtrip.ts" time="0.000" line="142" col="8">
        </testcase>
        <testcase name="SINE: squash/unSquash roundtrip with hint" classname="./test/methods/activations/SquashRoundtrip.ts" time="0.000" line="165" col="6">
        </testcase>
        <testcase name="Cosine: squash/unSquash roundtrip with hint" classname="./test/methods/activations/SquashRoundtrip.ts" time="0.000" line="183" col="6">
        </testcase>
        <testcase name="TAN: squash/unSquash roundtrip within period" classname="./test/methods/activations/SquashRoundtrip.ts" time="0.000" line="201" col="6">
        </testcase>
        <testcase name="ABSOLUTE: roundtrip preserves magnitude with hint" classname="./test/methods/activations/SquashRoundtrip.ts" time="0.000" line="222" col="6">
        </testcase>
        <testcase name="GAUSSIAN: roundtrip for positive inputs with hint" classname="./test/methods/activations/SquashRoundtrip.ts" time="0.000" line="242" col="6">
        </testcase>
        <testcase name="SQUARE: roundtrip for positive inputs" classname="./test/methods/activations/SquashRoundtrip.ts" time="0.000" line="259" col="6">
        </testcase>
        <testcase name="SQRT: roundtrip for non-negative inputs" classname="./test/methods/activations/SquashRoundtrip.ts" time="0.000" line="288" col="6">
        </testcase>
        <testcase name="BIPOLAR: unSquash returns hint when sign matches" classname="./test/methods/activations/SquashRoundtrip.ts" time="0.000" line="307" col="6">
        </testcase>
    </testsuite>
    <testsuite name="./test/methods/activations/SquashUtils.ts" tests="12" disabled="0" errors="0" failures="0">
        <testcase name="isAggregationSquash returns true for MAXIMUM" classname="./test/methods/activations/SquashUtils.ts" time="0.001" line="10" col="6">
        </testcase>
        <testcase name="isAggregationSquash returns true for MINIMUM" classname="./test/methods/activations/SquashUtils.ts" time="0.000" line="14" col="6">
        </testcase>
        <testcase name="isAggregationSquash returns true for IF" classname="./test/methods/activations/SquashUtils.ts" time="0.000" line="18" col="6">
        </testcase>
        <testcase name="isAggregationSquash returns true for HYPOT" classname="./test/methods/activations/SquashUtils.ts" time="0.000" line="22" col="6">
        </testcase>
        <testcase name="isAggregationSquash returns true for HYPOTv2" classname="./test/methods/activations/SquashUtils.ts" time="0.000" line="26" col="6">
        </testcase>
        <testcase name="isAggregationSquash returns false for ReLU" classname="./test/methods/activations/SquashUtils.ts" time="0.000" line="30" col="6">
        </testcase>
        <testcase name="isAggregationSquash returns false for LOGISTIC" classname="./test/methods/activations/SquashUtils.ts" time="0.000" line="34" col="6">
        </testcase>
        <testcase name="isAggregationSquash returns false for TANH" classname="./test/methods/activations/SquashUtils.ts" time="0.000" line="38" col="6">
        </testcase>
        <testcase name="isAggregationSquash returns false for IDENTITY" classname="./test/methods/activations/SquashUtils.ts" time="0.000" line="42" col="6">
        </testcase>
        <testcase name="isAggregationSquash returns false for undefined" classname="./test/methods/activations/SquashUtils.ts" time="0.000" line="46" col="6">
        </testcase>
        <testcase name="isAggregationSquash returns false for empty string" classname="./test/methods/activations/SquashUtils.ts" time="0.000" line="50" col="6">
        </testcase>
        <testcase name="isAggregationSquash returns false for unknown name" classname="./test/methods/activations/SquashUtils.ts" time="0.000" line="54" col="6">
        </testcase>
    </testsuite>
    <testsuite name="./test/methods/activations/SquashLookupTable.ts" tests="5" disabled="0" errors="0" failures="0">
        <testcase name="Squash lookup table - WASM activation runs" classname="./test/methods/activations/SquashLookupTable.ts" time="0.012" line="127" col="6">
        </testcase>
        <testcase name="Squash lookup table - activation produces correct output" classname="./test/methods/activations/SquashLookupTable.ts" time="0.000" line="139" col="6">
        </testcase>
        <testcase name="Squash lookup table - consistent with traced.json creature" classname="./test/methods/activations/SquashLookupTable.ts" time="0.113" line="157" col="6">
        </testcase>
        <testcase name="Squash lookup table - handles all non-inline squash functions" classname="./test/methods/activations/SquashLookupTable.ts" time="0.011" line="188" col="6">
        </testcase>
        <testcase name="Squash lookup table - performance comparable to original" classname="./test/methods/activations/SquashLookupTable.ts" time="0.171" line="260" col="6">
        </testcase>
    </testsuite>
    <testsuite name="./test/methods/activations/TAN.ts" tests="2" disabled="0" errors="0" failures="0">
        <testcase name="TAN: simplifyBias wraps large multiples of π to equivalent position" classname="./test/methods/activations/TAN.ts" time="0.000" line="10" col="6">
        </testcase>
        <testcase name="TAN: simplifyBias preserves values within period" classname="./test/methods/activations/TAN.ts" time="0.000" line="15" col="6">
        </testcase>
    </testsuite>
    <testsuite name="./test/methods/activations/StdInverse.ts" tests="6" disabled="0" errors="0" failures="0">
        <testcase name="StdInverse - creature activation matches JS squash" classname="./test/methods/activations/StdInverse.ts" time="0.031" line="10" col="6">
        </testcase>
        <testcase name="StdInverse - known values" classname="./test/methods/activations/StdInverse.ts" time="0.000" line="39" col="6">
        </testcase>
        <testcase name="StdInverse - edge cases near zero are handled" classname="./test/methods/activations/StdInverse.ts" time="0.000" line="49" col="6">
        </testcase>
        <testcase name="StdInverse - odd function: f(-x) = -f(x) for |x| &gt; 0" classname="./test/methods/activations/StdInverse.ts" time="0.000" line="56" col="6">
        </testcase>
        <testcase name="StdInverse - derivative" classname="./test/methods/activations/StdInverse.ts" time="0.000" line="69" col="6">
        </testcase>
        <testcase name="StdInverse - unSquash round-trip" classname="./test/methods/activations/StdInverse.ts" time="0.000" line="76" col="6">
        </testcase>
    </testsuite>
    <testsuite name="./test/methods/activations/Swish.ts" tests="1" disabled="0" errors="0" failures="0">
        <testcase name="Swish" classname="./test/methods/activations/Swish.ts" time="0.049" line="10" col="6">
        </testcase>
    </testsuite>
    <testsuite name="./test/methods/activations/TypeGuards.ts" tests="7" disabled="0" errors="0" failures="0">
        <testcase name="hasUnSquash returns true for StdInverse" classname="./test/methods/activations/TypeGuards.ts" time="0.001" line="8" col="6">
        </testcase>
        <testcase name="hasUnSquash returns true for ReLU" classname="./test/methods/activations/TypeGuards.ts" time="0.000" line="13" col="6">
        </testcase>
        <testcase name="hasUnSquash type guard narrows type correctly" classname="./test/methods/activations/TypeGuards.ts" time="0.000" line="18" col="6">
        </testcase>
        <testcase name="hasSimplifyBias returns true for Cosine" classname="./test/methods/activations/TypeGuards.ts" time="0.000" line="29" col="6">
        </testcase>
        <testcase name="hasSimplifyBias returns true for SINE" classname="./test/methods/activations/TypeGuards.ts" time="0.000" line="35" col="6">
        </testcase>
        <testcase name="hasSimplifyBias returns false for LOGISTIC" classname="./test/methods/activations/TypeGuards.ts" time="0.000" line="40" col="6">
        </testcase>
        <testcase name="hasSimplifyBias type guard narrows type correctly" classname="./test/methods/activations/TypeGuards.ts" time="0.000" line="45" col="6">
        </testcase>
    </testsuite>
    <testsuite name="./test/methods/activations/TANH.ts" tests="6" disabled="0" errors="0" failures="0">
        <testcase name="TANH - creature activation matches JS squash" classname="./test/methods/activations/TANH.ts" time="0.042" line="10" col="6">
        </testcase>
        <testcase name="TANH - known values" classname="./test/methods/activations/TANH.ts" time="0.000" line="45" col="6">
        </testcase>
        <testcase name="TANH - output range [-1, 1]" classname="./test/methods/activations/TANH.ts" time="0.000" line="57" col="6">
        </testcase>
        <testcase name="TANH - edge cases" classname="./test/methods/activations/TANH.ts" time="0.000" line="66" col="6">
        </testcase>
        <testcase name="TANH - derivative" classname="./test/methods/activations/TANH.ts" time="0.000" line="75" col="6">
        </testcase>
        <testcase name="TANH - unSquash round-trip" classname="./test/methods/activations/TANH.ts" time="0.000" line="84" col="6">
        </testcase>
    </testsuite>
    <testsuite name="./test/methods/activations/UnSquashHintTest.ts" tests="29" disabled="0" errors="0" failures="0">
        <testcase name="GELU unSquash with hint" classname="./test/methods/activations/UnSquashHintTest.ts" time="0.001" line="81" col="6">
        </testcase>
        <testcase name="COS unSquash with hint" classname="./test/methods/activations/UnSquashHintTest.ts" time="0.000" line="104" col="6">
        </testcase>
        <testcase name="SIN unSquash with hint" classname="./test/methods/activations/UnSquashHintTest.ts" time="0.000" line="145" col="6">
        </testcase>
        <testcase name="TAN unSquash with hint" classname="./test/methods/activations/UnSquashHintTest.ts" time="0.000" line="186" col="6">
        </testcase>
        <testcase name="TANH unSquash with hint" classname="./test/methods/activations/UnSquashHintTest.ts" time="0.000" line="213" col="6">
        </testcase>
        <testcase name="SIGMOID unSquash with hint" classname="./test/methods/activations/UnSquashHintTest.ts" time="0.000" line="229" col="6">
        </testcase>
        <testcase name="RELU unSquash with hint" classname="./test/methods/activations/UnSquashHintTest.ts" time="0.000" line="245" col="6">
        </testcase>
        <testcase name="LEAKY_RELU unSquash with hint" classname="./test/methods/activations/UnSquashHintTest.ts" time="0.000" line="261" col="6">
        </testcase>
        <testcase name="ELU unSquash with hint" classname="./test/methods/activations/UnSquashHintTest.ts" time="0.000" line="275" col="6">
        </testcase>
        <testcase name="SWISH unSquash with hint" classname="./test/methods/activations/UnSquashHintTest.ts" time="0.000" line="290" col="6">
        </testcase>
        <testcase name="MISH unSquash with hint" classname="./test/methods/activations/UnSquashHintTest.ts" time="0.000" line="304" col="6">
        </testcase>
        <testcase name="SOFTPLUS unSquash with hint" classname="./test/methods/activations/UnSquashHintTest.ts" time="0.000" line="318" col="6">
        </testcase>
        <testcase name="ReLU6 unSquash with hint" classname="./test/methods/activations/UnSquashHintTest.ts" time="0.000" line="332" col="6">
        </testcase>
        <testcase name="SELU unSquash with hint" classname="./test/methods/activations/UnSquashHintTest.ts" time="0.000" line="347" col="6">
        </testcase>
        <testcase name="STEP unSquash with hint" classname="./test/methods/activations/UnSquashHintTest.ts" time="0.000" line="361" col="6">
        </testcase>
        <testcase name="ABSOLUTE unSquash with hint" classname="./test/methods/activations/UnSquashHintTest.ts" time="0.000" line="374" col="6">
        </testcase>
        <testcase name="ArcTan unSquash with hint" classname="./test/methods/activations/UnSquashHintTest.ts" time="0.000" line="387" col="6">
        </testcase>
        <testcase name="BIPOLAR unSquash with hint" classname="./test/methods/activations/UnSquashHintTest.ts" time="0.000" line="400" col="6">
        </testcase>
        <testcase name="COMPLEMENT unSquash with hint" classname="./test/methods/activations/UnSquashHintTest.ts" time="0.000" line="413" col="6">
        </testcase>
        <testcase name="GAUSSIAN unSquash with hint" classname="./test/methods/activations/UnSquashHintTest.ts" time="0.000" line="425" col="6">
        </testcase>
        <testcase name="HARD_TANH unSquash with hint" classname="./test/methods/activations/UnSquashHintTest.ts" time="0.000" line="438" col="6">
        </testcase>
        <testcase name="IDENTITY unSquash with hint" classname="./test/methods/activations/UnSquashHintTest.ts" time="0.000" line="451" col="6">
        </testcase>
        <testcase name="SOFTSIGN unSquash with hint" classname="./test/methods/activations/UnSquashHintTest.ts" time="0.000" line="464" col="6">
        </testcase>
        <testcase name="LogSigmoid unSquash with hint" classname="./test/methods/activations/UnSquashHintTest.ts" time="0.000" line="477" col="6">
        </testcase>
        <testcase name="ISRU unSquash with hint" classname="./test/methods/activations/UnSquashHintTest.ts" time="0.000" line="490" col="6">
        </testcase>
        <testcase name="BIPOLAR_SIGMOID unSquash with hint" classname="./test/methods/activations/UnSquashHintTest.ts" time="0.000" line="503" col="6">
        </testcase>
        <testcase name="Cube unSquash with hint" classname="./test/methods/activations/UnSquashHintTest.ts" time="0.000" line="516" col="6">
        </testcase>
        <testcase name="Exponential unSquash with hint" classname="./test/methods/activations/UnSquashHintTest.ts" time="0.000" line="529" col="6">
        </testcase>
        <testcase name="BENT_IDENTITY unSquash with hint" classname="./test/methods/activations/UnSquashHintTest.ts" time="0.000" line="540" col="6">
        </testcase>
    </testsuite>
    <testsuite name="./test/methods/activations/UnboundedClamp.ts" tests="11" disabled="0" errors="0" failures="0">
        <testcase name="TAN: output clamped for input near π/2 asymptote" classname="./test/methods/activations/UnboundedClamp.ts" time="0.000" line="16" col="6">
        </testcase>
        <testcase name="TAN: output clamped for input near -π/2 asymptote" classname="./test/methods/activations/UnboundedClamp.ts" time="0.000" line="30" col="6">
        </testcase>
        <testcase name="TAN: output clamped for large positive input" classname="./test/methods/activations/UnboundedClamp.ts" time="0.000" line="44" col="6">
        </testcase>
        <testcase name="TAN: range reflects clamped bounds" classname="./test/methods/activations/UnboundedClamp.ts" time="0.000" line="57" col="6">
        </testcase>
        <testcase name="SQUARE: output clamped for very large input" classname="./test/methods/activations/UnboundedClamp.ts" time="0.000" line="71" col="6">
        </testcase>
        <testcase name="SQUARE: output clamped for large negative input" classname="./test/methods/activations/UnboundedClamp.ts" time="0.000" line="84" col="6">
        </testcase>
        <testcase name="SQUARE: range reflects clamped bounds" classname="./test/methods/activations/UnboundedClamp.ts" time="0.000" line="97" col="6">
        </testcase>
        <testcase name="CUBE: output clamped for very large positive input" classname="./test/methods/activations/UnboundedClamp.ts" time="0.000" line="107" col="6">
        </testcase>
        <testcase name="CUBE: output clamped for very large negative input" classname="./test/methods/activations/UnboundedClamp.ts" time="0.000" line="120" col="6">
        </testcase>
        <testcase name="CUBE: range reflects clamped bounds" classname="./test/methods/activations/UnboundedClamp.ts" time="0.000" line="133" col="6">
        </testcase>
        <testcase name="No activation produces magnitudes like 1e63" classname="./test/methods/activations/UnboundedClamp.ts" time="0.000" line="147" col="6">
        </testcase>
    </testsuite>
    <testsuite name="./test/methods/activations/VanishingGradientError.ts" tests="13" disabled="0" errors="0" failures="0">
        <testcase name="Mish: calculateError uses fallback at x = -10 (zero derivative)" classname="./test/methods/activations/VanishingGradientError.ts" time="0.001" line="41" col="6">
        </testcase>
        <testcase name="Mish: calculateError uses fallback at x = -20 (zero derivative)" classname="./test/methods/activations/VanishingGradientError.ts" time="0.000" line="58" col="6">
        </testcase>
        <testcase name="Swish: calculateError uses fallback at x = -10 (vanishing derivative)" classname="./test/methods/activations/VanishingGradientError.ts" time="0.000" line="76" col="6">
        </testcase>
        <testcase name="Swish: calculateError uses fallback at x = -20 (vanishing derivative)" classname="./test/methods/activations/VanishingGradientError.ts" time="0.000" line="92" col="6">
        </testcase>
        <testcase name="GELU: calculateError uses fallback at x = -5 (vanishing derivative)" classname="./test/methods/activations/VanishingGradientError.ts" time="0.000" line="110" col="6">
        </testcase>
        <testcase name="GELU: calculateError uses fallback at x = -10 (zero derivative)" classname="./test/methods/activations/VanishingGradientError.ts" time="0.000" line="126" col="6">
        </testcase>
        <testcase name="ELU: calculateError uses fallback at x = -50 (zero derivative)" classname="./test/methods/activations/VanishingGradientError.ts" time="0.000" line="144" col="6">
        </testcase>
        <testcase name="SELU: calculateError uses fallback at x = -50 (near-zero derivative)" classname="./test/methods/activations/VanishingGradientError.ts" time="0.000" line="162" col="6">
        </testcase>
        <testcase name="Mish: calculateError still works in normal region" classname="./test/methods/activations/VanishingGradientError.ts" time="0.000" line="180" col="6">
        </testcase>
        <testcase name="Swish: calculateError still works in normal region" classname="./test/methods/activations/VanishingGradientError.ts" time="0.000" line="199" col="6">
        </testcase>
        <testcase name="GELU: calculateError still works in normal region" classname="./test/methods/activations/VanishingGradientError.ts" time="0.000" line="215" col="6">
        </testcase>
        <testcase name="ELU: calculateError still works in normal region" classname="./test/methods/activations/VanishingGradientError.ts" time="0.000" line="231" col="6">
        </testcase>
        <testcase name="SELU: calculateError still works in normal region" classname="./test/methods/activations/VanishingGradientError.ts" time="0.000" line="247" col="6">
        </testcase>
    </testsuite>
    <testsuite name="./test/methods/activations/unSquash.ts" tests="11" disabled="0" errors="0" failures="0">
        <testcase name="Mish" classname="./test/methods/activations/unSquash.ts" time="0.000" line="150" col="6">
        </testcase>
        <testcase name="STEP unSquash" classname="./test/methods/activations/unSquash.ts" time="0.000" line="159" col="6">
        </testcase>
        <testcase name="SELU" classname="./test/methods/activations/unSquash.ts" time="0.000" line="170" col="6">
        </testcase>
        <testcase name="BIPOLAR_SIGMOID" classname="./test/methods/activations/unSquash.ts" time="0.002" line="179" col="6">
        </testcase>
        <testcase name="BIPOLAR" classname="./test/methods/activations/unSquash.ts" time="0.000" line="227" col="6">
        </testcase>
        <testcase name="ELU" classname="./test/methods/activations/unSquash.ts" time="0.000" line="245" col="6">
        </testcase>
        <testcase name="Cosine" classname="./test/methods/activations/unSquash.ts" time="0.000" line="259" col="6">
        </testcase>
        <testcase name="SOFTSIGN" classname="./test/methods/activations/unSquash.ts" time="0.000" line="273" col="6">
        </testcase>
        <testcase name="TANH" classname="./test/methods/activations/unSquash.ts" time="0.000" line="288" col="6">
        </testcase>
        <testcase name="Swish" classname="./test/methods/activations/unSquash.ts" time="0.000" line="303" col="6">
        </testcase>
        <testcase name="unSquash" classname="./test/methods/activations/unSquash.ts" time="0.111" line="318" col="6">
        </testcase>
    </testsuite>
    <testsuite name="./test/multithreading/MockWorker.ts" tests="9" disabled="0" errors="0" failures="0">
        <testcase name="MockWorker: processes echo message and returns response" classname="./test/multithreading/MockWorker.ts" time="0.004" line="34" col="6">
        </testcase>
        <testcase name="MockWorker: validates structured clone safety on postMessage" classname="./test/multithreading/MockWorker.ts" time="0.001" line="47" col="6">
        </testcase>
        <testcase name="MockWorker: terminate cleans up resources" classname="./test/multithreading/MockWorker.ts" time="0.000" line="63" col="6">
        </testcase>
        <testcase name="MockWorker: handles multiple sequential messages" classname="./test/multithreading/MockWorker.ts" time="0.005" line="78" col="6">
        </testcase>
        <testcase name="MockWorker: error response for evaluate includes infinity error" classname="./test/multithreading/MockWorker.ts" time="0.003" line="99" col="6">
        </testcase>
        <testcase name="MockWorker: evaluate error response preserves error details" classname="./test/multithreading/MockWorker.ts" time="0.000" line="119" col="6">
        </testcase>
        <testcase name="MockWorker: train error response preserves error details" classname="./test/multithreading/MockWorker.ts" time="0.002" line="143" col="6">
        </testcase>
        <testcase name="MockWorker: discover error response preserves error details" classname="./test/multithreading/MockWorker.ts" time="0.000" line="165" col="6">
        </testcase>
        <testcase name="MockWorker: error response for breed includes success=false" classname="./test/multithreading/MockWorker.ts" time="0.007" line="186" col="6">
        </testcase>
    </testsuite>
    <testsuite name="./test/multithreading/WorkStealingQueue.ts" tests="21" disabled="0" errors="0" failures="0">
        <testcase name="WorkStealingQueue - pushBack adds task to end of queue" classname="./test/multithreading/WorkStealingQueue.ts" time="0.001" line="17" col="6">
        </testcase>
        <testcase name="WorkStealingQueue - popFront removes task from front of queue" classname="./test/multithreading/WorkStealingQueue.ts" time="0.000" line="27" col="6">
        </testcase>
        <testcase name="WorkStealingQueue - popBack removes task from back of queue (for stealing)" classname="./test/multithreading/WorkStealingQueue.ts" time="0.000" line="40" col="6">
        </testcase>
        <testcase name="WorkStealingQueue - popFront returns undefined for empty queue" classname="./test/multithreading/WorkStealingQueue.ts" time="0.000" line="55" col="6">
        </testcase>
        <testcase name="WorkStealingQueue - popBack returns undefined for empty queue" classname="./test/multithreading/WorkStealingQueue.ts" time="0.000" line="62" col="6">
        </testcase>
        <testcase name="WorkStealingQueue - isEmpty returns true for empty queue" classname="./test/multithreading/WorkStealingQueue.ts" time="0.000" line="69" col="6">
        </testcase>
        <testcase name="WorkStealingQueue - size returns correct count" classname="./test/multithreading/WorkStealingQueue.ts" time="0.000" line="75" col="6">
        </testcase>
        <testcase name="WorkStealingQueue - FIFO ordering for owner operations" classname="./test/multithreading/WorkStealingQueue.ts" time="0.000" line="93" col="6">
        </testcase>
        <testcase name="WorkStealingQueue - steal operation takes from opposite end" classname="./test/multithreading/WorkStealingQueue.ts" time="0.000" line="106" col="6">
        </testcase>
        <testcase name="WorkStealingQueue - clear empties the queue" classname="./test/multithreading/WorkStealingQueue.ts" time="0.000" line="125" col="6">
        </testcase>
        <testcase name="WorkStealingQueue - peek returns front task without removing" classname="./test/multithreading/WorkStealingQueue.ts" time="0.000" line="141" col="6">
        </testcase>
        <testcase name="WorkStealingQueue - peekBack returns back task without removing" classname="./test/multithreading/WorkStealingQueue.ts" time="0.000" line="152" col="6">
        </testcase>
        <testcase name="WorkStealingQueue - getEstimatedWorkload returns sum of estimated durations" classname="./test/multithreading/WorkStealingQueue.ts" time="0.000" line="164" col="6">
        </testcase>
        <testcase name="WorkStealingQueue - getEstimatedWorkload returns 0 for empty queue" classname="./test/multithreading/WorkStealingQueue.ts" time="0.000" line="177" col="6">
        </testcase>
        <testcase name="WorkStealingQueue - handles rapid push and pop operations" classname="./test/multithreading/WorkStealingQueue.ts" time="0.000" line="186" col="6">
        </testcase>
        <testcase name="WorkStealingQueue - maintains order with interleaved operations" classname="./test/multithreading/WorkStealingQueue.ts" time="0.000" line="202" col="6">
        </testcase>
        <testcase name="WorkStealingQueue - toArray returns tasks in order" classname="./test/multithreading/WorkStealingQueue.ts" time="0.000" line="218" col="6">
        </testcase>
        <testcase name="WorkStealingQueue - stealHalf takes half the tasks" classname="./test/multithreading/WorkStealingQueue.ts" time="0.000" line="235" col="6">
        </testcase>
        <testcase name="WorkStealingQueue - stealHalf with odd number rounds down" classname="./test/multithreading/WorkStealingQueue.ts" time="0.000" line="257" col="6">
        </testcase>
        <testcase name="WorkStealingQueue - stealHalf from empty queue returns empty array" classname="./test/multithreading/WorkStealingQueue.ts" time="0.000" line="272" col="6">
        </testcase>
        <testcase name="WorkStealingQueue - stealHalf from single item queue returns empty array" classname="./test/multithreading/WorkStealingQueue.ts" time="0.000" line="280" col="6">
        </testcase>
    </testsuite>
    <testsuite name="./test/multithreading/WasmActivationPayloadMissing.ts" tests="2" disabled="0" errors="0" failures="0">
        <testcase name="isWasmActivationPayloadAvailable reports availability for canonical location" classname="./test/multithreading/WasmActivationPayloadMissing.ts" time="0.001" line="14" col="6">
        </testcase>
        <testcase name="loadWasmActivationInitPayload matches isWasmActivationPayloadAvailable()" classname="./test/multithreading/WasmActivationPayloadMissing.ts" time="0.001" line="19" col="6">
        </testcase>
    </testsuite>
    <testsuite name="./test/multithreading/WorkerCacheConfiguration.ts" tests="7" disabled="0" errors="0" failures="0">
        <testcase name="configure-cache RequestData is structured-clone safe" classname="./test/multithreading/WorkerCacheConfiguration.ts" time="0.001" line="17" col="6">
        </testcase>
        <testcase name="request-cache-stats RequestData is structured-clone safe" classname="./test/multithreading/WorkerCacheConfiguration.ts" time="0.000" line="43" col="6">
        </testcase>
        <testcase name="WorkerProcessor handles configure-cache message" classname="./test/multithreading/WorkerCacheConfiguration.ts" time="0.000" line="57" col="6">
        </testcase>
        <testcase name="WorkerProcessor handles request-cache-stats message" classname="./test/multithreading/WorkerCacheConfiguration.ts" time="0.000" line="80" col="6">
        </testcase>
        <testcase name="WorkerProcessor configure-cache updates cache limits" classname="./test/multithreading/WorkerCacheConfiguration.ts" time="0.000" line="118" col="6">
        </testcase>
        <testcase name="WorkerProcessor configure-cache with partial config" classname="./test/multithreading/WorkerCacheConfiguration.ts" time="0.000" line="149" col="6">
        </testcase>
        <testcase name="initialise RequestData with wasmCache is structured-clone safe" classname="./test/multithreading/WorkerCacheConfiguration.ts" time="0.000" line="167" col="6">
        </testcase>
    </testsuite>
    <testsuite name="./test/multithreading/WorkerPayloadCloneability.ts" tests="5" disabled="0" errors="0" failures="0">
        <testcase name="NeatConfig with logger and rng cannot be structured-cloned" classname="./test/multithreading/WorkerPayloadCloneability.ts" time="0.006" line="28" col="6">
        </testcase>
        <testcase name="sanitised NeatConfig without logger/rng can be structured-cloned" classname="./test/multithreading/WorkerPayloadCloneability.ts" time="0.000" line="52" col="6">
        </testcase>
        <testcase name="discovery RequestData with sanitised config can be structured-cloned" classname="./test/multithreading/WorkerPayloadCloneability.ts" time="0.000" line="79" col="6">
        </testcase>
        <testcase name="discovery RequestData with unsanitised config fails structuredClone" classname="./test/multithreading/WorkerPayloadCloneability.ts" time="0.000" line="106" col="6">
        </testcase>
        <testcase name="all non-discover RequestData variants are structured-clone safe" classname="./test/multithreading/WorkerPayloadCloneability.ts" time="0.000" line="132" col="6">
        </testcase>
    </testsuite>
    <testsuite name="./test/multithreading/WorkerDirectObjectPassing.ts" tests="8" disabled="0" errors="0" failures="0">
        <testcase name="RequestData evaluate carries CreatureExport object, not string" classname="./test/multithreading/WorkerDirectObjectPassing.ts" time="0.010" line="33" col="6">
        </testcase>
        <testcase name="RequestData train carries CreatureExport object, not string" classname="./test/multithreading/WorkerDirectObjectPassing.ts" time="0.000" line="75" col="6">
        </testcase>
        <testcase name="RequestData breed carries CreatureExport objects, not strings" classname="./test/multithreading/WorkerDirectObjectPassing.ts" time="0.001" line="106" col="6">
        </testcase>
        <testcase name="RequestData discover carries CreatureExport object, not string" classname="./test/multithreading/WorkerDirectObjectPassing.ts" time="0.000" line="142" col="6">
        </testcase>
        <testcase name="ResponseData train carries CreatureExport objects, not strings" classname="./test/multithreading/WorkerDirectObjectPassing.ts" time="0.000" line="165" col="6">
        </testcase>
        <testcase name="ResponseData breed carries CreatureExport object, not string" classname="./test/multithreading/WorkerDirectObjectPassing.ts" time="0.000" line="201" col="6">
        </testcase>
        <testcase name="structured clone creates deep copy preventing shared reference mutation" classname="./test/multithreading/WorkerDirectObjectPassing.ts" time="0.000" line="233" col="6">
        </testcase>
        <testcase name="GC cleanup uses null instead of empty string for object fields" classname="./test/multithreading/WorkerDirectObjectPassing.ts" time="0.000" line="258" col="6">
        </testcase>
    </testsuite>
    <testsuite name="./test/multithreading/WorkerHandler.ts" tests="4" disabled="0" errors="0" failures="0">
        <testcase name="WorkerHandler: constructs in direct mode and initialises" classname="./test/multithreading/WorkerHandler.ts" time="0.005" line="10" col="6">
        </testcase>
        <testcase name="WorkerHandler: echo round-trip in direct mode" classname="./test/multithreading/WorkerHandler.ts" time="0.003" line="22" col="6">
        </testcase>
        <testcase name="WorkerHandler: reports busy during echo and idle after" classname="./test/multithreading/WorkerHandler.ts" time="0.003" line="38" col="6">
        </testcase>
        <testcase name="WorkerHandler: terminate cleans up without error" classname="./test/multithreading/WorkerHandler.ts" time="0.000" line="62" col="6">
        </testcase>
    </testsuite>
    <testsuite name="./test/multithreading/WorkerPool.ts" tests="26" disabled="0" errors="0" failures="0">
        <testcase name="WorkerPool - constructor initialises with workers" classname="./test/multithreading/WorkerPool.ts" time="0.001" line="34" col="6">
        </testcase>
        <testcase name="WorkerPool - selectWorker returns non-busy worker when available" classname="./test/multithreading/WorkerPool.ts" time="0.000" line="46" col="6">
        </testcase>
        <testcase name="WorkerPool - selectWorker returns worker with smallest queue when all busy" classname="./test/multithreading/WorkerPool.ts" time="0.000" line="63" col="6">
        </testcase>
        <testcase name="WorkerPool - queueTask adds task to worker&apos;s queue" classname="./test/multithreading/WorkerPool.ts" time="0.000" line="91" col="6">
        </testcase>
        <testcase name="WorkerPool - dequeueTask removes task from worker&apos;s queue" classname="./test/multithreading/WorkerPool.ts" time="0.000" line="102" col="6">
        </testcase>
        <testcase name="WorkerPool - stealWork takes tasks from busiest worker" classname="./test/multithreading/WorkerPool.ts" time="0.000" line="115" col="6">
        </testcase>
        <testcase name="WorkerPool - stealWork returns empty array when no work to steal" classname="./test/multithreading/WorkerPool.ts" time="0.000" line="140" col="6">
        </testcase>
        <testcase name="WorkerPool - getStats returns pool statistics" classname="./test/multithreading/WorkerPool.ts" time="0.000" line="154" col="6">
        </testcase>
        <testcase name="WorkerPool - getTotalQueuedTasks returns correct count" classname="./test/multithreading/WorkerPool.ts" time="0.000" line="179" col="6">
        </testcase>
        <testcase name="WorkerPool - clearQueue removes all tasks from a worker&apos;s queue" classname="./test/multithreading/WorkerPool.ts" time="0.000" line="194" col="6">
        </testcase>
        <testcase name="WorkerPool - clearAllQueues removes all tasks from all queues" classname="./test/multithreading/WorkerPool.ts" time="0.000" line="208" col="6">
        </testcase>
        <testcase name="WorkerPool - selectWorker with estimator prefers lower workload" classname="./test/multithreading/WorkerPool.ts" time="0.000" line="224" col="6">
        </testcase>
        <testcase name="WorkerPool - recordStealAttempt and getStealAttempts track stealing" classname="./test/multithreading/WorkerPool.ts" time="0.000" line="249" col="6">
        </testcase>
        <testcase name="WorkerPool - getStealSuccessRate returns correct ratio" classname="./test/multithreading/WorkerPool.ts" time="0.000" line="263" col="6">
        </testcase>
        <testcase name="WorkerPool - getStealSuccessRate returns 0 for no attempts" classname="./test/multithreading/WorkerPool.ts" time="0.000" line="275" col="6">
        </testcase>
        <testcase name="WorkerPool - findBusiestWorker returns worker with most queued tasks" classname="./test/multithreading/WorkerPool.ts" time="0.000" line="282" col="6">
        </testcase>
        <testcase name="WorkerPool - findBusiestWorker excludes specified worker" classname="./test/multithreading/WorkerPool.ts" time="0.000" line="302" col="6">
        </testcase>
        <testcase name="WorkerPool - findBusiestWorker returns undefined when all queues empty" classname="./test/multithreading/WorkerPool.ts" time="0.000" line="322" col="6">
        </testcase>
        <testcase name="WorkerPool - getActiveWorkerCount returns count of busy workers" classname="./test/multithreading/WorkerPool.ts" time="0.000" line="334" col="6">
        </testcase>
        <testcase name="WorkerPool - getActiveWorkerCount returns zero when all idle" classname="./test/multithreading/WorkerPool.ts" time="0.000" line="351" col="6">
        </testcase>
        <testcase name="WorkerPool - getActiveWorkerCount returns total when all busy" classname="./test/multithreading/WorkerPool.ts" time="0.000" line="362" col="6">
        </testcase>
        <testcase name="WorkerPool - getActiveWorkerCount consistent with getStats" classname="./test/multithreading/WorkerPool.ts" time="0.000" line="377" col="6">
        </testcase>
        <testcase name="WorkerPool - getIdleWorkers returns workers not busy and with empty queues" classname="./test/multithreading/WorkerPool.ts" time="0.000" line="392" col="6">
        </testcase>
        <testcase name="WorkerPool - getIdleWorkers returns empty array when all busy" classname="./test/multithreading/WorkerPool.ts" time="0.000" line="416" col="6">
        </testcase>
        <testcase name="WorkerPool - getIdleWorkers returns all workers when all idle" classname="./test/multithreading/WorkerPool.ts" time="0.000" line="430" col="6">
        </testcase>
        <testcase name="WorkerPool - balances load across workers when all busy" classname="./test/multithreading/WorkerPool.ts" time="0.000" line="443" col="6">
        </testcase>
    </testsuite>
    <testsuite name="./test/multithreading/WorkerProcessor.ts" tests="5" disabled="0" errors="0" failures="0">
        <testcase name="buildDiscoverResponsePayload: maps ID from result" classname="./test/multithreading/WorkerProcessor.ts" time="0.001" line="26" col="6">
        </testcase>
        <testcase name="buildDiscoverResponsePayload: omits undefined candidate arrays" classname="./test/multithreading/WorkerProcessor.ts" time="0.000" line="32" col="6">
        </testcase>
        <testcase name="buildDiscoverResponsePayload: copies arrays to break reference sharing" classname="./test/multithreading/WorkerProcessor.ts" time="0.000" line="45" col="6">
        </testcase>
        <testcase name="clearDiscoverResultForGC: nullifies populated arrays" classname="./test/multithreading/WorkerProcessor.ts" time="0.000" line="68" col="6">
        </testcase>
        <testcase name="clearDiscoverResultForGC: skips undefined arrays safely" classname="./test/multithreading/WorkerProcessor.ts" time="0.000" line="91" col="6">
        </testcase>
    </testsuite>
    <testsuite name="./test/mutate/AbstractMutationOperator.ts" tests="8" disabled="0" errors="0" failures="0">
        <testcase name="AbstractMutationOperator stores creature reference" classname="./test/mutate/AbstractMutationOperator.ts" time="0.003" line="67" col="6">
        </testcase>
        <testcase name="AbstractMutationOperator.mutate delegates to performMutation" classname="./test/mutate/AbstractMutationOperator.ts" time="0.000" line="73" col="6">
        </testcase>
        <testcase name="AbstractMutationOperator.mutate returns false when performMutation returns false" classname="./test/mutate/AbstractMutationOperator.ts" time="0.000" line="82" col="6">
        </testcase>
        <testcase name="selectRandomHiddenNeuronIndex returns valid hidden neuron index" classname="./test/mutate/AbstractMutationOperator.ts" time="0.000" line="90" col="6">
        </testcase>
        <testcase name="selectRandomHiddenNeuronIndex respects focus list" classname="./test/mutate/AbstractMutationOperator.ts" time="0.000" line="109" col="6">
        </testcase>
        <testcase name="selectRandomNonInputNeuronIndex returns valid non-input index" classname="./test/mutate/AbstractMutationOperator.ts" time="0.000" line="127" col="6">
        </testcase>
        <testcase name="selectRandomNonInputNeuronIndex skips constant neurons" classname="./test/mutate/AbstractMutationOperator.ts" time="0.000" line="141" col="6">
        </testcase>
        <testcase name="selectRandomHiddenNeuronIndex returns -1 for creature with no hidden neurons" classname="./test/mutate/AbstractMutationOperator.ts" time="0.000" line="170" col="6">
        </testcase>
    </testsuite>
    <testsuite name="./test/mutate/AddBackCon.ts" tests="6" disabled="0" errors="0" failures="0">
        <testcase name="AddBackCon - should return false when no back connections available" classname="./test/mutate/AddBackCon.ts" time="0.004" line="8" col="6">
        </testcase>
        <testcase name="AddBackCon - should add a back connection between hidden neurons" classname="./test/mutate/AddBackCon.ts" time="0.001" line="30" col="6">
        </testcase>
        <testcase name="AddBackCon - should delete memetic property after mutation" classname="./test/mutate/AddBackCon.ts" time="0.000" line="77" col="6">
        </testcase>
        <testcase name="AddBackCon - should skip constant neurons" classname="./test/mutate/AddBackCon.ts" time="0.000" line="118" col="6">
        </testcase>
        <testcase name="AddBackCon - stress test produces valid creatures" classname="./test/mutate/AddBackCon.ts" time="0.010" line="143" col="6">
        </testcase>
        <testcase name="AddBackCon - focus list limits available connections" classname="./test/mutate/AddBackCon.ts" time="0.000" line="173" col="6">
        </testcase>
    </testsuite>
    <testsuite name="./test/mutate/AddConnectionBehavioural.ts" tests="7" disabled="0" errors="0" failures="0">
        <testcase name="AddConnection: creates a new valid connection" classname="./test/mutate/AddConnectionBehavioural.ts" time="0.005" line="68" col="6">
        </testcase>
        <testcase name="AddConnection: new synapse has a finite weight" classname="./test/mutate/AddConnectionBehavioural.ts" time="0.000" line="90" col="6">
        </testcase>
        <testcase name="AddConnection: returns false when fully connected" classname="./test/mutate/AddConnectionBehavioural.ts" time="0.001" line="119" col="6">
        </testcase>
        <testcase name="AddConnection: respects forward-only constraint" classname="./test/mutate/AddConnectionBehavioural.ts" time="0.006" line="133" col="6">
        </testcase>
        <testcase name="AddConnection: creature remains valid after multiple additions" classname="./test/mutate/AddConnectionBehavioural.ts" time="0.009" line="185" col="6">
        </testcase>
        <testcase name="AddConnection: clears memetic flag on successful mutation" classname="./test/mutate/AddConnectionBehavioural.ts" time="0.000" line="203" col="6">
        </testcase>
        <testcase name="AddConnection: can use weightScale option" classname="./test/mutate/AddConnectionBehavioural.ts" time="0.000" line="224" col="6">
        </testcase>
    </testsuite>
    <testsuite name="./test/mutate/AddConnectionForwardOnlyRepair.ts" tests="1" disabled="0" errors="0" failures="0">
        <testcase name="Mutator: forwardOnly repairs self/back connections" classname="./test/mutate/AddConnectionForwardOnlyRepair.ts" time="0.019" line="17" col="6">
        </testcase>
    </testsuite>
    <testsuite name="./test/mutate/AddConnectionNoRedundantValidation.ts" tests="1" disabled="0" errors="0" failures="0">
        <testcase name="Mutator: full mutation batch produces valid forward-only creatures" classname="./test/mutate/AddConnectionNoRedundantValidation.ts" time="0.077" line="12" col="6">
        </testcase>
    </testsuite>
    <testsuite name="./test/mutate/AddNeuron.ts" tests="8" disabled="0" errors="0" failures="0">
        <testcase name="AddNeuron - basic mutation should add a neuron" classname="./test/mutate/AddNeuron.ts" time="0.010" line="8" col="6">
        </testcase>
        <testcase name="AddNeuron - should handle focus list" classname="./test/mutate/AddNeuron.ts" time="0.009" line="47" col="6">
        </testcase>
        <testcase name="AddNeuron - should skip constant neurons when inserting" classname="./test/mutate/AddNeuron.ts" time="0.012" line="86" col="6">
        </testcase>
        <testcase name="AddNeuron - should handle minimal network" classname="./test/mutate/AddNeuron.ts" time="0.000" line="135" col="6">
        </testcase>
        <testcase name="AddNeuron - stress test with multiple neurons" classname="./test/mutate/AddNeuron.ts" time="0.027" line="167" col="6">
        </testcase>
        <testcase name="AddNeuron - should create outward connection when needed" classname="./test/mutate/AddNeuron.ts" time="0.004" line="213" col="6">
        </testcase>
        <testcase name="AddNeuron - should handle network with many constant neurons" classname="./test/mutate/AddNeuron.ts" time="0.007" line="263" col="6">
        </testcase>
        <testcase name="AddNeuron - should not connect to constant neurons" classname="./test/mutate/AddNeuron.ts" time="0.004" line="295" col="6">
        </testcase>
    </testsuite>
    <testsuite name="./test/mutate/AddNeuronFocusSelection.ts" tests="8" disabled="0" errors="0" failures="0">
        <testcase name="AddNeuron - focus selection should work with restrictive focus list" classname="./test/mutate/AddNeuronFocusSelection.ts" time="0.019" line="121" col="6">
        </testcase>
        <testcase name="AddNeuron - downstream neurons are transitively in focus" classname="./test/mutate/AddNeuronFocusSelection.ts" time="0.000" line="150" col="6">
        </testcase>
        <testcase name="AddNeuron - should work without focus list (all neurons valid)" classname="./test/mutate/AddNeuronFocusSelection.ts" time="0.007" line="180" col="6">
        </testcase>
        <testcase name="AddNeuron - focus selection should fall back when focus is too restrictive" classname="./test/mutate/AddNeuronFocusSelection.ts" time="0.010" line="202" col="6">
        </testcase>
        <testcase name="AddNeuron - focus selection with empty focus list should use all neurons" classname="./test/mutate/AddNeuronFocusSelection.ts" time="0.006" line="231" col="6">
        </testcase>
        <testcase name="AddNeuron - stress test focus selection with large network" classname="./test/mutate/AddNeuronFocusSelection.ts" time="0.041" line="255" col="6">
        </testcase>
        <testcase name="AddNeuron - connections should respect focus when possible" classname="./test/mutate/AddNeuronFocusSelection.ts" time="0.006" line="284" col="6">
        </testcase>
        <testcase name="AddNeuron - multiple sequential mutations with focus should remain valid" classname="./test/mutate/AddNeuronFocusSelection.ts" time="0.004" line="343" col="6">
        </testcase>
    </testsuite>
    <testsuite name="./test/mutate/AddNeuronRecurrentAllowed.ts" tests="1" disabled="0" errors="0" failures="0">
        <testcase name="AddNeuron: recurring targets are allowed when creature is not forward-only" classname="./test/mutate/AddNeuronRecurrentAllowed.ts" time="0.010" line="9" col="6">
        </testcase>
    </testsuite>
    <testsuite name="./test/mutate/AddNodeOutwardConnections.ts" tests="1" disabled="0" errors="0" failures="0">
        <testcase name="IF hidden neuron keeps an outward connection after fix" classname="./test/mutate/AddNodeOutwardConnections.ts" time="0.013" line="73" col="6">
        </testcase>
    </testsuite>
    <testsuite name="./test/mutate/AddSelfCon.ts" tests="7" disabled="0" errors="0" failures="0">
        <testcase name="AddSelfCon - should add self-connection to hidden neuron" classname="./test/mutate/AddSelfCon.ts" time="0.004" line="8" col="6">
        </testcase>
        <testcase name="AddSelfCon - should return false when all hidden neurons already have self-connections" classname="./test/mutate/AddSelfCon.ts" time="0.000" line="42" col="6">
        </testcase>
        <testcase name="AddSelfCon - should skip constant neurons" classname="./test/mutate/AddSelfCon.ts" time="0.000" line="69" col="6">
        </testcase>
        <testcase name="AddSelfCon - should not add self-connection to output neurons" classname="./test/mutate/AddSelfCon.ts" time="0.000" line="92" col="6">
        </testcase>
        <testcase name="AddSelfCon - should delete memetic property after mutation" classname="./test/mutate/AddSelfCon.ts" time="0.000" line="114" col="6">
        </testcase>
        <testcase name="AddSelfCon - stress test produces valid creatures" classname="./test/mutate/AddSelfCon.ts" time="0.007" line="140" col="6">
        </testcase>
        <testcase name="AddSelfCon - focus list limits available neurons" classname="./test/mutate/AddSelfCon.ts" time="0.000" line="167" col="6">
        </testcase>
    </testsuite>
    <testsuite name="./test/mutate/AvailableConnectionsCache.ts" tests="7" disabled="0" errors="0" failures="0">
        <testcase name="AvailableConnections: available connections update after connect()" classname="./test/mutate/AvailableConnectionsCache.ts" time="0.005" line="15" col="6">
        </testcase>
        <testcase name="AvailableConnections: available connections update after disconnect()" classname="./test/mutate/AvailableConnectionsCache.ts" time="0.000" line="55" col="6">
        </testcase>
        <testcase name="AvailableConnections: tracks correctly through multiple mutations" classname="./test/mutate/AvailableConnectionsCache.ts" time="0.009" line="96" col="6">
        </testcase>
        <testcase name="AvailableConnections: focus list filters available connections" classname="./test/mutate/AvailableConnectionsCache.ts" time="0.001" line="136" col="6">
        </testcase>
        <testcase name="AvailableConnections: returns valid connections after disconnect and fix" classname="./test/mutate/AvailableConnectionsCache.ts" time="0.002" line="190" col="6">
        </testcase>
        <testcase name="AvailableConnections: excludes constant neurons from targets" classname="./test/mutate/AvailableConnectionsCache.ts" time="0.000" line="249" col="6">
        </testcase>
        <testcase name="AvailableConnections: more connections available after AddNeuron mutation" classname="./test/mutate/AvailableConnectionsCache.ts" time="0.000" line="282" col="6">
        </testcase>
    </testsuite>
    <testsuite name="./test/mutate/BatchSynapseOperations.ts" tests="16" disabled="0" errors="0" failures="0">
        <testcase name="connectBatch(): adds multiple synapses in a single operation" classname="./test/mutate/BatchSynapseOperations.ts" time="0.006" line="59" col="6">
        </testcase>
        <testcase name="connectBatch(): maintains correct synapse ordering" classname="./test/mutate/BatchSynapseOperations.ts" time="0.000" line="106" col="6">
        </testcase>
        <testcase name="connectBatch(): handles empty array" classname="./test/mutate/BatchSynapseOperations.ts" time="0.005" line="151" col="6">
        </testcase>
        <testcase name="connectBatch(): handles single connection" classname="./test/mutate/BatchSynapseOperations.ts" time="0.000" line="161" col="6">
        </testcase>
        <testcase name="connectBatch(): supports synapse types" classname="./test/mutate/BatchSynapseOperations.ts" time="0.000" line="186" col="6">
        </testcase>
        <testcase name="connectBatch(): throws on duplicate connections within batch" classname="./test/mutate/BatchSynapseOperations.ts" time="0.001" line="214" col="6">
        </testcase>
        <testcase name="connectBatch(): throws on existing connections" classname="./test/mutate/BatchSynapseOperations.ts" time="0.000" line="243" col="6">
        </testcase>
        <testcase name="disconnectBatch(): removes multiple synapses in a single operation" classname="./test/mutate/BatchSynapseOperations.ts" time="0.000" line="277" col="6">
        </testcase>
        <testcase name="disconnectBatch(): maintains correct synapse ordering" classname="./test/mutate/BatchSynapseOperations.ts" time="0.000" line="320" col="6">
        </testcase>
        <testcase name="disconnectBatch(): handles empty array" classname="./test/mutate/BatchSynapseOperations.ts" time="0.000" line="362" col="6">
        </testcase>
        <testcase name="disconnectBatch(): handles single disconnection" classname="./test/mutate/BatchSynapseOperations.ts" time="0.000" line="371" col="6">
        </testcase>
        <testcase name="disconnectBatch(): silently ignores non-existent connections" classname="./test/mutate/BatchSynapseOperations.ts" time="0.000" line="398" col="6">
        </testcase>
        <testcase name="disconnectBatch(): handles mix of existent and non-existent connections" classname="./test/mutate/BatchSynapseOperations.ts" time="0.000" line="425" col="6">
        </testcase>
        <testcase name="connectBatch() + disconnectBatch(): work together correctly" classname="./test/mutate/BatchSynapseOperations.ts" time="0.000" line="461" col="6">
        </testcase>
        <testcase name="batch operations: produce same result as individual operations" classname="./test/mutate/BatchSynapseOperations.ts" time="0.000" line="506" col="6">
        </testcase>
        <testcase name="batch operations: large creature stress test" classname="./test/mutate/BatchSynapseOperations.ts" time="0.031" line="555" col="6">
        </testcase>
    </testsuite>
    <testsuite name="./test/mutate/ConnectSplice.ts" tests="5" disabled="0" errors="0" failures="0">
        <testcase name="connect(): maintains correct synapse ordering after multiple insertions" classname="./test/mutate/ConnectSplice.ts" time="0.004" line="34" col="6">
        </testcase>
        <testcase name="connect(): correctly inserts at beginning of synapses array" classname="./test/mutate/ConnectSplice.ts" time="0.000" line="93" col="6">
        </testcase>
        <testcase name="connect(): correctly inserts and maintains order with higher from-index" classname="./test/mutate/ConnectSplice.ts" time="0.000" line="124" col="6">
        </testcase>
        <testcase name="connect(): correctly inserts in middle of synapses array" classname="./test/mutate/ConnectSplice.ts" time="0.000" line="161" col="6">
        </testcase>
        <testcase name="connect(): stress test with sequential insertions" classname="./test/mutate/ConnectSplice.ts" time="0.000" line="217" col="6">
        </testcase>
    </testsuite>
    <testsuite name="./test/mutate/ModBias.ts" tests="5" disabled="0" errors="0" failures="0">
        <testcase name="ModBias - should modify bias of a neuron" classname="./test/mutate/ModBias.ts" time="0.005" line="8" col="6">
        </testcase>
        <testcase name="ModBias - should skip constant neurons" classname="./test/mutate/ModBias.ts" time="0.010" line="55" col="6">
        </testcase>
        <testcase name="ModBias - stress test produces valid creatures" classname="./test/mutate/ModBias.ts" time="0.014" line="93" col="6">
        </testcase>
        <testcase name="ModBias - focus list targets specific neurons" classname="./test/mutate/ModBias.ts" time="0.000" line="121" col="6">
        </testcase>
        <testcase name="ModBias - handles creature with only output neurons" classname="./test/mutate/ModBias.ts" time="0.000" line="161" col="6">
        </testcase>
    </testsuite>
    <testsuite name="./test/mutate/ModBiasRegularisation.ts" tests="11" disabled="0" errors="0" failures="0">
        <testcase name="ModBias - respects maxAbsoluteBias hard limit" classname="./test/mutate/ModBiasRegularisation.ts" time="0.010" line="43" col="6">
        </testcase>
        <testcase name="ModBias - respects maxBiasChange hard limit" classname="./test/mutate/ModBiasRegularisation.ts" time="0.001" line="66" col="6">
        </testcase>
        <testcase name="ModBias - L2 regularisation biases towards smaller biases" classname="./test/mutate/ModBiasRegularisation.ts" time="0.003" line="93" col="6">
        </testcase>
        <testcase name="ModBias - preferSmallChanges reduces mutation magnitude" classname="./test/mutate/ModBiasRegularisation.ts" time="0.004" line="134" col="6">
        </testcase>
        <testcase name="ModBias - regularisation can be disabled" classname="./test/mutate/ModBiasRegularisation.ts" time="0.000" line="203" col="6">
        </testcase>
        <testcase name="ModBias - default config provides sensible regularisation" classname="./test/mutate/ModBiasRegularisation.ts" time="0.003" line="236" col="6">
        </testcase>
        <testcase name="ModBias - works without config (backward compatible)" classname="./test/mutate/ModBiasRegularisation.ts" time="0.000" line="257" col="6">
        </testcase>
        <testcase name="ModBias - clamps extreme initial biases to maxAbsoluteBias" classname="./test/mutate/ModBiasRegularisation.ts" time="0.000" line="271" col="6">
        </testcase>
        <testcase name="ModBias - handles negative biases correctly with regularisation" classname="./test/mutate/ModBiasRegularisation.ts" time="0.001" line="293" col="6">
        </testcase>
        <testcase name="ModBias - skips constant neurons and mutates output neuron (with config)" classname="./test/mutate/ModBiasRegularisation.ts" time="0.001" line="324" col="6">
        </testcase>
        <testcase name="ModBias - focus list works with regularisation" classname="./test/mutate/ModBiasRegularisation.ts" time="0.001" line="368" col="6">
        </testcase>
    </testsuite>
    <testsuite name="./test/mutate/ModSquashBehavioural.ts" tests="8" disabled="0" errors="0" failures="0">
        <testcase name="ModSquash: creature remains valid after squash mutation" classname="./test/mutate/ModSquashBehavioural.ts" time="0.010" line="72" col="6">
        </testcase>
        <testcase name="ModSquash: squash function actually changes" classname="./test/mutate/ModSquashBehavioural.ts" time="0.006" line="84" col="6">
        </testcase>
        <testcase name="ModSquash: assigned squash is always a valid activation function" classname="./test/mutate/ModSquashBehavioural.ts" time="0.007" line="110" col="6">
        </testcase>
        <testcase name="ModSquash: can be exported and re-imported after mutation" classname="./test/mutate/ModSquashBehavioural.ts" time="0.001" line="133" col="6">
        </testcase>
        <testcase name="ModSquash: clears memetic flag when squash changes" classname="./test/mutate/ModSquashBehavioural.ts" time="0.000" line="150" col="6">
        </testcase>
        <testcase name="ModSquash: produces diverse squash assignments over many mutations" classname="./test/mutate/ModSquashBehavioural.ts" time="0.008" line="172" col="6">
        </testcase>
        <testcase name="ModSquash: input neurons are never modified" classname="./test/mutate/ModSquashBehavioural.ts" time="0.005" line="198" col="6">
        </testcase>
        <testcase name="ModSquash: modifies non-constant neurons when constant neurons are present" classname="./test/mutate/ModSquashBehavioural.ts" time="0.004" line="225" col="6">
        </testcase>
    </testsuite>
    <testsuite name="./test/mutate/ModSquashFocusRelaxation.ts" tests="3" disabled="0" errors="0" failures="0">
        <testcase name="ModSquash - relaxes focus list after several failed attempts" classname="./test/mutate/ModSquashFocusRelaxation.ts" time="0.007" line="11" col="6">
        </testcase>
        <testcase name="ModSquash - prefers focused neurons when available" classname="./test/mutate/ModSquashFocusRelaxation.ts" time="0.000" line="53" col="6">
        </testcase>
        <testcase name="ModSquash - skips constant neurons" classname="./test/mutate/ModSquashFocusRelaxation.ts" time="0.010" line="89" col="6">
        </testcase>
    </testsuite>
    <testsuite name="./test/mutate/ModWeightBehavioural.ts" tests="5" disabled="0" errors="0" failures="0">
        <testcase name="ModWeight: successfully modifies a weight" classname="./test/mutate/ModWeightBehavioural.ts" time="0.003" line="50" col="6">
        </testcase>
        <testcase name="ModWeight: all weights remain finite after mutation" classname="./test/mutate/ModWeightBehavioural.ts" time="0.002" line="65" col="6">
        </testcase>
        <testcase name="ModWeight: creature remains valid after repeated mutations" classname="./test/mutate/ModWeightBehavioural.ts" time="0.002" line="80" col="6">
        </testcase>
        <testcase name="ModWeight: returns false when creature has no synapses" classname="./test/mutate/ModWeightBehavioural.ts" time="0.000" line="92" col="6">
        </testcase>
        <testcase name="ModWeight: weight actually changes value (not a no-op)" classname="./test/mutate/ModWeightBehavioural.ts" time="0.000" line="109" col="6">
        </testcase>
    </testsuite>
    <testsuite name="./test/mutate/ModWeightFocus.ts" tests="4" disabled="0" errors="0" failures="0">
        <testcase name="ModWeight - mutate correctly modifies weight with focus list" classname="./test/mutate/ModWeightFocus.ts" time="0.004" line="13" col="6">
        </testcase>
        <testcase name="ModWeight - focus list with no connected synapses returns false" classname="./test/mutate/ModWeightFocus.ts" time="0.000" line="85" col="6">
        </testcase>
        <testcase name="ModWeight - empty focus list treated as no focus" classname="./test/mutate/ModWeightFocus.ts" time="0.000" line="116" col="6">
        </testcase>
        <testcase name="ModWeight - collects synapses from both inward and outward connections" classname="./test/mutate/ModWeightFocus.ts" time="0.011" line="142" col="6">
        </testcase>
    </testsuite>
    <testsuite name="./test/mutate/ModWeightFocusFiltering.ts" tests="3" disabled="0" errors="0" failures="0">
        <testcase name="ModWeight - frozen synapses excluded from focus filtering" classname="./test/mutate/ModWeightFocusFiltering.ts" time="0.015" line="14" col="6">
        </testcase>
        <testcase name="ModWeight - deduplication when focus neurons share synapses" classname="./test/mutate/ModWeightFocusFiltering.ts" time="0.025" line="83" col="6">
        </testcase>
        <testcase name="ModWeight - frozen synapses excluded even with shared focus" classname="./test/mutate/ModWeightFocusFiltering.ts" time="0.004" line="178" col="6">
        </testcase>
    </testsuite>
    <testsuite name="./test/mutate/ModWeightNoOpRetry.ts" tests="4" disabled="0" errors="0" failures="0">
        <testcase name="ModWeight: returns false cleanly when maxWeightChange is zero (all attempts are no-ops)" classname="./test/mutate/ModWeightNoOpRetry.ts" time="0.005" line="55" col="6">
        </testcase>
        <testcase name="ModWeight: retries past a no-op synapse to find a changeable one" classname="./test/mutate/ModWeightNoOpRetry.ts" time="0.002" line="81" col="6">
        </testcase>
        <testcase name="ModWeight: returns false cleanly when creature has no mutable synapses" classname="./test/mutate/ModWeightNoOpRetry.ts" time="0.000" line="137" col="6">
        </testcase>
        <testcase name="ModWeight: never reports changed=true without actually changing a weight" classname="./test/mutate/ModWeightNoOpRetry.ts" time="0.004" line="154" col="6">
        </testcase>
    </testsuite>
    <testsuite name="./test/mutate/ModWeightRegularisation.ts" tests="11" disabled="0" errors="0" failures="0">
        <testcase name="ModWeight - respects maxAbsoluteWeight hard limit" classname="./test/mutate/ModWeightRegularisation.ts" time="0.008" line="43" col="6">
        </testcase>
        <testcase name="ModWeight - respects maxWeightChange hard limit" classname="./test/mutate/ModWeightRegularisation.ts" time="0.001" line="66" col="6">
        </testcase>
        <testcase name="ModWeight - L2 regularisation biases towards smaller weights" classname="./test/mutate/ModWeightRegularisation.ts" time="0.002" line="93" col="6">
        </testcase>
        <testcase name="ModWeight - preferSmallChanges reduces mutation magnitude" classname="./test/mutate/ModWeightRegularisation.ts" time="0.004" line="140" col="6">
        </testcase>
        <testcase name="ModWeight - regularisation can be disabled" classname="./test/mutate/ModWeightRegularisation.ts" time="0.000" line="212" col="6">
        </testcase>
        <testcase name="ModWeight - default config provides sensible regularisation" classname="./test/mutate/ModWeightRegularisation.ts" time="0.002" line="244" col="6">
        </testcase>
        <testcase name="ModWeight - works without config (backward compatible)" classname="./test/mutate/ModWeightRegularisation.ts" time="0.000" line="268" col="6">
        </testcase>
        <testcase name="ModWeight - clamps extreme initial weights to maxAbsoluteWeight" classname="./test/mutate/ModWeightRegularisation.ts" time="0.000" line="282" col="6">
        </testcase>
        <testcase name="ModWeight - handles negative weights correctly with regularisation" classname="./test/mutate/ModWeightRegularisation.ts" time="0.001" line="304" col="6">
        </testcase>
        <testcase name="ModWeight - focus list works with regularisation" classname="./test/mutate/ModWeightRegularisation.ts" time="0.001" line="335" col="6">
        </testcase>
        <testcase name="ModWeight - returns false when no synapses exist (with config)" classname="./test/mutate/ModWeightRegularisation.ts" time="0.000" line="394" col="6">
        </testcase>
    </testsuite>
    <testsuite name="./test/mutate/MutatorDoesNotCorruptForwardOnlyFourX.ts" tests="1" disabled="0" errors="0" failures="0">
        <testcase name="Mutator: selectMutationMethod must not infinite-loop when only disallowed mutations are configured" classname="./test/mutate/MutatorDoesNotCorruptForwardOnlyFourX.ts" time="0.012" line="6" col="6">
        </testcase>
    </testsuite>
    <testsuite name="./test/mutate/MutatorFixBug.ts" tests="1" disabled="0" errors="0" failures="0">
        <testcase name="mutateCreature should return false when mutation fails even if fix() cleans up" classname="./test/mutate/MutatorFixBug.ts" time="0.014" line="14" col="6">
        </testcase>
    </testsuite>
    <testsuite name="./test/mutate/MutatorRepairsForwardOnlyFourXCorruption.ts" tests="2" disabled="0" errors="0" failures="0">
        <testcase name="Mutator: forward-only 4.x repairs recurrent synapses via fix then validate" classname="./test/mutate/MutatorRepairsForwardOnlyFourXCorruption.ts" time="0.017" line="21" col="6">
        </testcase>
        <testcase name="AddConnection: forward-only throws if neuron.index fields are inconsistent" classname="./test/mutate/MutatorRepairsForwardOnlyFourXCorruption.ts" time="0.001" line="53" col="6">
        </testcase>
    </testsuite>
    <testsuite name="./test/mutate/ProactiveWeightBiasClamp.ts" tests="4" disabled="0" errors="0" failures="0">
        <testcase name="ModWeight proactively clamps when maxAbsoluteWeight is disabled (Infinity)" classname="./test/mutate/ProactiveWeightBiasClamp.ts" time="0.006" line="79" col="6">
        </testcase>
        <testcase name="ModBias proactively clamps when maxAbsoluteBias is disabled (Infinity)" classname="./test/mutate/ProactiveWeightBiasClamp.ts" time="0.002" line="123" col="6">
        </testcase>
        <testcase name="applyHebbianUpdate proactively clamps overflow produced by a large delta" classname="./test/mutate/ProactiveWeightBiasClamp.ts" time="0.000" line="160" col="6">
        </testcase>
        <testcase name="clampAndTrack is available for direct use by any new write site" classname="./test/mutate/ProactiveWeightBiasClamp.ts" time="0.000" line="199" col="6">
        </testcase>
    </testsuite>
    <testsuite name="./test/mutate/SubBackCon.ts" tests="8" disabled="0" errors="0" failures="0">
        <testcase name="SubBackCon - should return false when no eligible connections exist" classname="./test/mutate/SubBackCon.ts" time="0.005" line="8" col="6">
        </testcase>
        <testcase name="SubBackCon - should remove back connection successfully" classname="./test/mutate/SubBackCon.ts" time="0.001" line="48" col="6">
        </testcase>
        <testcase name="SubBackCon - should remove or convert disconnected hidden neuron after mutation" classname="./test/mutate/SubBackCon.ts" time="0.002" line="99" col="6">
        </testcase>
        <testcase name="SubBackCon - mutation always produces valid creature even when neuron loses inward connections" classname="./test/mutate/SubBackCon.ts" time="0.011" line="158" col="6">
        </testcase>
        <testcase name="SubBackCon - focus list restricts which connections can be removed" classname="./test/mutate/SubBackCon.ts" time="0.000" line="225" col="6">
        </testcase>
        <testcase name="SubBackCon - removes connection and reduces synapse count" classname="./test/mutate/SubBackCon.ts" time="0.000" line="283" col="6">
        </testcase>
        <testcase name="SubBackCon - stress test single mutation per creature" classname="./test/mutate/SubBackCon.ts" time="0.009" line="339" col="6">
        </testcase>
        <testcase name="SubBackCon - should delete memetic property after mutation" classname="./test/mutate/SubBackCon.ts" time="0.000" line="387" col="6">
        </testcase>
    </testsuite>
    <testsuite name="./test/mutate/SubConnection.ts" tests="6" disabled="0" errors="0" failures="0">
        <testcase name="SubConnection - should remove a forward connection" classname="./test/mutate/SubConnection.ts" time="0.005" line="8" col="6">
        </testcase>
        <testcase name="SubConnection - creature remains valid after removing from minimal network" classname="./test/mutate/SubConnection.ts" time="0.000" line="39" col="6">
        </testcase>
        <testcase name="SubConnection - orphan neurons are cleaned up after connection removal" classname="./test/mutate/SubConnection.ts" time="0.001" line="69" col="6">
        </testcase>
        <testcase name="SubConnection - stress test produces valid creatures" classname="./test/mutate/SubConnection.ts" time="0.007" line="118" col="6">
        </testcase>
        <testcase name="SubConnection - focus list limits removable connections" classname="./test/mutate/SubConnection.ts" time="0.000" line="147" col="6">
        </testcase>
        <testcase name="SubConnection - focus list returns false when no focused connections are eligible" classname="./test/mutate/SubConnection.ts" time="0.000" line="197" col="6">
        </testcase>
    </testsuite>
    <testsuite name="./test/mutate/SubNeuron.ts" tests="6" disabled="0" errors="0" failures="0">
        <testcase name="SubNeuron - should remove a hidden neuron" classname="./test/mutate/SubNeuron.ts" time="0.005" line="8" col="6">
        </testcase>
        <testcase name="SubNeuron - should return false when no removable neurons exist" classname="./test/mutate/SubNeuron.ts" time="0.000" line="37" col="6">
        </testcase>
        <testcase name="SubNeuron - should handle cascade removal of orphaned neurons" classname="./test/mutate/SubNeuron.ts" time="0.001" line="59" col="6">
        </testcase>
        <testcase name="SubNeuron - stress test produces valid creatures" classname="./test/mutate/SubNeuron.ts" time="0.008" line="109" col="6">
        </testcase>
        <testcase name="SubNeuron - focus list limits removable neurons" classname="./test/mutate/SubNeuron.ts" time="0.000" line="140" col="6">
        </testcase>
        <testcase name="SubNeuron - can remove constant neurons" classname="./test/mutate/SubNeuron.ts" time="0.000" line="188" col="6">
        </testcase>
    </testsuite>
    <testsuite name="./test/mutate/SubNeuronCascadeOrphan.ts" tests="3" disabled="0" errors="0" failures="0">
        <testcase name="SubNeuron - cascade cleanup handles multiple orphaned branches" classname="./test/mutate/SubNeuronCascadeOrphan.ts" time="0.037" line="21" col="6">
        </testcase>
        <testcase name="SubNeuron - all hidden/constant neurons have outward connections after mutation" classname="./test/mutate/SubNeuronCascadeOrphan.ts" time="0.008" line="78" col="6">
        </testcase>
        <testcase name="SubNeuron - deep cascade chain cleaned up correctly" classname="./test/mutate/SubNeuronCascadeOrphan.ts" time="0.009" line="125" col="6">
        </testcase>
    </testsuite>
    <testsuite name="./test/mutate/SubSelfCon.ts" tests="4" disabled="0" errors="0" failures="0">
        <testcase name="SubSelfCon - should not remove only outward connection from hidden neuron" classname="./test/mutate/SubSelfCon.ts" time="0.005" line="8" col="6">
        </testcase>
        <testcase name="SubSelfCon - should remove self-connection when neuron has other outward connections" classname="./test/mutate/SubSelfCon.ts" time="0.000" line="78" col="6">
        </testcase>
        <testcase name="SubSelfCon - should allow removal from output neurons" classname="./test/mutate/SubSelfCon.ts" time="0.000" line="145" col="6">
        </testcase>
        <testcase name="SubSelfCon - stress test with repeated mutations" classname="./test/mutate/SubSelfCon.ts" time="0.025" line="194" col="6">
        </testcase>
    </testsuite>
    <testsuite name="./test/mutate/SwapNeuronsBehavioural.ts" tests="8" disabled="0" errors="0" failures="0">
        <testcase name="SwapNeurons: creature remains valid after swap" classname="./test/mutate/SwapNeuronsBehavioural.ts" time="0.007" line="50" col="6">
        </testcase>
        <testcase name="SwapNeurons: swaps bias and squash between neurons" classname="./test/mutate/SwapNeuronsBehavioural.ts" time="0.001" line="62" col="6">
        </testcase>
        <testcase name="SwapNeurons: returns false with fewer than 2 hidden neurons" classname="./test/mutate/SwapNeuronsBehavioural.ts" time="0.000" line="98" col="6">
        </testcase>
        <testcase name="SwapNeurons: returns false with no hidden neurons" classname="./test/mutate/SwapNeuronsBehavioural.ts" time="0.000" line="132" col="6">
        </testcase>
        <testcase name="SwapNeurons: can be exported and re-imported after swap" classname="./test/mutate/SwapNeuronsBehavioural.ts" time="0.001" line="150" col="6">
        </testcase>
        <testcase name="SwapNeurons: recomputed UUID changes after successful swap" classname="./test/mutate/SwapNeuronsBehavioural.ts" time="0.005" line="166" col="6">
        </testcase>
        <testcase name="SwapNeurons: clears memetic flag on successful swap" classname="./test/mutate/SwapNeuronsBehavioural.ts" time="0.000" line="191" col="6">
        </testcase>
        <testcase name="SwapNeurons: works with many hidden neurons" classname="./test/mutate/SwapNeuronsBehavioural.ts" time="0.006" line="213" col="6">
        </testcase>
    </testsuite>
    <testsuite name="./test/mutate/TransitiveFocus.ts" tests="5" disabled="0" errors="0" failures="0">
        <testcase name="SubConnection should use transitive focus - synapse not directly involving focused neuron" classname="./test/mutate/TransitiveFocus.ts" time="0.004" line="42" col="6">
        </testcase>
        <testcase name="SubNeuron should use transitive focus - strict check within first 12 attempts" classname="./test/mutate/TransitiveFocus.ts" time="0.003" line="94" col="6">
        </testcase>
        <testcase name="SubConnection direct focus still works" classname="./test/mutate/TransitiveFocus.ts" time="0.000" line="142" col="6">
        </testcase>
        <testcase name="SubNeuron direct focus still works" classname="./test/mutate/TransitiveFocus.ts" time="0.000" line="165" col="6">
        </testcase>
        <testcase name="No focus list means all neurons/connections are in focus" classname="./test/mutate/TransitiveFocus.ts" time="0.000" line="188" col="6">
        </testcase>
    </testsuite>
    <testsuite name="./test/neuron/NeuronActivation.ts" tests="11" disabled="0" errors="0" failures="0">
        <testcase name="isNodeActivation - returns true when activateAndTrace is defined" classname="./test/neuron/NeuronActivation.ts" time="0.000" line="8" col="6">
        </testcase>
        <testcase name="isNodeActivation - returns false for plain ActivationInterface" classname="./test/neuron/NeuronActivation.ts" time="0.000" line="17" col="6">
        </testcase>
        <testcase name="hasApplyLearnings - returns true when applyLearnings is defined" classname="./test/neuron/NeuronActivation.ts" time="0.000" line="25" col="6">
        </testcase>
        <testcase name="hasApplyLearnings - returns false when applyLearnings is absent" classname="./test/neuron/NeuronActivation.ts" time="0.000" line="34" col="6">
        </testcase>
        <testcase name="isFixableActivation - returns true when fix is defined" classname="./test/neuron/NeuronActivation.ts" time="0.000" line="42" col="6">
        </testcase>
        <testcase name="isFixableActivation - returns false when fix is absent" classname="./test/neuron/NeuronActivation.ts" time="0.000" line="51" col="6">
        </testcase>
        <testcase name="isNodeActivation - returns false for undefined activateAndTrace" classname="./test/neuron/NeuronActivation.ts" time="0.000" line="59" col="6">
        </testcase>
        <testcase name="hasApplyLearnings - returns false for undefined applyLearnings" classname="./test/neuron/NeuronActivation.ts" time="0.000" line="68" col="6">
        </testcase>
        <testcase name="isFixableActivation - returns false for undefined fix" classname="./test/neuron/NeuronActivation.ts" time="0.000" line="77" col="6">
        </testcase>
        <testcase name="Type guards handle empty objects correctly" classname="./test/neuron/NeuronActivation.ts" time="0.000" line="86" col="6">
        </testcase>
        <testcase name="Type guards return correct types" classname="./test/neuron/NeuronActivation.ts" time="0.000" line="93" col="6">
        </testcase>
    </testsuite>
    <testsuite name="./test/neuron/NeuronSerialization.ts" tests="14" disabled="0" errors="0" failures="0">
        <testcase name="exportJSON - hidden neuron includes squash" classname="./test/neuron/NeuronSerialization.ts" time="0.003" line="31" col="6">
        </testcase>
        <testcase name="exportJSON - constant neuron excludes squash" classname="./test/neuron/NeuronSerialization.ts" time="0.000" line="43" col="6">
        </testcase>
        <testcase name="exportJSON - output neuron includes squash" classname="./test/neuron/NeuronSerialization.ts" time="0.000" line="55" col="6">
        </testcase>
        <testcase name="exportJSON - throws for input neurons" classname="./test/neuron/NeuronSerialization.ts" time="0.001" line="70" col="6">
        </testcase>
        <testcase name="exportJSON - preserves tags" classname="./test/neuron/NeuronSerialization.ts" time="0.000" line="81" col="6">
        </testcase>
        <testcase name="exportJSON - tags are a copy (not shared reference)" classname="./test/neuron/NeuronSerialization.ts" time="0.000" line="91" col="6">
        </testcase>
        <testcase name="internalJSON - input neuron has minimal fields" classname="./test/neuron/NeuronSerialization.ts" time="0.000" line="101" col="6">
        </testcase>
        <testcase name="internalJSON - hidden neuron has full fields" classname="./test/neuron/NeuronSerialization.ts" time="0.000" line="112" col="6">
        </testcase>
        <testcase name="internalJSON - constant neuron excludes squash" classname="./test/neuron/NeuronSerialization.ts" time="0.000" line="124" col="6">
        </testcase>
        <testcase name="fromJSON - creates neuron from export data" classname="./test/neuron/NeuronSerialization.ts" time="0.000" line="136" col="6">
        </testcase>
        <testcase name="fromJSON - generates ID when not provided" classname="./test/neuron/NeuronSerialization.ts" time="0.000" line="154" col="6">
        </testcase>
        <testcase name="fromJSON - defaults bias to 0 when falsy" classname="./test/neuron/NeuronSerialization.ts" time="0.000" line="165" col="6">
        </testcase>
        <testcase name="fromJSON - preserves tags from JSON" classname="./test/neuron/NeuronSerialization.ts" time="0.000" line="175" col="6">
        </testcase>
        <testcase name="Round-trip: exportJSON -&gt; fromJSON preserves data" classname="./test/neuron/NeuronSerialization.ts" time="0.000" line="189" col="6">
        </testcase>
    </testsuite>
    <testsuite name="./test/neuron/NeuronTopology.ts" tests="11" disabled="0" errors="0" failures="0">
        <testcase name="mutate - MOD_BIAS modifies the bias" classname="./test/neuron/NeuronTopology.ts" time="0.003" line="25" col="6">
        </testcase>
        <testcase name="mutate - MOD_SQUASH changes the squash function" classname="./test/neuron/NeuronTopology.ts" time="0.000" line="44" col="6">
        </testcase>
        <testcase name="mutate - MOD_SQUASH works on output neurons" classname="./test/neuron/NeuronTopology.ts" time="0.000" line="63" col="6">
        </testcase>
        <testcase name="mutate - throws for input neurons" classname="./test/neuron/NeuronTopology.ts" time="0.001" line="71" col="6">
        </testcase>
        <testcase name="mutate - throws for unknown method" classname="./test/neuron/NeuronTopology.ts" time="0.000" line="82" col="6">
        </testcase>
        <testcase name="mutate - throws for non-string method" classname="./test/neuron/NeuronTopology.ts" time="0.000" line="93" col="6">
        </testcase>
        <testcase name="mutate - MOD_SQUASH throws for constant neurons" classname="./test/neuron/NeuronTopology.ts" time="0.000" line="104" col="6">
        </testcase>
        <testcase name="mutate - returns true on success" classname="./test/neuron/NeuronTopology.ts" time="0.000" line="127" col="6">
        </testcase>
        <testcase name="mutate - clears creature UUID after mutation" classname="./test/neuron/NeuronTopology.ts" time="0.000" line="135" col="6">
        </testcase>
        <testcase name="fix - hidden neuron gets inward connection if none" classname="./test/neuron/NeuronTopology.ts" time="0.001" line="144" col="6">
        </testcase>
        <testcase name="fix - output neuron gets inward connection if none" classname="./test/neuron/NeuronTopology.ts" time="0.000" line="171" col="6">
        </testcase>
    </testsuite>
    <testsuite name="./test/onnx/OnnxExport.ts" tests="14" disabled="0" errors="0" failures="0">
        <testcase name="exportToOnnx produces non-empty bytes for simple creature" classname="./test/onnx/OnnxExport.ts" time="0.010" line="20" col="6">
        </testcase>
        <testcase name="exportToOnnx with hidden layer produces valid bytes" classname="./test/onnx/OnnxExport.ts" time="0.002" line="40" col="6">
        </testcase>
        <testcase name="exportToOnnx rejects creatures with aggregate functions" classname="./test/onnx/OnnxExport.ts" time="0.003" line="66" col="6">
        </testcase>
        <testcase name="checkOnnxCompatibility identifies unsupported squashes" classname="./test/onnx/OnnxExport.ts" time="0.003" line="107" col="6">
        </testcase>
        <testcase name="checkOnnxCompatibility returns compatible for standard activations" classname="./test/onnx/OnnxExport.ts" time="0.000" line="145" col="6">
        </testcase>
        <testcase name="isSquashSupported recognises standard activations" classname="./test/onnx/OnnxExport.ts" time="0.000" line="172" col="6">
        </testcase>
        <testcase name="isAggregateFunction identifies aggregate functions" classname="./test/onnx/OnnxExport.ts" time="0.000" line="217" col="6">
        </testcase>
        <testcase name="exportToOnnx with each standard activation produces bytes" classname="./test/onnx/OnnxExport.ts" time="0.013" line="225" col="6">
        </testcase>
        <testcase name="exportToOnnx with custom graph name" classname="./test/onnx/OnnxExport.ts" time="0.000" line="285" col="6">
        </testcase>
        <testcase name="exportToOnnx with multiple outputs" classname="./test/onnx/OnnxExport.ts" time="0.000" line="310" col="6">
        </testcase>
        <testcase name="exportToOnnx multi-layer network" classname="./test/onnx/OnnxExport.ts" time="0.001" line="337" col="6">
        </testcase>
        <testcase name="ONNX model starts with valid protobuf header" classname="./test/onnx/OnnxExport.ts" time="0.000" line="369" col="6">
        </testcase>
        <testcase name="exportToOnnx with constant neuron" classname="./test/onnx/OnnxExport.ts" time="0.000" line="398" col="6">
        </testcase>
        <testcase name="ONNX export contains producer name" classname="./test/onnx/OnnxExport.ts" time="0.000" line="418" col="6">
        </testcase>
    </testsuite>
    <testsuite name="./test/neuron/NeuronUUID.ts" tests="1" disabled="0" errors="0" failures="0">
        <testcase name="generateUUID" classname="./test/neuron/NeuronUUID.ts" time="0.006" line="8" col="6">
        </testcase>
    </testsuite>
    <testsuite name="./test/onnx/ProtobufEncoder.ts" tests="13" disabled="0" errors="0" failures="0">
        <testcase name="ProtobufWriter encodes single-byte varint" classname="./test/onnx/ProtobufEncoder.ts" time="0.001" line="11" col="6">
        </testcase>
        <testcase name="ProtobufWriter encodes multi-byte varint" classname="./test/onnx/ProtobufEncoder.ts" time="0.000" line="19" col="6">
        </testcase>
        <testcase name="ProtobufWriter encodes zero varint" classname="./test/onnx/ProtobufEncoder.ts" time="0.000" line="30" col="6">
        </testcase>
        <testcase name="ProtobufWriter encodes field tag" classname="./test/onnx/ProtobufEncoder.ts" time="0.000" line="38" col="6">
        </testcase>
        <testcase name="ProtobufWriter encodes string field" classname="./test/onnx/ProtobufEncoder.ts" time="0.000" line="46" col="6">
        </testcase>
        <testcase name="ProtobufWriter skips empty string field" classname="./test/onnx/ProtobufEncoder.ts" time="0.000" line="59" col="6">
        </testcase>
        <testcase name="ProtobufWriter encodes varint field" classname="./test/onnx/ProtobufEncoder.ts" time="0.000" line="66" col="6">
        </testcase>
        <testcase name="ProtobufWriter encodes float32 field" classname="./test/onnx/ProtobufEncoder.ts" time="0.000" line="76" col="6">
        </testcase>
        <testcase name="ProtobufWriter encodes float64 field" classname="./test/onnx/ProtobufEncoder.ts" time="0.000" line="90" col="6">
        </testcase>
        <testcase name="ProtobufWriter encodes packed float field" classname="./test/onnx/ProtobufEncoder.ts" time="0.000" line="103" col="6">
        </testcase>
        <testcase name="ProtobufWriter encodes packed int64 field" classname="./test/onnx/ProtobufEncoder.ts" time="0.000" line="115" col="6">
        </testcase>
        <testcase name="ProtobufWriter encodes message field" classname="./test/onnx/ProtobufEncoder.ts" time="0.000" line="128" col="6">
        </testcase>
        <testcase name="ProtobufWriter handles multiple fields" classname="./test/onnx/ProtobufEncoder.ts" time="0.000" line="145" col="6">
        </testcase>
    </testsuite>
    <testsuite name="./test/optimization/AdaptiveLearningRate.ts" tests="2" disabled="0" errors="0" failures="0">
        <testcase name="optimization/AdaptiveLearningRate - decay strategy produces monotonically decreasing rates" classname="./test/optimization/AdaptiveLearningRate.ts" time="0.001" line="7" col="6">
        </testcase>
        <testcase name="optimization/AdaptiveLearningRate - fixed strategy returns constant rate across iterations" classname="./test/optimization/AdaptiveLearningRate.ts" time="0.000" line="36" col="6">
        </testcase>
    </testsuite>
    <testsuite name="./test/optimization/AdaptiveVsDecay.ts" tests="1" disabled="0" errors="0" failures="0">
        <testcase name="optimization/AdaptiveVsDecay - adaptive decays slower than pure decay at the same iteration" classname="./test/optimization/AdaptiveVsDecay.ts" time="0.001" line="7" col="6">
        </testcase>
    </testsuite>
    <testsuite name="./test/optimization/ErrorFeedbackLearningRate.ts" tests="5" disabled="0" errors="0" failures="0">
        <testcase name="optimization/ErrorFeedback - adaptive rate increases when error stagnates" classname="./test/optimization/ErrorFeedbackLearningRate.ts" time="0.001" line="7" col="6">
        </testcase>
        <testcase name="optimization/ErrorFeedback - adaptive rate decreases when error increases" classname="./test/optimization/ErrorFeedbackLearningRate.ts" time="0.000" line="33" col="6">
        </testcase>
        <testcase name="optimization/ErrorFeedback - fixed and decay strategies ignore error feedback" classname="./test/optimization/ErrorFeedbackLearningRate.ts" time="0.001" line="58" col="6">
        </testcase>
        <testcase name="optimization/ErrorFeedback - adaptive without error feedback falls back to decay-based rate" classname="./test/optimization/ErrorFeedbackLearningRate.ts" time="0.000" line="87" col="6">
        </testcase>
        <testcase name="optimization/ErrorFeedback - adaptive rate is bounded: stagnation boosts above base, worsening reduces below base" classname="./test/optimization/ErrorFeedbackLearningRate.ts" time="0.000" line="101" col="6">
        </testcase>
    </testsuite>
    <testsuite name="./test/optimization/LearningRateRandomization.ts" tests="4" disabled="0" errors="0" failures="0">
        <testcase name="optimization/LearningRateRandomization - randomises strategy when not specified" classname="./test/optimization/LearningRateRandomization.ts" time="0.003" line="4" col="6">
        </testcase>
        <testcase name="optimization/LearningRateRandomization - respects explicit strategy" classname="./test/optimization/LearningRateRandomization.ts" time="0.000" line="23" col="6">
        </testcase>
        <testcase name="optimization/LearningRateRandomization - uses fixed when learningRate is set" classname="./test/optimization/LearningRateRandomization.ts" time="0.000" line="31" col="6">
        </testcase>
        <testcase name="optimization/LearningRateRandomization - all four strategies appear in random selection" classname="./test/optimization/LearningRateRandomization.ts" time="0.002" line="40" col="6">
        </testcase>
    </testsuite>
    <testsuite name="./test/optimize/FunctionCache.ts" tests="6" disabled="0" errors="0" failures="0">
        <testcase name="findActivationFunction - returns undefined on first call (cache miss)" classname="./test/optimize/FunctionCache.ts" time="0.005" line="7" col="6">
        </testcase>
        <testcase name="findActivationFunction - returns cached function on matching body" classname="./test/optimize/FunctionCache.ts" time="0.000" line="15" col="6">
        </testcase>
        <testcase name="findActivationFunction - clears function on different body" classname="./test/optimize/FunctionCache.ts" time="0.000" line="31" col="6">
        </testcase>
        <testcase name="findActivationFunction - suffix affects cache key" classname="./test/optimize/FunctionCache.ts" time="0.000" line="48" col="6">
        </testcase>
        <testcase name="findActivationFunction - same body without and with suffix produces different keys" classname="./test/optimize/FunctionCache.ts" time="0.000" line="63" col="6">
        </testcase>
        <testcase name="findActivationFunction - generates deterministic UUID keys" classname="./test/optimize/FunctionCache.ts" time="0.000" line="78" col="6">
        </testcase>
    </testsuite>
    <testsuite name="./test/optimization/MiniBatch.ts" tests="2" disabled="0" errors="0" failures="0">
        <testcase name="optimization/MiniBatch - different batch sizes converge to similar error" classname="./test/optimization/MiniBatch.ts" time="0.032" line="6" col="6">
        </testcase>
        <testcase name="optimization/MiniBatch - partial batch (5 samples / batch size 3) trains all samples correctly" classname="./test/optimization/MiniBatch.ts" time="0.015" line="73" col="6">
        </testcase>
    </testsuite>
    <testsuite name="./test/optimization/SparseSelection.ts" tests="1" disabled="0" errors="0" failures="0">
        <testcase name="optimization/SparseSelection - sparse training reduces error across different topologies" classname="./test/optimization/SparseSelection.ts" time="0.037" line="6" col="6">
        </testcase>
    </testsuite>
    <testsuite name="./test/optimize/activate/Constant.ts" tests="2" disabled="0" errors="0" failures="0">
        <testcase name="activate - constant neuron contributes correct value to IDENTITY output" classname="./test/optimize/activate/Constant.ts" time="0.043" line="7" col="6">
        </testcase>
        <testcase name="activate - constant neuron contributes correct value to MAXIMUM output" classname="./test/optimize/activate/Constant.ts" time="0.030" line="62" col="6">
        </testcase>
    </testsuite>
    <testsuite name="./test/optimize/activate/HYPOT.ts" tests="1" disabled="0" errors="0" failures="0">
        <testcase name="activate - HYPOT squash produces correct hypotenuse output" classname="./test/optimize/activate/HYPOT.ts" time="0.047" line="7" col="6">
        </testcase>
    </testsuite>
    <testsuite name="./test/optimize/activate/IF.ts" tests="1" disabled="0" errors="0" failures="0">
        <testcase name="activate - IF squash with condition/positive/negative branches executes correctly" classname="./test/optimize/activate/IF.ts" time="0.067" line="7" col="6">
        </testcase>
    </testsuite>
    <testsuite name="./test/optimize/activate/HYPOTv2.ts" tests="1" disabled="0" errors="0" failures="0">
        <testcase name="activate - HYPOTv2 squash applies uniform bias offset before hypotenuse" classname="./test/optimize/activate/HYPOTv2.ts" time="0.066" line="7" col="6">
        </testcase>
    </testsuite>
    <testsuite name="./test/optimize/activate/Large.ts" tests="1" disabled="0" errors="0" failures="0">
        <testcase name="large network activation produces finite deterministic output" classname="./test/optimize/activate/Large.ts" time="0.361" line="4" col="6">
        </testcase>
    </testsuite>
    <testsuite name="./test/optimize/activate/Maximum.ts" tests="1" disabled="0" errors="0" failures="0">
        <testcase name="activate - MAXIMUM squash selects highest weighted input" classname="./test/optimize/activate/Maximum.ts" time="0.063" line="7" col="6">
        </testcase>
    </testsuite>
    <testsuite name="./test/optimize/activate/RELU.ts" tests="1" disabled="0" errors="0" failures="0">
        <testcase name="activate - RELU produces correct clamped output" classname="./test/optimize/activate/RELU.ts" time="0.016" line="5" col="6">
        </testcase>
    </testsuite>
    <testsuite name="./test/optimize/activate/Minimum.ts" tests="1" disabled="0" errors="0" failures="0">
        <testcase name="activate - MINIMUM squash selects lowest weighted input" classname="./test/optimize/activate/Minimum.ts" time="0.038" line="7" col="6">
        </testcase>
    </testsuite>
    <testsuite name="./test/optimize/makeSynapsesValue.ts" tests="4" disabled="0" errors="0" failures="0">
        <testcase name="makeSynapsesValue - constant neuron returns bias * weight as literal" classname="./test/optimize/makeSynapsesValue.ts" time="0.003" line="26" col="6">
        </testcase>
        <testcase name="makeSynapsesValue - weight 1 returns activation index without multiplier" classname="./test/optimize/makeSynapsesValue.ts" time="0.000" line="39" col="6">
        </testcase>
        <testcase name="makeSynapsesValue - weight -1 returns negated activation index" classname="./test/optimize/makeSynapsesValue.ts" time="0.000" line="53" col="6">
        </testcase>
        <testcase name="makeSynapsesValue - fractional weight returns activation * weight expression" classname="./test/optimize/makeSynapsesValue.ts" time="0.000" line="67" col="6">
        </testcase>
    </testsuite>
    <testsuite name="./test/optimize/simplify/ABSOLUTE.ts" tests="7" disabled="0" errors="0" failures="0">
        <testcase name="simplify - ABSOLUTE squash with mixed activation chain preserves behaviour" classname="./test/optimize/simplify/ABSOLUTE.ts" time="0.018" line="11" col="6">
        </testcase>
        <testcase name="simplify - ABSOLUTE squash with mixed activation chain preserves behaviour" classname="./test/optimize/simplify/ABSOLUTE.ts" time="0.015" line="11" col="6">
        </testcase>
        <testcase name="simplify - ABSOLUTE squash with mixed activation chain preserves behaviour" classname="./test/optimize/simplify/ABSOLUTE.ts" time="0.011" line="11" col="6">
        </testcase>
        <testcase name="simplify - ABSOLUTE squash with mixed activation chain preserves behaviour" classname="./test/optimize/simplify/ABSOLUTE.ts" time="0.019" line="11" col="6">
        </testcase>
        <testcase name="simplify - ABSOLUTE squash with mixed activation chain preserves behaviour" classname="./test/optimize/simplify/ABSOLUTE.ts" time="0.019" line="11" col="6">
        </testcase>
        <testcase name="simplify - ABSOLUTE squash with mixed activation chain preserves behaviour" classname="./test/optimize/simplify/ABSOLUTE.ts" time="0.014" line="11" col="6">
        </testcase>
        <testcase name="simplify - ABSOLUTE squash with mixed activation chain preserves behaviour" classname="./test/optimize/simplify/ABSOLUTE.ts" time="0.019" line="11" col="6">
        </testcase>
    </testsuite>
    <testsuite name="./test/optimize/simplify/COMPLEMENT.ts" tests="1" disabled="0" errors="0" failures="0">
        <testcase name="simplify - COMPLEMENT neuron produces behaviour-equivalent IDENTITY with negated weights" classname="./test/optimize/simplify/COMPLEMENT.ts" time="0.001" line="9" col="6">
        </testcase>
    </testsuite>
    <testsuite name="./test/optimize/simplify/Constant.ts" tests="4" disabled="0" errors="0" failures="0">
        <testcase name="simplify - constant neurons folded into multi-squash network preserving behaviour" classname="./test/optimize/simplify/Constant.ts" time="0.002" line="14" col="6">
        </testcase>
        <testcase name="simplify - constant neuron folded into LOGISTIC hidden layers preserving behaviour" classname="./test/optimize/simplify/Constant.ts" time="0.001" line="195" col="6">
        </testcase>
        <testcase name="simplify - multiple minimal-weight constants folded preserving behaviour" classname="./test/optimize/simplify/Constant.ts" time="0.001" line="289" col="6">
        </testcase>
        <testcase name="simplify - simple constant propagation to IDENTITY outputs preserving behaviour" classname="./test/optimize/simplify/Constant.ts" time="0.001" line="393" col="6">
        </testcase>
    </testsuite>
    <testsuite name="./test/optimize/simplify/Cosine.ts" tests="1" disabled="0" errors="0" failures="0">
        <testcase name="simplify - Cosine squash with varied biases preserves behaviour" classname="./test/optimize/simplify/Cosine.ts" time="0.002" line="8" col="6">
        </testcase>
    </testsuite>
    <testsuite name="./test/optimize/simplify/IDENTITY.ts" tests="3" disabled="0" errors="0" failures="0">
        <testcase name="simplify - IDENTITY hidden neuron folded into downstream TANH output" classname="./test/optimize/simplify/IDENTITY.ts" time="0.005" line="11" col="6">
        </testcase>
        <testcase name="simplify - simple IDENTITY chain folded into single output neuron" classname="./test/optimize/simplify/IDENTITY.ts" time="0.002" line="100" col="6">
        </testcase>
        <testcase name="simplify - IDENTITY into MAXIMUM output is not simplified (aggregate squash is unsafe to fold)" classname="./test/optimize/simplify/IDENTITY.ts" time="0.000" line="166" col="6">
        </testcase>
    </testsuite>
    <testsuite name="./test/optimize/simplify/MemeticCleanup.ts" tests="1" disabled="0" errors="0" failures="0">
        <testcase name="simplify - memetic cleared when simplifyConstants removes a synapse (#2233)" classname="./test/optimize/simplify/MemeticCleanup.ts" time="0.008" line="15" col="6">
        </testcase>
    </testsuite>
    <testsuite name="./test/optimize/simplify/SINE.ts" tests="1" disabled="0" errors="0" failures="0">
        <testcase name="simplify - SINE squash with varied biases preserves behaviour" classname="./test/optimize/simplify/SINE.ts" time="0.001" line="8" col="6">
        </testcase>
    </testsuite>
    <testsuite name="./test/optimize/simplify/TAN.ts" tests="1" disabled="0" errors="0" failures="0">
        <testcase name="simplify - TAN squash with varied biases preserves behaviour" classname="./test/optimize/simplify/TAN.ts" time="0.002" line="8" col="6">
        </testcase>
    </testsuite>
    <testsuite name="./test/predictiveCoding/AdaptiveScaling.ts" tests="7" disabled="0" errors="0" failures="0">
        <testcase name="Adaptive scaling: small network (≤10 hidden) returns config as-is" classname="./test/predictiveCoding/AdaptiveScaling.ts" time="0.007" line="31" col="6">
        </testcase>
        <testcase name="Adaptive scaling: large network scales inference rate down" classname="./test/predictiveCoding/AdaptiveScaling.ts" time="0.005" line="63" col="6">
        </testcase>
        <testcase name="Adaptive scaling: large network scales energy threshold up" classname="./test/predictiveCoding/AdaptiveScaling.ts" time="0.006" line="96" col="6">
        </testcase>
        <testcase name="Adaptive scaling: large network scales learning rate up" classname="./test/predictiveCoding/AdaptiveScaling.ts" time="0.003" line="120" col="6">
        </testcase>
        <testcase name="Adaptive scaling: exactly 10 hidden neurons returns config as-is" classname="./test/predictiveCoding/AdaptiveScaling.ts" time="0.001" line="144" col="6">
        </testcase>
        <testcase name="Adaptive scaling: larger networks get more scaling" classname="./test/predictiveCoding/AdaptiveScaling.ts" time="0.005" line="165" col="6">
        </testcase>
        <testcase name="PC training with default config + adaptive scaling reduces error on 36-neuron creature" classname="./test/predictiveCoding/AdaptiveScaling.ts" time="4.561" line="317" col="6">
        </testcase>
    </testsuite>
    <testsuite name="./test/predictiveCoding/ComplexCreatureIntegration.ts" tests="8" disabled="0" errors="0" failures="0">
        <testcase name="PC inference converges on complex creature with 36 hidden neurons" classname="./test/predictiveCoding/ComplexCreatureIntegration.ts" time="0.036" line="168" col="6">
        </testcase>
        <testcase name="PC inference populates trace fields on hidden neurons of complex creature" classname="./test/predictiveCoding/ComplexCreatureIntegration.ts" time="0.014" line="226" col="6">
        </testcase>
        <testcase name="PC training produces non-zero weight gradients on complex creature" classname="./test/predictiveCoding/ComplexCreatureIntegration.ts" time="0.387" line="327" col="6">
        </testcase>
        <testcase name="PC training reduces error across iterations on complex creature" classname="./test/predictiveCoding/ComplexCreatureIntegration.ts" time="2.873" line="380" col="6">
        </testcase>
        <testcase name="trainDir with PC on complex creature produces valid trace tags" classname="./test/predictiveCoding/ComplexCreatureIntegration.ts" time="0.302" line="441" col="6">
        </testcase>
        <testcase name="PC training works on forward-only complex creature with mixed activations" classname="./test/predictiveCoding/ComplexCreatureIntegration.ts" time="0.782" line="491" col="6">
        </testcase>
        <testcase name="PC training improves on production-representative GRQ-cluster topology" classname="./test/predictiveCoding/ComplexCreatureIntegration.ts" time="5.640" line="554" col="6">
        </testcase>
        <testcase name="PC energy converges monotonically during inference on complex creature" classname="./test/predictiveCoding/ComplexCreatureIntegration.ts" time="0.012" line="751" col="6">
        </testcase>
    </testsuite>
    <testsuite name="./test/predictiveCoding/PredictionErrorComputation.ts" tests="8" disabled="0" errors="0" failures="0">
        <testcase name="PredictionErrorComputation: computePrediction for neuron with IDENTITY squash" classname="./test/predictiveCoding/PredictionErrorComputation.ts" time="0.003" line="54" col="6">
        </testcase>
        <testcase name="PredictionErrorComputation: computePrediction for output neuron" classname="./test/predictiveCoding/PredictionErrorComputation.ts" time="0.000" line="74" col="6">
        </testcase>
        <testcase name="PredictionErrorComputation: computePrediction with non-linear squash" classname="./test/predictiveCoding/PredictionErrorComputation.ts" time="0.000" line="93" col="6">
        </testcase>
        <testcase name="PredictionErrorComputation: computePredictionErrors returns per-neuron errors" classname="./test/predictiveCoding/PredictionErrorComputation.ts" time="0.001" line="123" col="6">
        </testcase>
        <testcase name="PredictionErrorComputation: computeTotalEnergy sums squared errors" classname="./test/predictiveCoding/PredictionErrorComputation.ts" time="0.000" line="155" col="6">
        </testcase>
        <testcase name="PredictionErrorComputation: no hidden neurons produces only output errors" classname="./test/predictiveCoding/PredictionErrorComputation.ts" time="0.000" line="171" col="6">
        </testcase>
        <testcase name="PredictionErrorComputation: zero errors give zero energy" classname="./test/predictiveCoding/PredictionErrorComputation.ts" time="0.000" line="195" col="6">
        </testcase>
        <testcase name="PredictionErrorComputation: computePrediction for input neuron returns latent" classname="./test/predictiveCoding/PredictionErrorComputation.ts" time="0.000" line="207" col="6">
        </testcase>
    </testsuite>
    <testsuite name="./test/predictiveCoding/PredictionErrorGuidedMutation.ts" tests="10" disabled="0" errors="0" failures="0">
        <testcase name="PredictionErrorGuidedMutation: computeMutationBias concentrates on high-error neurons" classname="./test/predictiveCoding/PredictionErrorGuidedMutation.ts" time="0.003" line="62" col="6">
        </testcase>
        <testcase name="PredictionErrorGuidedMutation: uniform errors produce uniform weights" classname="./test/predictiveCoding/PredictionErrorGuidedMutation.ts" time="0.000" line="95" col="6">
        </testcase>
        <testcase name="PredictionErrorGuidedMutation: bias weights are properly normalised" classname="./test/predictiveCoding/PredictionErrorGuidedMutation.ts" time="0.000" line="127" col="6">
        </testcase>
        <testcase name="PredictionErrorGuidedMutation: returns undefined when no prediction errors exist" classname="./test/predictiveCoding/PredictionErrorGuidedMutation.ts" time="0.000" line="172" col="6">
        </testcase>
        <testcase name="PredictionErrorGuidedMutation: negative prediction errors use absolute value" classname="./test/predictiveCoding/PredictionErrorGuidedMutation.ts" time="0.000" line="187" col="6">
        </testcase>
        <testcase name="PredictionErrorGuidedMutation: synapse weights reflect connected neuron errors" classname="./test/predictiveCoding/PredictionErrorGuidedMutation.ts" time="0.000" line="219" col="6">
        </testcase>
        <testcase name="PredictionErrorGuidedMutation: selectWeightedIndex respects weights" classname="./test/predictiveCoding/PredictionErrorGuidedMutation.ts" time="0.003" line="256" col="6">
        </testcase>
        <testcase name="PredictionErrorGuidedMutation: selectWeightedIndex with uniform weights acts like random" classname="./test/predictiveCoding/PredictionErrorGuidedMutation.ts" time="0.003" line="284" col="6">
        </testcase>
        <testcase name="PredictionErrorGuidedMutation: selectWeightedIndex falls back to uniform when no weights match" classname="./test/predictiveCoding/PredictionErrorGuidedMutation.ts" time="0.000" line="314" col="6">
        </testcase>
        <testcase name="PredictionErrorGuidedMutation: all-zero errors produce uniform weights" classname="./test/predictiveCoding/PredictionErrorGuidedMutation.ts" time="0.000" line="333" col="6">
        </testcase>
    </testsuite>
    <testsuite name="./test/predictiveCoding/PredictionErrorGuidedMutationIntegration.ts" tests="6" disabled="0" errors="0" failures="0">
        <testcase name="Integration: computeMutationBias from real prediction errors" classname="./test/predictiveCoding/PredictionErrorGuidedMutationIntegration.ts" time="0.003" line="45" col="6">
        </testcase>
        <testcase name="Integration: neuronBiasToIndexWeights creates correct index mapping" classname="./test/predictiveCoding/PredictionErrorGuidedMutationIntegration.ts" time="0.000" line="95" col="6">
        </testcase>
        <testcase name="Integration: AddNeuron accepts mutation bias without errors" classname="./test/predictiveCoding/PredictionErrorGuidedMutationIntegration.ts" time="0.003" line="136" col="6">
        </testcase>
        <testcase name="Integration: AddConnection accepts mutation bias without errors" classname="./test/predictiveCoding/PredictionErrorGuidedMutationIntegration.ts" time="0.000" line="162" col="6">
        </testcase>
        <testcase name="Integration: mutation without bias is unchanged behaviour" classname="./test/predictiveCoding/PredictionErrorGuidedMutationIntegration.ts" time="0.000" line="202" col="6">
        </testcase>
        <testcase name="Integration: selectWeightedIndex distributes according to error magnitude" classname="./test/predictiveCoding/PredictionErrorGuidedMutationIntegration.ts" time="0.004" line="221" col="6">
        </testcase>
    </testsuite>
    <testsuite name="./test/predictiveCoding/PredictiveCodingInference.ts" tests="10" disabled="0" errors="0" failures="0">
        <testcase name="PredictiveCodingInference: energy decreases monotonically with targets" classname="./test/predictiveCoding/PredictiveCodingInference.ts" time="0.005" line="43" col="6">
        </testcase>
        <testcase name="PredictiveCodingInference: early stopping when energy below threshold" classname="./test/predictiveCoding/PredictiveCodingInference.ts" time="0.000" line="85" col="6">
        </testcase>
        <testcase name="PredictiveCodingInference: does not modify creature topology" classname="./test/predictiveCoding/PredictiveCodingInference.ts" time="0.000" line="113" col="6">
        </testcase>
        <testcase name="PredictiveCodingInference: input neurons remain clamped throughout" classname="./test/predictiveCoding/PredictiveCodingInference.ts" time="0.000" line="138" col="6">
        </testcase>
        <testcase name="PredictiveCodingInference: returns prediction errors for non-input neurons" classname="./test/predictiveCoding/PredictiveCodingInference.ts" time="0.000" line="153" col="6">
        </testcase>
        <testcase name="PredictiveCodingInference: no hidden neurons — no settling needed" classname="./test/predictiveCoding/PredictiveCodingInference.ts" time="0.000" line="171" col="6">
        </testcase>
        <testcase name="PredictiveCodingInference: single hidden neuron converges correctly" classname="./test/predictiveCoding/PredictiveCodingInference.ts" time="0.000" line="199" col="6">
        </testcase>
        <testcase name="PredictiveCodingInference: stores inference state in NeuronState" classname="./test/predictiveCoding/PredictiveCodingInference.ts" time="0.000" line="235" col="6">
        </testcase>
        <testcase name="PredictiveCodingInference: with LOGISTIC squash, energy still decreases" classname="./test/predictiveCoding/PredictiveCodingInference.ts" time="0.000" line="254" col="6">
        </testcase>
        <testcase name="PredictiveCodingInference: with target outputs, output error reflects target mismatch" classname="./test/predictiveCoding/PredictiveCodingInference.ts" time="0.001" line="292" col="6">
        </testcase>
    </testsuite>
    <testsuite name="./test/predictiveCoding/PredictiveCodingLearning.ts" tests="12" disabled="0" errors="0" failures="0">
        <testcase name="PredictiveCodingLearning: hand-computed weight deltas with IDENTITY squash" classname="./test/predictiveCoding/PredictiveCodingLearning.ts" time="0.006" line="52" col="6">
        </testcase>
        <testcase name="PredictiveCodingLearning: hand-computed weight deltas with LOGISTIC squash" classname="./test/predictiveCoding/PredictiveCodingLearning.ts" time="0.002" line="110" col="6">
        </testcase>
        <testcase name="PredictiveCodingLearning: energy decreases over training epochs" classname="./test/predictiveCoding/PredictiveCodingLearning.ts" time="0.012" line="174" col="6">
        </testcase>
        <testcase name="PredictiveCodingLearning: weights respect plank precision (1e-7)" classname="./test/predictiveCoding/PredictiveCodingLearning.ts" time="0.000" line="211" col="6">
        </testcase>
        <testcase name="PredictiveCodingLearning: positive synapse type stays positive" classname="./test/predictiveCoding/PredictiveCodingLearning.ts" time="0.006" line="244" col="6">
        </testcase>
        <testcase name="PredictiveCodingLearning: negative synapse type stays negative" classname="./test/predictiveCoding/PredictiveCodingLearning.ts" time="0.006" line="290" col="6">
        </testcase>
        <testcase name="PredictiveCodingLearning: batch averaging produces correct results" classname="./test/predictiveCoding/PredictiveCodingLearning.ts" time="0.003" line="336" col="6">
        </testcase>
        <testcase name="PredictiveCodingLearning: batch update applies averaged gradients" classname="./test/predictiveCoding/PredictiveCodingLearning.ts" time="0.001" line="397" col="6">
        </testcase>
        <testcase name="PredictiveCodingLearning: TANH squash derivative used correctly" classname="./test/predictiveCoding/PredictiveCodingLearning.ts" time="0.003" line="488" col="6">
        </testcase>
        <testcase name="PredictiveCodingLearning: ReLU squash derivative used correctly" classname="./test/predictiveCoding/PredictiveCodingLearning.ts" time="0.000" line="550" col="6">
        </testcase>
        <testcase name="PredictiveCodingLearning: condition synapse type is not updated" classname="./test/predictiveCoding/PredictiveCodingLearning.ts" time="0.004" line="602" col="6">
        </testcase>
        <testcase name="PredictiveCodingLearning: zero prediction errors produce zero gradients" classname="./test/predictiveCoding/PredictiveCodingLearning.ts" time="0.000" line="646" col="6">
        </testcase>
    </testsuite>
    <testsuite name="./test/predictiveCoding/PredictiveCodingTags.ts" tests="7" disabled="0" errors="0" failures="0">
        <testcase name="PC training adds approach tag to trace" classname="./test/predictiveCoding/PredictiveCodingTags.ts" time="0.031" line="42" col="6">
        </testcase>
        <testcase name="PC training adds energy tag to trace" classname="./test/predictiveCoding/PredictiveCodingTags.ts" time="0.017" line="68" col="6">
        </testcase>
        <testcase name="PC training adds inference steps tag to trace" classname="./test/predictiveCoding/PredictiveCodingTags.ts" time="0.007" line="90" col="6">
        </testcase>
        <testcase name="PC training adds changed tag to trace" classname="./test/predictiveCoding/PredictiveCodingTags.ts" time="0.014" line="112" col="6">
        </testcase>
        <testcase name="PC tags survive JSON export/import round-trip" classname="./test/predictiveCoding/PredictiveCodingTags.ts" time="0.008" line="134" col="6">
        </testcase>
        <testcase name="PC tags are added to compact output when available" classname="./test/predictiveCoding/PredictiveCodingTags.ts" time="0.011" line="180" col="6">
        </testcase>
        <testcase name="Standard backprop does NOT add PC-specific tags" classname="./test/predictiveCoding/PredictiveCodingTags.ts" time="0.020" line="209" col="6">
        </testcase>
    </testsuite>
    <testsuite name="./test/predictiveCoding/PredictiveCodingTrainer.ts" tests="7" disabled="0" errors="0" failures="0">
        <testcase name="PC trainer returns finite error for simple dataset" classname="./test/predictiveCoding/PredictiveCodingTrainer.ts" time="0.038" line="21" col="6">
        </testcase>
        <testcase name="trainDir delegates to PC trainer when enabled" classname="./test/predictiveCoding/PredictiveCodingTrainer.ts" time="0.020" line="67" col="6">
        </testcase>
        <testcase name="trainDir uses standard backprop when PC is disabled" classname="./test/predictiveCoding/PredictiveCodingTrainer.ts" time="0.014" line="108" col="6">
        </testcase>
        <testcase name="trainDir without PC config uses standard backprop" classname="./test/predictiveCoding/PredictiveCodingTrainer.ts" time="0.004" line="147" col="6">
        </testcase>
        <testcase name="PC training reduces error on simple regression task" classname="./test/predictiveCoding/PredictiveCodingTrainer.ts" time="0.098" line="181" col="6">
        </testcase>
        <testcase name="PC trainer handles single-sample dataset" classname="./test/predictiveCoding/PredictiveCodingTrainer.ts" time="0.004" line="242" col="6">
        </testcase>
        <testcase name="PC trainer averageInferenceSteps is within bounds" classname="./test/predictiveCoding/PredictiveCodingTrainer.ts" time="0.002" line="276" col="6">
        </testcase>
    </testsuite>
    <testsuite name="./test/predictiveCoding/PredictiveCodingTypedErrors.ts" tests="1" disabled="0" errors="0" failures="0">
        <testcase name="selectWeightedIndex throws TopologyError for empty candidates" classname="./test/predictiveCoding/PredictiveCodingTypedErrors.ts" time="0.001" line="5" col="6">
        </testcase>
    </testsuite>
    <testsuite name="./test/predictiveCoding/validation/BackwardCompatibility.ts" tests="7" disabled="0" errors="0" failures="0">
        <testcase name="BackwardCompat: Creature serialises and deserialises after PC inference" classname="./test/predictiveCoding/validation/BackwardCompatibility.ts" time="0.007" line="37" col="6">
        </testcase>
        <testcase name="BackwardCompat: Creature JSON roundtrip preserves squash functions" classname="./test/predictiveCoding/validation/BackwardCompatibility.ts" time="0.000" line="103" col="6">
        </testcase>
        <testcase name="BackwardCompat: training without PC config uses standard backprop" classname="./test/predictiveCoding/validation/BackwardCompatibility.ts" time="0.020" line="146" col="6">
        </testcase>
        <testcase name="BackwardCompat: PC disabled explicitly still uses standard backprop" classname="./test/predictiveCoding/validation/BackwardCompatibility.ts" time="0.003" line="187" col="6">
        </testcase>
        <testcase name="BackwardCompat: default PC config has PC disabled" classname="./test/predictiveCoding/validation/BackwardCompatibility.ts" time="0.000" line="227" col="6">
        </testcase>
        <testcase name="BackwardCompat: standard backprop training produces finite error" classname="./test/predictiveCoding/validation/BackwardCompatibility.ts" time="0.013" line="260" col="6">
        </testcase>
        <testcase name="BackwardCompat: Creature without PC history can still be trained with PC" classname="./test/predictiveCoding/validation/BackwardCompatibility.ts" time="0.020" line="305" col="6">
        </testcase>
    </testsuite>
    <testsuite name="./test/predictiveCoding/validation/MathematicalValidation.ts" tests="9" disabled="0" errors="0" failures="0">
        <testcase name="Validation: energy monotonically decreases during inference (IDENTITY)" classname="./test/predictiveCoding/validation/MathematicalValidation.ts" time="0.006" line="39" col="6">
        </testcase>
        <testcase name="Validation: energy monotonically decreases during inference (LOGISTIC)" classname="./test/predictiveCoding/validation/MathematicalValidation.ts" time="0.002" line="90" col="6">
        </testcase>
        <testcase name="Validation: energy monotonically decreases during inference (TANH)" classname="./test/predictiveCoding/validation/MathematicalValidation.ts" time="0.002" line="131" col="6">
        </testcase>
        <testcase name="Validation: PC weight gradients match numerical gradients (IDENTITY)" classname="./test/predictiveCoding/validation/MathematicalValidation.ts" time="0.001" line="172" col="6">
        </testcase>
        <testcase name="Validation: PC weight gradients match numerical gradients (LOGISTIC)" classname="./test/predictiveCoding/validation/MathematicalValidation.ts" time="0.001" line="237" col="6">
        </testcase>
        <testcase name="Validation: PC gradients have correct sign (same as backprop direction)" classname="./test/predictiveCoding/validation/MathematicalValidation.ts" time="0.008" line="304" col="6">
        </testcase>
        <testcase name="Validation: PC training reduces error for same problem as backprop would" classname="./test/predictiveCoding/validation/MathematicalValidation.ts" time="0.001" line="371" col="6">
        </testcase>
        <testcase name="Validation: prediction error is zero when latent equals prediction" classname="./test/predictiveCoding/validation/MathematicalValidation.ts" time="0.000" line="431" col="6">
        </testcase>
        <testcase name="Validation: total energy is half sum of squared errors" classname="./test/predictiveCoding/validation/MathematicalValidation.ts" time="0.000" line="474" col="6">
        </testcase>
    </testsuite>
    <testsuite name="./test/propagate/AccumulateBiasBatch.ts" tests="9" disabled="0" errors="0" failures="0">
        <testcase name="accumulateBiasBatch4Way - matches individual accumulateBias calls" classname="./test/propagate/AccumulateBiasBatch.ts" time="0.003" line="21" col="6">
        </testcase>
        <testcase name="accumulateBiasBatch4Way - positive deltas accumulate correctly" classname="./test/propagate/AccumulateBiasBatch.ts" time="0.000" line="93" col="6">
        </testcase>
        <testcase name="accumulateBiasBatch4Way - negative deltas accumulate correctly" classname="./test/propagate/AccumulateBiasBatch.ts" time="0.000" line="136" col="6">
        </testcase>
        <testcase name="accumulateBiasBatch4Way - mixed deltas match individual calls" classname="./test/propagate/AccumulateBiasBatch.ts" time="0.000" line="178" col="6">
        </testcase>
        <testcase name="accumulateBiasBatch4Way - multiple iterations accumulate correctly" classname="./test/propagate/AccumulateBiasBatch.ts" time="0.000" line="241" col="6">
        </testcase>
        <testcase name="accumulateBiasBatch8Way - matches individual accumulateBias calls" classname="./test/propagate/AccumulateBiasBatch.ts" time="0.001" line="324" col="6">
        </testcase>
        <testcase name="accumulateBiasBatch8Way - multiple iterations accumulate correctly" classname="./test/propagate/AccumulateBiasBatch.ts" time="0.000" line="392" col="6">
        </testcase>
        <testcase name="accumulateBiasBatch4Way - bias limiting matches individual calls" classname="./test/propagate/AccumulateBiasBatch.ts" time="0.000" line="463" col="6">
        </testcase>
        <testcase name="accumulateBiasBatch4Way - zero deltas preserve current bias" classname="./test/propagate/AccumulateBiasBatch.ts" time="0.000" line="523" col="6">
        </testcase>
    </testsuite>
    <testsuite name="./test/propagate/AccumulateBiasBatchNWay.ts" tests="6" disabled="0" errors="0" failures="0">
        <testcase name="accumulateBiasBatchNWay - batchSize=4 matches accumulateBiasBatch4Way" classname="./test/propagate/AccumulateBiasBatchNWay.ts" time="0.005" line="21" col="6">
        </testcase>
        <testcase name="accumulateBiasBatchNWay - batchSize=8 matches accumulateBiasBatch8Way" classname="./test/propagate/AccumulateBiasBatchNWay.ts" time="0.000" line="69" col="6">
        </testcase>
        <testcase name="accumulateBiasBatchNWay - batchSize=1 matches single accumulateBias call" classname="./test/propagate/AccumulateBiasBatchNWay.ts" time="0.000" line="126" col="6">
        </testcase>
        <testcase name="accumulateBiasBatchNWay - batchSize=6 matches individual accumulateBias calls" classname="./test/propagate/AccumulateBiasBatchNWay.ts" time="0.000" line="159" col="6">
        </testcase>
        <testcase name="accumulateBiasBatchNWay - skips non-finite values correctly" classname="./test/propagate/AccumulateBiasBatchNWay.ts" time="0.000" line="222" col="6">
        </testcase>
        <testcase name="accumulateBiasBatchNWay - multiple iterations with batchSize=3 accumulate correctly" classname="./test/propagate/AccumulateBiasBatchNWay.ts" time="0.000" line="253" col="6">
        </testcase>
    </testsuite>
    <testsuite name="./test/propagate/AccumulateWeightBatch.ts" tests="9" disabled="0" errors="0" failures="0">
        <testcase name="accumulateWeightBatch4Way - matches individual accumulateWeight calls" classname="./test/propagate/AccumulateWeightBatch.ts" time="0.003" line="21" col="6">
        </testcase>
        <testcase name="accumulateWeightBatch4Way - all positive activations tracked correctly" classname="./test/propagate/AccumulateWeightBatch.ts" time="0.000" line="116" col="6">
        </testcase>
        <testcase name="accumulateWeightBatch4Way - all negative activations tracked correctly" classname="./test/propagate/AccumulateWeightBatch.ts" time="0.000" line="160" col="6">
        </testcase>
        <testcase name="accumulateWeightBatch4Way - mixed activations tracked per synapse" classname="./test/propagate/AccumulateWeightBatch.ts" time="0.000" line="204" col="6">
        </testcase>
        <testcase name="accumulateWeightBatch4Way - multiple iterations accumulate correctly" classname="./test/propagate/AccumulateWeightBatch.ts" time="0.000" line="245" col="6">
        </testcase>
        <testcase name="accumulateWeightBatch8Way - matches individual accumulateWeight calls" classname="./test/propagate/AccumulateWeightBatch.ts" time="0.000" line="328" col="6">
        </testcase>
        <testcase name="accumulateWeightBatch8Way - multiple iterations accumulate correctly" classname="./test/propagate/AccumulateWeightBatch.ts" time="0.000" line="419" col="6">
        </testcase>
        <testcase name="accumulateWeightBatch4Way - tiny activations match individual calls" classname="./test/propagate/AccumulateWeightBatch.ts" time="0.000" line="490" col="6">
        </testcase>
        <testcase name="accumulateWeightBatch4Way - weight limiting matches individual calls" classname="./test/propagate/AccumulateWeightBatch.ts" time="0.000" line="554" col="6">
        </testcase>
    </testsuite>
    <testsuite name="./test/propagate/AccumulateWeightBatchNWay.ts" tests="6" disabled="0" errors="0" failures="0">
        <testcase name="accumulateWeightBatchNWay - batchSize=4 matches accumulateWeightBatch4Way" classname="./test/propagate/AccumulateWeightBatchNWay.ts" time="0.002" line="21" col="6">
        </testcase>
        <testcase name="accumulateWeightBatchNWay - batchSize=8 matches accumulateWeightBatch8Way" classname="./test/propagate/AccumulateWeightBatchNWay.ts" time="0.001" line="88" col="6">
        </testcase>
        <testcase name="accumulateWeightBatchNWay - batchSize=1 matches single accumulateWeight call" classname="./test/propagate/AccumulateWeightBatchNWay.ts" time="0.000" line="147" col="6">
        </testcase>
        <testcase name="accumulateWeightBatchNWay - batchSize=6 matches individual accumulateWeight calls" classname="./test/propagate/AccumulateWeightBatchNWay.ts" time="0.000" line="189" col="6">
        </testcase>
        <testcase name="accumulateWeightBatchNWay - skips non-finite values correctly" classname="./test/propagate/AccumulateWeightBatchNWay.ts" time="0.000" line="275" col="6">
        </testcase>
        <testcase name="accumulateWeightBatchNWay - multiple iterations with batchSize=3 accumulate correctly" classname="./test/propagate/AccumulateWeightBatchNWay.ts" time="0.000" line="306" col="6">
        </testcase>
    </testsuite>
    <testsuite name="./test/propagate/ActivationRange.ts" tests="23" disabled="0" errors="0" failures="0">
        <testcase name="ActivationRange constructor - stores low and high bounds" classname="./test/propagate/ActivationRange.ts" time="0.000" line="15" col="6">
        </testcase>
        <testcase name="ActivationRange constructor - rejects low &gt;= high" classname="./test/propagate/ActivationRange.ts" time="0.001" line="21" col="6">
        </testcase>
        <testcase name="ActivationRange constructor - rejects out-of-safe-integer bounds" classname="./test/propagate/ActivationRange.ts" time="0.000" line="34" col="6">
        </testcase>
        <testcase name="ActivationRange constructor - supports wide ranges" classname="./test/propagate/ActivationRange.ts" time="0.000" line="45" col="6">
        </testcase>
        <testcase name="ActivationRange validate - accepts value within range" classname="./test/propagate/ActivationRange.ts" time="0.000" line="55" col="6">
        </testcase>
        <testcase name="ActivationRange validate - accepts exact boundary values" classname="./test/propagate/ActivationRange.ts" time="0.000" line="64" col="6">
        </testcase>
        <testcase name="ActivationRange validate - rejects value above range" classname="./test/propagate/ActivationRange.ts" time="0.000" line="70" col="6">
        </testcase>
        <testcase name="ActivationRange validate - rejects value below range" classname="./test/propagate/ActivationRange.ts" time="0.000" line="79" col="6">
        </testcase>
        <testcase name="ActivationRange validate - rejects NaN" classname="./test/propagate/ActivationRange.ts" time="0.000" line="88" col="6">
        </testcase>
        <testcase name="ActivationRange validate - rejects Infinity" classname="./test/propagate/ActivationRange.ts" time="0.000" line="97" col="6">
        </testcase>
        <testcase name="ActivationRange validate - rejects -Infinity" classname="./test/propagate/ActivationRange.ts" time="0.000" line="106" col="6">
        </testcase>
        <testcase name="ActivationRange validate - includes hint and name in error message" classname="./test/propagate/ActivationRange.ts" time="0.000" line="115" col="6">
        </testcase>
        <testcase name="ActivationRange limit - passes through values within range" classname="./test/propagate/ActivationRange.ts" time="0.000" line="139" col="6">
        </testcase>
        <testcase name="ActivationRange limit - clamps values above range to high" classname="./test/propagate/ActivationRange.ts" time="0.000" line="147" col="6">
        </testcase>
        <testcase name="ActivationRange limit - clamps values below range to low" classname="./test/propagate/ActivationRange.ts" time="0.000" line="153" col="6">
        </testcase>
        <testcase name="ActivationRange limit - clamps positive Infinity to high" classname="./test/propagate/ActivationRange.ts" time="0.000" line="159" col="6">
        </testcase>
        <testcase name="ActivationRange limit - clamps negative Infinity to low" classname="./test/propagate/ActivationRange.ts" time="0.000" line="164" col="6">
        </testcase>
        <testcase name="ActivationRange limit - throws for NaN" classname="./test/propagate/ActivationRange.ts" time="0.000" line="169" col="6">
        </testcase>
        <testcase name="ActivationRange limit - preserves boundary values exactly" classname="./test/propagate/ActivationRange.ts" time="0.000" line="178" col="6">
        </testcase>
        <testcase name="ActivationRange - asymmetric range [0, 6] clamps correctly" classname="./test/propagate/ActivationRange.ts" time="0.000" line="188" col="6">
        </testcase>
        <testcase name="ActivationRange - ReLU-like range [0, large] clamps negative to zero" classname="./test/propagate/ActivationRange.ts" time="0.000" line="198" col="6">
        </testcase>
        <testcase name="ActivationRange - sigmoid-like range [0, 1] clamps both sides" classname="./test/propagate/ActivationRange.ts" time="0.000" line="204" col="6">
        </testcase>
        <testcase name="ActivationRange - tanh-like range [-1, 1] clamps both sides" classname="./test/propagate/ActivationRange.ts" time="0.000" line="211" col="6">
        </testcase>
    </testsuite>
    <testsuite name="./test/propagate/AccumulationCounts.ts" tests="4" disabled="0" errors="0" failures="0">
        <testcase name="AccumulationCounts - synapse count equals training samples not fan-out" classname="./test/propagate/AccumulationCounts.ts" time="0.015" line="17" col="6">
        </testcase>
        <testcase name="AccumulationCounts - neuron bias count equals training samples not fan-out" classname="./test/propagate/AccumulationCounts.ts" time="0.002" line="77" col="6">
        </testcase>
        <testcase name="AccumulationCounts - fan-out does not inflate counts vs single output" classname="./test/propagate/AccumulationCounts.ts" time="0.004" line="133" col="6">
        </testcase>
        <testcase name="AccumulationCounts - output synapse counts match training samples" classname="./test/propagate/AccumulationCounts.ts" time="0.001" line="236" col="6">
        </testcase>
    </testsuite>
    <testsuite name="./test/propagate/ActivationRangeTypedErrors.ts" tests="4" disabled="0" errors="0" failures="0">
        <testcase name="ActivationRange validate - throws ActivationError for out-of-range value" classname="./test/propagate/ActivationRangeTypedErrors.ts" time="0.001" line="11" col="6">
        </testcase>
        <testcase name="ActivationRange validate - throws ActivationError for NaN" classname="./test/propagate/ActivationRangeTypedErrors.ts" time="0.000" line="23" col="6">
        </testcase>
        <testcase name="ActivationRange limit - throws ActivationError for NaN" classname="./test/propagate/ActivationRangeTypedErrors.ts" time="0.000" line="35" col="6">
        </testcase>
        <testcase name="ActivationRange limit - throws ActivationError for NaN with rawInput" classname="./test/propagate/ActivationRangeTypedErrors.ts" time="0.000" line="47" col="6">
        </testcase>
    </testsuite>
    <testsuite name="./test/propagate/AdaptiveMagnitudeScaling.ts" tests="8" disabled="0" errors="0" failures="0">
        <testcase name="AdaptiveMagnitudeScaling - large error produces higher rate than small error" classname="./test/propagate/AdaptiveMagnitudeScaling.ts" time="0.001" line="23" col="6">
        </testcase>
        <testcase name="AdaptiveMagnitudeScaling - magnitude scale approaches 2x for very large errors" classname="./test/propagate/AdaptiveMagnitudeScaling.ts" time="0.000" line="54" col="6">
        </testcase>
        <testcase name="AdaptiveMagnitudeScaling - magnitude scale is 1x when error is near zero" classname="./test/propagate/AdaptiveMagnitudeScaling.ts" time="0.000" line="82" col="6">
        </testcase>
        <testcase name="AdaptiveMagnitudeScaling - worsening error still reduces rate despite large magnitude" classname="./test/propagate/AdaptiveMagnitudeScaling.ts" time="0.000" line="109" col="6">
        </testcase>
        <testcase name="AdaptiveMagnitudeScaling - stagnation with moderate error boosts appropriately" classname="./test/propagate/AdaptiveMagnitudeScaling.ts" time="0.000" line="130" col="6">
        </testcase>
        <testcase name="AdaptiveMagnitudeScaling - fixed strategy unaffected by error magnitude" classname="./test/propagate/AdaptiveMagnitudeScaling.ts" time="0.000" line="156" col="6">
        </testcase>
        <testcase name="AdaptiveMagnitudeScaling - no feedback falls back to magnitude scale of 1" classname="./test/propagate/AdaptiveMagnitudeScaling.ts" time="0.000" line="178" col="6">
        </testcase>
        <testcase name="AdaptiveMagnitudeScaling - magnitude scale is monotonically increasing with error" classname="./test/propagate/AdaptiveMagnitudeScaling.ts" time="0.000" line="195" col="6">
        </testcase>
    </testsuite>
    <testsuite name="./test/propagate/BackPropagation.ts" tests="44" disabled="0" errors="0" failures="0">
        <testcase name="BackPropConfig - config is frozen" classname="./test/propagate/BackPropagation.ts" time="0.000" line="28" col="6">
        </testcase>
        <testcase name="BackPropConfig - default batchSize is 64" classname="./test/propagate/BackPropagation.ts" time="0.000" line="33" col="6">
        </testcase>
        <testcase name="BackPropConfig - default sparseRatio is 1" classname="./test/propagate/BackPropagation.ts" time="0.000" line="38" col="6">
        </testcase>
        <testcase name="BackPropConfig - disableRandomSamples defaults to false" classname="./test/propagate/BackPropagation.ts" time="0.000" line="43" col="6">
        </testcase>
        <testcase name="BackPropConfig - disableBiasAdjustment defaults to false" classname="./test/propagate/BackPropagation.ts" time="0.000" line="48" col="6">
        </testcase>
        <testcase name="BackPropConfig - disableWeightAdjustment defaults to false" classname="./test/propagate/BackPropagation.ts" time="0.000" line="53" col="6">
        </testcase>
        <testcase name="BackPropConfig - respects explicit options" classname="./test/propagate/BackPropagation.ts" time="0.000" line="62" col="6">
        </testcase>
        <testcase name="BackPropConfig - can enable disableBiasAdjustment" classname="./test/propagate/BackPropagation.ts" time="0.000" line="90" col="6">
        </testcase>
        <testcase name="BackPropConfig - can enable disableWeightAdjustment" classname="./test/propagate/BackPropagation.ts" time="0.000" line="95" col="6">
        </testcase>
        <testcase name="BackPropConfig - learningRate clamped to [0.001, 1]" classname="./test/propagate/BackPropagation.ts" time="0.000" line="106" col="6">
        </testcase>
        <testcase name="BackPropConfig - generations clamped to non-negative" classname="./test/propagate/BackPropagation.ts" time="0.000" line="123" col="6">
        </testcase>
        <testcase name="BackPropConfig - limitBiasScale minimum is 1" classname="./test/propagate/BackPropagation.ts" time="0.000" line="128" col="6">
        </testcase>
        <testcase name="BackPropConfig - limitWeightScale minimum is 1" classname="./test/propagate/BackPropagation.ts" time="0.000" line="133" col="6">
        </testcase>
        <testcase name="BackPropConfig - warmRestartPeriod minimum is 2" classname="./test/propagate/BackPropagation.ts" time="0.000" line="138" col="6">
        </testcase>
        <testcase name="BackPropConfig - learningRateDecay clamped to [0.1, 1]" classname="./test/propagate/BackPropagation.ts" time="0.000" line="143" col="6">
        </testcase>
        <testcase name="BackPropConfig - initialLearningRate clamped to [0.001, 1]" classname="./test/propagate/BackPropagation.ts" time="0.000" line="151" col="6">
        </testcase>
        <testcase name="BackPropConfig - biasWeightCoordinationFactor clamped to [0, 1]" classname="./test/propagate/BackPropagation.ts" time="0.000" line="159" col="6">
        </testcase>
        <testcase name="BackPropConfig - maximumBiasAdjustmentScale cannot be negative" classname="./test/propagate/BackPropagation.ts" time="0.000" line="171" col="6">
        </testcase>
        <testcase name="BackPropConfig - maximumWeightAdjustmentScale cannot be negative" classname="./test/propagate/BackPropagation.ts" time="0.000" line="178" col="6">
        </testcase>
        <testcase name="BackPropConfig - trainingMutationRate clamped to [0.01, 1]" classname="./test/propagate/BackPropagation.ts" time="0.000" line="185" col="6">
        </testcase>
        <testcase name="BackPropConfig - explicit learningRate selects fixed strategy" classname="./test/propagate/BackPropagation.ts" time="0.000" line="197" col="6">
        </testcase>
        <testcase name="BackPropConfig - explicit strategy override works" classname="./test/propagate/BackPropagation.ts" time="0.000" line="204" col="6">
        </testcase>
        <testcase name="calculateLearningRate - fixed returns constant rate" classname="./test/propagate/BackPropagation.ts" time="0.000" line="216" col="6">
        </testcase>
        <testcase name="calculateLearningRate - decay decreases over iterations" classname="./test/propagate/BackPropagation.ts" time="0.000" line="229" col="6">
        </testcase>
        <testcase name="calculateLearningRate - decay monotonically decreases" classname="./test/propagate/BackPropagation.ts" time="0.000" line="246" col="6">
        </testcase>
        <testcase name="calculateLearningRate - adaptive without feedback uses base rate" classname="./test/propagate/BackPropagation.ts" time="0.000" line="270" col="6">
        </testcase>
        <testcase name="calculateLearningRate - adaptive boosts when error improves" classname="./test/propagate/BackPropagation.ts" time="0.000" line="280" col="6">
        </testcase>
        <testcase name="calculateLearningRate - adaptive reduces when error worsens" classname="./test/propagate/BackPropagation.ts" time="0.000" line="298" col="6">
        </testcase>
        <testcase name="calculateLearningRate - adaptive stagnation boost escapes plateau" classname="./test/propagate/BackPropagation.ts" time="0.000" line="316" col="6">
        </testcase>
        <testcase name="calculateLearningRate - adaptive ignores non-finite feedback" classname="./test/propagate/BackPropagation.ts" time="0.000" line="343" col="6">
        </testcase>
        <testcase name="calculateLearningRate - adaptive ignores zero previousError" classname="./test/propagate/BackPropagation.ts" time="0.000" line="356" col="6">
        </testcase>
        <testcase name="calculateLearningRate - warm_restart resets at period boundary" classname="./test/propagate/BackPropagation.ts" time="0.000" line="373" col="6">
        </testcase>
        <testcase name="calculateLearningRate - warm_restart mid-period has lower rate" classname="./test/propagate/BackPropagation.ts" time="0.000" line="387" col="6">
        </testcase>
        <testcase name="limitValue - passes through normal values" classname="./test/propagate/BackPropagation.ts" time="0.000" line="408" col="6">
        </testcase>
        <testcase name="limitValue - very small values pass through" classname="./test/propagate/BackPropagation.ts" time="0.000" line="415" col="6">
        </testcase>
        <testcase name="limitValue - clamps large positive values to 1e12" classname="./test/propagate/BackPropagation.ts" time="0.000" line="420" col="6">
        </testcase>
        <testcase name="limitValue - clamps large negative values to -1e12" classname="./test/propagate/BackPropagation.ts" time="0.000" line="425" col="6">
        </testcase>
        <testcase name="limitValue - returns 0 for NaN" classname="./test/propagate/BackPropagation.ts" time="0.000" line="430" col="6">
        </testcase>
        <testcase name="limitValue - clamps Infinity to 1e12" classname="./test/propagate/BackPropagation.ts" time="0.000" line="434" col="6">
        </testcase>
        <testcase name="limitValue - clamps -Infinity to -1e12" classname="./test/propagate/BackPropagation.ts" time="0.000" line="438" col="6">
        </testcase>
        <testcase name="limitValue - boundary value 1e12 passes through" classname="./test/propagate/BackPropagation.ts" time="0.000" line="442" col="6">
        </testcase>
        <testcase name="limitValue - just over boundary is clamped" classname="./test/propagate/BackPropagation.ts" time="0.000" line="447" col="6">
        </testcase>
        <testcase name="limitValue - converts computed NaN values to 0" classname="./test/propagate/BackPropagation.ts" time="0.000" line="452" col="6">
        </testcase>
        <testcase name="limitValue - handles negative zero" classname="./test/propagate/BackPropagation.ts" time="0.000" line="458" col="6">
        </testcase>
    </testsuite>
    <testsuite name="./test/propagate/BackPropagationConstants.ts" tests="15" disabled="0" errors="0" failures="0">
        <testcase name="BackPropConstants - MAX_RANDOM_GENERATIONS is 10" classname="./test/propagate/BackPropagationConstants.ts" time="0.001" line="24" col="6">
        </testcase>
        <testcase name="BackPropConstants - DEFAULT_BIAS_LIMIT_SCALE is 10_000" classname="./test/propagate/BackPropagationConstants.ts" time="0.000" line="28" col="6">
        </testcase>
        <testcase name="BackPropConstants - DEFAULT_WEIGHT_LIMIT_SCALE is 100_000" classname="./test/propagate/BackPropagationConstants.ts" time="0.000" line="32" col="6">
        </testcase>
        <testcase name="BackPropConstants - LEARNING_RATE_DECAY_FACTOR is 0.95" classname="./test/propagate/BackPropagationConstants.ts" time="0.000" line="36" col="6">
        </testcase>
        <testcase name="BackPropConstants - COORDINATION_FACTOR is 0.2" classname="./test/propagate/BackPropagationConstants.ts" time="0.000" line="40" col="6">
        </testcase>
        <testcase name="BackPropConstants - ERROR_IMPROVEMENT_THRESHOLD is 0.95" classname="./test/propagate/BackPropagationConstants.ts" time="0.000" line="44" col="6">
        </testcase>
        <testcase name="BackPropConstants - ERROR_STAGNATION_THRESHOLD is 1.0" classname="./test/propagate/BackPropagationConstants.ts" time="0.000" line="48" col="6">
        </testcase>
        <testcase name="BackPropConstants - IMPROVEMENT_BOOST_FACTOR is 1.1" classname="./test/propagate/BackPropagationConstants.ts" time="0.000" line="52" col="6">
        </testcase>
        <testcase name="BackPropConstants - STAGNATION_BOOST_FACTOR is 1.3" classname="./test/propagate/BackPropagationConstants.ts" time="0.000" line="56" col="6">
        </testcase>
        <testcase name="BackPropConstants - MIN_ERROR_ADJUSTMENT is 0.5" classname="./test/propagate/BackPropagationConstants.ts" time="0.000" line="60" col="6">
        </testcase>
        <testcase name="BackPropConstants - default limitBiasScale uses DEFAULT_BIAS_LIMIT_SCALE" classname="./test/propagate/BackPropagationConstants.ts" time="0.000" line="68" col="6">
        </testcase>
        <testcase name="BackPropConstants - default limitWeightScale uses DEFAULT_WEIGHT_LIMIT_SCALE" classname="./test/propagate/BackPropagationConstants.ts" time="0.000" line="73" col="6">
        </testcase>
        <testcase name="BackPropConstants - default learningRateDecay uses LEARNING_RATE_DECAY_FACTOR" classname="./test/propagate/BackPropagationConstants.ts" time="0.000" line="78" col="6">
        </testcase>
        <testcase name="BackPropConstants - default biasWeightCoordinationFactor uses COORDINATION_FACTOR" classname="./test/propagate/BackPropagationConstants.ts" time="0.000" line="87" col="6">
        </testcase>
        <testcase name="BackPropConstants - default generations within MAX_RANDOM_GENERATIONS range" classname="./test/propagate/BackPropagationConstants.ts" time="0.000" line="96" col="6">
        </testcase>
    </testsuite>
    <testsuite name="./test/propagate/BackpropBufferIntegration.ts" tests="2" disabled="0" errors="0" failures="0">
        <testcase name="BackpropBuffers - multi-level training produces correct results" classname="./test/propagate/BackpropBufferIntegration.ts" time="0.145" line="15" col="6">
        </testcase>
        <testcase name="BackpropBuffers - training with wider network exercises buffer reuse" classname="./test/propagate/BackpropBufferIntegration.ts" time="0.296" line="80" col="6">
        </testcase>
    </testsuite>
    <testsuite name="./test/propagate/BackpropBuffers.ts" tests="7" disabled="0" errors="0" failures="0">
        <testcase name="BackpropBuffers - acquire returns buffer with sufficient capacity" classname="./test/propagate/BackpropBuffers.ts" time="0.003" line="11" col="6">
        </testcase>
        <testcase name="BackpropBuffers - released buffer is reused by next acquire" classname="./test/propagate/BackpropBuffers.ts" time="0.000" line="28" col="6">
        </testcase>
        <testcase name="BackpropBuffers - acquire without release gives distinct buffers" classname="./test/propagate/BackpropBuffers.ts" time="0.000" line="44" col="6">
        </testcase>
        <testcase name="BackpropBuffers - grows capacity when larger buffer needed" classname="./test/propagate/BackpropBuffers.ts" time="0.000" line="59" col="6">
        </testcase>
        <testcase name="BackpropBuffers - zero initial capacity works" classname="./test/propagate/BackpropBuffers.ts" time="0.000" line="73" col="6">
        </testcase>
        <testcase name="BackpropBuffers - stack semantics for recursive use" classname="./test/propagate/BackpropBuffers.ts" time="0.000" line="83" col="6">
        </testcase>
        <testcase name="BackpropBuffers - typed array subarray works for WASM views" classname="./test/propagate/BackpropBuffers.ts" time="0.000" line="110" col="6">
        </testcase>
    </testsuite>
    <testsuite name="./test/propagate/BackpropConvergence.ts" tests="32" disabled="0" errors="0" failures="0">
        <testcase name="Backprop convergence: ABSOLUTE" classname="./test/propagate/BackpropConvergence.ts" time="0.032" line="146" col="8">
        </testcase>
        <testcase name="Backprop convergence: ArcTan" classname="./test/propagate/BackpropConvergence.ts" time="0.019" line="146" col="8">
        </testcase>
        <testcase name="Backprop convergence: BENT_IDENTITY" classname="./test/propagate/BackpropConvergence.ts" time="0.039" line="146" col="8">
        </testcase>
        <testcase name="Backprop convergence: BIPOLAR" classname="./test/propagate/BackpropConvergence.ts" time="0.013" line="146" col="8">
        </testcase>
        <testcase name="Backprop convergence: BIPOLAR_SIGMOID" classname="./test/propagate/BackpropConvergence.ts" time="0.012" line="146" col="8">
        </testcase>
        <testcase name="Backprop convergence: COMPLEMENT" classname="./test/propagate/BackpropConvergence.ts" time="0.014" line="146" col="8">
        </testcase>
        <testcase name="Backprop convergence: Cosine" classname="./test/propagate/BackpropConvergence.ts" time="0.014" line="146" col="8">
        </testcase>
        <testcase name="Backprop convergence: Cube" classname="./test/propagate/BackpropConvergence.ts" time="0.011" line="146" col="8">
        </testcase>
        <testcase name="Backprop convergence: ELU" classname="./test/propagate/BackpropConvergence.ts" time="0.009" line="146" col="8">
        </testcase>
        <testcase name="Backprop convergence: Exponential" classname="./test/propagate/BackpropConvergence.ts" time="0.010" line="146" col="8">
        </testcase>
        <testcase name="Backprop convergence: GAUSSIAN" classname="./test/propagate/BackpropConvergence.ts" time="0.011" line="146" col="8">
        </testcase>
        <testcase name="Backprop convergence: GELU" classname="./test/propagate/BackpropConvergence.ts" time="0.011" line="146" col="8">
        </testcase>
        <testcase name="Backprop convergence: HARD_TANH" classname="./test/propagate/BackpropConvergence.ts" time="0.009" line="146" col="8">
        </testcase>
        <testcase name="Backprop convergence: IDENTITY" classname="./test/propagate/BackpropConvergence.ts" time="0.014" line="146" col="8">
        </testcase>
        <testcase name="Backprop convergence: ISRU" classname="./test/propagate/BackpropConvergence.ts" time="0.010" line="146" col="8">
        </testcase>
        <testcase name="Backprop convergence: LeakyReLU" classname="./test/propagate/BackpropConvergence.ts" time="0.010" line="146" col="8">
        </testcase>
        <testcase name="Backprop convergence: LOGISTIC" classname="./test/propagate/BackpropConvergence.ts" time="0.016" line="146" col="8">
        </testcase>
        <testcase name="Backprop convergence: LogSigmoid" classname="./test/propagate/BackpropConvergence.ts" time="0.016" line="146" col="8">
        </testcase>
        <testcase name="Backprop convergence: Mish" classname="./test/propagate/BackpropConvergence.ts" time="0.013" line="146" col="8">
        </testcase>
        <testcase name="Backprop convergence: ReLU" classname="./test/propagate/BackpropConvergence.ts" time="0.009" line="146" col="8">
        </testcase>
        <testcase name="Backprop convergence: ReLU6" classname="./test/propagate/BackpropConvergence.ts" time="0.012" line="146" col="8">
        </testcase>
        <testcase name="Backprop convergence: SELU" classname="./test/propagate/BackpropConvergence.ts" time="0.009" line="146" col="8">
        </testcase>
        <testcase name="Backprop convergence: SINE" classname="./test/propagate/BackpropConvergence.ts" time="0.014" line="146" col="8">
        </testcase>
        <testcase name="Backprop convergence: SOFTSIGN" classname="./test/propagate/BackpropConvergence.ts" time="0.011" line="146" col="8">
        </testcase>
        <testcase name="Backprop convergence: Softplus" classname="./test/propagate/BackpropConvergence.ts" time="0.009" line="146" col="8">
        </testcase>
        <testcase name="Backprop convergence: SQRT" classname="./test/propagate/BackpropConvergence.ts" time="0.012" line="146" col="8">
        </testcase>
        <testcase name="Backprop convergence: SQUARE" classname="./test/propagate/BackpropConvergence.ts" time="0.013" line="146" col="8">
        </testcase>
        <testcase name="Backprop convergence: STEP" classname="./test/propagate/BackpropConvergence.ts" time="0.015" line="146" col="8">
        </testcase>
        <testcase name="Backprop convergence: StdInverse" classname="./test/propagate/BackpropConvergence.ts" time="0.013" line="146" col="8">
        </testcase>
        <testcase name="Backprop convergence: Swish" classname="./test/propagate/BackpropConvergence.ts" time="0.013" line="146" col="8">
        </testcase>
        <testcase name="Backprop convergence: TAN" classname="./test/propagate/BackpropConvergence.ts" time="0.013" line="146" col="8">
        </testcase>
        <testcase name="Backprop convergence: TANH" classname="./test/propagate/BackpropConvergence.ts" time="0.012" line="146" col="8">
        </testcase>
    </testsuite>
    <testsuite name="./test/propagate/BackpropCoordination.ts" tests="20" disabled="0" errors="0" failures="0">
        <testcase name="coordinateBackpropUpdates - no changes passes through" classname="./test/propagate/BackpropCoordination.ts" time="0.001" line="4" col="6">
        </testcase>
        <testcase name="coordinateBackpropUpdates - bias-only change passes through" classname="./test/propagate/BackpropCoordination.ts" time="0.000" line="20" col="6">
        </testcase>
        <testcase name="coordinateBackpropUpdates - weight-only change passes through" classname="./test/propagate/BackpropCoordination.ts" time="0.000" line="36" col="6">
        </testcase>
        <testcase name="coordinateBackpropUpdates - aligned changes pass through unchanged" classname="./test/propagate/BackpropCoordination.ts" time="0.000" line="56" col="6">
        </testcase>
        <testcase name="coordinateBackpropUpdates - negative activation flips effect direction" classname="./test/propagate/BackpropCoordination.ts" time="0.000" line="77" col="6">
        </testcase>
        <testcase name="coordinateBackpropUpdates - equal opposing effects triggers coordination" classname="./test/propagate/BackpropCoordination.ts" time="0.000" line="97" col="6">
        </testcase>
        <testcase name="coordinateBackpropUpdates - reduces both sides with near-perfect cancellation" classname="./test/propagate/BackpropCoordination.ts" time="0.000" line="118" col="6">
        </testcase>
        <testcase name="coordinateBackpropUpdates - reduces both sides when weights are smaller" classname="./test/propagate/BackpropCoordination.ts" time="0.000" line="138" col="6">
        </testcase>
        <testcase name="coordinateBackpropUpdates - skips coordination when ratio below threshold" classname="./test/propagate/BackpropCoordination.ts" time="0.000" line="158" col="6">
        </testcase>
        <testcase name="coordinateBackpropUpdates - skips when opposing effects are unequal" classname="./test/propagate/BackpropCoordination.ts" time="0.000" line="177" col="6">
        </testcase>
        <testcase name="coordinateBackpropUpdates - configurable reduction factor" classname="./test/propagate/BackpropCoordination.ts" time="0.000" line="196" col="6">
        </testcase>
        <testcase name="coordinateBackpropUpdates - zero reduction factor eliminates both changes" classname="./test/propagate/BackpropCoordination.ts" time="0.000" line="217" col="6">
        </testcase>
        <testcase name="coordinateBackpropUpdates - full reduction factor (1.0) preserves everything" classname="./test/propagate/BackpropCoordination.ts" time="0.000" line="236" col="6">
        </testcase>
        <testcase name="coordinateBackpropUpdates - unchanged weights in mixed array preserved" classname="./test/propagate/BackpropCoordination.ts" time="0.000" line="255" col="6">
        </testcase>
        <testcase name="coordinateBackpropUpdates - empty weights array with bias change" classname="./test/propagate/BackpropCoordination.ts" time="0.000" line="279" col="6">
        </testcase>
        <testcase name="coordinateBackpropUpdates - all results are finite" classname="./test/propagate/BackpropCoordination.ts" time="0.000" line="299" col="6">
        </testcase>
        <testcase name="coordinateBackpropUpdates - exactly at threshold triggers coordination" classname="./test/propagate/BackpropCoordination.ts" time="0.000" line="317" col="6">
        </testcase>
        <testcase name="coordinateBackpropUpdates - just below threshold skips coordination" classname="./test/propagate/BackpropCoordination.ts" time="0.000" line="338" col="6">
        </testcase>
        <testcase name="coordinateBackpropUpdates - activation magnitude scales effect correctly" classname="./test/propagate/BackpropCoordination.ts" time="0.000" line="357" col="6">
        </testcase>
        <testcase name="coordinateBackpropUpdates - zero activation means no weight effect" classname="./test/propagate/BackpropCoordination.ts" time="0.000" line="379" col="6">
        </testcase>
    </testsuite>
    <testsuite name="./test/propagate/Bias.ts" tests="10" disabled="0" errors="0" failures="0">
        <testcase name="accumulateBias - positive delta increases totalBias" classname="./test/propagate/Bias.ts" time="0.003" line="43" col="6">
        </testcase>
        <testcase name="accumulateBias - negative delta decreases totalBias" classname="./test/propagate/Bias.ts" time="0.000" line="57" col="6">
        </testcase>
        <testcase name="accumulateBias - accumulates bias delta correctly" classname="./test/propagate/Bias.ts" time="0.000" line="70" col="6">
        </testcase>
        <testcase name="accumulateBias - accumulates multiple samples" classname="./test/propagate/Bias.ts" time="0.000" line="90" col="6">
        </testcase>
        <testcase name="accumulateBias - zero delta still accumulates with currentBias" classname="./test/propagate/Bias.ts" time="0.000" line="102" col="6">
        </testcase>
        <testcase name="accumulateBias - skips NaN target" classname="./test/propagate/Bias.ts" time="0.000" line="113" col="6">
        </testcase>
        <testcase name="accumulateBias - skips Infinity target" classname="./test/propagate/Bias.ts" time="0.000" line="119" col="6">
        </testcase>
        <testcase name="accumulateBias - skips Infinity preActivation" classname="./test/propagate/Bias.ts" time="0.000" line="129" col="6">
        </testcase>
        <testcase name="accumulateBias - skips -Infinity preActivation" classname="./test/propagate/Bias.ts" time="0.000" line="135" col="6">
        </testcase>
        <testcase name="accumulateBias - skips NaN currentBias" classname="./test/propagate/Bias.ts" time="0.000" line="145" col="6">
        </testcase>
    </testsuite>
    <testsuite name="./test/propagate/BiasConvergence.ts" tests="9" disabled="0" errors="0" failures="0">
        <testcase name="Bias convergence - repeated accumulation moves bias towards target" classname="./test/propagate/BiasConvergence.ts" time="0.005" line="50" col="6">
        </testcase>
        <testcase name="Bias convergence - negative target moves bias downward" classname="./test/propagate/BiasConvergence.ts" time="0.000" line="77" col="6">
        </testcase>
        <testcase name="adjustedBias - returns original bias before batch boundary" classname="./test/propagate/BiasConvergence.ts" time="0.000" line="106" col="6">
        </testcase>
        <testcase name="adjustedBias - recalculates at batch boundary" classname="./test/propagate/BiasConvergence.ts" time="0.000" line="134" col="6">
        </testcase>
        <testcase name="adjustedBias - disableBiasAdjustment returns original" classname="./test/propagate/BiasConvergence.ts" time="0.000" line="159" col="6">
        </testcase>
        <testcase name="adjustedBias - constant neuron always returns its bias" classname="./test/propagate/BiasConvergence.ts" time="0.000" line="183" col="6">
        </testcase>
        <testcase name="Bias convergence - higher generations dampen adjustment" classname="./test/propagate/BiasConvergence.ts" time="0.000" line="219" col="6">
        </testcase>
        <testcase name="Bias convergence - noChange flag preserves original bias" classname="./test/propagate/BiasConvergence.ts" time="0.000" line="270" col="6">
        </testcase>
        <testcase name="Bias convergence - adjustedBias converges to target across diverse starting biases" classname="./test/propagate/BiasConvergence.ts" time="0.001" line="343" col="6">
        </testcase>
    </testsuite>
    <testsuite name="./test/propagate/Complex.ts" tests="1" disabled="0" errors="0" failures="0">
        <testcase name="backprop preserves outputs within tolerance on complex multi-hidden-layer network" classname="./test/propagate/Complex.ts" time="1.063" line="24" col="6">
        </testcase>
    </testsuite>
    <testsuite name="./test/propagate/Constants.ts" tests="4" disabled="0" errors="0" failures="0">
        <testcase name="backprop converges single sample to constant-weighted target" classname="./test/propagate/Constants.ts" time="0.070" line="42" col="6">
        </testcase>
        <testcase name="backprop converges repeated identical samples to constant target" classname="./test/propagate/Constants.ts" time="0.079" line="134" col="6">
        </testcase>
        <testcase name="backprop learns constant-weighted mapping from few known samples" classname="./test/propagate/Constants.ts" time="0.025" line="208" col="6">
        </testcase>
        <testcase name="backprop converges over many generations with random training samples" classname="./test/propagate/Constants.ts" time="12.030" line="270" col="6">
        </testcase>
    </testsuite>
    <testsuite name="./test/propagate/DataFuzzing.ts" tests="14" disabled="0" errors="0" failures="0">
        <testcase name="DataFuzzing defaults are disabled" classname="./test/propagate/DataFuzzing.ts" time="0.001" line="24" col="6">
        </testcase>
        <testcase name="DataFuzzing parser applies defaults when undefined" classname="./test/propagate/DataFuzzing.ts" time="0.000" line="31" col="6">
        </testcase>
        <testcase name="DataFuzzing parser accepts overrides" classname="./test/propagate/DataFuzzing.ts" time="0.000" line="39" col="6">
        </testcase>
        <testcase name="DataFuzzing parser coerces numeric strings" classname="./test/propagate/DataFuzzing.ts" time="0.000" line="52" col="6">
        </testcase>
        <testcase name="DataFuzzing parser defaults noiseType to gaussian for invalid value" classname="./test/propagate/DataFuzzing.ts" time="0.000" line="61" col="6">
        </testcase>
        <testcase name="applyNoise with scale=0 does not modify buffer" classname="./test/propagate/DataFuzzing.ts" time="0.000" line="72" col="6">
        </testcase>
        <testcase name="Gaussian noise has mean near zero and std dev matching scale" classname="./test/propagate/DataFuzzing.ts" time="0.030" line="88" col="6">
        </testcase>
        <testcase name="Gaussian noise modifies buffer values" classname="./test/propagate/DataFuzzing.ts" time="0.000" line="119" col="6">
        </testcase>
        <testcase name="Uniform noise is bounded within [-scale, +scale]" classname="./test/propagate/DataFuzzing.ts" time="0.031" line="141" col="6">
        </testcase>
        <testcase name="Uniform noise has mean near zero" classname="./test/propagate/DataFuzzing.ts" time="0.017" line="155" col="6">
        </testcase>
        <testcase name="Gaussian noise handles odd-length buffers correctly" classname="./test/propagate/DataFuzzing.ts" time="0.000" line="179" col="6">
        </testcase>
        <testcase name="applyNoise handles single-element buffer" classname="./test/propagate/DataFuzzing.ts" time="0.000" line="200" col="6">
        </testcase>
        <testcase name="Noise is reproducible with same seed" classname="./test/propagate/DataFuzzing.ts" time="0.000" line="212" col="6">
        </testcase>
        <testcase name="Different seeds produce different noise" classname="./test/propagate/DataFuzzing.ts" time="0.000" line="227" col="6">
        </testcase>
    </testsuite>
    <testsuite name="./test/propagate/DataFuzzingIntegration.ts" tests="5" disabled="0" errors="0" failures="0">
        <testcase name="Training completes with Gaussian fuzzing enabled" classname="./test/propagate/DataFuzzingIntegration.ts" time="0.030" line="39" col="6">
        </testcase>
        <testcase name="Training completes with uniform fuzzing enabled" classname="./test/propagate/DataFuzzingIntegration.ts" time="0.007" line="63" col="6">
        </testcase>
        <testcase name="Training with fuzzing disabled behaves normally" classname="./test/propagate/DataFuzzingIntegration.ts" time="0.007" line="87" col="6">
        </testcase>
        <testcase name="Inference does not apply fuzzing" classname="./test/propagate/DataFuzzingIntegration.ts" time="0.000" line="108" col="6">
        </testcase>
        <testcase name="Training with output noise applies label smoothing" classname="./test/propagate/DataFuzzingIntegration.ts" time="0.006" line="132" col="6">
        </testcase>
    </testsuite>
    <testsuite name="./test/propagate/DataQuantisation.ts" tests="16" disabled="0" errors="0" failures="0">
        <testcase name="DataQuantisation defaults are disabled" classname="./test/propagate/DataQuantisation.ts" time="0.001" line="21" col="6">
        </testcase>
        <testcase name="DataQuantisation parser applies defaults when undefined" classname="./test/propagate/DataQuantisation.ts" time="0.000" line="31" col="6">
        </testcase>
        <testcase name="DataQuantisation parser accepts overrides" classname="./test/propagate/DataQuantisation.ts" time="0.000" line="38" col="6">
        </testcase>
        <testcase name="DataQuantisation parser coerces numeric strings" classname="./test/propagate/DataQuantisation.ts" time="0.000" line="49" col="6">
        </testcase>
        <testcase name="DataQuantisation parser allows outputLevels of 0 (disabled)" classname="./test/propagate/DataQuantisation.ts" time="0.000" line="58" col="6">
        </testcase>
        <testcase name="quantiseBuffer snaps values to discrete levels" classname="./test/propagate/DataQuantisation.ts" time="0.000" line="69" col="6">
        </testcase>
        <testcase name="quantiseBuffer with 2 levels produces only min and max" classname="./test/propagate/DataQuantisation.ts" time="0.000" line="83" col="6">
        </testcase>
        <testcase name="quantiseBuffer respects level count (at most N distinct values)" classname="./test/propagate/DataQuantisation.ts" time="0.000" line="95" col="6">
        </testcase>
        <testcase name="quantiseBuffer with single value does nothing" classname="./test/propagate/DataQuantisation.ts" time="0.000" line="117" col="6">
        </testcase>
        <testcase name="quantiseBuffer with all identical values does nothing" classname="./test/propagate/DataQuantisation.ts" time="0.000" line="123" col="6">
        </testcase>
        <testcase name="quantiseBuffer with two values snaps correctly" classname="./test/propagate/DataQuantisation.ts" time="0.000" line="131" col="6">
        </testcase>
        <testcase name="quantiseBuffer with empty buffer does nothing" classname="./test/propagate/DataQuantisation.ts" time="0.000" line="140" col="6">
        </testcase>
        <testcase name="quantiseBuffer works with negative values (-1 to 1 range)" classname="./test/propagate/DataQuantisation.ts" time="0.000" line="150" col="6">
        </testcase>
        <testcase name="quantiseBuffer is deterministic (same input =&gt; same output)" classname="./test/propagate/DataQuantisation.ts" time="0.000" line="166" col="6">
        </testcase>
        <testcase name="quantiseBuffer preserves original min and max" classname="./test/propagate/DataQuantisation.ts" time="0.000" line="181" col="6">
        </testcase>
        <testcase name="quantiseBuffer keeps values within original range" classname="./test/propagate/DataQuantisation.ts" time="0.000" line="201" col="6">
        </testcase>
    </testsuite>
    <testsuite name="./test/propagate/DropoutRegularisation.ts" tests="13" disabled="0" errors="0" failures="0">
        <testcase name="Dropout rate defaults to 0 (disabled)" classname="./test/propagate/DropoutRegularisation.ts" time="0.001" line="64" col="6">
        </testcase>
        <testcase name="Dropout rate is clamped between 0 and 1" classname="./test/propagate/DropoutRegularisation.ts" time="0.000" line="72" col="6">
        </testcase>
        <testcase name="Dropout rate of 0.5 is preserved in config" classname="./test/propagate/DropoutRegularisation.ts" time="0.000" line="84" col="6">
        </testcase>
        <testcase name="applyDropout with rate 0 does not change activations" classname="./test/propagate/DropoutRegularisation.ts" time="0.004" line="95" col="6">
        </testcase>
        <testcase name="applyDropout with rate 1 is a no-op (boundary)" classname="./test/propagate/DropoutRegularisation.ts" time="0.000" line="108" col="6">
        </testcase>
        <testcase name="applyDropout zeroes some hidden neurons with rate 0.5" classname="./test/propagate/DropoutRegularisation.ts" time="0.001" line="121" col="6">
        </testcase>
        <testcase name="applyDropout applies inverted scaling to kept neurons" classname="./test/propagate/DropoutRegularisation.ts" time="0.001" line="145" col="6">
        </testcase>
        <testcase name="applyDropout does not modify input neurons" classname="./test/propagate/DropoutRegularisation.ts" time="0.000" line="173" col="6">
        </testcase>
        <testcase name="applyDropout does not modify output neurons" classname="./test/propagate/DropoutRegularisation.ts" time="0.000" line="192" col="6">
        </testcase>
        <testcase name="Inference produces deterministic results without dropout" classname="./test/propagate/DropoutRegularisation.ts" time="0.002" line="216" col="6">
        </testcase>
        <testcase name="Dropout config coexists with sparseRatio and L1/L2" classname="./test/propagate/DropoutRegularisation.ts" time="0.000" line="234" col="6">
        </testcase>
        <testcase name="Dropout training completes and produces valid outputs" classname="./test/propagate/DropoutRegularisation.ts" time="0.109" line="252" col="6">
        </testcase>
        <testcase name="Inference uses all neurons regardless of training dropout setting" classname="./test/propagate/DropoutRegularisation.ts" time="0.011" line="313" col="6">
        </testcase>
    </testsuite>
    <testsuite name="./test/propagate/ElasticDistribution.ts" tests="20" disabled="0" errors="0" failures="0">
        <testcase name="ElasticDistribution conservation - two links sum to original error" classname="./test/propagate/ElasticDistribution.ts" time="0.001" line="28" col="6">
        </testcase>
        <testcase name="ElasticDistribution conservation - many links sum to original error" classname="./test/propagate/ElasticDistribution.ts" time="0.000" line="46" col="6">
        </testcase>
        <testcase name="ElasticDistribution conservation - negative error is conserved" classname="./test/propagate/ElasticDistribution.ts" time="0.000" line="67" col="6">
        </testcase>
        <testcase name="ElasticDistribution conservation - single link gets all error" classname="./test/propagate/ElasticDistribution.ts" time="0.000" line="86" col="6">
        </testcase>
        <testcase name="ElasticDistribution conservation - weight fallback preserves total" classname="./test/propagate/ElasticDistribution.ts" time="0.000" line="101" col="6">
        </testcase>
        <testcase name="ElasticDistribution proportional - larger activation gets more error" classname="./test/propagate/ElasticDistribution.ts" time="0.000" line="122" col="6">
        </testcase>
        <testcase name="ElasticDistribution proportional - negative activations use magnitude" classname="./test/propagate/ElasticDistribution.ts" time="0.000" line="134" col="6">
        </testcase>
        <testcase name="ElasticDistribution proportional - equal activations produce equal shares" classname="./test/propagate/ElasticDistribution.ts" time="0.000" line="146" col="6">
        </testcase>
        <testcase name="ElasticDistribution safe zone - zero factor blocks link completely" classname="./test/propagate/ElasticDistribution.ts" time="0.000" line="163" col="6">
        </testcase>
        <testcase name="ElasticDistribution safe zone - low factor reduces share" classname="./test/propagate/ElasticDistribution.ts" time="0.000" line="174" col="6">
        </testcase>
        <testcase name="ElasticDistribution safe zone - factor clamped to [0, 1]" classname="./test/propagate/ElasticDistribution.ts" time="0.000" line="190" col="6">
        </testcase>
        <testcase name="ElasticDistribution safe zone - negative factor treated as zero" classname="./test/propagate/ElasticDistribution.ts" time="0.000" line="201" col="6">
        </testcase>
        <testcase name="ElasticDistribution fallback - all scores zero falls back to equal split" classname="./test/propagate/ElasticDistribution.ts" time="0.000" line="216" col="6">
        </testcase>
        <testcase name="ElasticDistribution fallback - weight-based when activations are zero" classname="./test/propagate/ElasticDistribution.ts" time="0.000" line="228" col="6">
        </testcase>
        <testcase name="ElasticDistribution fallback - equal split when no weights or activations" classname="./test/propagate/ElasticDistribution.ts" time="0.000" line="240" col="6">
        </testcase>
        <testcase name="ElasticDistribution edge - zero error distributes zeros" classname="./test/propagate/ElasticDistribution.ts" time="0.000" line="259" col="6">
        </testcase>
        <testcase name="ElasticDistribution edge - empty links returns empty array" classname="./test/propagate/ElasticDistribution.ts" time="0.000" line="269" col="6">
        </testcase>
        <testcase name="ElasticDistribution edge - non-finite error returns zeros" classname="./test/propagate/ElasticDistribution.ts" time="0.000" line="274" col="6">
        </testcase>
        <testcase name="ElasticDistribution edge - non-finite activation treated as zero score" classname="./test/propagate/ElasticDistribution.ts" time="0.000" line="282" col="6">
        </testcase>
        <testcase name="ElasticDistribution edge - non-finite safeZoneFactor treated as zero score" classname="./test/propagate/ElasticDistribution.ts" time="0.000" line="293" col="6">
        </testcase>
    </testsuite>
    <testsuite name="./test/propagate/ErrorHelper.ts" tests="17" disabled="0" errors="0" failures="0">
        <testcase name="calculateClampedError - NaN returns 0" classname="./test/propagate/ErrorHelper.ts" time="0.001" line="15" col="6">
        </testcase>
        <testcase name="calculateClampedError - NaN returns 0 regardless of maxMagnitude" classname="./test/propagate/ErrorHelper.ts" time="0.000" line="19" col="6">
        </testcase>
        <testcase name="calculateClampedError - positive Infinity returns 0" classname="./test/propagate/ErrorHelper.ts" time="0.000" line="24" col="6">
        </testcase>
        <testcase name="calculateClampedError - negative Infinity returns 0" classname="./test/propagate/ErrorHelper.ts" time="0.000" line="29" col="6">
        </testcase>
        <testcase name="calculateClampedError - normal values pass through unchanged" classname="./test/propagate/ErrorHelper.ts" time="0.000" line="38" col="6">
        </testcase>
        <testcase name="calculateClampedError - zero error passes through" classname="./test/propagate/ErrorHelper.ts" time="0.000" line="46" col="6">
        </testcase>
        <testcase name="calculateClampedError - very small error passes through" classname="./test/propagate/ErrorHelper.ts" time="0.000" line="51" col="6">
        </testcase>
        <testcase name="calculateClampedError - values below custom maxMagnitude pass through" classname="./test/propagate/ErrorHelper.ts" time="0.000" line="69" col="6">
        </testcase>
        <testcase name="calculateClampedError - clamps positive overflow to default maxMagnitude" classname="./test/propagate/ErrorHelper.ts" time="0.000" line="78" col="6">
        </testcase>
        <testcase name="calculateClampedError - clamps negative overflow to negative maxMagnitude" classname="./test/propagate/ErrorHelper.ts" time="0.000" line="83" col="6">
        </testcase>
        <testcase name="calculateClampedError - clamps to custom maxMagnitude" classname="./test/propagate/ErrorHelper.ts" time="0.000" line="88" col="6">
        </testcase>
        <testcase name="calculateClampedError - clamps to small fractional maxMagnitude" classname="./test/propagate/ErrorHelper.ts" time="0.000" line="95" col="6">
        </testcase>
        <testcase name="calculateClampedError - clamps to large maxMagnitude" classname="./test/propagate/ErrorHelper.ts" time="0.000" line="109" col="6">
        </testcase>
        <testcase name="calculateClampedError - exactly at default boundary passes through" classname="./test/propagate/ErrorHelper.ts" time="0.000" line="118" col="6">
        </testcase>
        <testcase name="calculateClampedError - exactly at custom boundary passes through" classname="./test/propagate/ErrorHelper.ts" time="0.000" line="123" col="6">
        </testcase>
        <testcase name="calculateClampedError - preserves positive sign when clamping" classname="./test/propagate/ErrorHelper.ts" time="0.000" line="140" col="6">
        </testcase>
        <testcase name="calculateClampedError - preserves negative sign when clamping" classname="./test/propagate/ErrorHelper.ts" time="0.000" line="145" col="6">
        </testcase>
    </testsuite>
    <testsuite name="./test/propagate/FiniteValueProtection.ts" tests="14" disabled="0" errors="0" failures="0">
        <testcase name="accumulateBias - handles Infinity pre-activation value gracefully" classname="./test/propagate/FiniteValueProtection.ts" time="0.001" line="22" col="6">
        </testcase>
        <testcase name="accumulateBias - handles -Infinity pre-activation value gracefully" classname="./test/propagate/FiniteValueProtection.ts" time="0.000" line="51" col="6">
        </testcase>
        <testcase name="accumulateBias - handles NaN pre-activation value gracefully" classname="./test/propagate/FiniteValueProtection.ts" time="0.000" line="77" col="6">
        </testcase>
        <testcase name="accumulateBias - handles Infinity target pre-activation value gracefully" classname="./test/propagate/FiniteValueProtection.ts" time="0.000" line="103" col="6">
        </testcase>
        <testcase name="accumulateWeight - handles Infinity activation gracefully" classname="./test/propagate/FiniteValueProtection.ts" time="0.003" line="133" col="6">
        </testcase>
        <testcase name="accumulateWeight - handles -Infinity activation gracefully" classname="./test/propagate/FiniteValueProtection.ts" time="0.000" line="164" col="6">
        </testcase>
        <testcase name="accumulateWeight - handles NaN activation gracefully" classname="./test/propagate/FiniteValueProtection.ts" time="0.000" line="193" col="6">
        </testcase>
        <testcase name="accumulateWeight - handles Infinity target value gracefully" classname="./test/propagate/FiniteValueProtection.ts" time="0.000" line="222" col="6">
        </testcase>
        <testcase name="NeuronState.traceActivation - handles Infinity gracefully" classname="./test/propagate/FiniteValueProtection.ts" time="0.000" line="250" col="6">
        </testcase>
        <testcase name="NeuronState.traceActivation - handles -Infinity gracefully" classname="./test/propagate/FiniteValueProtection.ts" time="0.000" line="265" col="6">
        </testcase>
        <testcase name="NeuronState.traceActivation - handles NaN gracefully" classname="./test/propagate/FiniteValueProtection.ts" time="0.000" line="277" col="6">
        </testcase>
        <testcase name="Creature.propagate - handles extreme activation values without crashing" classname="./test/propagate/FiniteValueProtection.ts" time="0.006" line="293" col="6">
        </testcase>
        <testcase name="Training - rejects non-finite input observations" classname="./test/propagate/FiniteValueProtection.ts" time="0.001" line="339" col="6">
        </testcase>
        <testcase name="Training - rejects NaN input observations" classname="./test/propagate/FiniteValueProtection.ts" time="0.000" line="356" col="6">
        </testcase>
    </testsuite>
    <testsuite name="./test/propagate/Generation.ts" tests="2" disabled="0" errors="0" failures="0">
        <testcase name="calculateBias - generation 0 produces full adjustment, generation 1 produces dampened adjustment" classname="./test/propagate/Generation.ts" time="0.005" line="54" col="6">
        </testcase>
        <testcase name="calculateWeight - generation 0 produces full adjustment, generation 10 produces dampened adjustment" classname="./test/propagate/Generation.ts" time="0.000" line="97" col="6">
        </testcase>
    </testsuite>
    <testsuite name="./test/propagate/GenerationalDampening.ts" tests="8" disabled="0" errors="0" failures="0">
        <testcase name="calculateWeight - high generations does not overwhelm gradient signal" classname="./test/propagate/GenerationalDampening.ts" time="0.001" line="67" col="6">
        </testcase>
        <testcase name="calculateWeight - dampening cap limits generational inertia" classname="./test/propagate/GenerationalDampening.ts" time="0.000" line="96" col="6">
        </testcase>
        <testcase name="calculateWeight - generations=0 still works correctly" classname="./test/propagate/GenerationalDampening.ts" time="0.000" line="140" col="6">
        </testcase>
        <testcase name="calculateBias - high generations does not overwhelm gradient signal" classname="./test/propagate/GenerationalDampening.ts" time="0.002" line="162" col="6">
        </testcase>
        <testcase name="calculateBias - dampening cap limits generational inertia" classname="./test/propagate/GenerationalDampening.ts" time="0.000" line="192" col="6">
        </testcase>
        <testcase name="calculateBias - generations=0 still works correctly" classname="./test/propagate/GenerationalDampening.ts" time="0.000" line="236" col="6">
        </testcase>
        <testcase name="createBackPropagationConfig - default generations is capped at reasonable value" classname="./test/propagate/GenerationalDampening.ts" time="0.000" line="260" col="6">
        </testcase>
        <testcase name="createBackPropagationConfig - explicit generations above cap is still respected" classname="./test/propagate/GenerationalDampening.ts" time="0.000" line="279" col="6">
        </testcase>
    </testsuite>
    <testsuite name="./test/propagate/GradientAccumulationScaling.ts" tests="7" disabled="0" errors="0" failures="0">
        <testcase name="Gradient accumulation - fan-out scaling: 1 vs 20 downstream neurons" classname="./test/propagate/GradientAccumulationScaling.ts" time="0.015" line="46" col="6">
        </testcase>
        <testcase name="Gradient accumulation - weight update magnitude: high vs low fan-out" classname="./test/propagate/GradientAccumulationScaling.ts" time="0.003" line="169" col="6">
        </testcase>
        <testcase name="Gradient accumulation - convergence: uniform vs skewed topology" classname="./test/propagate/GradientAccumulationScaling.ts" time="0.034" line="293" col="6">
        </testcase>
        <testcase name="Gradient accumulation - large creature gradient statistics" classname="./test/propagate/GradientAccumulationScaling.ts" time="0.783" line="428" col="6">
        </testcase>
        <testcase name="Gradient accumulation - error ratio scales with fan-out count" classname="./test/propagate/GradientAccumulationScaling.ts" time="0.004" line="514" col="6">
        </testcase>
        <testcase name="Gradient accumulation - extreme fan-out produces finite gradients" classname="./test/propagate/GradientAccumulationScaling.ts" time="0.016" line="608" col="6">
        </testcase>
        <testcase name="Gradient accumulation - symmetric fan-out yields similar error" classname="./test/propagate/GradientAccumulationScaling.ts" time="0.001" line="688" col="6">
        </testcase>
    </testsuite>
    <testsuite name="./test/propagate/IF.ts" tests="2" disabled="0" errors="0" failures="0">
        <testcase name="IF activation: training reduces error after weight perturbation" classname="./test/propagate/IF.ts" time="14.982" line="12" col="6">
        </testcase>
        <testcase name="IF activation: training reduces error and recovers bias after perturbation" classname="./test/propagate/IF.ts" time="15.041" line="112" col="6">
        </testcase>
    </testsuite>
    <testsuite name="./test/propagate/IFWeightedDistribution.ts" tests="2" disabled="0" errors="0" failures="0">
        <testcase name="IF: error distribution proportional to activation magnitudes" classname="./test/propagate/IFWeightedDistribution.ts" time="0.557" line="24" col="6">
        </testcase>
        <testcase name="IF: convergence with activation-weighted error distribution" classname="./test/propagate/IFWeightedDistribution.ts" time="0.322" line="182" col="6">
        </testcase>
    </testsuite>
    <testsuite name="./test/propagate/Identity.ts" tests="2" disabled="0" errors="0" failures="0">
        <testcase name="backprop reduces error after bias perturbation on IDENTITY network" classname="./test/propagate/Identity.ts" time="9.699" line="86" col="6">
        </testcase>
        <testcase name="backprop produces minimal change when network nearly matches targets" classname="./test/propagate/Identity.ts" time="0.151" line="121" col="6">
        </testcase>
    </testsuite>
    <testsuite name="./test/propagate/IfElse.ts" tests="3" disabled="0" errors="0" failures="0">
        <testcase name="if-bias" classname="./test/propagate/IfElse.ts" time="0.022" line="11" col="6">
        </testcase>
        <testcase name="if/Else" classname="./test/propagate/IfElse.ts" time="0.022" line="56" col="6">
        </testcase>
        <testcase name="if-fix" classname="./test/propagate/IfElse.ts" time="0.007" line="104" col="6">
        </testcase>
    </testsuite>
    <testsuite name="./test/propagate/Inverse.ts" tests="1" disabled="0" errors="0" failures="0">
        <testcase name="INVERSE activation: backprop converges towards original weights and biases after perturbation" classname="./test/propagate/Inverse.ts" time="0.332" line="76" col="6">
        </testcase>
    </testsuite>
    <testsuite name="./test/propagate/LayerAssignment.ts" tests="16" disabled="0" errors="0" failures="0">
        <testcase name="LayerAssignment - simple chain assigns correct layers" classname="./test/propagate/LayerAssignment.ts" time="0.003" line="13" col="6">
        </testcase>
        <testcase name="LayerAssignment - input neurons are always layer 0" classname="./test/propagate/LayerAssignment.ts" time="0.000" line="57" col="6">
        </testcase>
        <testcase name="LayerAssignment - output neurons are in the final layer" classname="./test/propagate/LayerAssignment.ts" time="0.000" line="82" col="6">
        </testcase>
        <testcase name="LayerAssignment - no hidden neurons" classname="./test/propagate/LayerAssignment.ts" time="0.000" line="110" col="6">
        </testcase>
        <testcase name="LayerAssignment - skip connections assign longest path" classname="./test/propagate/LayerAssignment.ts" time="0.000" line="132" col="6">
        </testcase>
        <testcase name="LayerAssignment - self-loops are ignored" classname="./test/propagate/LayerAssignment.ts" time="0.000" line="166" col="6">
        </testcase>
        <testcase name="LayerAssignment - recurrent connections are ignored for layering" classname="./test/propagate/LayerAssignment.ts" time="0.000" line="188" col="6">
        </testcase>
        <testcase name="LayerAssignment - constant neurons are in layer 0" classname="./test/propagate/LayerAssignment.ts" time="0.000" line="221" col="6">
        </testcase>
        <testcase name="LayerAssignment - diamond topology uses longest path" classname="./test/propagate/LayerAssignment.ts" time="0.000" line="244" col="6">
        </testcase>
        <testcase name="LayerAssignment - asymmetric paths use longest path" classname="./test/propagate/LayerAssignment.ts" time="0.000" line="278" col="6">
        </testcase>
        <testcase name="LayerAssignment - single hidden layer" classname="./test/propagate/LayerAssignment.ts" time="0.000" line="310" col="6">
        </testcase>
        <testcase name="LayerAssignment - all neurons are assigned to exactly one layer" classname="./test/propagate/LayerAssignment.ts" time="0.000" line="331" col="6">
        </testcase>
        <testcase name="LayerAssignment - disconnected hidden neuron gets a valid layer" classname="./test/propagate/LayerAssignment.ts" time="0.000" line="367" col="6">
        </testcase>
        <testcase name="LayerAssignment - production-sized topology is efficient" classname="./test/propagate/LayerAssignment.ts" time="0.028" line="404" col="6">
        </testcase>
        <testcase name="LayerAssignment - forward-only creature with multiple inputs to same hidden" classname="./test/propagate/LayerAssignment.ts" time="0.000" line="497" col="6">
        </testcase>
        <testcase name="LayerAssignment - layers are numbered consecutively from 0" classname="./test/propagate/LayerAssignment.ts" time="0.000" line="526" col="6">
        </testcase>
    </testsuite>
    <testsuite name="./test/propagate/LeakyReLUSafeZoneElastic.ts" tests="1" disabled="0" errors="0" failures="0">
        <testcase name="backprop: LeakyReLU safe zone can divert elastic error away from far-negative raw inputs" classname="./test/propagate/LeakyReLUSafeZoneElastic.ts" time="0.013" line="9" col="6">
        </testcase>
    </testsuite>
    <testsuite name="./test/propagate/LearningRateScheduling.ts" tests="12" disabled="0" errors="0" failures="0">
        <testcase name="LearningRateScheduling - default learning rate is 0.01" classname="./test/propagate/LearningRateScheduling.ts" time="0.000" line="27" col="6">
        </testcase>
        <testcase name="LearningRateScheduling - default is consistent across calls" classname="./test/propagate/LearningRateScheduling.ts" time="0.002" line="39" col="6">
        </testcase>
        <testcase name="LearningRateScheduling - explicit learningRate still respected" classname="./test/propagate/LearningRateScheduling.ts" time="0.000" line="57" col="6">
        </testcase>
        <testcase name="LearningRateScheduling - warm_restart is a valid strategy" classname="./test/propagate/LearningRateScheduling.ts" time="0.000" line="66" col="6">
        </testcase>
        <testcase name="LearningRateScheduling - warm_restart decays then resets" classname="./test/propagate/LearningRateScheduling.ts" time="0.000" line="75" col="6">
        </testcase>
        <testcase name="LearningRateScheduling - warm_restart with default period" classname="./test/propagate/LearningRateScheduling.ts" time="0.000" line="100" col="6">
        </testcase>
        <testcase name="LearningRateScheduling - warm_restart period is clamped" classname="./test/propagate/LearningRateScheduling.ts" time="0.000" line="121" col="6">
        </testcase>
        <testcase name="LearningRateScheduling - warm_restart rate stays positive" classname="./test/propagate/LearningRateScheduling.ts" time="0.000" line="130" col="6">
        </testcase>
        <testcase name="LearningRateScheduling - warm_restart uses cosine annealing schedule" classname="./test/propagate/LearningRateScheduling.ts" time="0.000" line="149" col="6">
        </testcase>
        <testcase name="LearningRateScheduling - warm_restart cosine reaches minimum at end of period" classname="./test/propagate/LearningRateScheduling.ts" time="0.000" line="206" col="6">
        </testcase>
        <testcase name="LearningRateScheduling - warm_restart included in random strategy pool" classname="./test/propagate/LearningRateScheduling.ts" time="0.001" line="235" col="6">
        </testcase>
        <testcase name="LearningRateScheduling - explicit strategy overrides default" classname="./test/propagate/LearningRateScheduling.ts" time="0.000" line="254" col="6">
        </testcase>
    </testsuite>
    <testsuite name="./test/propagate/Maximum.ts" tests="1" disabled="0" errors="0" failures="0">
        <testcase name="MAXIMUM activation: training reduces error after bias and weight perturbation" classname="./test/propagate/Maximum.ts" time="0.104" line="8" col="6">
        </testcase>
    </testsuite>
    <testsuite name="./test/propagate/MaximumGradientFlow.ts" tests="2" disabled="0" errors="0" failures="0">
        <testcase name="MAXIMUM: non-winner connections close to winner receive gradient" classname="./test/propagate/MaximumGradientFlow.ts" time="0.034" line="19" col="6">
        </testcase>
        <testcase name="MAXIMUM: convergence with close runner-up connections" classname="./test/propagate/MaximumGradientFlow.ts" time="0.166" line="149" col="6">
        </testcase>
    </testsuite>
    <testsuite name="./test/propagate/MaximumSimple.ts" tests="1" disabled="0" errors="0" failures="0">
        <testcase name="MAXIMUM activation: single propagate-update cycle reduces error on simple network" classname="./test/propagate/MaximumSimple.ts" time="0.021" line="12" col="6">
        </testcase>
    </testsuite>
    <testsuite name="./test/propagate/Minimum.ts" tests="1" disabled="0" errors="0" failures="0">
        <testcase name="MINIMUM activation: training reduces error after bias and weight perturbation" classname="./test/propagate/Minimum.ts" time="0.749" line="10" col="6">
        </testcase>
    </testsuite>
    <testsuite name="./test/propagate/MinimumGradientFlow.ts" tests="2" disabled="0" errors="0" failures="0">
        <testcase name="MINIMUM: non-winner connections close to winner receive gradient" classname="./test/propagate/MinimumGradientFlow.ts" time="0.048" line="19" col="6">
        </testcase>
        <testcase name="MINIMUM: convergence with close runner-up connections" classname="./test/propagate/MinimumGradientFlow.ts" time="0.108" line="143" col="6">
        </testcase>
    </testsuite>
    <testsuite name="./test/propagate/MixedSquashChains.ts" tests="11" disabled="0" errors="0" failures="0">
        <testcase name="Mixed chain: bounded→bounded (TANH → LOGISTIC → BIPOLAR_SIGMOID)" classname="./test/propagate/MixedSquashChains.ts" time="0.049" line="249" col="6">
        </testcase>
        <testcase name="Mixed chain: unbounded→bounded (ReLU → TANH → LOGISTIC)" classname="./test/propagate/MixedSquashChains.ts" time="0.021" line="266" col="6">
        </testcase>
        <testcase name="Mixed chain: non-differentiable mixed (STEP → ReLU → TANH)" classname="./test/propagate/MixedSquashChains.ts" time="0.033" line="283" col="6">
        </testcase>
        <testcase name="Mixed chain: all saturating (LOGISTIC → TANH → LOGISTIC) in saturation zones" classname="./test/propagate/MixedSquashChains.ts" time="0.023" line="304" col="6">
        </testcase>
        <testcase name="Saturation: TANH(saturated) → LOGISTIC near boundary" classname="./test/propagate/MixedSquashChains.ts" time="0.026" line="329" col="6">
        </testcase>
        <testcase name="Saturation: GAUSSIAN(peak) → SELU gradient flow" classname="./test/propagate/MixedSquashChains.ts" time="0.022" line="346" col="6">
        </testcase>
        <testcase name="Saturation: Exponential(large) → TANH bounded containment" classname="./test/propagate/MixedSquashChains.ts" time="0.018" line="363" col="6">
        </testcase>
        <testcase name="Gradient magnitude: error at first hidden layer is non-trivial and finite" classname="./test/propagate/MixedSquashChains.ts" time="0.004" line="388" col="6">
        </testcase>
        <testcase name="Aggregate mixed: IF → TANH → output convergence" classname="./test/propagate/MixedSquashChains.ts" time="0.047" line="441" col="6">
        </testcase>
        <testcase name="Aggregate mixed: MAXIMUM → LOGISTIC convergence" classname="./test/propagate/MixedSquashChains.ts" time="0.038" line="474" col="6">
        </testcase>
        <testcase name="Safe zone: mixed squash types compose correctly through connections" classname="./test/propagate/MixedSquashChains.ts" time="0.038" line="492" col="6">
        </testcase>
    </testsuite>
    <testsuite name="./test/propagate/MultiLevel.ts" tests="2" disabled="0" errors="0" failures="0">
        <testcase name="multi-hidden-layer IDENTITY network: training improves error with random data" classname="./test/propagate/MultiLevel.ts" time="0.235" line="77" col="6">
        </testcase>
        <testcase name="multi-hidden-layer IDENTITY network: training improves error with known dataset A" classname="./test/propagate/MultiLevel.ts" time="13.117" line="196" col="6">
        </testcase>
    </testsuite>
    <testsuite name="./test/propagate/MuonOrthogonalisation.ts" tests="19" disabled="0" errors="0" failures="0">
        <testcase name="Muon - 4x4 random matrix gramian becomes substantially diagonal" classname="./test/propagate/MuonOrthogonalisation.ts" time="0.001" line="121" col="6">
        </testcase>
        <testcase name="Muon - tall (8x3) matrix decorrelates column directions" classname="./test/propagate/MuonOrthogonalisation.ts" time="0.000" line="134" col="6">
        </testcase>
        <testcase name="Muon - wide (3x8) matrix decorrelates row directions" classname="./test/propagate/MuonOrthogonalisation.ts" time="0.000" line="146" col="6">
        </testcase>
        <testcase name="Muon - 4x4 gramian diagonal is positive and bounded" classname="./test/propagate/MuonOrthogonalisation.ts" time="0.000" line="158" col="6">
        </testcase>
        <testcase name="Muon - 1x1 positive scalar collapses to +1" classname="./test/propagate/MuonOrthogonalisation.ts" time="0.000" line="174" col="6">
        </testcase>
        <testcase name="Muon - 1x1 negative scalar collapses to -1" classname="./test/propagate/MuonOrthogonalisation.ts" time="0.000" line="180" col="6">
        </testcase>
        <testcase name="Muon - all-zero matrix stays zero, no NaN/Inf" classname="./test/propagate/MuonOrthogonalisation.ts" time="0.000" line="186" col="6">
        </testcase>
        <testcase name="Muon - rank-deficient input is finite (no NaN, no Inf)" classname="./test/propagate/MuonOrthogonalisation.ts" time="0.000" line="194" col="6">
        </testcase>
        <testcase name="Muon - non-finite inputs are sanitised to zero" classname="./test/propagate/MuonOrthogonalisation.ts" time="0.000" line="210" col="6">
        </testcase>
        <testcase name="Muon - empty rows or empty cols are no-ops" classname="./test/propagate/MuonOrthogonalisation.ts" time="0.000" line="221" col="6">
        </testcase>
        <testcase name="Muon - orthogonalisation is approximately idempotent" classname="./test/propagate/MuonOrthogonalisation.ts" time="0.000" line="234" col="6">
        </testcase>
        <testcase name="Muon - orthogonalise2D round-trips and preserves shape" classname="./test/propagate/MuonOrthogonalisation.ts" time="0.000" line="273" col="6">
        </testcase>
        <testcase name="Muon - frobeniusNorm matches Math.hypot of row entries" classname="./test/propagate/MuonOrthogonalisation.ts" time="0.000" line="294" col="6">
        </testcase>
        <testcase name="Muon - default steps constant is 5 (V4 standard)" classname="./test/propagate/MuonOrthogonalisation.ts" time="0.000" line="299" col="6">
        </testcase>
        <testcase name="Muon - gradientOrthogonalisation defaults to &apos;none&apos;" classname="./test/propagate/MuonOrthogonalisation.ts" time="0.000" line="307" col="6">
        </testcase>
        <testcase name="Muon - gradientOrthogonalisation accepts &apos;muon&apos; explicitly" classname="./test/propagate/MuonOrthogonalisation.ts" time="0.000" line="312" col="6">
        </testcase>
        <testcase name="Muon - hook is a no-op when default-off" classname="./test/propagate/MuonOrthogonalisation.ts" time="0.003" line="319" col="6">
        </testcase>
        <testcase name="Muon - hook does not throw on a creature with no batched state" classname="./test/propagate/MuonOrthogonalisation.ts" time="0.001" line="348" col="6">
        </testcase>
        <testcase name="Muon - hook orthogonalises per-neuron incoming-weight deltas" classname="./test/propagate/MuonOrthogonalisation.ts" time="0.000" line="375" col="6">
        </testcase>
    </testsuite>
    <testsuite name="./test/propagate/NearZeroWeightClamping.ts" tests="5" disabled="0" errors="0" failures="0">
        <testcase name="NearZeroWeightClamping - gradient reaches hidden neuron through near-zero outbound weight" classname="./test/propagate/NearZeroWeightClamping.ts" time="0.013" line="24" col="6">
        </testcase>
        <testcase name="NearZeroWeightClamping - hidden bias updates through near-zero outbound weight" classname="./test/propagate/NearZeroWeightClamping.ts" time="0.004" line="81" col="6">
        </testcase>
        <testcase name="NearZeroWeightClamping - gradient flows through deep near-zero chain" classname="./test/propagate/NearZeroWeightClamping.ts" time="0.000" line="150" col="6">
        </testcase>
        <testcase name="NearZeroWeightClamping - no gradient explosion from clamped targets" classname="./test/propagate/NearZeroWeightClamping.ts" time="0.024" line="201" col="6">
        </testcase>
        <testcase name="NearZeroWeightClamping - large creature finite values with near-zero paths" classname="./test/propagate/NearZeroWeightClamping.ts" time="0.368" line="263" col="6">
        </testcase>
    </testsuite>
    <testsuite name="./test/propagate/NearZeroWeightGradientPropagation.ts" tests="4" disabled="0" errors="0" failures="0">
        <testcase name="NearZeroWeightGradient - clamped gradient propagates through near-zero weight with TANH" classname="./test/propagate/NearZeroWeightGradientPropagation.ts" time="0.039" line="17" col="6">
        </testcase>
        <testcase name="NearZeroWeightGradient - upstream neuron receives gradient through near-zero weight" classname="./test/propagate/NearZeroWeightGradientPropagation.ts" time="0.033" line="76" col="6">
        </testcase>
        <testcase name="NearZeroWeightGradient - no non-finite values from clamped propagation" classname="./test/propagate/NearZeroWeightGradientPropagation.ts" time="0.045" line="131" col="6">
        </testcase>
        <testcase name="NearZeroWeightGradient - multiple near-zero weights do not block all gradient paths" classname="./test/propagate/NearZeroWeightGradientPropagation.ts" time="0.026" line="197" col="6">
        </testcase>
    </testsuite>
    <testsuite name="./test/propagate/NoChangeWhenCorrect.ts" tests="1" disabled="0" errors="0" failures="0">
        <testcase name="propagation does not alter activations when output already matches target" classname="./test/propagate/NoChangeWhenCorrect.ts" time="0.123" line="77" col="6">
        </testcase>
    </testsuite>
    <testsuite name="./test/propagate/NormaliseGradients.ts" tests="5" disabled="0" errors="0" failures="0">
        <testcase name="NormaliseGradients - default false preserves summing behaviour" classname="./test/propagate/NormaliseGradients.ts" time="0.001" line="20" col="6">
        </testcase>
        <testcase name="NormaliseGradients - reduces gradient magnification for high fan-out" classname="./test/propagate/NormaliseGradients.ts" time="0.016" line="37" col="6">
        </testcase>
        <testcase name="NormaliseGradients - single downstream unaffected" classname="./test/propagate/NormaliseGradients.ts" time="0.001" line="138" col="6">
        </testcase>
        <testcase name="NormaliseGradients - improves convergence for skewed topology" classname="./test/propagate/NormaliseGradients.ts" time="0.059" line="208" col="6">
        </testcase>
        <testcase name="NormaliseGradients - config option correctly set and frozen" classname="./test/propagate/NormaliseGradients.ts" time="0.000" line="349" col="6">
        </testcase>
    </testsuite>
    <testsuite name="./test/propagate/PI.ts" tests="3" disabled="0" errors="0" failures="0">
        <testcase name="PI: repeated propagate-update cycles converge to PI*input target" classname="./test/propagate/PI.ts" time="0.019" line="36" col="6">
        </testcase>
        <testcase name="PI: single propagate-update cycle moves output towards PI*input target" classname="./test/propagate/PI.ts" time="0.002" line="93" col="6">
        </testcase>
        <testcase name="PI: converges toward PI*input after 1000 random training samples" classname="./test/propagate/PI.ts" time="0.097" line="164" col="6">
        </testcase>
    </testsuite>
    <testsuite name="./test/propagate/RecordElasticity.ts" tests="37" disabled="0" errors="0" failures="0">
        <testcase name="distributeRecordError - empty links returns empty shares" classname="./test/propagate/RecordElasticity.ts" time="0.001" line="74" col="6">
        </testcase>
        <testcase name="distributeRecordError - non-finite error returns zero shares" classname="./test/propagate/RecordElasticity.ts" time="0.000" line="79" col="6">
        </testcase>
        <testcase name="distributeRecordError - single link gets all error" classname="./test/propagate/RecordElasticity.ts" time="0.000" line="85" col="6">
        </testcase>
        <testcase name="distributeRecordError - distributes proportional to weight squared" classname="./test/propagate/RecordElasticity.ts" time="0.000" line="95" col="6">
        </testcase>
        <testcase name="distributeRecordError - shares sum to original error" classname="./test/propagate/RecordElasticity.ts" time="0.000" line="109" col="6">
        </testcase>
        <testcase name="distributeRecordError - negative error distributes correctly" classname="./test/propagate/RecordElasticity.ts" time="0.000" line="122" col="6">
        </testcase>
        <testcase name="distributeRecordError - safeZoneFactor gates contribution" classname="./test/propagate/RecordElasticity.ts" time="0.000" line="138" col="6">
        </testcase>
        <testcase name="distributeRecordError - feasibilityFactor gates contribution" classname="./test/propagate/RecordElasticity.ts" time="0.000" line="149" col="6">
        </testcase>
        <testcase name="distributeRecordError - both gates combine multiplicatively" classname="./test/propagate/RecordElasticity.ts" time="0.000" line="165" col="6">
        </testcase>
        <testcase name="distributeRecordError - all blocked falls back to equal split" classname="./test/propagate/RecordElasticity.ts" time="0.000" line="192" col="6">
        </testcase>
        <testcase name="distributeRecordError - no equal fallback returns zeroes" classname="./test/propagate/RecordElasticity.ts" time="0.000" line="202" col="6">
        </testcase>
        <testcase name="recordTargetFeasibilityFactor - returns 0 for non-finite activation" classname="./test/propagate/RecordElasticity.ts" time="0.002" line="216" col="6">
        </testcase>
        <testcase name="recordTargetFeasibilityFactor - IDENTITY always returns 1" classname="./test/propagate/RecordElasticity.ts" time="0.002" line="239" col="6">
        </testcase>
        <testcase name="recordTargetFeasibilityFactor - ReLU returns 0.1 for negative target" classname="./test/propagate/RecordElasticity.ts" time="0.000" line="254" col="6">
        </testcase>
        <testcase name="recordTargetFeasibilityFactor - ReLU returns 1 for positive target" classname="./test/propagate/RecordElasticity.ts" time="0.000" line="263" col="6">
        </testcase>
        <testcase name="recordTargetFeasibilityFactor - Swish returns 0.1 for negative target" classname="./test/propagate/RecordElasticity.ts" time="0.000" line="272" col="6">
        </testcase>
        <testcase name="recordTargetFeasibilityFactor - Swish returns 1 for positive target" classname="./test/propagate/RecordElasticity.ts" time="0.000" line="281" col="6">
        </testcase>
        <testcase name="recordTargetFeasibilityFactor - TANH returns 1 for in-range target" classname="./test/propagate/RecordElasticity.ts" time="0.000" line="290" col="6">
        </testcase>
        <testcase name="recordTargetFeasibilityFactor - ABSOLUTE returns 0.1 for negative target" classname="./test/propagate/RecordElasticity.ts" time="0.000" line="308" col="6">
        </testcase>
        <testcase name="recordTargetFeasibilityFactor - SQUARE out-of-range returns 0.1" classname="./test/propagate/RecordElasticity.ts" time="0.000" line="317" col="6">
        </testcase>
        <testcase name="recordTargetFeasibilityFactor - SQUARE in-range returns 1" classname="./test/propagate/RecordElasticity.ts" time="0.000" line="326" col="6">
        </testcase>
        <testcase name="recordTargetFeasibilityFactor - SELU negative returns 0.1" classname="./test/propagate/RecordElasticity.ts" time="0.000" line="335" col="6">
        </testcase>
        <testcase name="recordTargetFeasibilityFactor - SELU positive returns 1" classname="./test/propagate/RecordElasticity.ts" time="0.000" line="344" col="6">
        </testcase>
        <testcase name="recordTargetFeasibilityFactor - GELU negative returns 0.1" classname="./test/propagate/RecordElasticity.ts" time="0.000" line="353" col="6">
        </testcase>
        <testcase name="recordTargetFeasibilityFactor - ELU negative returns 0.1" classname="./test/propagate/RecordElasticity.ts" time="0.000" line="362" col="6">
        </testcase>
        <testcase name="getOrComputeRecordValue - returns existing value from discoverMap" classname="./test/propagate/RecordElasticity.ts" time="0.005" line="375" col="6">
        </testcase>
        <testcase name="getOrComputeRecordValue - computes value for input neuron" classname="./test/propagate/RecordElasticity.ts" time="0.000" line="409" col="6">
        </testcase>
        <testcase name="buildRecordElasticLinks - builds links from inward synapses" classname="./test/propagate/RecordElasticity.ts" time="0.001" line="442" col="6">
        </testcase>
        <testcase name="buildRecordElasticLinks - includeInputNodes option" classname="./test/propagate/RecordElasticity.ts" time="0.000" line="492" col="6">
        </testcase>
        <testcase name="constrainAndRedistributeRecordShares - unconstrained shares pass through" classname="./test/propagate/RecordElasticity.ts" time="0.000" line="540" col="6">
        </testcase>
        <testcase name="constrainAndRedistributeRecordShares - handles empty links" classname="./test/propagate/RecordElasticity.ts" time="0.000" line="550" col="6">
        </testcase>
        <testcase name="constrainAndRedistributeRecordShares - zero-weight link gets zero share" classname="./test/propagate/RecordElasticity.ts" time="0.000" line="555" col="6">
        </testcase>
        <testcase name="constrainAndRedistributeRecordShares - blocked links redistribute to open links" classname="./test/propagate/RecordElasticity.ts" time="0.000" line="565" col="6">
        </testcase>
        <testcase name="constrainAndRedistributeRecordShares - all blocked results in zero shares" classname="./test/propagate/RecordElasticity.ts" time="0.000" line="583" col="6">
        </testcase>
        <testcase name="constrainAndRedistributeRecordShares - shares sum preserved" classname="./test/propagate/RecordElasticity.ts" time="0.000" line="603" col="6">
        </testcase>
        <testcase name="constrainAndRedistributeRecordShares - handles negative error" classname="./test/propagate/RecordElasticity.ts" time="0.000" line="614" col="6">
        </testcase>
        <testcase name="constrainAndRedistributeRecordShares - redistributes away from range-limited squash" classname="./test/propagate/RecordElasticity.ts" time="0.000" line="628" col="6">
        </testcase>
    </testsuite>
    <testsuite name="./test/propagate/Recorder/TestRecord.ts" tests="1" disabled="0" errors="0" failures="0">
        <testcase name="record - playback error remains consistent after recording and replay" classname="./test/propagate/Recorder/TestRecord.ts" time="1.746" line="17" col="6">
        </testcase>
    </testsuite>
    <testsuite name="./test/propagate/RemoveSyntheticSynapses.ts" tests="10" disabled="0" errors="0" failures="0">
        <testcase name="removeSyntheticSynapses - removes all near-zero synthetic synapses" classname="./test/propagate/RemoveSyntheticSynapses.ts" time="0.019" line="15" col="6">
        </testcase>
        <testcase name="removeSyntheticSynapses - retains trained synthetic synapses" classname="./test/propagate/RemoveSyntheticSynapses.ts" time="0.000" line="51" col="6">
        </testcase>
        <testcase name="removeSyntheticSynapses - compact handles orphaned hidden neuron (converts to constant)" classname="./test/propagate/RemoveSyntheticSynapses.ts" time="0.001" line="94" col="6">
        </testcase>
        <testcase name="removeSyntheticSynapses - compact handles orphaned neuron removal (no outward connections)" classname="./test/propagate/RemoveSyntheticSynapses.ts" time="0.000" line="136" col="6">
        </testcase>
        <testcase name="removeSyntheticSynapses - cascade removal via compact" classname="./test/propagate/RemoveSyntheticSynapses.ts" time="0.004" line="177" col="6">
        </testcase>
        <testcase name="removeSyntheticSynapses - output neurons always retain at least one connection" classname="./test/propagate/RemoveSyntheticSynapses.ts" time="0.000" line="210" col="6">
        </testcase>
        <testcase name="removeSyntheticSynapses - typed synapses are never removed" classname="./test/propagate/RemoveSyntheticSynapses.ts" time="0.000" line="238" col="6">
        </testcase>
        <testcase name="removeSyntheticSynapses - empty synthetic keys returns zero changes" classname="./test/propagate/RemoveSyntheticSynapses.ts" time="0.000" line="284" col="6">
        </testcase>
        <testcase name="removeSyntheticSynapses - custom threshold controls near-zero detection" classname="./test/propagate/RemoveSyntheticSynapses.ts" time="0.000" line="302" col="6">
        </testcase>
        <testcase name="removeSyntheticSynapses - creature remains valid after removal" classname="./test/propagate/RemoveSyntheticSynapses.ts" time="0.000" line="335" col="6">
        </testcase>
    </testsuite>
    <testsuite name="./test/propagate/STEP.ts" tests="1" disabled="0" errors="0" failures="0">
        <testcase name="STEP activation: backprop adjusts TANH neuron bias while STEP neuron remains stable" classname="./test/propagate/STEP.ts" time="7.036" line="48" col="6">
        </testcase>
    </testsuite>
    <testsuite name="./test/propagate/SafeZoneAllSquash.ts" tests="96" disabled="0" errors="0" failures="0">
        <testcase name="ABSOLUTE.safeZoneAdjustment: returns value in [0, 1]" classname="./test/propagate/SafeZoneAllSquash.ts" time="0.001" line="88" col="8">
        </testcase>
        <testcase name="ArcTan.safeZoneAdjustment: returns value in [0, 1]" classname="./test/propagate/SafeZoneAllSquash.ts" time="0.000" line="88" col="8">
        </testcase>
        <testcase name="BENT_IDENTITY.safeZoneAdjustment: returns value in [0, 1]" classname="./test/propagate/SafeZoneAllSquash.ts" time="0.004" line="88" col="8">
        </testcase>
        <testcase name="BIPOLAR.safeZoneAdjustment: returns value in [0, 1]" classname="./test/propagate/SafeZoneAllSquash.ts" time="0.000" line="88" col="8">
        </testcase>
        <testcase name="BIPOLAR_SIGMOID.safeZoneAdjustment: returns value in [0, 1]" classname="./test/propagate/SafeZoneAllSquash.ts" time="0.001" line="88" col="8">
        </testcase>
        <testcase name="COMPLEMENT.safeZoneAdjustment: returns value in [0, 1]" classname="./test/propagate/SafeZoneAllSquash.ts" time="0.000" line="88" col="8">
        </testcase>
        <testcase name="Cosine.safeZoneAdjustment: returns value in [0, 1]" classname="./test/propagate/SafeZoneAllSquash.ts" time="0.000" line="88" col="8">
        </testcase>
        <testcase name="Cube.safeZoneAdjustment: returns value in [0, 1]" classname="./test/propagate/SafeZoneAllSquash.ts" time="0.000" line="88" col="8">
        </testcase>
        <testcase name="ELU.safeZoneAdjustment: returns value in [0, 1]" classname="./test/propagate/SafeZoneAllSquash.ts" time="0.000" line="88" col="8">
        </testcase>
        <testcase name="Exponential.safeZoneAdjustment: returns value in [0, 1]" classname="./test/propagate/SafeZoneAllSquash.ts" time="0.000" line="88" col="8">
        </testcase>
        <testcase name="GAUSSIAN.safeZoneAdjustment: returns value in [0, 1]" classname="./test/propagate/SafeZoneAllSquash.ts" time="0.000" line="88" col="8">
        </testcase>
        <testcase name="GELU.safeZoneAdjustment: returns value in [0, 1]" classname="./test/propagate/SafeZoneAllSquash.ts" time="0.000" line="88" col="8">
        </testcase>
        <testcase name="HARD_TANH.safeZoneAdjustment: returns value in [0, 1]" classname="./test/propagate/SafeZoneAllSquash.ts" time="0.000" line="88" col="8">
        </testcase>
        <testcase name="IDENTITY.safeZoneAdjustment: returns value in [0, 1]" classname="./test/propagate/SafeZoneAllSquash.ts" time="0.000" line="88" col="8">
        </testcase>
        <testcase name="ISRU.safeZoneAdjustment: returns value in [0, 1]" classname="./test/propagate/SafeZoneAllSquash.ts" time="0.000" line="88" col="8">
        </testcase>
        <testcase name="LeakyReLU.safeZoneAdjustment: returns value in [0, 1]" classname="./test/propagate/SafeZoneAllSquash.ts" time="0.001" line="88" col="8">
        </testcase>
        <testcase name="LOGISTIC.safeZoneAdjustment: returns value in [0, 1]" classname="./test/propagate/SafeZoneAllSquash.ts" time="0.000" line="88" col="8">
        </testcase>
        <testcase name="LogSigmoid.safeZoneAdjustment: returns value in [0, 1]" classname="./test/propagate/SafeZoneAllSquash.ts" time="0.000" line="88" col="8">
        </testcase>
        <testcase name="Mish.safeZoneAdjustment: returns value in [0, 1]" classname="./test/propagate/SafeZoneAllSquash.ts" time="0.000" line="88" col="8">
        </testcase>
        <testcase name="ReLU.safeZoneAdjustment: returns value in [0, 1]" classname="./test/propagate/SafeZoneAllSquash.ts" time="0.000" line="88" col="8">
        </testcase>
        <testcase name="ReLU6.safeZoneAdjustment: returns value in [0, 1]" classname="./test/propagate/SafeZoneAllSquash.ts" time="0.000" line="88" col="8">
        </testcase>
        <testcase name="SELU.safeZoneAdjustment: returns value in [0, 1]" classname="./test/propagate/SafeZoneAllSquash.ts" time="0.000" line="88" col="8">
        </testcase>
        <testcase name="SINE.safeZoneAdjustment: returns value in [0, 1]" classname="./test/propagate/SafeZoneAllSquash.ts" time="0.000" line="88" col="8">
        </testcase>
        <testcase name="SOFTSIGN.safeZoneAdjustment: returns value in [0, 1]" classname="./test/propagate/SafeZoneAllSquash.ts" time="0.000" line="88" col="8">
        </testcase>
        <testcase name="Softplus.safeZoneAdjustment: returns value in [0, 1]" classname="./test/propagate/SafeZoneAllSquash.ts" time="0.000" line="88" col="8">
        </testcase>
        <testcase name="SQRT.safeZoneAdjustment: returns value in [0, 1]" classname="./test/propagate/SafeZoneAllSquash.ts" time="0.000" line="88" col="8">
        </testcase>
        <testcase name="SQUARE.safeZoneAdjustment: returns value in [0, 1]" classname="./test/propagate/SafeZoneAllSquash.ts" time="0.000" line="88" col="8">
        </testcase>
        <testcase name="STEP.safeZoneAdjustment: returns value in [0, 1]" classname="./test/propagate/SafeZoneAllSquash.ts" time="0.000" line="88" col="8">
        </testcase>
        <testcase name="StdInverse.safeZoneAdjustment: returns value in [0, 1]" classname="./test/propagate/SafeZoneAllSquash.ts" time="0.000" line="88" col="8">
        </testcase>
        <testcase name="Swish.safeZoneAdjustment: returns value in [0, 1]" classname="./test/propagate/SafeZoneAllSquash.ts" time="0.000" line="88" col="8">
        </testcase>
        <testcase name="TAN.safeZoneAdjustment: returns value in [0, 1]" classname="./test/propagate/SafeZoneAllSquash.ts" time="0.000" line="88" col="8">
        </testcase>
        <testcase name="TANH.safeZoneAdjustment: returns value in [0, 1]" classname="./test/propagate/SafeZoneAllSquash.ts" time="0.000" line="88" col="8">
        </testcase>
        <testcase name="ABSOLUTE.safeZoneAdjustment: non-finite input returns 0" classname="./test/propagate/SafeZoneAllSquash.ts" time="0.000" line="111" col="8">
        </testcase>
        <testcase name="ArcTan.safeZoneAdjustment: non-finite input returns 0" classname="./test/propagate/SafeZoneAllSquash.ts" time="0.000" line="111" col="8">
        </testcase>
        <testcase name="BENT_IDENTITY.safeZoneAdjustment: non-finite input returns 0" classname="./test/propagate/SafeZoneAllSquash.ts" time="0.000" line="111" col="8">
        </testcase>
        <testcase name="BIPOLAR.safeZoneAdjustment: non-finite input returns 0" classname="./test/propagate/SafeZoneAllSquash.ts" time="0.000" line="111" col="8">
        </testcase>
        <testcase name="BIPOLAR_SIGMOID.safeZoneAdjustment: non-finite input returns 0" classname="./test/propagate/SafeZoneAllSquash.ts" time="0.000" line="111" col="8">
        </testcase>
        <testcase name="COMPLEMENT.safeZoneAdjustment: non-finite input returns 0" classname="./test/propagate/SafeZoneAllSquash.ts" time="0.000" line="111" col="8">
        </testcase>
        <testcase name="Cosine.safeZoneAdjustment: non-finite input returns 0" classname="./test/propagate/SafeZoneAllSquash.ts" time="0.000" line="111" col="8">
        </testcase>
        <testcase name="Cube.safeZoneAdjustment: non-finite input returns 0" classname="./test/propagate/SafeZoneAllSquash.ts" time="0.000" line="111" col="8">
        </testcase>
        <testcase name="ELU.safeZoneAdjustment: non-finite input returns 0" classname="./test/propagate/SafeZoneAllSquash.ts" time="0.000" line="111" col="8">
        </testcase>
        <testcase name="Exponential.safeZoneAdjustment: non-finite input returns 0" classname="./test/propagate/SafeZoneAllSquash.ts" time="0.000" line="111" col="8">
        </testcase>
        <testcase name="GAUSSIAN.safeZoneAdjustment: non-finite input returns 0" classname="./test/propagate/SafeZoneAllSquash.ts" time="0.000" line="111" col="8">
        </testcase>
        <testcase name="GELU.safeZoneAdjustment: non-finite input returns 0" classname="./test/propagate/SafeZoneAllSquash.ts" time="0.000" line="111" col="8">
        </testcase>
        <testcase name="HARD_TANH.safeZoneAdjustment: non-finite input returns 0" classname="./test/propagate/SafeZoneAllSquash.ts" time="0.000" line="111" col="8">
        </testcase>
        <testcase name="IDENTITY.safeZoneAdjustment: non-finite input returns 0" classname="./test/propagate/SafeZoneAllSquash.ts" time="0.000" line="111" col="8">
        </testcase>
        <testcase name="ISRU.safeZoneAdjustment: non-finite input returns 0" classname="./test/propagate/SafeZoneAllSquash.ts" time="0.000" line="111" col="8">
        </testcase>
        <testcase name="LeakyReLU.safeZoneAdjustment: non-finite input returns 0" classname="./test/propagate/SafeZoneAllSquash.ts" time="0.000" line="111" col="8">
        </testcase>
        <testcase name="LOGISTIC.safeZoneAdjustment: non-finite input returns 0" classname="./test/propagate/SafeZoneAllSquash.ts" time="0.000" line="111" col="8">
        </testcase>
        <testcase name="LogSigmoid.safeZoneAdjustment: non-finite input returns 0" classname="./test/propagate/SafeZoneAllSquash.ts" time="0.000" line="111" col="8">
        </testcase>
        <testcase name="Mish.safeZoneAdjustment: non-finite input returns 0" classname="./test/propagate/SafeZoneAllSquash.ts" time="0.000" line="111" col="8">
        </testcase>
        <testcase name="ReLU.safeZoneAdjustment: non-finite input returns 0" classname="./test/propagate/SafeZoneAllSquash.ts" time="0.000" line="111" col="8">
        </testcase>
        <testcase name="ReLU6.safeZoneAdjustment: non-finite input returns 0" classname="./test/propagate/SafeZoneAllSquash.ts" time="0.000" line="111" col="8">
        </testcase>
        <testcase name="SELU.safeZoneAdjustment: non-finite input returns 0" classname="./test/propagate/SafeZoneAllSquash.ts" time="0.000" line="111" col="8">
        </testcase>
        <testcase name="SINE.safeZoneAdjustment: non-finite input returns 0" classname="./test/propagate/SafeZoneAllSquash.ts" time="0.000" line="111" col="8">
        </testcase>
        <testcase name="SOFTSIGN.safeZoneAdjustment: non-finite input returns 0" classname="./test/propagate/SafeZoneAllSquash.ts" time="0.000" line="111" col="8">
        </testcase>
        <testcase name="Softplus.safeZoneAdjustment: non-finite input returns 0" classname="./test/propagate/SafeZoneAllSquash.ts" time="0.000" line="111" col="8">
        </testcase>
        <testcase name="SQRT.safeZoneAdjustment: non-finite input returns 0" classname="./test/propagate/SafeZoneAllSquash.ts" time="0.000" line="111" col="8">
        </testcase>
        <testcase name="SQUARE.safeZoneAdjustment: non-finite input returns 0" classname="./test/propagate/SafeZoneAllSquash.ts" time="0.000" line="111" col="8">
        </testcase>
        <testcase name="STEP.safeZoneAdjustment: non-finite input returns 0" classname="./test/propagate/SafeZoneAllSquash.ts" time="0.000" line="111" col="8">
        </testcase>
        <testcase name="StdInverse.safeZoneAdjustment: non-finite input returns 0" classname="./test/propagate/SafeZoneAllSquash.ts" time="0.000" line="111" col="8">
        </testcase>
        <testcase name="Swish.safeZoneAdjustment: non-finite input returns 0" classname="./test/propagate/SafeZoneAllSquash.ts" time="0.000" line="111" col="8">
        </testcase>
        <testcase name="TAN.safeZoneAdjustment: non-finite input returns 0" classname="./test/propagate/SafeZoneAllSquash.ts" time="0.000" line="111" col="8">
        </testcase>
        <testcase name="TANH.safeZoneAdjustment: non-finite input returns 0" classname="./test/propagate/SafeZoneAllSquash.ts" time="0.000" line="111" col="8">
        </testcase>
        <testcase name="ABSOLUTE.safeZoneAdjustment: result is always finite" classname="./test/propagate/SafeZoneAllSquash.ts" time="0.000" line="133" col="8">
        </testcase>
        <testcase name="ArcTan.safeZoneAdjustment: result is always finite" classname="./test/propagate/SafeZoneAllSquash.ts" time="0.000" line="133" col="8">
        </testcase>
        <testcase name="BENT_IDENTITY.safeZoneAdjustment: result is always finite" classname="./test/propagate/SafeZoneAllSquash.ts" time="0.000" line="133" col="8">
        </testcase>
        <testcase name="BIPOLAR.safeZoneAdjustment: result is always finite" classname="./test/propagate/SafeZoneAllSquash.ts" time="0.000" line="133" col="8">
        </testcase>
        <testcase name="BIPOLAR_SIGMOID.safeZoneAdjustment: result is always finite" classname="./test/propagate/SafeZoneAllSquash.ts" time="0.000" line="133" col="8">
        </testcase>
        <testcase name="COMPLEMENT.safeZoneAdjustment: result is always finite" classname="./test/propagate/SafeZoneAllSquash.ts" time="0.000" line="133" col="8">
        </testcase>
        <testcase name="Cosine.safeZoneAdjustment: result is always finite" classname="./test/propagate/SafeZoneAllSquash.ts" time="0.000" line="133" col="8">
        </testcase>
        <testcase name="Cube.safeZoneAdjustment: result is always finite" classname="./test/propagate/SafeZoneAllSquash.ts" time="0.000" line="133" col="8">
        </testcase>
        <testcase name="ELU.safeZoneAdjustment: result is always finite" classname="./test/propagate/SafeZoneAllSquash.ts" time="0.000" line="133" col="8">
        </testcase>
        <testcase name="Exponential.safeZoneAdjustment: result is always finite" classname="./test/propagate/SafeZoneAllSquash.ts" time="0.000" line="133" col="8">
        </testcase>
        <testcase name="GAUSSIAN.safeZoneAdjustment: result is always finite" classname="./test/propagate/SafeZoneAllSquash.ts" time="0.000" line="133" col="8">
        </testcase>
        <testcase name="GELU.safeZoneAdjustment: result is always finite" classname="./test/propagate/SafeZoneAllSquash.ts" time="0.000" line="133" col="8">
        </testcase>
        <testcase name="HARD_TANH.safeZoneAdjustment: result is always finite" classname="./test/propagate/SafeZoneAllSquash.ts" time="0.000" line="133" col="8">
        </testcase>
        <testcase name="IDENTITY.safeZoneAdjustment: result is always finite" classname="./test/propagate/SafeZoneAllSquash.ts" time="0.000" line="133" col="8">
        </testcase>
        <testcase name="ISRU.safeZoneAdjustment: result is always finite" classname="./test/propagate/SafeZoneAllSquash.ts" time="0.000" line="133" col="8">
        </testcase>
        <testcase name="LeakyReLU.safeZoneAdjustment: result is always finite" classname="./test/propagate/SafeZoneAllSquash.ts" time="0.000" line="133" col="8">
        </testcase>
        <testcase name="LOGISTIC.safeZoneAdjustment: result is always finite" classname="./test/propagate/SafeZoneAllSquash.ts" time="0.000" line="133" col="8">
        </testcase>
        <testcase name="LogSigmoid.safeZoneAdjustment: result is always finite" classname="./test/propagate/SafeZoneAllSquash.ts" time="0.000" line="133" col="8">
        </testcase>
        <testcase name="Mish.safeZoneAdjustment: result is always finite" classname="./test/propagate/SafeZoneAllSquash.ts" time="0.000" line="133" col="8">
        </testcase>
        <testcase name="ReLU.safeZoneAdjustment: result is always finite" classname="./test/propagate/SafeZoneAllSquash.ts" time="0.000" line="133" col="8">
        </testcase>
        <testcase name="ReLU6.safeZoneAdjustment: result is always finite" classname="./test/propagate/SafeZoneAllSquash.ts" time="0.000" line="133" col="8">
        </testcase>
        <testcase name="SELU.safeZoneAdjustment: result is always finite" classname="./test/propagate/SafeZoneAllSquash.ts" time="0.000" line="133" col="8">
        </testcase>
        <testcase name="SINE.safeZoneAdjustment: result is always finite" classname="./test/propagate/SafeZoneAllSquash.ts" time="0.000" line="133" col="8">
        </testcase>
        <testcase name="SOFTSIGN.safeZoneAdjustment: result is always finite" classname="./test/propagate/SafeZoneAllSquash.ts" time="0.000" line="133" col="8">
        </testcase>
        <testcase name="Softplus.safeZoneAdjustment: result is always finite" classname="./test/propagate/SafeZoneAllSquash.ts" time="0.000" line="133" col="8">
        </testcase>
        <testcase name="SQRT.safeZoneAdjustment: result is always finite" classname="./test/propagate/SafeZoneAllSquash.ts" time="0.000" line="133" col="8">
        </testcase>
        <testcase name="SQUARE.safeZoneAdjustment: result is always finite" classname="./test/propagate/SafeZoneAllSquash.ts" time="0.000" line="133" col="8">
        </testcase>
        <testcase name="STEP.safeZoneAdjustment: result is always finite" classname="./test/propagate/SafeZoneAllSquash.ts" time="0.000" line="133" col="8">
        </testcase>
        <testcase name="StdInverse.safeZoneAdjustment: result is always finite" classname="./test/propagate/SafeZoneAllSquash.ts" time="0.000" line="133" col="8">
        </testcase>
        <testcase name="Swish.safeZoneAdjustment: result is always finite" classname="./test/propagate/SafeZoneAllSquash.ts" time="0.000" line="133" col="8">
        </testcase>
        <testcase name="TAN.safeZoneAdjustment: result is always finite" classname="./test/propagate/SafeZoneAllSquash.ts" time="0.000" line="133" col="8">
        </testcase>
        <testcase name="TANH.safeZoneAdjustment: result is always finite" classname="./test/propagate/SafeZoneAllSquash.ts" time="0.000" line="133" col="8">
        </testcase>
    </testsuite>
    <testsuite name="./test/propagate/SaturatedArcTanDivertsToDirectPath.ts" tests="1" disabled="0" errors="0" failures="0">
        <testcase name="backprop: saturated ArcTan parent diverts error to feasible direct path (no forced upstream activation)" classname="./test/propagate/SaturatedArcTanDivertsToDirectPath.ts" time="0.013" line="9" col="6">
        </testcase>
    </testsuite>
    <testsuite name="./test/propagate/SaturationRecursionAvoidance.ts" tests="1" disabled="0" errors="0" failures="0">
        <testcase name="backprop: does not recurse into saturated bounded parents (ArcTan/TANH) when safe-zone blocks (prefers weight updates)" classname="./test/propagate/SaturationRecursionAvoidance.ts" time="0.014" line="10" col="6">
        </testcase>
    </testsuite>
    <testsuite name="./test/propagate/SelfConnectionSafeZoneCache.ts" tests="1" disabled="0" errors="0" failures="0">
        <testcase name="backprop: self-connections do not affect safe-zone detection (same weight update as no self-loop)" classname="./test/propagate/SelfConnectionSafeZoneCache.ts" time="0.013" line="9" col="6">
        </testcase>
    </testsuite>
    <testsuite name="./test/propagate/SingleLearningRateApplication.ts" tests="6" disabled="0" errors="0" failures="0">
        <testcase name="Issue #1653 - weight update applies learning rate exactly once" classname="./test/propagate/SingleLearningRateApplication.ts" time="0.002" line="51" col="6">
        </testcase>
        <testcase name="Issue #1653 - weight batch 4-way applies learning rate exactly once" classname="./test/propagate/SingleLearningRateApplication.ts" time="0.000" line="82" col="6">
        </testcase>
        <testcase name="Issue #1653 - weight batch 8-way applies learning rate exactly once" classname="./test/propagate/SingleLearningRateApplication.ts" time="0.000" line="121" col="6">
        </testcase>
        <testcase name="Issue #1653 - bias update applies learning rate exactly once" classname="./test/propagate/SingleLearningRateApplication.ts" time="0.000" line="159" col="6">
        </testcase>
        <testcase name="Issue #1653 - bias batch 4-way applies learning rate exactly once" classname="./test/propagate/SingleLearningRateApplication.ts" time="0.000" line="190" col="6">
        </testcase>
        <testcase name="Issue #1653 - bias batch 8-way applies learning rate exactly once" classname="./test/propagate/SingleLearningRateApplication.ts" time="0.000" line="232" col="6">
        </testcase>
    </testsuite>
    <testsuite name="./test/propagate/SingleNeuron.ts" tests="4" disabled="0" errors="0" failures="0">
        <testcase name="single hidden neuron: converges toward target with 100 repeated samples" classname="./test/propagate/SingleNeuron.ts" time="0.045" line="69" col="6">
        </testcase>
        <testcase name="single hidden neuron: converges within tolerance after 2 training samples" classname="./test/propagate/SingleNeuron.ts" time="0.002" line="128" col="6">
        </testcase>
        <testcase name="single hidden neuron: converges tightly after 1000 repeated samples" classname="./test/propagate/SingleNeuron.ts" time="0.188" line="205" col="6">
        </testcase>
        <testcase name="single hidden neuron: learns mapping from 1000 random training samples" classname="./test/propagate/SingleNeuron.ts" time="0.095" line="277" col="6">
        </testcase>
    </testsuite>
    <testsuite name="./test/propagate/SkipCount.ts" tests="1" disabled="0" errors="0" failures="0">
        <testcase name="propagate skips synapse accumulation when output already matches target" classname="./test/propagate/SkipCount.ts" time="0.013" line="6" col="6">
        </testcase>
    </testsuite>
    <testsuite name="./test/propagate/SynapseState.ts" tests="1" disabled="0" errors="0" failures="0">
        <testcase name="SynapseState - initialises all counters to zero and optional fields to undefined" classname="./test/propagate/SynapseState.ts" time="0.001" line="4" col="6">
        </testcase>
    </testsuite>
    <testsuite name="./test/propagate/SyntheticSynapses.ts" tests="15" disabled="0" errors="0" failures="0">
        <testcase name="SyntheticSynapses - simple chain adds missing connections" classname="./test/propagate/SyntheticSynapses.ts" time="0.006" line="13" col="6">
        </testcase>
        <testcase name="SyntheticSynapses - adds connections between adjacent layers" classname="./test/propagate/SyntheticSynapses.ts" time="0.000" line="40" col="6">
        </testcase>
        <testcase name="SyntheticSynapses - does not duplicate existing synapses" classname="./test/propagate/SyntheticSynapses.ts" time="0.000" line="77" col="6">
        </testcase>
        <testcase name="SyntheticSynapses - skips constant neurons as targets" classname="./test/propagate/SyntheticSynapses.ts" time="0.000" line="101" col="6">
        </testcase>
        <testcase name="SyntheticSynapses - skips frozen neurons as targets" classname="./test/propagate/SyntheticSynapses.ts" time="0.000" line="137" col="6">
        </testcase>
        <testcase name="SyntheticSynapses - all synthetic synapses have zero weight" classname="./test/propagate/SyntheticSynapses.ts" time="0.000" line="179" col="6">
        </testcase>
        <testcase name="SyntheticSynapses - returns tracked synthetic synapse keys" classname="./test/propagate/SyntheticSynapses.ts" time="0.000" line="221" col="6">
        </testcase>
        <testcase name="SyntheticSynapses - multi-layer topology" classname="./test/propagate/SyntheticSynapses.ts" time="0.000" line="260" col="6">
        </testcase>
        <testcase name="SyntheticSynapses - no hidden neurons (input directly to output)" classname="./test/propagate/SyntheticSynapses.ts" time="0.000" line="289" col="6">
        </testcase>
        <testcase name="SyntheticSynapses - wide layers create many connections" classname="./test/propagate/SyntheticSynapses.ts" time="0.000" line="309" col="6">
        </testcase>
        <testcase name="SyntheticSynapses - idempotent (running twice adds nothing new)" classname="./test/propagate/SyntheticSynapses.ts" time="0.000" line="342" col="6">
        </testcase>
        <testcase name="SyntheticSynapses - does not create connections to input neurons" classname="./test/propagate/SyntheticSynapses.ts" time="0.000" line="368" col="6">
        </testcase>
        <testcase name="SyntheticSynapses - creature with frozen output neuron" classname="./test/propagate/SyntheticSynapses.ts" time="0.000" line="397" col="6">
        </testcase>
        <testcase name="SyntheticSynapses - frozen output gets no synthetic connections from wider layer" classname="./test/propagate/SyntheticSynapses.ts" time="0.000" line="438" col="6">
        </testcase>
        <testcase name="SyntheticSynapses - empty creature with no hidden neurons" classname="./test/propagate/SyntheticSynapses.ts" time="0.000" line="482" col="6">
        </testcase>
    </testsuite>
    <testsuite name="./test/propagate/SyntheticSynapsesAggregateNeurons.ts" tests="10" disabled="0" errors="0" failures="0">
        <testcase name="generateSyntheticSynapses skips IF neurons as targets" classname="./test/propagate/SyntheticSynapsesAggregateNeurons.ts" time="0.006" line="131" col="6">
        </testcase>
        <testcase name="generateSyntheticSynapses skips MAXIMUM neurons as targets" classname="./test/propagate/SyntheticSynapsesAggregateNeurons.ts" time="0.000" line="150" col="6">
        </testcase>
        <testcase name="generateSyntheticSynapses skips MINIMUM neurons as targets" classname="./test/propagate/SyntheticSynapsesAggregateNeurons.ts" time="0.001" line="170" col="6">
        </testcase>
        <testcase name="removeSyntheticSynapses preserves IF neuron typed connections" classname="./test/propagate/SyntheticSynapsesAggregateNeurons.ts" time="0.005" line="192" col="6">
        </testcase>
        <testcase name="training with syntheticSynapses=true and IF neuron produces valid creature" classname="./test/propagate/SyntheticSynapsesAggregateNeurons.ts" time="0.018" line="220" col="6">
        </testcase>
        <testcase name="training with syntheticSynapses=true and IF neuron, single iteration" classname="./test/propagate/SyntheticSynapsesAggregateNeurons.ts" time="0.004" line="260" col="6">
        </testcase>
        <testcase name="training with syntheticSynapses=true and MAXIMUM neuron produces valid creature" classname="./test/propagate/SyntheticSynapsesAggregateNeurons.ts" time="0.005" line="298" col="6">
        </testcase>
        <testcase name="training with syntheticSynapses=true and MINIMUM neuron produces valid creature" classname="./test/propagate/SyntheticSynapsesAggregateNeurons.ts" time="0.006" line="330" col="6">
        </testcase>
        <testcase name="syntheticSynapses with large creature containing IF neurons" classname="./test/propagate/SyntheticSynapsesAggregateNeurons.ts" time="1.648" line="364" col="6">
        </testcase>
        <testcase name="syntheticSynapses with well-connected IDENTITY network trains without error" classname="./test/propagate/SyntheticSynapsesAggregateNeurons.ts" time="0.092" line="408" col="6">
        </testcase>
    </testsuite>
    <testsuite name="./test/propagate/SyntheticSynapsesIntegration.ts" tests="8" disabled="0" errors="0" failures="0">
        <testcase name="trainDir with syntheticSynapses=true completes without error" classname="./test/propagate/SyntheticSynapsesIntegration.ts" time="0.023" line="73" col="6">
        </testcase>
        <testcase name="syntheticSynapses=false does not alter synapse count" classname="./test/propagate/SyntheticSynapsesIntegration.ts" time="0.002" line="102" col="6">
        </testcase>
        <testcase name="synthetic synapses are pruned after training — creature validates" classname="./test/propagate/SyntheticSynapsesIntegration.ts" time="0.004" line="137" col="6">
        </testcase>
        <testcase name="syntheticSynapses default is off — no behaviour change without opt-in" classname="./test/propagate/SyntheticSynapsesIntegration.ts" time="0.002" line="172" col="6">
        </testcase>
        <testcase name="synthetic synapses with gappy creature can discover new connections" classname="./test/propagate/SyntheticSynapsesIntegration.ts" time="0.006" line="199" col="6">
        </testcase>
        <testcase name="compact output is valid when syntheticSynapses is enabled" classname="./test/propagate/SyntheticSynapsesIntegration.ts" time="0.002" line="235" col="6">
        </testcase>
        <testcase name="syntheticSynapses works with single iteration" classname="./test/propagate/SyntheticSynapsesIntegration.ts" time="0.001" line="267" col="6">
        </testcase>
        <testcase name="syntheticSynapses result error differs from non-synthetic training" classname="./test/propagate/SyntheticSynapsesIntegration.ts" time="0.007" line="296" col="6">
        </testcase>
    </testsuite>
    <testsuite name="./test/propagate/SyntheticSynapsesProductionScale.ts" tests="7" disabled="0" errors="0" failures="0">
        <testcase name="synthetic synapses: per-target cap limits count at production scale" classname="./test/propagate/SyntheticSynapsesProductionScale.ts" time="0.737" line="31" col="6">
        </testcase>
        <testcase name="synthetic synapses: uncapped vs capped count comparison" classname="./test/propagate/SyntheticSynapsesProductionScale.ts" time="2.026" line="72" col="6">
        </testcase>
        <testcase name="synthetic synapses: creature outputs restored after generate and remove all" classname="./test/propagate/SyntheticSynapsesProductionScale.ts" time="1.228" line="103" col="6">
        </testcase>
        <testcase name="synthetic synapses: full training lifecycle at production scale" classname="./test/propagate/SyntheticSynapsesProductionScale.ts" time="8.512" line="177" col="6">
        </testcase>
        <testcase name="synthetic synapses: generation is deterministic at production scale" classname="./test/propagate/SyntheticSynapsesProductionScale.ts" time="1.162" line="240" col="6">
        </testcase>
        <testcase name="synthetic synapses: custom maxPerTarget limits connections" classname="./test/propagate/SyntheticSynapsesProductionScale.ts" time="0.830" line="276" col="6">
        </testcase>
        <testcase name="synthetic synapses: memory estimate at production scale" classname="./test/propagate/SyntheticSynapsesProductionScale.ts" time="0.470" line="307" col="6">
        </testcase>
    </testsuite>
    <testsuite name="./test/propagate/SyntheticSynapsesValidation.ts" tests="7" disabled="0" errors="0" failures="0">
        <testcase name="synthetic synapses improve error on gappy creature with multi-input data" classname="./test/propagate/SyntheticSynapsesValidation.ts" time="0.094" line="111" col="6">
        </testcase>
        <testcase name="synthetic synapses discover connections to previously unused inputs" classname="./test/propagate/SyntheticSynapsesValidation.ts" time="0.015" line="168" col="6">
        </testcase>
        <testcase name="synthetic synapse generation adds connections across all layer gaps" classname="./test/propagate/SyntheticSynapsesValidation.ts" time="0.000" line="219" col="6">
        </testcase>
        <testcase name="near-zero synthetic synapses are pruned but trained ones are retained" classname="./test/propagate/SyntheticSynapsesValidation.ts" time="0.007" line="255" col="6">
        </testcase>
        <testcase name="comparative training on XOR: synthetic vs standard with sparse topology" classname="./test/propagate/SyntheticSynapsesValidation.ts" time="0.024" line="313" col="6">
        </testcase>
        <testcase name="synthetic synapses retain meaningful connections after pruning" classname="./test/propagate/SyntheticSynapsesValidation.ts" time="0.006" line="406" col="6">
        </testcase>
        <testcase name="connectivity pattern analysis: synthetic synapses fill layer gaps" classname="./test/propagate/SyntheticSynapsesValidation.ts" time="0.000" line="474" col="6">
        </testcase>
    </testsuite>
    <testsuite name="./test/propagate/TinyWeightRecursionAvoidance.ts" tests="1" disabled="0" errors="0" failures="0">
        <testcase name="backprop: avoids recursing activation targets through tiny weights (bounded squash parent)" classname="./test/propagate/TinyWeightRecursionAvoidance.ts" time="0.014" line="9" col="6">
        </testcase>
    </testsuite>
    <testsuite name="./test/propagate/ToValue.ts" tests="1" disabled="0" errors="0" failures="0">
        <testcase name="toValue/toActivation - round-trip preserves value for all squash functions" classname="./test/propagate/ToValue.ts" time="0.007" line="63" col="6">
        </testcase>
    </testsuite>
    <testsuite name="./test/propagate/TopologicalBackpropagation.ts" tests="10" disabled="0" errors="0" failures="0">
        <testcase name="TopologicalBackpropagation - single neuron convergence" classname="./test/propagate/TopologicalBackpropagation.ts" time="0.011" line="15" col="6">
        </testcase>
        <testcase name="TopologicalBackpropagation - multi-layer convergence" classname="./test/propagate/TopologicalBackpropagation.ts" time="0.009" line="55" col="6">
        </testcase>
        <testcase name="TopologicalBackpropagation - diamond topology converges" classname="./test/propagate/TopologicalBackpropagation.ts" time="0.006" line="107" col="6">
        </testcase>
        <testcase name="TopologicalBackpropagation - multiple outputs converge" classname="./test/propagate/TopologicalBackpropagation.ts" time="0.006" line="158" col="6">
        </testcase>
        <testcase name="TopologicalBackpropagation - weight updates applied" classname="./test/propagate/TopologicalBackpropagation.ts" time="0.001" line="208" col="6">
        </testcase>
        <testcase name="TopologicalBackpropagation - no error produces no change" classname="./test/propagate/TopologicalBackpropagation.ts" time="0.000" line="252" col="6">
        </testcase>
        <testcase name="TopologicalBackpropagation - self-loop handled correctly" classname="./test/propagate/TopologicalBackpropagation.ts" time="0.000" line="289" col="6">
        </testcase>
        <testcase name="TopologicalBackpropagation - deep network converges" classname="./test/propagate/TopologicalBackpropagation.ts" time="0.012" line="339" col="6">
        </testcase>
        <testcase name="TopologicalBackpropagation - fan-out gradient scales with downstream count" classname="./test/propagate/TopologicalBackpropagation.ts" time="0.002" line="392" col="6">
        </testcase>
        <testcase name="TopologicalBackpropagation - fan-out convergence improved" classname="./test/propagate/TopologicalBackpropagation.ts" time="0.005" line="499" col="6">
        </testcase>
    </testsuite>
    <testsuite name="./test/propagate/Trace.ts" tests="5" disabled="0" errors="0" failures="0">
        <testcase name="Trace - loads creature with memetic data from JSON" classname="./test/propagate/Trace.ts" time="0.064" line="34" col="6">
        </testcase>
        <testcase name="Trace - loads creature trace state with correct node count" classname="./test/propagate/Trace.ts" time="0.030" line="41" col="6">
        </testcase>
        <testcase name="Trace - traceJSON round-trip preserves memetic data" classname="./test/propagate/Trace.ts" time="0.139" line="49" col="6">
        </testcase>
        <testcase name="Trace - exportJSON round-trip preserves memetic data" classname="./test/propagate/Trace.ts" time="0.059" line="57" col="6">
        </testcase>
        <testcase name="Trace - applyLearnings modifies creature and remains valid" classname="./test/propagate/Trace.ts" time="0.131" line="65" col="6">
        </testcase>
    </testsuite>
    <testsuite name="./test/propagate/TraceAggregate.ts" tests="3" disabled="0" errors="0" failures="0">
        <testcase name="TraceAggregateMINIMUM" classname="./test/propagate/TraceAggregate.ts" time="0.026" line="10" col="6">
        </testcase>
        <testcase name="TraceAggregateMAXIMUM" classname="./test/propagate/TraceAggregate.ts" time="0.002" line="63" col="6">
        </testcase>
        <testcase name="TraceAggregateIF" classname="./test/propagate/TraceAggregate.ts" time="0.001" line="118" col="6">
        </testcase>
    </testsuite>
    <testsuite name="./test/propagate/TraceNeuron.ts" tests="1" disabled="0" errors="0" failures="0">
        <testcase name="traceNode" classname="./test/propagate/TraceNeuron.ts" time="1.486" line="10" col="6">
        </testcase>
    </testsuite>
    <testsuite name="./test/propagate/TraceStore.ts" tests="1" disabled="0" errors="0" failures="0">
        <testcase name="TraceStore" classname="./test/propagate/TraceStore.ts" time="7.132" line="12" col="6">
        </testcase>
    </testsuite>
    <testsuite name="./test/propagate/Traced.ts" tests="2" disabled="0" errors="0" failures="0">
        <testcase name="Traced: compactUnused removes unused neurons from traced creature" classname="./test/propagate/Traced.ts" time="0.210" line="8" col="6">
        </testcase>
        <testcase name="Traced: applyLearnings modifies creature weights from trace data" classname="./test/propagate/Traced.ts" time="0.117" line="26" col="6">
        </testcase>
    </testsuite>
    <testsuite name="./test/propagate/WasmTopologicalBackprop.ts" tests="6" disabled="0" errors="0" failures="0">
        <testcase name="WasmTopologicalBackprop - single neuron convergence via WASM" classname="./test/propagate/WasmTopologicalBackprop.ts" time="0.018" line="18" col="6">
        </testcase>
        <testcase name="WasmTopologicalBackprop - multi-layer TANH convergence" classname="./test/propagate/WasmTopologicalBackprop.ts" time="0.015" line="55" col="6">
        </testcase>
        <testcase name="WasmTopologicalBackprop - mixed squash types converge" classname="./test/propagate/WasmTopologicalBackprop.ts" time="0.017" line="103" col="6">
        </testcase>
        <testcase name="WasmTopologicalBackprop - weight accumulation state updated" classname="./test/propagate/WasmTopologicalBackprop.ts" time="0.001" line="154" col="6">
        </testcase>
        <testcase name="WasmTopologicalBackprop - neuron state updated correctly" classname="./test/propagate/WasmTopologicalBackprop.ts" time="0.000" line="194" col="6">
        </testcase>
        <testcase name="WasmTopologicalBackprop - no error produces no change" classname="./test/propagate/WasmTopologicalBackprop.ts" time="0.001" line="234" col="6">
        </testcase>
    </testsuite>
    <testsuite name="./test/propagate/Weight.ts" tests="11" disabled="0" errors="0" failures="0">
        <testcase name="accumulateWeight - positive activation tracks correctly" classname="./test/propagate/Weight.ts" time="0.003" line="38" col="6">
        </testcase>
        <testcase name="accumulateWeight - negative activation tracks correctly" classname="./test/propagate/Weight.ts" time="0.000" line="49" col="6">
        </testcase>
        <testcase name="accumulateWeight - skips NaN activation" classname="./test/propagate/Weight.ts" time="0.000" line="60" col="6">
        </testcase>
        <testcase name="accumulateWeight - skips Infinity targetValue" classname="./test/propagate/Weight.ts" time="0.000" line="66" col="6">
        </testcase>
        <testcase name="accumulateWeight - skips NaN currentWeight" classname="./test/propagate/Weight.ts" time="0.000" line="72" col="6">
        </testcase>
        <testcase name="accumulateWeight - tiny activation uses plankConstant" classname="./test/propagate/Weight.ts" time="0.000" line="78" col="6">
        </testcase>
        <testcase name="accumulateWeight - zero activation still increments count" classname="./test/propagate/Weight.ts" time="0.000" line="87" col="6">
        </testcase>
        <testcase name="accumulateWeight - multiple accumulations" classname="./test/propagate/Weight.ts" time="0.000" line="97" col="6">
        </testcase>
        <testcase name="calculateWeight - returns original weight when disableWeightAdjustment is true" classname="./test/propagate/Weight.ts" time="0.000" line="112" col="6">
        </testcase>
        <testcase name="calculateWeight - returns original weight when count is zero" classname="./test/propagate/Weight.ts" time="0.000" line="127" col="6">
        </testcase>
        <testcase name="calculateWeight - blends with generational weight" classname="./test/propagate/Weight.ts" time="0.000" line="139" col="6">
        </testcase>
    </testsuite>
    <testsuite name="./test/propagate/WeightBasedElasticFallback.ts" tests="8" disabled="0" errors="0" failures="0">
        <testcase name="distributeElasticError: weight-based fallback prefers larger weights when activations are zero" classname="./test/propagate/WeightBasedElasticFallback.ts" time="0.001" line="13" col="6">
        </testcase>
        <testcase name="distributeElasticError: weight-based fallback with equal weights gives equal split" classname="./test/propagate/WeightBasedElasticFallback.ts" time="0.000" line="29" col="6">
        </testcase>
        <testcase name="distributeElasticError: weight-based fallback uses absolute weight" classname="./test/propagate/WeightBasedElasticFallback.ts" time="0.000" line="43" col="6">
        </testcase>
        <testcase name="distributeElasticError: falls back to equal split only when both activations and weights are zero" classname="./test/propagate/WeightBasedElasticFallback.ts" time="0.000" line="56" col="6">
        </testcase>
        <testcase name="distributeElasticError: activation-based scoring takes priority over weight-based" classname="./test/propagate/WeightBasedElasticFallback.ts" time="0.000" line="69" col="6">
        </testcase>
        <testcase name="distributeElasticError: weight-based fallback with all zero weights falls back to equal split" classname="./test/propagate/WeightBasedElasticFallback.ts" time="0.000" line="83" col="6">
        </testcase>
        <testcase name="distributeElasticError: preserves backward compatibility without weight field" classname="./test/propagate/WeightBasedElasticFallback.ts" time="0.000" line="95" col="6">
        </testcase>
        <testcase name="distributeElasticError: weight fallback with tiny activations below plankConstant" classname="./test/propagate/WeightBasedElasticFallback.ts" time="0.000" line="107" col="6">
        </testcase>
    </testsuite>
    <testsuite name="./test/propagate/WeightConvergence.ts" tests="7" disabled="0" errors="0" failures="0">
        <testcase name="Weight convergence - repeated accumulation moves weight towards target" classname="./test/propagate/WeightConvergence.ts" time="0.001" line="34" col="6">
        </testcase>
        <testcase name="Weight convergence - negative target moves weight downward" classname="./test/propagate/WeightConvergence.ts" time="0.000" line="58" col="6">
        </testcase>
        <testcase name="Weight convergence - mixed activations converge to blended target" classname="./test/propagate/WeightConvergence.ts" time="0.000" line="81" col="6">
        </testcase>
        <testcase name="adjustedWeight - returns original weight before batch boundary" classname="./test/propagate/WeightConvergence.ts" time="0.001" line="108" col="6">
        </testcase>
        <testcase name="adjustedWeight - recalculates at batch boundary" classname="./test/propagate/WeightConvergence.ts" time="0.000" line="140" col="6">
        </testcase>
        <testcase name="adjustedWeight - disableWeightAdjustment returns original" classname="./test/propagate/WeightConvergence.ts" time="0.000" line="168" col="6">
        </testcase>
        <testcase name="Weight convergence - higher generations dampen adjustment" classname="./test/propagate/WeightConvergence.ts" time="0.000" line="198" col="6">
        </testcase>
    </testsuite>
    <testsuite name="./test/propagate/ZeroWeightRecovery.ts" tests="3" disabled="0" errors="0" failures="0">
        <testcase name="ZeroWeightRecovery - near-zero weight develops non-zero weight" classname="./test/propagate/ZeroWeightRecovery.ts" time="0.018" line="16" col="6">
        </testcase>
        <testcase name="ZeroWeightRecovery - error propagates through zero-weight connection" classname="./test/propagate/ZeroWeightRecovery.ts" time="0.026" line="72" col="6">
        </testcase>
        <testcase name="ZeroWeightRecovery - no NaN or Infinity from near-zero weights" classname="./test/propagate/ZeroWeightRecovery.ts" time="0.010" line="135" col="6">
        </testcase>
    </testsuite>
    <testsuite name="./test/propagate/bias/Simple.ts" tests="1" disabled="0" errors="0" failures="0">
        <testcase name="bias-only backprop: error does not regress across training iterations on multi-squash network" classname="./test/propagate/bias/Simple.ts" time="1.309" line="12" col="6">
        </testcase>
    </testsuite>
    <testsuite name="./test/propagate/biasIdentity/Simple.ts" tests="1" disabled="0" errors="0" failures="0">
        <testcase name="bias-only backpropagation converges with all-IDENTITY squash functions" classname="./test/propagate/biasIdentity/Simple.ts" time="1.324" line="12" col="6">
        </testcase>
    </testsuite>
    <testsuite name="./test/propagate/calculateError/AllSquashProperties.ts" tests="128" disabled="0" errors="0" failures="0">
        <testcase name="ABSOLUTE.calculateError: zero error on perfect match" classname="./test/propagate/calculateError/AllSquashProperties.ts" time="0.000" line="80" col="8">
        </testcase>
        <testcase name="ArcTan.calculateError: zero error on perfect match" classname="./test/propagate/calculateError/AllSquashProperties.ts" time="0.000" line="80" col="8">
        </testcase>
        <testcase name="BENT_IDENTITY.calculateError: zero error on perfect match" classname="./test/propagate/calculateError/AllSquashProperties.ts" time="0.000" line="80" col="8">
        </testcase>
        <testcase name="BIPOLAR.calculateError: zero error on perfect match" classname="./test/propagate/calculateError/AllSquashProperties.ts" time="0.000" line="80" col="8">
        </testcase>
        <testcase name="BIPOLAR_SIGMOID.calculateError: zero error on perfect match" classname="./test/propagate/calculateError/AllSquashProperties.ts" time="0.000" line="80" col="8">
        </testcase>
        <testcase name="COMPLEMENT.calculateError: zero error on perfect match" classname="./test/propagate/calculateError/AllSquashProperties.ts" time="0.000" line="80" col="8">
        </testcase>
        <testcase name="Cosine.calculateError: zero error on perfect match" classname="./test/propagate/calculateError/AllSquashProperties.ts" time="0.000" line="80" col="8">
        </testcase>
        <testcase name="Cube.calculateError: zero error on perfect match" classname="./test/propagate/calculateError/AllSquashProperties.ts" time="0.000" line="80" col="8">
        </testcase>
        <testcase name="ELU.calculateError: zero error on perfect match" classname="./test/propagate/calculateError/AllSquashProperties.ts" time="0.000" line="80" col="8">
        </testcase>
        <testcase name="Exponential.calculateError: zero error on perfect match" classname="./test/propagate/calculateError/AllSquashProperties.ts" time="0.000" line="80" col="8">
        </testcase>
        <testcase name="GAUSSIAN.calculateError: zero error on perfect match" classname="./test/propagate/calculateError/AllSquashProperties.ts" time="0.000" line="80" col="8">
        </testcase>
        <testcase name="GELU.calculateError: zero error on perfect match" classname="./test/propagate/calculateError/AllSquashProperties.ts" time="0.000" line="80" col="8">
        </testcase>
        <testcase name="HARD_TANH.calculateError: zero error on perfect match" classname="./test/propagate/calculateError/AllSquashProperties.ts" time="0.000" line="80" col="8">
        </testcase>
        <testcase name="IDENTITY.calculateError: zero error on perfect match" classname="./test/propagate/calculateError/AllSquashProperties.ts" time="0.000" line="80" col="8">
        </testcase>
        <testcase name="ISRU.calculateError: zero error on perfect match" classname="./test/propagate/calculateError/AllSquashProperties.ts" time="0.000" line="80" col="8">
        </testcase>
        <testcase name="LeakyReLU.calculateError: zero error on perfect match" classname="./test/propagate/calculateError/AllSquashProperties.ts" time="0.000" line="80" col="8">
        </testcase>
        <testcase name="LOGISTIC.calculateError: zero error on perfect match" classname="./test/propagate/calculateError/AllSquashProperties.ts" time="0.000" line="80" col="8">
        </testcase>
        <testcase name="LogSigmoid.calculateError: zero error on perfect match" classname="./test/propagate/calculateError/AllSquashProperties.ts" time="0.000" line="80" col="8">
        </testcase>
        <testcase name="Mish.calculateError: zero error on perfect match" classname="./test/propagate/calculateError/AllSquashProperties.ts" time="0.000" line="80" col="8">
        </testcase>
        <testcase name="ReLU.calculateError: zero error on perfect match" classname="./test/propagate/calculateError/AllSquashProperties.ts" time="0.000" line="80" col="8">
        </testcase>
        <testcase name="ReLU6.calculateError: zero error on perfect match" classname="./test/propagate/calculateError/AllSquashProperties.ts" time="0.000" line="80" col="8">
        </testcase>
        <testcase name="SELU.calculateError: zero error on perfect match" classname="./test/propagate/calculateError/AllSquashProperties.ts" time="0.000" line="80" col="8">
        </testcase>
        <testcase name="SINE.calculateError: zero error on perfect match" classname="./test/propagate/calculateError/AllSquashProperties.ts" time="0.000" line="80" col="8">
        </testcase>
        <testcase name="SOFTSIGN.calculateError: zero error on perfect match" classname="./test/propagate/calculateError/AllSquashProperties.ts" time="0.000" line="80" col="8">
        </testcase>
        <testcase name="Softplus.calculateError: zero error on perfect match" classname="./test/propagate/calculateError/AllSquashProperties.ts" time="0.000" line="80" col="8">
        </testcase>
        <testcase name="SQRT.calculateError: zero error on perfect match" classname="./test/propagate/calculateError/AllSquashProperties.ts" time="0.000" line="80" col="8">
        </testcase>
        <testcase name="SQUARE.calculateError: zero error on perfect match" classname="./test/propagate/calculateError/AllSquashProperties.ts" time="0.000" line="80" col="8">
        </testcase>
        <testcase name="STEP.calculateError: zero error on perfect match" classname="./test/propagate/calculateError/AllSquashProperties.ts" time="0.000" line="80" col="8">
        </testcase>
        <testcase name="StdInverse.calculateError: zero error on perfect match" classname="./test/propagate/calculateError/AllSquashProperties.ts" time="0.000" line="80" col="8">
        </testcase>
        <testcase name="Swish.calculateError: zero error on perfect match" classname="./test/propagate/calculateError/AllSquashProperties.ts" time="0.000" line="80" col="8">
        </testcase>
        <testcase name="TAN.calculateError: zero error on perfect match" classname="./test/propagate/calculateError/AllSquashProperties.ts" time="0.000" line="80" col="8">
        </testcase>
        <testcase name="TANH.calculateError: zero error on perfect match" classname="./test/propagate/calculateError/AllSquashProperties.ts" time="0.000" line="80" col="8">
        </testcase>
        <testcase name="ABSOLUTE.calculateError: always produces finite error" classname="./test/propagate/calculateError/AllSquashProperties.ts" time="0.000" line="104" col="8">
        </testcase>
        <testcase name="ArcTan.calculateError: always produces finite error" classname="./test/propagate/calculateError/AllSquashProperties.ts" time="0.000" line="104" col="8">
        </testcase>
        <testcase name="BENT_IDENTITY.calculateError: always produces finite error" classname="./test/propagate/calculateError/AllSquashProperties.ts" time="0.000" line="104" col="8">
        </testcase>
        <testcase name="BIPOLAR.calculateError: always produces finite error" classname="./test/propagate/calculateError/AllSquashProperties.ts" time="0.000" line="104" col="8">
        </testcase>
        <testcase name="BIPOLAR_SIGMOID.calculateError: always produces finite error" classname="./test/propagate/calculateError/AllSquashProperties.ts" time="0.000" line="104" col="8">
        </testcase>
        <testcase name="COMPLEMENT.calculateError: always produces finite error" classname="./test/propagate/calculateError/AllSquashProperties.ts" time="0.000" line="104" col="8">
        </testcase>
        <testcase name="Cosine.calculateError: always produces finite error" classname="./test/propagate/calculateError/AllSquashProperties.ts" time="0.000" line="104" col="8">
        </testcase>
        <testcase name="Cube.calculateError: always produces finite error" classname="./test/propagate/calculateError/AllSquashProperties.ts" time="0.000" line="104" col="8">
        </testcase>
        <testcase name="ELU.calculateError: always produces finite error" classname="./test/propagate/calculateError/AllSquashProperties.ts" time="0.000" line="104" col="8">
        </testcase>
        <testcase name="Exponential.calculateError: always produces finite error" classname="./test/propagate/calculateError/AllSquashProperties.ts" time="0.000" line="104" col="8">
        </testcase>
        <testcase name="GAUSSIAN.calculateError: always produces finite error" classname="./test/propagate/calculateError/AllSquashProperties.ts" time="0.000" line="104" col="8">
        </testcase>
        <testcase name="GELU.calculateError: always produces finite error" classname="./test/propagate/calculateError/AllSquashProperties.ts" time="0.000" line="104" col="8">
        </testcase>
        <testcase name="HARD_TANH.calculateError: always produces finite error" classname="./test/propagate/calculateError/AllSquashProperties.ts" time="0.000" line="104" col="8">
        </testcase>
        <testcase name="IDENTITY.calculateError: always produces finite error" classname="./test/propagate/calculateError/AllSquashProperties.ts" time="0.000" line="104" col="8">
        </testcase>
        <testcase name="ISRU.calculateError: always produces finite error" classname="./test/propagate/calculateError/AllSquashProperties.ts" time="0.000" line="104" col="8">
        </testcase>
        <testcase name="LeakyReLU.calculateError: always produces finite error" classname="./test/propagate/calculateError/AllSquashProperties.ts" time="0.000" line="104" col="8">
        </testcase>
        <testcase name="LOGISTIC.calculateError: always produces finite error" classname="./test/propagate/calculateError/AllSquashProperties.ts" time="0.000" line="104" col="8">
        </testcase>
        <testcase name="LogSigmoid.calculateError: always produces finite error" classname="./test/propagate/calculateError/AllSquashProperties.ts" time="0.000" line="104" col="8">
        </testcase>
        <testcase name="Mish.calculateError: always produces finite error" classname="./test/propagate/calculateError/AllSquashProperties.ts" time="0.000" line="104" col="8">
        </testcase>
        <testcase name="ReLU.calculateError: always produces finite error" classname="./test/propagate/calculateError/AllSquashProperties.ts" time="0.000" line="104" col="8">
        </testcase>
        <testcase name="ReLU6.calculateError: always produces finite error" classname="./test/propagate/calculateError/AllSquashProperties.ts" time="0.000" line="104" col="8">
        </testcase>
        <testcase name="SELU.calculateError: always produces finite error" classname="./test/propagate/calculateError/AllSquashProperties.ts" time="0.000" line="104" col="8">
        </testcase>
        <testcase name="SINE.calculateError: always produces finite error" classname="./test/propagate/calculateError/AllSquashProperties.ts" time="0.000" line="104" col="8">
        </testcase>
        <testcase name="SOFTSIGN.calculateError: always produces finite error" classname="./test/propagate/calculateError/AllSquashProperties.ts" time="0.000" line="104" col="8">
        </testcase>
        <testcase name="Softplus.calculateError: always produces finite error" classname="./test/propagate/calculateError/AllSquashProperties.ts" time="0.000" line="104" col="8">
        </testcase>
        <testcase name="SQRT.calculateError: always produces finite error" classname="./test/propagate/calculateError/AllSquashProperties.ts" time="0.000" line="104" col="8">
        </testcase>
        <testcase name="SQUARE.calculateError: always produces finite error" classname="./test/propagate/calculateError/AllSquashProperties.ts" time="0.000" line="104" col="8">
        </testcase>
        <testcase name="STEP.calculateError: always produces finite error" classname="./test/propagate/calculateError/AllSquashProperties.ts" time="0.000" line="104" col="8">
        </testcase>
        <testcase name="StdInverse.calculateError: always produces finite error" classname="./test/propagate/calculateError/AllSquashProperties.ts" time="0.000" line="104" col="8">
        </testcase>
        <testcase name="Swish.calculateError: always produces finite error" classname="./test/propagate/calculateError/AllSquashProperties.ts" time="0.000" line="104" col="8">
        </testcase>
        <testcase name="TAN.calculateError: always produces finite error" classname="./test/propagate/calculateError/AllSquashProperties.ts" time="0.000" line="104" col="8">
        </testcase>
        <testcase name="TANH.calculateError: always produces finite error" classname="./test/propagate/calculateError/AllSquashProperties.ts" time="0.000" line="104" col="8">
        </testcase>
        <testcase name="ABSOLUTE.calculateError: small step improves activation" classname="./test/propagate/calculateError/AllSquashProperties.ts" time="0.000" line="146" col="8">
        </testcase>
        <testcase name="ArcTan.calculateError: small step improves activation" classname="./test/propagate/calculateError/AllSquashProperties.ts" time="0.000" line="146" col="8">
        </testcase>
        <testcase name="BENT_IDENTITY.calculateError: small step improves activation" classname="./test/propagate/calculateError/AllSquashProperties.ts" time="0.000" line="146" col="8">
        </testcase>
        <testcase name="BIPOLAR.calculateError: small step improves activation" classname="./test/propagate/calculateError/AllSquashProperties.ts" time="0.000" line="146" col="8">
        </testcase>
        <testcase name="BIPOLAR_SIGMOID.calculateError: small step improves activation" classname="./test/propagate/calculateError/AllSquashProperties.ts" time="0.000" line="146" col="8">
        </testcase>
        <testcase name="COMPLEMENT.calculateError: small step improves activation" classname="./test/propagate/calculateError/AllSquashProperties.ts" time="0.000" line="146" col="8">
        </testcase>
        <testcase name="Cosine.calculateError: small step improves activation" classname="./test/propagate/calculateError/AllSquashProperties.ts" time="0.000" line="146" col="8">
        </testcase>
        <testcase name="Cube.calculateError: small step improves activation" classname="./test/propagate/calculateError/AllSquashProperties.ts" time="0.000" line="146" col="8">
        </testcase>
        <testcase name="ELU.calculateError: small step improves activation" classname="./test/propagate/calculateError/AllSquashProperties.ts" time="0.000" line="146" col="8">
        </testcase>
        <testcase name="Exponential.calculateError: small step improves activation" classname="./test/propagate/calculateError/AllSquashProperties.ts" time="0.000" line="146" col="8">
        </testcase>
        <testcase name="GAUSSIAN.calculateError: small step improves activation" classname="./test/propagate/calculateError/AllSquashProperties.ts" time="0.000" line="146" col="8">
        </testcase>
        <testcase name="GELU.calculateError: small step improves activation" classname="./test/propagate/calculateError/AllSquashProperties.ts" time="0.000" line="146" col="8">
        </testcase>
        <testcase name="HARD_TANH.calculateError: small step improves activation" classname="./test/propagate/calculateError/AllSquashProperties.ts" time="0.000" line="146" col="8">
        </testcase>
        <testcase name="IDENTITY.calculateError: small step improves activation" classname="./test/propagate/calculateError/AllSquashProperties.ts" time="0.000" line="146" col="8">
        </testcase>
        <testcase name="ISRU.calculateError: small step improves activation" classname="./test/propagate/calculateError/AllSquashProperties.ts" time="0.000" line="146" col="8">
        </testcase>
        <testcase name="LeakyReLU.calculateError: small step improves activation" classname="./test/propagate/calculateError/AllSquashProperties.ts" time="0.000" line="146" col="8">
        </testcase>
        <testcase name="LOGISTIC.calculateError: small step improves activation" classname="./test/propagate/calculateError/AllSquashProperties.ts" time="0.000" line="146" col="8">
        </testcase>
        <testcase name="LogSigmoid.calculateError: small step improves activation" classname="./test/propagate/calculateError/AllSquashProperties.ts" time="0.000" line="146" col="8">
        </testcase>
        <testcase name="Mish.calculateError: small step improves activation" classname="./test/propagate/calculateError/AllSquashProperties.ts" time="0.000" line="146" col="8">
        </testcase>
        <testcase name="ReLU.calculateError: small step improves activation" classname="./test/propagate/calculateError/AllSquashProperties.ts" time="0.000" line="146" col="8">
        </testcase>
        <testcase name="ReLU6.calculateError: small step improves activation" classname="./test/propagate/calculateError/AllSquashProperties.ts" time="0.000" line="146" col="8">
        </testcase>
        <testcase name="SELU.calculateError: small step improves activation" classname="./test/propagate/calculateError/AllSquashProperties.ts" time="0.000" line="146" col="8">
        </testcase>
        <testcase name="SINE.calculateError: small step improves activation" classname="./test/propagate/calculateError/AllSquashProperties.ts" time="0.000" line="146" col="8">
        </testcase>
        <testcase name="SOFTSIGN.calculateError: small step improves activation" classname="./test/propagate/calculateError/AllSquashProperties.ts" time="0.000" line="146" col="8">
        </testcase>
        <testcase name="Softplus.calculateError: small step improves activation" classname="./test/propagate/calculateError/AllSquashProperties.ts" time="0.000" line="146" col="8">
        </testcase>
        <testcase name="SQRT.calculateError: small step improves activation" classname="./test/propagate/calculateError/AllSquashProperties.ts" time="0.001" line="146" col="8">
        </testcase>
        <testcase name="SQUARE.calculateError: small step improves activation" classname="./test/propagate/calculateError/AllSquashProperties.ts" time="0.000" line="146" col="8">
        </testcase>
        <testcase name="STEP.calculateError: small step improves activation" classname="./test/propagate/calculateError/AllSquashProperties.ts" time="0.000" line="146" col="8">
        </testcase>
        <testcase name="StdInverse.calculateError: small step improves activation" classname="./test/propagate/calculateError/AllSquashProperties.ts" time="0.000" line="146" col="8">
        </testcase>
        <testcase name="Swish.calculateError: small step improves activation" classname="./test/propagate/calculateError/AllSquashProperties.ts" time="0.000" line="146" col="8">
        </testcase>
        <testcase name="TAN.calculateError: small step improves activation" classname="./test/propagate/calculateError/AllSquashProperties.ts" time="0.000" line="146" col="8">
        </testcase>
        <testcase name="TANH.calculateError: small step improves activation" classname="./test/propagate/calculateError/AllSquashProperties.ts" time="0.000" line="146" col="8">
        </testcase>
        <testcase name="ABSOLUTE.calculateError: error is clamped within bounds" classname="./test/propagate/calculateError/AllSquashProperties.ts" time="0.000" line="208" col="8">
        </testcase>
        <testcase name="ArcTan.calculateError: error is clamped within bounds" classname="./test/propagate/calculateError/AllSquashProperties.ts" time="0.000" line="208" col="8">
        </testcase>
        <testcase name="BENT_IDENTITY.calculateError: error is clamped within bounds" classname="./test/propagate/calculateError/AllSquashProperties.ts" time="0.000" line="208" col="8">
        </testcase>
        <testcase name="BIPOLAR.calculateError: error is clamped within bounds" classname="./test/propagate/calculateError/AllSquashProperties.ts" time="0.000" line="208" col="8">
        </testcase>
        <testcase name="BIPOLAR_SIGMOID.calculateError: error is clamped within bounds" classname="./test/propagate/calculateError/AllSquashProperties.ts" time="0.000" line="208" col="8">
        </testcase>
        <testcase name="COMPLEMENT.calculateError: error is clamped within bounds" classname="./test/propagate/calculateError/AllSquashProperties.ts" time="0.000" line="208" col="8">
        </testcase>
        <testcase name="Cosine.calculateError: error is clamped within bounds" classname="./test/propagate/calculateError/AllSquashProperties.ts" time="0.000" line="208" col="8">
        </testcase>
        <testcase name="Cube.calculateError: error is clamped within bounds" classname="./test/propagate/calculateError/AllSquashProperties.ts" time="0.000" line="208" col="8">
        </testcase>
        <testcase name="ELU.calculateError: error is clamped within bounds" classname="./test/propagate/calculateError/AllSquashProperties.ts" time="0.000" line="208" col="8">
        </testcase>
        <testcase name="Exponential.calculateError: error is clamped within bounds" classname="./test/propagate/calculateError/AllSquashProperties.ts" time="0.000" line="208" col="8">
        </testcase>
        <testcase name="GAUSSIAN.calculateError: error is clamped within bounds" classname="./test/propagate/calculateError/AllSquashProperties.ts" time="0.000" line="208" col="8">
        </testcase>
        <testcase name="GELU.calculateError: error is clamped within bounds" classname="./test/propagate/calculateError/AllSquashProperties.ts" time="0.000" line="208" col="8">
        </testcase>
        <testcase name="HARD_TANH.calculateError: error is clamped within bounds" classname="./test/propagate/calculateError/AllSquashProperties.ts" time="0.000" line="208" col="8">
        </testcase>
        <testcase name="IDENTITY.calculateError: error is clamped within bounds" classname="./test/propagate/calculateError/AllSquashProperties.ts" time="0.000" line="208" col="8">
        </testcase>
        <testcase name="ISRU.calculateError: error is clamped within bounds" classname="./test/propagate/calculateError/AllSquashProperties.ts" time="0.000" line="208" col="8">
        </testcase>
        <testcase name="LeakyReLU.calculateError: error is clamped within bounds" classname="./test/propagate/calculateError/AllSquashProperties.ts" time="0.000" line="208" col="8">
        </testcase>
        <testcase name="LOGISTIC.calculateError: error is clamped within bounds" classname="./test/propagate/calculateError/AllSquashProperties.ts" time="0.000" line="208" col="8">
        </testcase>
        <testcase name="LogSigmoid.calculateError: error is clamped within bounds" classname="./test/propagate/calculateError/AllSquashProperties.ts" time="0.000" line="208" col="8">
        </testcase>
        <testcase name="Mish.calculateError: error is clamped within bounds" classname="./test/propagate/calculateError/AllSquashProperties.ts" time="0.000" line="208" col="8">
        </testcase>
        <testcase name="ReLU.calculateError: error is clamped within bounds" classname="./test/propagate/calculateError/AllSquashProperties.ts" time="0.000" line="208" col="8">
        </testcase>
        <testcase name="ReLU6.calculateError: error is clamped within bounds" classname="./test/propagate/calculateError/AllSquashProperties.ts" time="0.000" line="208" col="8">
        </testcase>
        <testcase name="SELU.calculateError: error is clamped within bounds" classname="./test/propagate/calculateError/AllSquashProperties.ts" time="0.000" line="208" col="8">
        </testcase>
        <testcase name="SINE.calculateError: error is clamped within bounds" classname="./test/propagate/calculateError/AllSquashProperties.ts" time="0.000" line="208" col="8">
        </testcase>
        <testcase name="SOFTSIGN.calculateError: error is clamped within bounds" classname="./test/propagate/calculateError/AllSquashProperties.ts" time="0.000" line="208" col="8">
        </testcase>
        <testcase name="Softplus.calculateError: error is clamped within bounds" classname="./test/propagate/calculateError/AllSquashProperties.ts" time="0.000" line="208" col="8">
        </testcase>
        <testcase name="SQRT.calculateError: error is clamped within bounds" classname="./test/propagate/calculateError/AllSquashProperties.ts" time="0.000" line="208" col="8">
        </testcase>
        <testcase name="SQUARE.calculateError: error is clamped within bounds" classname="./test/propagate/calculateError/AllSquashProperties.ts" time="0.000" line="208" col="8">
        </testcase>
        <testcase name="STEP.calculateError: error is clamped within bounds" classname="./test/propagate/calculateError/AllSquashProperties.ts" time="0.000" line="208" col="8">
        </testcase>
        <testcase name="StdInverse.calculateError: error is clamped within bounds" classname="./test/propagate/calculateError/AllSquashProperties.ts" time="0.000" line="208" col="8">
        </testcase>
        <testcase name="Swish.calculateError: error is clamped within bounds" classname="./test/propagate/calculateError/AllSquashProperties.ts" time="0.000" line="208" col="8">
        </testcase>
        <testcase name="TAN.calculateError: error is clamped within bounds" classname="./test/propagate/calculateError/AllSquashProperties.ts" time="0.000" line="208" col="8">
        </testcase>
        <testcase name="TANH.calculateError: error is clamped within bounds" classname="./test/propagate/calculateError/AllSquashProperties.ts" time="0.000" line="208" col="8">
        </testcase>
    </testsuite>
    <testsuite name="./test/propagate/calculateError/CalculateErrorDerivativeFormula.ts" tests="44" disabled="0" errors="0" failures="0">
        <testcase name="ArcTan.calculateError: matches derivative formula in active region" classname="./test/propagate/calculateError/CalculateErrorDerivativeFormula.ts" time="0.000" line="82" col="8">
        </testcase>
        <testcase name="BENT_IDENTITY.calculateError: matches derivative formula in active region" classname="./test/propagate/calculateError/CalculateErrorDerivativeFormula.ts" time="0.000" line="82" col="8">
        </testcase>
        <testcase name="BIPOLAR_SIGMOID.calculateError: matches derivative formula in active region" classname="./test/propagate/calculateError/CalculateErrorDerivativeFormula.ts" time="0.000" line="82" col="8">
        </testcase>
        <testcase name="Cosine.calculateError: matches derivative formula in active region" classname="./test/propagate/calculateError/CalculateErrorDerivativeFormula.ts" time="0.000" line="82" col="8">
        </testcase>
        <testcase name="Cube.calculateError: matches derivative formula in active region" classname="./test/propagate/calculateError/CalculateErrorDerivativeFormula.ts" time="0.000" line="82" col="8">
        </testcase>
        <testcase name="ELU.calculateError: matches derivative formula in active region" classname="./test/propagate/calculateError/CalculateErrorDerivativeFormula.ts" time="0.000" line="82" col="8">
        </testcase>
        <testcase name="Exponential.calculateError: matches derivative formula in active region" classname="./test/propagate/calculateError/CalculateErrorDerivativeFormula.ts" time="0.000" line="82" col="8">
        </testcase>
        <testcase name="GAUSSIAN.calculateError: matches derivative formula in active region" classname="./test/propagate/calculateError/CalculateErrorDerivativeFormula.ts" time="0.000" line="82" col="8">
        </testcase>
        <testcase name="GELU.calculateError: matches derivative formula in active region" classname="./test/propagate/calculateError/CalculateErrorDerivativeFormula.ts" time="0.000" line="82" col="8">
        </testcase>
        <testcase name="ISRU.calculateError: matches derivative formula in active region" classname="./test/propagate/calculateError/CalculateErrorDerivativeFormula.ts" time="0.000" line="82" col="8">
        </testcase>
        <testcase name="LOGISTIC.calculateError: matches derivative formula in active region" classname="./test/propagate/calculateError/CalculateErrorDerivativeFormula.ts" time="0.000" line="82" col="8">
        </testcase>
        <testcase name="LogSigmoid.calculateError: matches derivative formula in active region" classname="./test/propagate/calculateError/CalculateErrorDerivativeFormula.ts" time="0.000" line="82" col="8">
        </testcase>
        <testcase name="Mish.calculateError: matches derivative formula in active region" classname="./test/propagate/calculateError/CalculateErrorDerivativeFormula.ts" time="0.000" line="82" col="8">
        </testcase>
        <testcase name="SELU.calculateError: matches derivative formula in active region" classname="./test/propagate/calculateError/CalculateErrorDerivativeFormula.ts" time="0.000" line="82" col="8">
        </testcase>
        <testcase name="SINE.calculateError: matches derivative formula in active region" classname="./test/propagate/calculateError/CalculateErrorDerivativeFormula.ts" time="0.000" line="82" col="8">
        </testcase>
        <testcase name="SOFTSIGN.calculateError: matches derivative formula in active region" classname="./test/propagate/calculateError/CalculateErrorDerivativeFormula.ts" time="0.000" line="82" col="8">
        </testcase>
        <testcase name="Softplus.calculateError: matches derivative formula in active region" classname="./test/propagate/calculateError/CalculateErrorDerivativeFormula.ts" time="0.000" line="82" col="8">
        </testcase>
        <testcase name="Swish.calculateError: matches derivative formula in active region" classname="./test/propagate/calculateError/CalculateErrorDerivativeFormula.ts" time="0.000" line="82" col="8">
        </testcase>
        <testcase name="TAN.calculateError: matches derivative formula in active region" classname="./test/propagate/calculateError/CalculateErrorDerivativeFormula.ts" time="0.000" line="82" col="8">
        </testcase>
        <testcase name="TANH.calculateError: matches derivative formula in active region" classname="./test/propagate/calculateError/CalculateErrorDerivativeFormula.ts" time="0.000" line="82" col="8">
        </testcase>
        <testcase name="TANH.calculateError: finite error in vanishing gradient region (x=5)" classname="./test/propagate/calculateError/CalculateErrorDerivativeFormula.ts" time="0.000" line="153" col="8">
        </testcase>
        <testcase name="TANH.calculateError: finite error in vanishing gradient region (x=-5)" classname="./test/propagate/calculateError/CalculateErrorDerivativeFormula.ts" time="0.000" line="153" col="8">
        </testcase>
        <testcase name="LOGISTIC.calculateError: finite error in vanishing gradient region (x=10)" classname="./test/propagate/calculateError/CalculateErrorDerivativeFormula.ts" time="0.000" line="153" col="8">
        </testcase>
        <testcase name="LOGISTIC.calculateError: finite error in vanishing gradient region (x=-10)" classname="./test/propagate/calculateError/CalculateErrorDerivativeFormula.ts" time="0.000" line="153" col="8">
        </testcase>
        <testcase name="GAUSSIAN.calculateError: finite error in vanishing gradient region (x=0)" classname="./test/propagate/calculateError/CalculateErrorDerivativeFormula.ts" time="0.000" line="153" col="8">
        </testcase>
        <testcase name="GAUSSIAN.calculateError: finite error in vanishing gradient region (x=4)" classname="./test/propagate/calculateError/CalculateErrorDerivativeFormula.ts" time="0.000" line="153" col="8">
        </testcase>
        <testcase name="ELU.calculateError: finite error in vanishing gradient region (x=-10)" classname="./test/propagate/calculateError/CalculateErrorDerivativeFormula.ts" time="0.000" line="153" col="8">
        </testcase>
        <testcase name="SELU.calculateError: finite error in vanishing gradient region (x=-10)" classname="./test/propagate/calculateError/CalculateErrorDerivativeFormula.ts" time="0.000" line="153" col="8">
        </testcase>
        <testcase name="HARD_TANH.calculateError: finite error in vanishing gradient region (x=5)" classname="./test/propagate/calculateError/CalculateErrorDerivativeFormula.ts" time="0.000" line="153" col="8">
        </testcase>
        <testcase name="HARD_TANH.calculateError: finite error in vanishing gradient region (x=-5)" classname="./test/propagate/calculateError/CalculateErrorDerivativeFormula.ts" time="0.000" line="153" col="8">
        </testcase>
        <testcase name="ReLU.calculateError: finite error in vanishing gradient region (x=-5)" classname="./test/propagate/calculateError/CalculateErrorDerivativeFormula.ts" time="0.000" line="153" col="8">
        </testcase>
        <testcase name="ReLU6.calculateError: finite error in vanishing gradient region (x=-5)" classname="./test/propagate/calculateError/CalculateErrorDerivativeFormula.ts" time="0.000" line="153" col="8">
        </testcase>
        <testcase name="ReLU6.calculateError: finite error in vanishing gradient region (x=10)" classname="./test/propagate/calculateError/CalculateErrorDerivativeFormula.ts" time="0.000" line="153" col="8">
        </testcase>
        <testcase name="Cosine.calculateError: finite error in vanishing gradient region (x=0)" classname="./test/propagate/calculateError/CalculateErrorDerivativeFormula.ts" time="0.000" line="153" col="8">
        </testcase>
        <testcase name="ArcTan.calculateError: finite error in vanishing gradient region (x=20)" classname="./test/propagate/calculateError/CalculateErrorDerivativeFormula.ts" time="0.000" line="153" col="8">
        </testcase>
        <testcase name="LogSigmoid.calculateError: finite error in vanishing gradient region (x=20)" classname="./test/propagate/calculateError/CalculateErrorDerivativeFormula.ts" time="0.000" line="153" col="8">
        </testcase>
        <testcase name="Softplus.calculateError: finite error in vanishing gradient region (x=-5)" classname="./test/propagate/calculateError/CalculateErrorDerivativeFormula.ts" time="0.000" line="153" col="8">
        </testcase>
        <testcase name="BIPOLAR.calculateError: magnitude when crossing threshold" classname="./test/propagate/calculateError/CalculateErrorDerivativeFormula.ts" time="0.000" line="179" col="6">
        </testcase>
        <testcase name="STEP.calculateError: magnitude when crossing threshold" classname="./test/propagate/calculateError/CalculateErrorDerivativeFormula.ts" time="0.000" line="195" col="6">
        </testcase>
        <testcase name="STEP.calculateError: at threshold boundary" classname="./test/propagate/calculateError/CalculateErrorDerivativeFormula.ts" time="0.000" line="210" col="6">
        </testcase>
        <testcase name="ReLU.calculateError: flat region with specific hint" classname="./test/propagate/calculateError/CalculateErrorDerivativeFormula.ts" time="0.000" line="228" col="6">
        </testcase>
        <testcase name="ReLU6.calculateError: magnitude in active zone" classname="./test/propagate/calculateError/CalculateErrorDerivativeFormula.ts" time="0.000" line="238" col="6">
        </testcase>
        <testcase name="IDENTITY.calculateError: exact error values" classname="./test/propagate/calculateError/CalculateErrorDerivativeFormula.ts" time="0.000" line="248" col="6">
        </testcase>
        <testcase name="IDENTITY.calculateError: extreme values are clamped" classname="./test/propagate/calculateError/CalculateErrorDerivativeFormula.ts" time="0.000" line="257" col="6">
        </testcase>
    </testsuite>
    <testsuite name="./test/propagate/ifPropagation.ts" tests="1" disabled="0" errors="0" failures="0">
        <testcase name="ifPropagation" classname="./test/propagate/ifPropagation.ts" time="0.033" line="12" col="6">
        </testcase>
    </testsuite>
    <testsuite name="./test/propagate/large/ProductionScale.ts" tests="4" disabled="0" errors="0" failures="0">
        <testcase name="production-scale: creature meets target dimensions" classname="./test/propagate/large/ProductionScale.ts" time="0.186" line="29" col="6">
        </testcase>
        <testcase name="production-scale: backprop converges with normalised gradients" classname="./test/propagate/large/ProductionScale.ts" time="24.857" line="75" col="6">
        </testcase>
        <testcase name="production-scale: normalised vs unnormalised gradient convergence comparison" classname="./test/propagate/large/ProductionScale.ts" time="35.794" line="140" col="6">
        </testcase>
        <testcase name="production-scale: weights and biases remain finite across iterations" classname="./test/propagate/large/ProductionScale.ts" time="6.706" line="219" col="6">
        </testcase>
    </testsuite>
    <testsuite name="./test/propagate/large/Train.ts" tests="1" disabled="0" errors="0" failures="0">
        <testcase name="large network: training error does not regress significantly across iterations" classname="./test/propagate/large/Train.ts" time="14.842" line="11" col="6">
        </testcase>
    </testsuite>
    <testsuite name="./test/propagate/record/ArcTanNearSaturationClamp.ts" tests="1" disabled="0" errors="0" failures="0">
        <testcase name="Creature.record: ArcTan near-saturation target does not explode value-space errors" classname="./test/propagate/record/ArcTanNearSaturationClamp.ts" time="0.010" line="8" col="6">
        </testcase>
    </testsuite>
    <testsuite name="./test/propagate/record/ArcTanSaturationClamp.ts" tests="1" disabled="0" errors="0" failures="0">
        <testcase name="Creature.record: ArcTan saturation does not produce astronomical errors" classname="./test/propagate/record/ArcTanSaturationClamp.ts" time="0.008" line="8" col="6">
        </testcase>
    </testsuite>
    <testsuite name="./test/propagate/record/ElasticRecordAvoidsTinyWeight.ts" tests="1" disabled="0" errors="0" failures="0">
        <testcase name="record: avoids attributing error to tiny-weight links" classname="./test/propagate/record/ElasticRecordAvoidsTinyWeight.ts" time="0.010" line="8" col="6">
        </testcase>
    </testsuite>
    <testsuite name="./test/propagate/record/ElasticRecordClampsAndRedistributesSwishNonNegative.ts" tests="1" disabled="0" errors="0" failures="0">
        <testcase name="Creature.record: prefers not pushing Swish negative, clamps and redistributes residue" classname="./test/propagate/record/ElasticRecordClampsAndRedistributesSwishNonNegative.ts" time="0.010" line="9" col="6">
        </testcase>
    </testsuite>
    <testsuite name="./test/propagate/record/ElasticRecordClampsAndRedistributesUpperBounds.ts" tests="1" disabled="0" errors="0" failures="0">
        <testcase name="Creature.record: clamps to ReLU6 upper bound and redistributes residue" classname="./test/propagate/record/ElasticRecordClampsAndRedistributesUpperBounds.ts" time="0.010" line="9" col="6">
        </testcase>
    </testsuite>
    <testsuite name="./test/propagate/record/ElasticRecordIFPrefersPlasticPath.ts" tests="1" disabled="0" errors="0" failures="0">
        <testcase name="record(IF): prefers plastic positive-branch paths over saturated ArcTan parents" classname="./test/propagate/record/ElasticRecordIFPrefersPlasticPath.ts" time="0.012" line="10" col="6">
        </testcase>
    </testsuite>
    <testsuite name="./test/propagate/record/ElasticRecordPrefersPlasticPath.ts" tests="1" disabled="0" errors="0" failures="0">
        <testcase name="record: prefers plastic paths over saturated ArcTan parents" classname="./test/propagate/record/ElasticRecordPrefersPlasticPath.ts" time="0.010" line="10" col="6">
        </testcase>
    </testsuite>
    <testsuite name="./test/propagate/record/RangeLimitedAttributionAvoidsImpossibleTargets.ts" tests="1" disabled="0" errors="0" failures="0">
        <testcase name="Creature.record: record attribution avoids impossible negative targets for non-negative squashes (ABSOLUTE)" classname="./test/propagate/record/RangeLimitedAttributionAvoidsImpossibleTargets.ts" time="0.010" line="9" col="6">
        </testcase>
    </testsuite>
    <testsuite name="./test/propagate/record/RangeLimitedAttributionAvoidsImpossibleTargetsReLU.ts" tests="2" disabled="0" errors="0" failures="0">
        <testcase name="Creature.record: record attribution avoids impossible negative targets for ReLU" classname="./test/propagate/record/RangeLimitedAttributionAvoidsImpossibleTargetsReLU.ts" time="0.012" line="10" col="6">
        </testcase>
        <testcase name="Creature.record: record attribution avoids impossible negative targets for ReLU6" classname="./test/propagate/record/RangeLimitedAttributionAvoidsImpossibleTargetsReLU.ts" time="0.000" line="104" col="6">
        </testcase>
    </testsuite>
    <testsuite name="./test/propagate/record/RedistributedBlockedErrorMaintainsFeasibility.ts" tests="1" disabled="0" errors="0" failures="0">
        <testcase name="Creature.record: redistributed blocked error must not make a previously-feasible parent target infeasible (ABSOLUTE)" classname="./test/propagate/record/RedistributedBlockedErrorMaintainsFeasibility.ts" time="0.010" line="9" col="6">
        </testcase>
    </testsuite>
    <testsuite name="./test/propagate/sparse/BFSOptimisation.ts" tests="7" disabled="0" errors="0" failures="0">
        <testcase name="BFS optimisation - linear chain depth 1" classname="./test/propagate/sparse/BFSOptimisation.ts" time="0.001" line="56" col="6">
        </testcase>
        <testcase name="BFS optimisation - linear chain depth 2" classname="./test/propagate/sparse/BFSOptimisation.ts" time="0.000" line="74" col="6">
        </testcase>
        <testcase name="BFS optimisation - branching graph" classname="./test/propagate/sparse/BFSOptimisation.ts" time="0.000" line="98" col="6">
        </testcase>
        <testcase name="BFS optimisation - disconnected neuron" classname="./test/propagate/sparse/BFSOptimisation.ts" time="0.000" line="126" col="6">
        </testcase>
        <testcase name="BFS optimisation - isolated neuron" classname="./test/propagate/sparse/BFSOptimisation.ts" time="0.000" line="144" col="6">
        </testcase>
        <testcase name="BFS optimisation - cycle handling" classname="./test/propagate/sparse/BFSOptimisation.ts" time="0.000" line="153" col="6">
        </testcase>
        <testcase name="BFS optimisation - large graph consistency" classname="./test/propagate/sparse/BFSOptimisation.ts" time="0.000" line="174" col="6">
        </testcase>
    </testsuite>
    <testsuite name="./test/propagate/simple/Simple.ts" tests="1" disabled="0" errors="0" failures="0">
        <testcase name="simple backpropagation converges after bias and weight perturbation" classname="./test/propagate/simple/Simple.ts" time="0.804" line="25" col="6">
        </testcase>
    </testsuite>
    <testsuite name="./test/propagate/sparse/BuildSynapseMapCorrectness.ts" tests="1" disabled="0" errors="0" failures="0">
        <testcase name="buildSynapseMap - correctness verification" classname="./test/propagate/sparse/BuildSynapseMapCorrectness.ts" time="0.150" line="14" col="6">
        </testcase>
    </testsuite>
    <testsuite name="./test/propagate/sparse/CalculatePathsToOutput.ts" tests="1" disabled="0" errors="0" failures="0">
        <testcase name="calculatePathsToOutput returns all downstream neurons from chosen set to outputs" classname="./test/propagate/sparse/CalculatePathsToOutput.ts" time="0.006" line="6" col="6">
        </testcase>
    </testsuite>
    <testsuite name="./test/propagate/sparse/ChooseNeurons.ts" tests="1" disabled="0" errors="0" failures="0">
        <testcase name="chooseNeurons selects approximately sparseRatio fraction of eligible neurons" classname="./test/propagate/sparse/ChooseNeurons.ts" time="0.106" line="6" col="6">
        </testcase>
    </testsuite>
    <testsuite name="./test/propagate/sparse/Cluster.ts" tests="2" disabled="0" errors="0" failures="0">
        <testcase name="chooseNeurons - clustering with sparseRatio &lt; 1" classname="./test/propagate/sparse/Cluster.ts" time="0.008" line="8" col="6">
        </testcase>
        <testcase name="chooseNeurons - sparseRatio 1 selects all eligible neurons" classname="./test/propagate/sparse/Cluster.ts" time="0.001" line="53" col="6">
        </testcase>
    </testsuite>
    <testsuite name="./test/propagate/sparse/ErrorGuidedChooseNeurons.ts" tests="3" disabled="0" errors="0" failures="0">
        <testcase name="chooseNeurons: error-guided selection prefers high-error neurons" classname="./test/propagate/sparse/ErrorGuidedChooseNeurons.ts" time="0.104" line="8" col="6">
        </testcase>
        <testcase name="chooseNeurons: works without neuron errors (backward compatible)" classname="./test/propagate/sparse/ErrorGuidedChooseNeurons.ts" time="0.067" line="76" col="6">
        </testcase>
        <testcase name="chooseNeurons: sparseRatio 1 returns all neurons regardless of errors" classname="./test/propagate/sparse/ErrorGuidedChooseNeurons.ts" time="0.066" line="102" col="6">
        </testcase>
    </testsuite>
    <testsuite name="./test/propagate/sparse/OutgoingSynapsesMap.ts" tests="5" disabled="0" errors="0" failures="0">
        <testcase name="buildOutgoingSynapsesMap groups synapses by fromId" classname="./test/propagate/sparse/OutgoingSynapsesMap.ts" time="0.007" line="9" col="6">
        </testcase>
        <testcase name="calculatePathsToOutput with cached map matches uncached" classname="./test/propagate/sparse/OutgoingSynapsesMap.ts" time="0.000" line="44" col="6">
        </testcase>
        <testcase name="calculatePathsToOutput with cached map finds correct paths" classname="./test/propagate/sparse/OutgoingSynapsesMap.ts" time="0.000" line="68" col="6">
        </testcase>
        <testcase name="buildOutgoingSynapsesMap handles creature with no synapses" classname="./test/propagate/sparse/OutgoingSynapsesMap.ts" time="0.000" line="103" col="6">
        </testcase>
        <testcase name="calculatePathsToOutput with cached map handles isolated neurons" classname="./test/propagate/sparse/OutgoingSynapsesMap.ts" time="0.000" line="117" col="6">
        </testcase>
    </testsuite>
    <testsuite name="./test/propagate/sparse/SparseConfigLike.ts" tests="2" disabled="0" errors="0" failures="0">
        <testcase name="Duck-typed SparseConfigLike trace-all object" classname="./test/propagate/sparse/SparseConfigLike.ts" time="0.001" line="4" col="6">
        </testcase>
        <testcase name="SparseConfigLike with selective tracing" classname="./test/propagate/sparse/SparseConfigLike.ts" time="0.000" line="17" col="6">
        </testcase>
    </testsuite>
    <testsuite name="./test/propagate/sparse/PathCache.ts" tests="2" disabled="0" errors="0" failures="0">
        <testcase name="SparseConfig with cached outgoing map produces consistent results" classname="./test/propagate/sparse/PathCache.ts" time="0.006" line="8" col="6">
        </testcase>
        <testcase name="SparseConfig cached outgoing map reusable across multiple configs" classname="./test/propagate/sparse/PathCache.ts" time="0.104" line="41" col="6">
        </testcase>
    </testsuite>
    <testsuite name="./test/propagate/sparse/Trace.ts" tests="1" disabled="0" errors="0" failures="0">
        <testcase name="sparse training with low sparseRatio traces only a subset of neurons and synapses" classname="./test/propagate/sparse/Trace.ts" time="0.252" line="11" col="6">
        </testcase>
    </testsuite>
    <testsuite name="./test/reconstruct/ConnectMissing.ts" tests="2" disabled="0" errors="0" failures="0">
        <testcase name="randomConnectMissing - connects all inputs when some are missing" classname="./test/reconstruct/ConnectMissing.ts" time="0.012" line="5" col="6">
        </testcase>
        <testcase name="randomConnectMissing - does not modify creature when all inputs already connected" classname="./test/reconstruct/ConnectMissing.ts" time="0.000" line="47" col="6">
        </testcase>
    </testsuite>
    <testsuite name="./test/reconstruct/ValidateDNATypedErrors.ts" tests="4" disabled="0" errors="0" failures="0">
        <testcase name="validateDNA throws CrisprError with INVALID_DNA code for null DNA" classname="./test/reconstruct/ValidateDNATypedErrors.ts" time="0.001" line="8" col="6">
        </testcase>
        <testcase name="validateDNA throws CrisprError with INVALID_DNA code for non-object DNA" classname="./test/reconstruct/ValidateDNATypedErrors.ts" time="0.000" line="17" col="6">
        </testcase>
        <testcase name="validateDNA throws CrisprError with INVALID_DNA code for invalid neuron type" classname="./test/reconstruct/ValidateDNATypedErrors.ts" time="0.000" line="26" col="6">
        </testcase>
        <testcase name="validateDNA throws CrisprError with INVALID_DNA code for non-finite weight" classname="./test/reconstruct/ValidateDNATypedErrors.ts" time="0.000" line="40" col="6">
        </testcase>
    </testsuite>
    <testsuite name="./test/reconstruct/LegacyFormat.ts" tests="3" disabled="0" errors="0" failures="0">
        <testcase name="Creature.fromJSON normalises legacy nodes to neurons" classname="./test/reconstruct/LegacyFormat.ts" time="0.002" line="5" col="6">
        </testcase>
        <testcase name="Creature.fromJSON normalises legacy connections to synapses" classname="./test/reconstruct/LegacyFormat.ts" time="0.000" line="30" col="6">
        </testcase>
        <testcase name="Upgrade.CRISPR normalises legacy nodes and connections" classname="./test/reconstruct/LegacyFormat.ts" time="0.000" line="58" col="6">
        </testcase>
    </testsuite>
    <testsuite name="./test/score/BatchRustScorerBridge.ts" tests="10" disabled="0" errors="0" failures="0">
        <testcase name="BatchRustScorer - invokes scorer once for N creatures" classname="./test/score/BatchRustScorerBridge.ts" time="0.008" line="67" col="6">
        </testcase>
        <testcase name="BatchRustScorer - maps each entry back to its in-memory creature" classname="./test/score/BatchRustScorerBridge.ts" time="0.002" line="130" col="6">
        </testcase>
        <testcase name="BatchRustScorer - missing key surfaces BatchScorerError" classname="./test/score/BatchRustScorerBridge.ts" time="0.002" line="172" col="6">
        </testcase>
        <testcase name="BatchRustScorer - extra key surfaces BatchScorerError" classname="./test/score/BatchRustScorerBridge.ts" time="0.001" line="212" col="6">
        </testcase>
        <testcase name="BatchRustScorer - disabled config returns undefined results without invoking scorer" classname="./test/score/BatchRustScorerBridge.ts" time="0.000" line="253" col="6">
        </testcase>
        <testcase name="BatchRustScorer - batch flag off returns undefined results without invoking scorer" classname="./test/score/BatchRustScorerBridge.ts" time="0.000" line="285" col="6">
        </testcase>
        <testcase name="BatchRustScorer - scorer unavailable falls back to per-creature path (undefined results)" classname="./test/score/BatchRustScorerBridge.ts" time="0.000" line="317" col="6">
        </testcase>
        <testcase name="BatchRustScorer - non-zero scorer exit raises BatchScorerError" classname="./test/score/BatchRustScorerBridge.ts" time="0.001" line="341" col="6">
        </testcase>
        <testcase name="BatchRustScorer - cleans up temp creatures directory after run" classname="./test/score/BatchRustScorerBridge.ts" time="0.001" line="379" col="6">
        </testcase>
        <testcase name="BatchRustScorer - assigns UUID to creatures without one before batching" classname="./test/score/BatchRustScorerBridge.ts" time="0.000" line="420" col="6">
        </testcase>
    </testsuite>
    <testsuite name="./test/score/BatchScorerDiagnostics.ts" tests="11" disabled="0" errors="0" failures="0">
        <testcase name="BatchScorerDiagnostics - extractOffendingStems extracts a single UUID from rust stderr" classname="./test/score/BatchScorerDiagnostics.ts" time="0.001" line="27" col="6">
        </testcase>
        <testcase name="BatchScorerDiagnostics - extractOffendingStems extracts multiple UUIDs" classname="./test/score/BatchScorerDiagnostics.ts" time="0.000" line="35" col="6">
        </testcase>
        <testcase name="BatchScorerDiagnostics - extractOffendingStems returns empty array for empty/undefined input" classname="./test/score/BatchScorerDiagnostics.ts" time="0.000" line="48" col="6">
        </testcase>
        <testcase name="BatchScorerDiagnostics - summariseForwardOnlyComposition counts all-forwardOnly population" classname="./test/score/BatchScorerDiagnostics.ts" time="0.003" line="54" col="6">
        </testcase>
        <testcase name="BatchScorerDiagnostics - summariseForwardOnlyComposition counts mixed population" classname="./test/score/BatchScorerDiagnostics.ts" time="0.000" line="66" col="6">
        </testcase>
        <testcase name="BatchScorerDiagnostics - summariseForwardOnlyComposition counts all-recurrent population" classname="./test/score/BatchScorerDiagnostics.ts" time="0.000" line="79" col="6">
        </testcase>
        <testcase name="BatchScorerDiagnostics - buildBatchScorerDiagnostic enriches single offender from stderr" classname="./test/score/BatchScorerDiagnostics.ts" time="0.001" line="90" col="6">
        </testcase>
        <testcase name="BatchScorerDiagnostics - buildBatchScorerDiagnostic enriches multiple offenders from typed error keys" classname="./test/score/BatchScorerDiagnostics.ts" time="0.000" line="120" col="6">
        </testcase>
        <testcase name="BatchScorerDiagnostics - buildBatchScorerDiagnostic caps detail at 10 with +N more suffix" classname="./test/score/BatchScorerDiagnostics.ts" time="0.002" line="145" col="6">
        </testcase>
        <testcase name="BatchScorerDiagnostics - buildBatchScorerDiagnostic marks unknown stems when not in population" classname="./test/score/BatchScorerDiagnostics.ts" time="0.000" line="186" col="6">
        </testcase>
        <testcase name="BatchScorerDiagnostics - buildBatchScorerDiagnostic always includes composition even with no offenders" classname="./test/score/BatchScorerDiagnostics.ts" time="0.000" line="204" col="6">
        </testcase>
    </testsuite>
    <testsuite name="./test/score/BatchScorerReconciler.ts" tests="20" disabled="0" errors="0" failures="0">
        <testcase name="BatchScorerReconciler - happy path parses and returns a map" classname="./test/score/BatchScorerReconciler.ts" time="0.001" line="30" col="6">
        </testcase>
        <testcase name="BatchScorerReconciler - accepts pre-parsed object payload" classname="./test/score/BatchScorerReconciler.ts" time="0.000" line="40" col="6">
        </testcase>
        <testcase name="BatchScorerReconciler - fails fast on invalid JSON string" classname="./test/score/BatchScorerReconciler.ts" time="0.000" line="51" col="6">
        </testcase>
        <testcase name="BatchScorerReconciler - rejects non-object payloads" classname="./test/score/BatchScorerReconciler.ts" time="0.000" line="62" col="6">
        </testcase>
        <testcase name="BatchScorerReconciler - rejects null payload" classname="./test/score/BatchScorerReconciler.ts" time="0.000" line="69" col="6">
        </testcase>
        <testcase name="BatchScorerReconciler - fails fast when a key is missing" classname="./test/score/BatchScorerReconciler.ts" time="0.000" line="76" col="6">
        </testcase>
        <testcase name="BatchScorerReconciler - fails fast when an extra key is present" classname="./test/score/BatchScorerReconciler.ts" time="0.000" line="93" col="6">
        </testcase>
        <testcase name="BatchScorerReconciler - reports both missing and extra keys together" classname="./test/score/BatchScorerReconciler.ts" time="0.000" line="111" col="6">
        </testcase>
        <testcase name="BatchScorerReconciler - rejects result that is not an object" classname="./test/score/BatchScorerReconciler.ts" time="0.000" line="133" col="6">
        </testcase>
        <testcase name="BatchScorerReconciler - rejects missing numeric field" classname="./test/score/BatchScorerReconciler.ts" time="0.000" line="146" col="6">
        </testcase>
        <testcase name="BatchScorerReconciler - rejects NaN for a numeric field" classname="./test/score/BatchScorerReconciler.ts" time="0.000" line="163" col="6">
        </testcase>
        <testcase name="BatchScorerReconciler - rejects infinite error field" classname="./test/score/BatchScorerReconciler.ts" time="0.000" line="177" col="6">
        </testcase>
        <testcase name="BatchScorerReconciler - rejects negative recordCount" classname="./test/score/BatchScorerReconciler.ts" time="0.000" line="195" col="6">
        </testcase>
        <testcase name="BatchScorerReconciler - rejects non-integer recordCount" classname="./test/score/BatchScorerReconciler.ts" time="0.000" line="208" col="6">
        </testcase>
        <testcase name="BatchScorerReconciler - empty expected set with empty payload is accepted" classname="./test/score/BatchScorerReconciler.ts" time="0.000" line="221" col="6">
        </testcase>
        <testcase name="BatchScorerReconciler - duplicate expected stems are deduplicated" classname="./test/score/BatchScorerReconciler.ts" time="0.000" line="226" col="6">
        </testcase>
        <testcase name="BatchScorerReconciler - reports all malformed creatures in one pass" classname="./test/score/BatchScorerReconciler.ts" time="0.000" line="236" col="6">
        </testcase>
        <testcase name="BatchScorerReconciler - preserves extra optional numeric fields" classname="./test/score/BatchScorerReconciler.ts" time="0.000" line="249" col="6">
        </testcase>
        <testcase name="BatchScorerReconciler - rejects array-typed result" classname="./test/score/BatchScorerReconciler.ts" time="0.000" line="266" col="6">
        </testcase>
        <testcase name="BatchScorerError exposes reason for programmatic handling" classname="./test/score/BatchScorerReconciler.ts" time="0.000" line="279" col="6">
        </testcase>
    </testsuite>
    <testsuite name="./test/score/IncrementalScoreUpdate.ts" tests="10" disabled="0" errors="0" failures="0">
        <testcase name="IncrementalScoreUpdate: weight change should produce same score as full recalculation" classname="./test/score/IncrementalScoreUpdate.ts" time="0.003" line="27" col="6">
        </testcase>
        <testcase name="IncrementalScoreUpdate: bias change should produce same score as full recalculation" classname="./test/score/IncrementalScoreUpdate.ts" time="0.001" line="62" col="6">
        </testcase>
        <testcase name="IncrementalScoreUpdate: cache should be updated after incremental weight update" classname="./test/score/IncrementalScoreUpdate.ts" time="0.000" line="97" col="6">
        </testcase>
        <testcase name="IncrementalScoreUpdate: cache should be updated after incremental bias update" classname="./test/score/IncrementalScoreUpdate.ts" time="0.000" line="136" col="6">
        </testcase>
        <testcase name="IncrementalScoreUpdate: structure components should remain unchanged after weight update" classname="./test/score/IncrementalScoreUpdate.ts" time="0.000" line="175" col="6">
        </testcase>
        <testcase name="IncrementalScoreUpdate: structure components should remain unchanged after bias update" classname="./test/score/IncrementalScoreUpdate.ts" time="0.000" line="208" col="6">
        </testcase>
        <testcase name="IncrementalScoreUpdate: multiple weight changes should accumulate correctly" classname="./test/score/IncrementalScoreUpdate.ts" time="0.000" line="241" col="6">
        </testcase>
        <testcase name="IncrementalScoreUpdate: should handle negative weight changes" classname="./test/score/IncrementalScoreUpdate.ts" time="0.000" line="279" col="6">
        </testcase>
        <testcase name="IncrementalScoreUpdate: should handle zero weight changes" classname="./test/score/IncrementalScoreUpdate.ts" time="0.000" line="313" col="6">
        </testcase>
        <testcase name="IncrementalScoreUpdate: should work when cache is empty" classname="./test/score/IncrementalScoreUpdate.ts" time="0.000" line="351" col="6">
        </testcase>
    </testsuite>
    <testsuite name="./test/score/MaxWeightBiasRecalculation.ts" tests="8" disabled="0" errors="0" failures="0">
        <testcase name="MaxRecalc: reducing max weight matches full recalculation" classname="./test/score/MaxWeightBiasRecalculation.ts" time="0.003" line="53" col="6">
        </testcase>
        <testcase name="MaxRecalc: reducing max bias matches full recalculation" classname="./test/score/MaxWeightBiasRecalculation.ts" time="0.000" line="89" col="6">
        </testcase>
        <testcase name="MaxRecalc: repeated max reductions match full recalculation" classname="./test/score/MaxWeightBiasRecalculation.ts" time="0.000" line="126" col="6">
        </testcase>
        <testcase name="MaxRecalc: max cached correctly after new weight exceeds current max" classname="./test/score/MaxWeightBiasRecalculation.ts" time="0.000" line="173" col="6">
        </testcase>
        <testcase name="MaxRecalc: max correctly tracks bias as the global max" classname="./test/score/MaxWeightBiasRecalculation.ts" time="0.000" line="219" col="6">
        </testcase>
        <testcase name="MaxRecalc: negative weights tracked by absolute value" classname="./test/score/MaxWeightBiasRecalculation.ts" time="0.000" line="249" col="6">
        </testcase>
        <testcase name="MaxRecalc: interleaved weight and bias mutations match full recalc" classname="./test/score/MaxWeightBiasRecalculation.ts" time="0.000" line="289" col="6">
        </testcase>
        <testcase name="MaxRecalc: large creature max reduction matches full recalculation" classname="./test/score/MaxWeightBiasRecalculation.ts" time="0.002" line="333" col="6">
        </testcase>
    </testsuite>
    <testsuite name="./test/score/NeuronComplexityPenaltyCache.ts" tests="9" disabled="0" errors="0" failures="0">
        <testcase name="NeuronComplexityPenaltyCache: getComplexityPenalty returns cached value" classname="./test/score/NeuronComplexityPenaltyCache.ts" time="0.002" line="33" col="6">
        </testcase>
        <testcase name="NeuronComplexityPenaltyCache: IF squash has complexity penalty of 3" classname="./test/score/NeuronComplexityPenaltyCache.ts" time="0.000" line="54" col="6">
        </testcase>
        <testcase name="NeuronComplexityPenaltyCache: cache is cleared when setSquash is called" classname="./test/score/NeuronComplexityPenaltyCache.ts" time="0.000" line="63" col="6">
        </testcase>
        <testcase name="NeuronComplexityPenaltyCache: cache is cleared on mutate MOD_SQUASH" classname="./test/score/NeuronComplexityPenaltyCache.ts" time="0.000" line="92" col="6">
        </testcase>
        <testcase name="NeuronComplexityPenaltyCache: input neurons return 0 penalty" classname="./test/score/NeuronComplexityPenaltyCache.ts" time="0.000" line="124" col="6">
        </testcase>
        <testcase name="NeuronComplexityPenaltyCache: constant neurons return 0 penalty" classname="./test/score/NeuronComplexityPenaltyCache.ts" time="0.001" line="133" col="6">
        </testcase>
        <testcase name="NeuronComplexityPenaltyCache: output neurons have correct penalty" classname="./test/score/NeuronComplexityPenaltyCache.ts" time="0.000" line="164" col="6">
        </testcase>
        <testcase name="NeuronComplexityPenaltyCache: creature score cache invalidated on setSquash" classname="./test/score/NeuronComplexityPenaltyCache.ts" time="0.001" line="179" col="6">
        </testcase>
        <testcase name="NeuronComplexityPenaltyCache: multiple neurons accumulate penalties correctly" classname="./test/score/NeuronComplexityPenaltyCache.ts" time="0.000" line="204" col="6">
        </testcase>
    </testsuite>
    <testsuite name="./test/score/OneHundredPercent.ts" tests="1" disabled="0" errors="0" failures="0">
        <testcase name="Creature with constant output achieves perfect score on matching dataset" classname="./test/score/OneHundredPercent.ts" time="0.034" line="12" col="6">
        </testcase>
    </testsuite>
    <testsuite name="./test/score/Penalty.ts" tests="4" disabled="0" errors="0" failures="0">
        <testcase name="Score: Calculation with given parameters" classname="./test/score/Penalty.ts" time="0.282" line="24" col="6">
        </testcase>
        <testcase name="Score: Weight change should affect score" classname="./test/score/Penalty.ts" time="0.052" line="40" col="6">
        </testcase>
        <testcase name="valuePenalty: Edge Cases" classname="./test/score/Penalty.ts" time="0.000" line="65" col="6">
        </testcase>
        <testcase name="valuePenalty: Various Values" classname="./test/score/Penalty.ts" time="0.000" line="71" col="6">
        </testcase>
    </testsuite>
    <testsuite name="./test/score/RustScorerBridgeHardening.ts" tests="5" disabled="0" errors="0" failures="0">
        <testcase name="RustScorerBridge: inherits parent env when no overrides configured" classname="./test/score/RustScorerBridgeHardening.ts" time="0.015" line="50" col="6">
        </testcase>
        <testcase name="RustScorerBridge: merges overrides with parent env when overrides exist" classname="./test/score/RustScorerBridgeHardening.ts" time="0.002" line="102" col="6">
        </testcase>
        <testcase name="RustScorerBridge: resolves creature and data paths to absolute paths" classname="./test/score/RustScorerBridgeHardening.ts" time="0.005" line="159" col="6">
        </testcase>
        <testcase name="RustScorerBridge: logs trimmed stderr on non-zero exit" classname="./test/score/RustScorerBridgeHardening.ts" time="0.009" line="219" col="6">
        </testcase>
        <testcase name="RustScorerBridge: handles non-JSON stdout gracefully and includes stderr in warning" classname="./test/score/RustScorerBridgeHardening.ts" time="0.004" line="277" col="6">
        </testcase>
    </testsuite>
    <testsuite name="./test/score/RustScorerIntegration.ts" tests="4" disabled="0" errors="0" failures="0">
        <testcase name="Rust scorer integration: disabled path does not invoke scorer" classname="./test/score/RustScorerIntegration.ts" time="0.008" line="25" col="6">
        </testcase>
        <testcase name="Rust scorer integration: unavailable scorer probes once then falls back" classname="./test/score/RustScorerIntegration.ts" time="0.005" line="65" col="6">
        </testcase>
        <testcase name="Rust scorer integration: uses scorer error when available" classname="./test/score/RustScorerIntegration.ts" time="0.002" line="112" col="6">
        </testcase>
        <testcase name="Rust scorer integration: writes temp creature JSON in configured tmp dir" classname="./test/score/RustScorerIntegration.ts" time="0.001" line="159" col="6">
        </testcase>
    </testsuite>
    <testsuite name="./test/score/ScoreCache.ts" tests="11" disabled="0" errors="0" failures="0">
        <testcase name="ScoreCache: cached components should be initialized after first score calculation" classname="./test/score/ScoreCache.ts" time="0.002" line="22" col="6">
        </testcase>
        <testcase name="ScoreCache: cache should be reused on subsequent score calculations" classname="./test/score/ScoreCache.ts" time="0.000" line="55" col="6">
        </testcase>
        <testcase name="ScoreCache: cache should be invalidated when neuron is added" classname="./test/score/ScoreCache.ts" time="0.000" line="77" col="6">
        </testcase>
        <testcase name="ScoreCache: cache should be invalidated when synapse is added" classname="./test/score/ScoreCache.ts" time="0.000" line="126" col="6">
        </testcase>
        <testcase name="ScoreCache: cache should be invalidated when synapse is removed" classname="./test/score/ScoreCache.ts" time="0.000" line="151" col="6">
        </testcase>
        <testcase name="ScoreCache: cache should be invalidated when squash function changes" classname="./test/score/ScoreCache.ts" time="0.000" line="173" col="6">
        </testcase>
        <testcase name="ScoreCache: cached hidden neuron count should be correct" classname="./test/score/ScoreCache.ts" time="0.000" line="217" col="6">
        </testcase>
        <testcase name="ScoreCache: clearCache should also clear score cache" classname="./test/score/ScoreCache.ts" time="0.000" line="235" col="6">
        </testcase>
        <testcase name="ScoreCache: dispose should clear score cache" classname="./test/score/ScoreCache.ts" time="0.000" line="259" col="6">
        </testcase>
        <testcase name="ScoreCache: fix() should invalidate score cache" classname="./test/score/ScoreCache.ts" time="0.003" line="276" col="6">
        </testcase>
        <testcase name="ScoreCache: loadFrom should clear score cache" classname="./test/score/ScoreCache.ts" time="0.001" line="293" col="6">
        </testcase>
    </testsuite>
    <testsuite name="./test/score/WasmInitialisationBeforeScoring.ts" tests="4" disabled="0" errors="0" failures="0">
        <testcase name="Issue #1247: ensureWasmActivation initialises WASM when not available" classname="./test/score/WasmInitialisationBeforeScoring.ts" time="0.000" line="18" col="6">
        </testcase>
        <testcase name="Issue #1247: ensureWasmActivation is idempotent" classname="./test/score/WasmInitialisationBeforeScoring.ts" time="0.000" line="32" col="6">
        </testcase>
        <testcase name="Issue #1247: scoreDir auto-initialises WASM and returns valid score" classname="./test/score/WasmInitialisationBeforeScoring.ts" time="0.015" line="46" col="6">
        </testcase>
        <testcase name="Issue #1247: evaluateDir auto-initialises WASM and returns valid error" classname="./test/score/WasmInitialisationBeforeScoring.ts" time="0.008" line="88" col="6">
        </testcase>
    </testsuite>
    <testsuite name="./test/score/ScoreCacheWeightBias.ts" tests="12" disabled="0" errors="0" failures="0">
        <testcase name="ScoreCacheWeightBias: cached weight/bias stats should be initialised after first score calculation" classname="./test/score/ScoreCacheWeightBias.ts" time="0.003" line="34" col="6">
        </testcase>
        <testcase name="ScoreCacheWeightBias: cached weight/bias stats should be reused on subsequent calculations" classname="./test/score/ScoreCacheWeightBias.ts" time="0.000" line="67" col="6">
        </testcase>
        <testcase name="ScoreCacheWeightBias: cache should be invalidated when synapse weight changes" classname="./test/score/ScoreCacheWeightBias.ts" time="0.000" line="103" col="6">
        </testcase>
        <testcase name="ScoreCacheWeightBias: cache should be invalidated when neuron bias changes" classname="./test/score/ScoreCacheWeightBias.ts" time="0.000" line="137" col="6">
        </testcase>
        <testcase name="ScoreCacheWeightBias: cache should be invalidated when synapse is added" classname="./test/score/ScoreCacheWeightBias.ts" time="0.000" line="171" col="6">
        </testcase>
        <testcase name="ScoreCacheWeightBias: cache should be invalidated when synapse is removed" classname="./test/score/ScoreCacheWeightBias.ts" time="0.000" line="198" col="6">
        </testcase>
        <testcase name="ScoreCacheWeightBias: cached values should be correct" classname="./test/score/ScoreCacheWeightBias.ts" time="0.000" line="228" col="6">
        </testcase>
        <testcase name="ScoreCacheWeightBias: multiple score calculations with different errors should reuse cache" classname="./test/score/ScoreCacheWeightBias.ts" time="0.000" line="270" col="6">
        </testcase>
        <testcase name="ScoreCacheWeightBias: cache should persist across many calculations with varying errors" classname="./test/score/ScoreCacheWeightBias.ts" time="0.002" line="295" col="6">
        </testcase>
        <testcase name="ScoreCacheWeightBias: clearCache should clear weight/bias stats" classname="./test/score/ScoreCacheWeightBias.ts" time="0.000" line="321" col="6">
        </testcase>
        <testcase name="ScoreCacheWeightBias: dispose should clear weight/bias stats" classname="./test/score/ScoreCacheWeightBias.ts" time="0.000" line="345" col="6">
        </testcase>
        <testcase name="ScoreCacheWeightBias: shallowClone should copy cached weight/bias stats" classname="./test/score/ScoreCacheWeightBias.ts" time="0.000" line="362" col="6">
        </testcase>
    </testsuite>
    <testsuite name="./test/score/WasmJsScoreParity.ts" tests="2" disabled="0" errors="0" failures="0">
        <testcase name="WASM score parity: Module initialisation" classname="./test/score/WasmJsScoreParity.ts" time="0.000" line="30" col="6">
        </testcase>
        <testcase name="WASM scoring: synthetic dataset is finite and roughly matches JS" classname="./test/score/WasmJsScoreParity.ts" time="0.045" line="39" col="6">
        </testcase>
    </testsuite>
    <testsuite name="./test/score/WasmScoreScan.ts" tests="8" disabled="0" errors="0" failures="0">
        <testcase name="WasmScoreScan - compute_score_components available" classname="./test/score/WasmScoreScan.ts" time="0.001" line="21" col="6">
        </testcase>
        <testcase name="WasmScoreScan - compute_score_components empty arrays" classname="./test/score/WasmScoreScan.ts" time="0.000" line="40" col="6">
        </testcase>
        <testcase name="WasmScoreScan - scan_max_weight basic" classname="./test/score/WasmScoreScan.ts" time="0.000" line="54" col="6">
        </testcase>
        <testcase name="WasmScoreScan - scan_max_bias basic" classname="./test/score/WasmScoreScan.ts" time="0.000" line="70" col="6">
        </testcase>
        <testcase name="WasmScoreScan - score calculation with WASM produces finite results" classname="./test/score/WasmScoreScan.ts" time="0.002" line="86" col="6">
        </testcase>
        <testcase name="WasmScoreScan - score consistent across cache invalidations" classname="./test/score/WasmScoreScan.ts" time="0.001" line="101" col="6">
        </testcase>
        <testcase name="WasmScoreScan - larger creature score is finite" classname="./test/score/WasmScoreScan.ts" time="0.007" line="130" col="6">
        </testcase>
        <testcase name="WasmScoreScan - compute_score_components with many elements" classname="./test/score/WasmScoreScan.ts" time="0.000" line="145" col="6">
        </testcase>
    </testsuite>
    <testsuite name="./test/scripts/BashScriptSyntax.ts" tests="1" disabled="0" errors="0" failures="0">
        <testcase name="all shell scripts pass bash -n syntax check" classname="./test/scripts/BashScriptSyntax.ts" time="0.514" line="42" col="6">
        </testcase>
    </testsuite>
    <testsuite name="./test/score/WeightBiasOverflowWarning.ts" tests="1" disabled="0" errors="0" failures="0">
        <testcase name="Score: overflow guard warns with creature UUID" classname="./test/score/WeightBiasOverflowWarning.ts" time="0.004" line="36" col="6">
        </testcase>
    </testsuite>
    <testsuite name="./test/scripts/BuildFingerprint.ts" tests="6" disabled="0" errors="0" failures="0">
        <testcase name="build.sh writes fingerprint to non-hidden file (build-fingerprint)" classname="./test/scripts/BuildFingerprint.ts" time="0.002" line="10" col="6">
        </testcase>
        <testcase name="build.sh does not write hidden pkg/.build-fingerprint" classname="./test/scripts/BuildFingerprint.ts" time="0.000" line="24" col="6">
        </testcase>
        <testcase name="pkg/.gitignore allows build-fingerprint (non-hidden) to be committed" classname="./test/scripts/BuildFingerprint.ts" time="0.000" line="37" col="6">
        </testcase>
        <testcase name="pkg/.gitignore does not un-ignore hidden .build-fingerprint" classname="./test/scripts/BuildFingerprint.ts" time="0.000" line="52" col="6">
        </testcase>
        <testcase name="build-fingerprint file exists in pkg/ (non-hidden)" classname="./test/scripts/BuildFingerprint.ts" time="0.000" line="67" col="6">
        </testcase>
        <testcase name="build fingerprint contains a valid SHA-256 hash" classname="./test/scripts/BuildFingerprint.ts" time="0.000" line="81" col="6">
        </testcase>
    </testsuite>
    <testsuite name="./test/scripts/BuildScript.ts" tests="9" disabled="0" errors="0" failures="0">
        <testcase name="build.sh --help prints usage and lists new flags" classname="./test/scripts/BuildScript.ts" time="0.010" line="37" col="6">
        </testcase>
        <testcase name="build.sh -h prints usage and exits 0" classname="./test/scripts/BuildScript.ts" time="0.006" line="62" col="6">
        </testcase>
        <testcase name="build.sh rejects unknown flags" classname="./test/scripts/BuildScript.ts" time="0.004" line="75" col="6">
        </testcase>
        <testcase name="build.sh --rev rejects non-hex / wrong-length values" classname="./test/scripts/BuildScript.ts" time="0.005" line="88" col="6">
        </testcase>
        <testcase name="build.sh --rev requires a value" classname="./test/scripts/BuildScript.ts" time="0.003" line="104" col="6">
        </testcase>
        <testcase name="build.sh --verify-only is a no-op when vendored bundle matches pin" classname="./test/scripts/BuildScript.ts" time="0.071" line="116" col="6">
        </testcase>
        <testcase name="build.sh --verify-only does not resolve HEAD over the network" classname="./test/scripts/BuildScript.ts" time="0.071" line="152" col="6">
        </testcase>
        <testcase name="build.sh exposes a --rev option for explicit historical pins" classname="./test/scripts/BuildScript.ts" time="0.000" line="190" col="6">
        </testcase>
        <testcase name="CORE_DEPENDENCY_POLICY documents the new artifact-based flow" classname="./test/scripts/BuildScript.ts" time="0.000" line="210" col="6">
        </testcase>
    </testsuite>
    <testsuite name="./test/scripts/BuildScriptRetry.ts" tests="4" disabled="0" errors="0" failures="0">
        <testcase name="build.sh retries 404 release-not-found and succeeds when release appears" classname="./test/scripts/BuildScriptRetry.ts" time="0.243" line="198" col="6">
        </testcase>
        <testcase name="build.sh fails fast on non-404 probe error (auth) without retrying" classname="./test/scripts/BuildScriptRetry.ts" time="0.108" line="258" col="6">
        </testcase>
        <testcase name="build.sh exhausts retries with a clear &apos;release never appeared&apos; message" classname="./test/scripts/BuildScriptRetry.ts" time="0.122" line="313" col="6">
        </testcase>
        <testcase name="build.sh validates NEAT_CORE_BUNDLE_RETRIES / DELAY env values fail fast" classname="./test/scripts/BuildScriptRetry.ts" time="0.163" line="368" col="6">
        </testcase>
    </testsuite>
    <testsuite name="./test/scripts/BumpDepsScript.ts" tests="11" disabled="0" errors="0" failures="0">
        <testcase name="bump-deps.sh --help prints usage with internal/external/quarantine sections" classname="./test/scripts/BumpDepsScript.ts" time="0.006" line="37" col="6">
        </testcase>
        <testcase name="bump-deps.sh -h prints usage and exits 0" classname="./test/scripts/BumpDepsScript.ts" time="0.005" line="60" col="6">
        </testcase>
        <testcase name="bump-deps.sh rejects unknown flags" classname="./test/scripts/BumpDepsScript.ts" time="0.004" line="69" col="6">
        </testcase>
        <testcase name="bump-deps.sh rejects non-numeric --quarantine-hours" classname="./test/scripts/BumpDepsScript.ts" time="0.004" line="82" col="6">
        </testcase>
        <testcase name="bump-deps.sh requires a value for --quarantine-hours" classname="./test/scripts/BumpDepsScript.ts" time="0.004" line="94" col="6">
        </testcase>
        <testcase name="bump-deps.sh --dry-run --no-internal --no-external is a true no-op (no deno.json mutation)" classname="./test/scripts/BumpDepsScript.ts" time="0.063" line="102" col="6">
        </testcase>
        <testcase name="bump-deps.sh accepts VIBE_BUMP_QUARANTINE_HOURS env override" classname="./test/scripts/BumpDepsScript.ts" time="0.062" line="128" col="6">
        </testcase>
        <testcase name="bump-deps.sh --help documents the WASM smoke audit gate (Issue #2465)" classname="./test/scripts/BumpDepsScript.ts" time="0.006" line="148" col="6">
        </testcase>
        <testcase name="bump-deps.sh accepts --skip-smoke under --dry-run (Issue #2465)" classname="./test/scripts/BumpDepsScript.ts" time="0.059" line="168" col="6">
        </testcase>
        <testcase name="bump-deps.sh --dry-run announces the smoke audit gate (Issue #2465)" classname="./test/scripts/BumpDepsScript.ts" time="0.060" line="184" col="6">
        </testcase>
        <testcase name="bump-deps.sh exists and is executable" classname="./test/scripts/BumpDepsScript.ts" time="0.000" line="200" col="6">
        </testcase>
    </testsuite>
    <testsuite name="./test/scripts/ContributorCoreDocs.ts" tests="6" disabled="0" errors="0" failures="0">
        <testcase name="CONTRIBUTING.md covers NEAT-AI-core version bumping" classname="./test/scripts/ContributorCoreDocs.ts" time="0.001" line="14" col="6">
        </testcase>
        <testcase name="CONTRIBUTING.md covers local development overrides" classname="./test/scripts/ContributorCoreDocs.ts" time="0.000" line="34" col="6">
        </testcase>
        <testcase name="CONTRIBUTING.md cross-links core dependency policy" classname="./test/scripts/ContributorCoreDocs.ts" time="0.000" line="50" col="6">
        </testcase>
        <testcase name="CONTRIBUTING.md cross-links NEAT-AI-core repository" classname="./test/scripts/ContributorCoreDocs.ts" time="0.000" line="59" col="6">
        </testcase>
        <testcase name="README.md references core dependency documentation" classname="./test/scripts/ContributorCoreDocs.ts" time="0.000" line="68" col="6">
        </testcase>
        <testcase name="CONTRIBUTING.md mentions parity gate" classname="./test/scripts/ContributorCoreDocs.ts" time="0.000" line="78" col="6">
        </testcase>
    </testsuite>
    <testsuite name="./test/scripts/CoreDependencyPolicy.ts" tests="4" disabled="0" errors="0" failures="0">
        <testcase name="deno.json pins neatCore repo and ref" classname="./test/scripts/CoreDependencyPolicy.ts" time="0.002" line="13" col="6">
        </testcase>
        <testcase name="core dependency policy document exists" classname="./test/scripts/CoreDependencyPolicy.ts" time="0.000" line="34" col="6">
        </testcase>
        <testcase name="policy document covers required sections" classname="./test/scripts/CoreDependencyPolicy.ts" time="0.000" line="39" col="6">
        </testcase>
        <testcase name="AGENTS.md references the core dependency policy" classname="./test/scripts/CoreDependencyPolicy.ts" time="0.000" line="59" col="6">
        </testcase>
    </testsuite>
    <testsuite name="./test/scripts/DenoOutdatedWorkflow.ts" tests="6" disabled="0" errors="0" failures="0">
        <testcase name="deno-outdated workflow file exists" classname="./test/scripts/DenoOutdatedWorkflow.ts" time="0.000" line="20" col="6">
        </testcase>
        <testcase name="deno-outdated workflow runs on schedule and supports manual dispatch" classname="./test/scripts/DenoOutdatedWorkflow.ts" time="0.000" line="25" col="6">
        </testcase>
        <testcase name="deno-outdated workflow has write permissions for contents and pull-requests" classname="./test/scripts/DenoOutdatedWorkflow.ts" time="0.000" line="37" col="6">
        </testcase>
        <testcase name="deno-outdated workflow checks out repo and sets up Deno" classname="./test/scripts/DenoOutdatedWorkflow.ts" time="0.000" line="49" col="6">
        </testcase>
        <testcase name="deno-outdated workflow runs `deno outdated --update --latest`" classname="./test/scripts/DenoOutdatedWorkflow.ts" time="0.000" line="61" col="6">
        </testcase>
        <testcase name="deno-outdated workflow opens a pull request via peter-evans/create-pull-request" classname="./test/scripts/DenoOutdatedWorkflow.ts" time="0.000" line="69" col="6">
        </testcase>
    </testsuite>
    <testsuite name="./test/scripts/FormatConsistency.ts" tests="2" disabled="0" errors="0" failures="0">
        <testcase name="deno fmt --check passes with no path arguments (CI-consistent)" classname="./test/scripts/FormatConsistency.ts" time="2.119" line="16" col="6">
        </testcase>
        <testcase name="wasm_activation/pkg files are not touched by deno fmt" classname="./test/scripts/FormatConsistency.ts" time="0.076" line="41" col="6">
        </testcase>
    </testsuite>
    <testsuite name="./test/scripts/MarkdownLintWorkflow.ts" tests="8" disabled="0" errors="0" failures="0">
        <testcase name="markdown-lint workflow file exists" classname="./test/scripts/MarkdownLintWorkflow.ts" time="0.018" line="39" col="6">
        </testcase>
        <testcase name="markdown-lint workflow triggers on pull_request and push" classname="./test/scripts/MarkdownLintWorkflow.ts" time="0.073" line="44" col="6">
        </testcase>
        <testcase name="markdown-lint workflow grants only contents: read" classname="./test/scripts/MarkdownLintWorkflow.ts" time="0.016" line="51" col="6">
        </testcase>
        <testcase name="markdown-lint workflow checks out repo and sets up Node" classname="./test/scripts/MarkdownLintWorkflow.ts" time="0.007" line="60" col="6">
        </testcase>
        <testcase name="markdown-lint workflow pins third-party actions to commit SHAs" classname="./test/scripts/MarkdownLintWorkflow.ts" time="0.010" line="74" col="6">
        </testcase>
        <testcase name="markdown-lint workflow installs and runs markdownlint-cli2" classname="./test/scripts/MarkdownLintWorkflow.ts" time="0.004" line="88" col="6">
        </testcase>
        <testcase name="markdown-lint workflow gates the optional Mermaid step on detect-deno" classname="./test/scripts/MarkdownLintWorkflow.ts" time="0.001" line="103" col="6">
        </testcase>
        <testcase name=".markdownlint-cli2.jsonc config is present so the workflow has globs" classname="./test/scripts/MarkdownLintWorkflow.ts" time="0.003" line="118" col="6">
        </testcase>
    </testsuite>
    <testsuite name="./test/scripts/ParityAuditsConsolidation.ts" tests="5" disabled="0" errors="0" failures="0">
        <testcase name="docs/PARITY_AUDITS.md exists and covers each archived audit" classname="./test/scripts/ParityAuditsConsolidation.ts" time="0.000" line="22" col="6">
        </testcase>
        <testcase name="each audit stub redirects to the consolidated doc" classname="./test/scripts/ParityAuditsConsolidation.ts" time="0.000" line="41" col="6">
        </testcase>
        <testcase name="docs/EXTERNAL_NEAT_AI_CORE.md is the cluster overview" classname="./test/scripts/ParityAuditsConsolidation.ts" time="0.000" line="59" col="6">
        </testcase>
        <testcase name="docs/CI_EXTERNAL_NEAT_AI_CORE.md matches the real workflows" classname="./test/scripts/ParityAuditsConsolidation.ts" time="0.000" line="70" col="6">
        </testcase>
        <testcase name="docs/README.md links the consolidated audit doc" classname="./test/scripts/ParityAuditsConsolidation.ts" time="0.000" line="81" col="6">
        </testcase>
    </testsuite>
    <testsuite name="./test/scripts/ParityGate.ts" tests="8" disabled="0" errors="0" failures="0">
        <testcase name="parity-gate.sh exists and is executable" classname="./test/scripts/ParityGate.ts" time="0.000" line="34" col="6">
        </testcase>
        <testcase name="parity-gate.sh --help prints usage and exits 0" classname="./test/scripts/ParityGate.ts" time="0.007" line="41" col="6">
        </testcase>
        <testcase name="parity-gate.sh --dry-run lists the three gate steps" classname="./test/scripts/ParityGate.ts" time="0.006" line="50" col="6">
        </testcase>
        <testcase name="parity-gate.sh --dry-run --skip-sync hides the sync step" classname="./test/scripts/ParityGate.ts" time="0.007" line="61" col="6">
        </testcase>
        <testcase name="parity-gate.sh --dry-run --skip-deno drops Deno-hosted steps" classname="./test/scripts/ParityGate.ts" time="0.004" line="77" col="6">
        </testcase>
        <testcase name="parity-gate.sh rejects unknown options with exit 1" classname="./test/scripts/ParityGate.ts" time="0.007" line="98" col="6">
        </testcase>
        <testcase name="docs/PARITY_GATE.md exists and covers the required sections" classname="./test/scripts/ParityGate.ts" time="0.000" line="104" col="6">
        </testcase>
        <testcase name="AGENTS.md references the parity gate document" classname="./test/scripts/ParityGate.ts" time="0.000" line="129" col="6">
        </testcase>
    </testsuite>
    <testsuite name="./test/scripts/PublishWorkflow.ts" tests="2" disabled="0" errors="0" failures="0">
        <testcase name="publish.yml runs build.sh in verify-only mode" classname="./test/scripts/PublishWorkflow.ts" time="0.000" line="19" col="6">
        </testcase>
        <testcase name="publish.yml does not auto-advance neatCore.rev" classname="./test/scripts/PublishWorkflow.ts" time="0.000" line="28" col="6">
        </testcase>
    </testsuite>
    <testsuite name="./test/scripts/QualityScript.ts" tests="11" disabled="0" errors="0" failures="0">
        <testcase name="quality.sh --help prints usage and exits 0" classname="./test/scripts/QualityScript.ts" time="0.005" line="28" col="6">
        </testcase>
        <testcase name="quality.sh -h prints usage and exits 0" classname="./test/scripts/QualityScript.ts" time="0.003" line="63" col="6">
        </testcase>
        <testcase name="quality.sh --dry-run shows steps without executing them" classname="./test/scripts/QualityScript.ts" time="0.003" line="78" col="6">
        </testcase>
        <testcase name="quality.sh --dry-run --skip-tests omits test step" classname="./test/scripts/QualityScript.ts" time="0.002" line="97" col="6">
        </testcase>
        <testcase name="quality.sh --dry-run --skip-discovery omits discovery steps" classname="./test/scripts/QualityScript.ts" time="0.003" line="116" col="6">
        </testcase>
        <testcase name="quality.sh --dry-run --lint-only only shows fmt and lint steps" classname="./test/scripts/QualityScript.ts" time="0.002" line="131" col="6">
        </testcase>
        <testcase name="quality.sh --dry-run --check-only only shows type-check step" classname="./test/scripts/QualityScript.ts" time="0.002" line="158" col="6">
        </testcase>
        <testcase name="quality.sh rejects unknown flags" classname="./test/scripts/QualityScript.ts" time="0.002" line="181" col="6">
        </testcase>
        <testcase name="quality.sh --dry-run --skip-tests --skip-discovery combines skips" classname="./test/scripts/QualityScript.ts" time="0.003" line="196" col="6">
        </testcase>
        <testcase name="quality.sh --help output documents exit codes" classname="./test/scripts/QualityScript.ts" time="0.003" line="227" col="6">
        </testcase>
        <testcase name="quality.sh --dry-run shows progress numbering" classname="./test/scripts/QualityScript.ts" time="0.002" line="241" col="6">
        </testcase>
    </testsuite>
    <testsuite name="./test/scripts/ScorerAlignmentPolicy.ts" tests="4" disabled="0" errors="0" failures="0">
        <testcase name="core dependency policy documents scorer alignment requirement" classname="./test/scripts/ScorerAlignmentPolicy.ts" time="0.000" line="15" col="6">
        </testcase>
        <testcase name="external core doc covers scorer workspace alignment" classname="./test/scripts/ScorerAlignmentPolicy.ts" time="0.000" line="33" col="6">
        </testcase>
        <testcase name="policy documents the same-rev requirement for scorer" classname="./test/scripts/ScorerAlignmentPolicy.ts" time="0.000" line="51" col="6">
        </testcase>
        <testcase name="external core doc explains how to verify scorer alignment" classname="./test/scripts/ScorerAlignmentPolicy.ts" time="0.000" line="65" col="6">
        </testcase>
    </testsuite>
    <testsuite name="./test/scripts/ShellCheckLint.ts" tests="2" disabled="0" errors="0" failures="0">
        <testcase name="all shell scripts pass shellcheck --severity=warning" classname="./test/scripts/ShellCheckLint.ts" time="1.680" line="57" col="6">
        </testcase>
        <testcase name="shellcheck workflow file exists and is well-formed" classname="./test/scripts/ShellCheckLint.ts" time="0.000" line="80" col="6">
        </testcase>
    </testsuite>
    <testsuite name="./test/tag/TagCreature.ts" tests="1" disabled="0" errors="0" failures="0">
        <testcase name="keep" classname="./test/tag/TagCreature.ts" time="0.006" line="7" col="6">
        </testcase>
    </testsuite>
    <testsuite name="./test/tag/TagNeuron.ts" tests="1" disabled="0" errors="0" failures="0">
        <testcase name="TagNode" classname="./test/tag/TagNeuron.ts" time="0.004" line="8" col="6">
        </testcase>
    </testsuite>
    <testsuite name="./test/tag/TagSynapse.ts" tests="1" disabled="0" errors="0" failures="0">
        <testcase name="TagSynapse" classname="./test/tag/TagSynapse.ts" time="0.013" line="43" col="6">
        </testcase>
    </testsuite>
    <testsuite name="./test/transfer/Checkpoint.ts" tests="18" disabled="0" errors="0" failures="0">
        <testcase name="exportCheckpoint - produces valid checkpoint with metadata" classname="./test/transfer/Checkpoint.ts" time="0.006" line="21" col="6">
        </testcase>
        <testcase name="importCheckpoint - same task shape creates identical topology" classname="./test/transfer/Checkpoint.ts" time="0.002" line="48" col="6">
        </testcase>
        <testcase name="importCheckpoint - different input count remaps correctly" classname="./test/transfer/Checkpoint.ts" time="0.001" line="80" col="6">
        </testcase>
        <testcase name="importCheckpoint - different output count remaps correctly" classname="./test/transfer/Checkpoint.ts" time="0.000" line="103" col="6">
        </testcase>
        <testcase name="importCheckpoint - UUID mapping between tasks" classname="./test/transfer/Checkpoint.ts" time="0.000" line="120" col="6">
        </testcase>
        <testcase name="importCheckpoint - freezeHidden freezes hidden neurons and synapses" classname="./test/transfer/Checkpoint.ts" time="0.000" line="141" col="6">
        </testcase>
        <testcase name="checkpoint export includes frozen neuron/synapse keys" classname="./test/transfer/Checkpoint.ts" time="0.000" line="179" col="6">
        </testcase>
        <testcase name="round-trip - frozen flags survive export/import" classname="./test/transfer/Checkpoint.ts" time="0.000" line="203" col="6">
        </testcase>
        <testcase name="shallowClone preserves frozen flags" classname="./test/transfer/Checkpoint.ts" time="0.000" line="238" col="6">
        </testcase>
        <testcase name="freezeHiddenLayers - freezes all hidden neurons and inter-hidden synapses" classname="./test/transfer/Checkpoint.ts" time="0.000" line="271" col="6">
        </testcase>
        <testcase name="unfreezeAll - removes all freeze flags" classname="./test/transfer/Checkpoint.ts" time="0.000" line="292" col="6">
        </testcase>
        <testcase name="frozen weights are preserved during backpropagation" classname="./test/transfer/Checkpoint.ts" time="0.005" line="315" col="6">
        </testcase>
        <testcase name="frozen biases are preserved during backpropagation" classname="./test/transfer/Checkpoint.ts" time="0.002" line="348" col="6">
        </testcase>
        <testcase name="transfer learning - train on task A, fine-tune on task B" classname="./test/transfer/Checkpoint.ts" time="0.004" line="383" col="6">
        </testcase>
        <testcase name="non-frozen weights change during backpropagation" classname="./test/transfer/Checkpoint.ts" time="0.002" line="450" col="6">
        </testcase>
        <testcase name="importCheckpoint - explicit UUID mapping works" classname="./test/transfer/Checkpoint.ts" time="0.000" line="497" col="6">
        </testcase>
        <testcase name="checkpoint metadata - timestamps are valid ISO strings" classname="./test/transfer/Checkpoint.ts" time="0.000" line="520" col="6">
        </testcase>
        <testcase name="importCheckpoint - no options returns identical creature" classname="./test/transfer/Checkpoint.ts" time="0.000" line="529" col="6">
        </testcase>
    </testsuite>
    <testsuite name="./test/transfer/CompactModuleGraft.ts" tests="12" disabled="0" errors="0" failures="0">
        <testcase name="detectDenseModules - returns at least one module from a dense donor" classname="./test/transfer/CompactModuleGraft.ts" time="0.005" line="138" col="6">
        </testcase>
        <testcase name="detectDenseModules - picks denser candidates than SubgraphTransplant on the same donor" classname="./test/transfer/CompactModuleGraft.ts" time="0.001" line="152" col="6">
        </testcase>
        <testcase name="detectDenseModules - respects custom densityFactor threshold" classname="./test/transfer/CompactModuleGraft.ts" time="0.000" line="188" col="6">
        </testcase>
        <testcase name="scoreModulesByActivation - assigns finite activationScore per module" classname="./test/transfer/CompactModuleGraft.ts" time="0.003" line="202" col="6">
        </testcase>
        <testcase name="compactModuleGraft - returns a creature that passes creatureValidate" classname="./test/transfer/CompactModuleGraft.ts" time="0.004" line="216" col="6">
        </testcase>
        <testcase name="compactModuleGraft - preserves donor neuron UUIDs in the recipient" classname="./test/transfer/CompactModuleGraft.ts" time="0.001" line="226" col="6">
        </testcase>
        <testcase name="compactModuleGraft - preserves recipient neuron UUIDs" classname="./test/transfer/CompactModuleGraft.ts" time="0.001" line="250" col="6">
        </testcase>
        <testcase name="compactModuleGraft - rejects donor with no dense module" classname="./test/transfer/CompactModuleGraft.ts" time="0.000" line="270" col="6">
        </testcase>
        <testcase name="compactModuleGraft - rejects grafts that fail creatureValidate" classname="./test/transfer/CompactModuleGraft.ts" time="0.000" line="291" col="6">
        </testcase>
        <testcase name="CompactModuleGraftStrategy - conforms to DnaSharingStrategy and mutates recipient" classname="./test/transfer/CompactModuleGraft.ts" time="0.001" line="305" col="6">
        </testcase>
        <testcase name="CompactModuleGraftStrategy - is a no-op when graft is rejected" classname="./test/transfer/CompactModuleGraft.ts" time="0.000" line="327" col="6">
        </testcase>
        <testcase name="compactModuleGraft - higher activationScore module is preferred" classname="./test/transfer/CompactModuleGraft.ts" time="0.001" line="354" col="6">
        </testcase>
    </testsuite>
    <testsuite name="./test/transfer/DnaSharingStrategy.ts" tests="6" disabled="0" errors="0" failures="0">
        <testcase name="runBakeOff - fake strategy is invoked with harness options and recorded" classname="./test/transfer/DnaSharingStrategy.ts" time="0.010" line="34" col="6">
        </testcase>
        <testcase name="runBakeOff - NoOpStrategy produces zero lift" classname="./test/transfer/DnaSharingStrategy.ts" time="0.001" line="98" col="6">
        </testcase>
        <testcase name="runBakeOff - rows preserve strategy order" classname="./test/transfer/DnaSharingStrategy.ts" time="0.001" line="123" col="6">
        </testcase>
        <testcase name="runBakeOff - custom evolveStep is invoked and result is recorded" classname="./test/transfer/DnaSharingStrategy.ts" time="0.000" line="147" col="6">
        </testcase>
        <testcase name="countSharedHiddenUuids - counts donor hidden UUIDs present in recipient" classname="./test/transfer/DnaSharingStrategy.ts" time="0.000" line="178" col="6">
        </testcase>
        <testcase name="formatBakeOffMarkdown - emits header, separator, and one row per result" classname="./test/transfer/DnaSharingStrategy.ts" time="0.000" line="197" col="6">
        </testcase>
    </testsuite>
    <testsuite name="./test/transfer/KnobTuningStrategy.ts" tests="10" disabled="0" errors="0" failures="0">
        <testcase name="DnaSharingPreset - default preset matches existing per-knob defaults" classname="./test/transfer/KnobTuningStrategy.ts" time="0.001" line="33" col="6">
        </testcase>
        <testcase name="DnaSharingPreset - aggressive preset widens gating and increases diversity" classname="./test/transfer/KnobTuningStrategy.ts" time="0.000" line="44" col="6">
        </testcase>
        <testcase name="getDnaSharingPreset - returns the requested preset" classname="./test/transfer/KnobTuningStrategy.ts" time="0.000" line="88" col="6">
        </testcase>
        <testcase name="createNeatConfig - default mode preserves existing knob defaults" classname="./test/transfer/KnobTuningStrategy.ts" time="0.004" line="98" col="6">
        </testcase>
        <testcase name="createNeatConfig - aggressive mode applies the aggressive preset" classname="./test/transfer/KnobTuningStrategy.ts" time="0.000" line="109" col="6">
        </testcase>
        <testcase name="createNeatConfig - explicit user values win over the preset" classname="./test/transfer/KnobTuningStrategy.ts" time="0.000" line="144" col="6">
        </testcase>
        <testcase name="KnobTuningStrategy - aggressive prepare stamps tag on recipient" classname="./test/transfer/KnobTuningStrategy.ts" time="0.005" line="160" col="6">
        </testcase>
        <testcase name="KnobTuningStrategy - prepare is idempotent (single tag, latest value wins)" classname="./test/transfer/KnobTuningStrategy.ts" time="0.000" line="178" col="6">
        </testcase>
        <testcase name="KnobTuningStrategy - donor is not mutated by prepare" classname="./test/transfer/KnobTuningStrategy.ts" time="0.000" line="194" col="6">
        </testcase>
        <testcase name="readDnaSharingModeTag - returns undefined when no tag is set" classname="./test/transfer/KnobTuningStrategy.ts" time="0.000" line="209" col="6">
        </testcase>
    </testsuite>
    <testsuite name="./test/transfer/KnowledgeDistillation.ts" tests="12" disabled="0" errors="0" failures="0">
        <testcase name="captureTeacherActivations - records one output row per probe sample" classname="./test/transfer/KnowledgeDistillation.ts" time="0.009" line="122" col="6">
        </testcase>
        <testcase name="captureTeacherActivations - is deterministic for fixed teacher and probe" classname="./test/transfer/KnowledgeDistillation.ts" time="0.001" line="140" col="6">
        </testcase>
        <testcase name="knowledgeDistillation - returns a distilled creature that passes creatureValidate" classname="./test/transfer/KnowledgeDistillation.ts" time="0.054" line="157" col="6">
        </testcase>
        <testcase name="knowledgeDistillation - adds a bounded student pathway" classname="./test/transfer/KnowledgeDistillation.ts" time="0.009" line="175" col="6">
        </testcase>
        <testcase name="knowledgeDistillation - clamps studentNeurons to the safety cap of 64" classname="./test/transfer/KnowledgeDistillation.ts" time="0.021" line="198" col="6">
        </testcase>
        <testcase name="knowledgeDistillation - preserves pre-existing neuron UUIDs verbatim" classname="./test/transfer/KnowledgeDistillation.ts" time="0.007" line="216" col="6">
        </testcase>
        <testcase name="knowledgeDistillation - leaves pre-existing biases unchanged" classname="./test/transfer/KnowledgeDistillation.ts" time="0.033" line="247" col="6">
        </testcase>
        <testcase name="knowledgeDistillation - reduces teacher-student MSE on the probe" classname="./test/transfer/KnowledgeDistillation.ts" time="0.353" line="275" col="6">
        </testcase>
        <testcase name="knowledgeDistillation - returns undefined when input/output dims do not match" classname="./test/transfer/KnowledgeDistillation.ts" time="0.000" line="309" col="6">
        </testcase>
        <testcase name="KnowledgeDistillationStrategy - conforms to DnaSharingStrategy and adds a student pathway" classname="./test/transfer/KnowledgeDistillation.ts" time="0.012" line="338" col="6">
        </testcase>
        <testcase name="KnowledgeDistillationStrategy - is a no-op when distillation is rejected" classname="./test/transfer/KnowledgeDistillation.ts" time="0.000" line="363" col="6">
        </testcase>
        <testcase name="knowledgeDistillation - student pathway changes recipient outputs vs baseline" classname="./test/transfer/KnowledgeDistillation.ts" time="0.200" line="396" col="6">
        </testcase>
    </testsuite>
    <testsuite name="./test/transfer/PopulationSeeding.ts" tests="6" disabled="0" errors="0" failures="0">
        <testcase name="createSeededPopulation - seeds included in population" classname="./test/transfer/PopulationSeeding.ts" time="0.011" line="15" col="6">
        </testcase>
        <testcase name="createSeededPopulation - random creatures fill remaining slots" classname="./test/transfer/PopulationSeeding.ts" time="0.002" line="39" col="6">
        </testcase>
        <testcase name="createSeededPopulation - more seeds than population size caps at population size" classname="./test/transfer/PopulationSeeding.ts" time="0.001" line="66" col="6">
        </testcase>
        <testcase name="createSeededPopulation - empty seeds returns all random" classname="./test/transfer/PopulationSeeding.ts" time="0.004" line="89" col="6">
        </testcase>
        <testcase name="createSeededPopulation - with layer configuration" classname="./test/transfer/PopulationSeeding.ts" time="0.001" line="109" col="6">
        </testcase>
        <testcase name="seeded population creatures can be activated" classname="./test/transfer/PopulationSeeding.ts" time="0.003" line="144" col="6">
        </testcase>
    </testsuite>
    <testsuite name="./test/transfer/PruningTemplate.ts" tests="18" disabled="0" errors="0" failures="0">
        <testcase name="buildActivationFingerprints - one fingerprint per hidden neuron, one entry per probe row" classname="./test/transfer/PruningTemplate.ts" time="0.011" line="142" col="6">
        </testcase>
        <testcase name="buildActivationFingerprints - returns empty when probe is empty" classname="./test/transfer/PruningTemplate.ts" time="0.000" line="161" col="6">
        </testcase>
        <testcase name="fingerprintCorrelation - returns ~1 for identical signals" classname="./test/transfer/PruningTemplate.ts" time="0.000" line="168" col="6">
        </testcase>
        <testcase name="fingerprintCorrelation - returns ~1 for sign-flipped signals (treated as redundant)" classname="./test/transfer/PruningTemplate.ts" time="0.000" line="175" col="6">
        </testcase>
        <testcase name="fingerprintCorrelation - returns 0 when one vector is constant" classname="./test/transfer/PruningTemplate.ts" time="0.000" line="182" col="6">
        </testcase>
        <testcase name="fingerprintCorrelation - returns 0 for mismatched lengths" classname="./test/transfer/PruningTemplate.ts" time="0.000" line="188" col="6">
        </testcase>
        <testcase name="findRedundantHiddenNeurons - flags overlapping production neuron" classname="./test/transfer/PruningTemplate.ts" time="0.001" line="194" col="6">
        </testcase>
        <testcase name="findRedundantHiddenNeurons - returns empty when threshold is unreachable" classname="./test/transfer/PruningTemplate.ts" time="0.001" line="218" col="6">
        </testcase>
        <testcase name="pruningTemplate - removes a redundant neuron and the result validates" classname="./test/transfer/PruningTemplate.ts" time="0.009" line="230" col="6">
        </testcase>
        <testcase name="pruningTemplate - preserves UUIDs of surviving neurons" classname="./test/transfer/PruningTemplate.ts" time="0.002" line="251" col="6">
        </testcase>
        <testcase name="pruningTemplate - never commits a removal that regresses the score with tolerance=0" classname="./test/transfer/PruningTemplate.ts" time="0.002" line="285" col="6">
        </testcase>
        <testcase name="pruningTemplate - reports rolled-back candidates separately from committed ones" classname="./test/transfer/PruningTemplate.ts" time="0.002" line="309" col="6">
        </testcase>
        <testcase name="pruningTemplate - returns undefined when no candidates clear the threshold" classname="./test/transfer/PruningTemplate.ts" time="0.001" line="346" col="6">
        </testcase>
        <testcase name="pruningTemplate - returns undefined for an empty probe" classname="./test/transfer/PruningTemplate.ts" time="0.000" line="369" col="6">
        </testcase>
        <testcase name="PruningTemplateStrategy - conforms to DnaSharingStrategy and prunes recipient on success" classname="./test/transfer/PruningTemplate.ts" time="0.005" line="381" col="6">
        </testcase>
        <testcase name="PruningTemplateStrategy - is a no-op when no candidates clear the threshold" classname="./test/transfer/PruningTemplate.ts" time="0.001" line="403" col="6">
        </testcase>
        <testcase name="pruningTemplate - removedUuids are absent from the pruned creature" classname="./test/transfer/PruningTemplate.ts" time="0.004" line="432" col="6">
        </testcase>
        <testcase name="pruningTemplate - score does not regress beyond tolerance after committing" classname="./test/transfer/PruningTemplate.ts" time="0.002" line="455" col="6">
        </testcase>
    </testsuite>
    <testsuite name="./test/transfer/RecommendedDnaSharingStrategy.ts" tests="2" disabled="0" errors="0" failures="0">
        <testcase name="recommendedDnaSharingStrategy - pinned to bake-off winner" classname="./test/transfer/RecommendedDnaSharingStrategy.ts" time="0.000" line="20" col="6">
        </testcase>
        <testcase name="recommendedDnaSharingStrategy - default dnaSharingMode unchanged" classname="./test/transfer/RecommendedDnaSharingStrategy.ts" time="0.004" line="25" col="6">
        </testcase>
    </testsuite>
    <testsuite name="./test/upgrade/BreedWithSelfConnectionParent.ts" tests="3" disabled="0" errors="0" failures="0">
        <testcase name="Offspring.breed succeeds when parent has self-connection (issue #2302)" classname="./test/upgrade/BreedWithSelfConnectionParent.ts" time="0.030" line="18" col="6">
        </testcase>
        <testcase name="Offspring.breed succeeds when both parents have self-connections" classname="./test/upgrade/BreedWithSelfConnectionParent.ts" time="0.020" line="61" col="6">
        </testcase>
        <testcase name="prepareCreatureForBreeding repairs self-connection on large creature" classname="./test/upgrade/BreedWithSelfConnectionParent.ts" time="0.018" line="106" col="6">
        </testcase>
    </testsuite>
    <testsuite name="./test/upgrade/HYPOT.ts" tests="1" disabled="0" errors="0" failures="0">
        <testcase name="HYPOT upgrade removes deprecated squash and produces valid creature" classname="./test/upgrade/HYPOT.ts" time="0.219" line="6" col="6">
        </testcase>
    </testsuite>
    <testsuite name="./test/upgrade/HYPOTv2.ts" tests="2" disabled="0" errors="0" failures="0">
        <testcase name="HYPOTv2-small upgrade preserves activation within tolerance" classname="./test/upgrade/HYPOTv2.ts" time="0.010" line="7" col="6">
        </testcase>
        <testcase name="HYPOTv2 upgrade removes deprecated squash and produces valid creature" classname="./test/upgrade/HYPOTv2.ts" time="0.242" line="49" col="6">
        </testcase>
    </testsuite>
    <testsuite name="./test/upgrade/LoadFrom.ts" tests="1" disabled="0" errors="0" failures="0">
        <testcase name="LoadFrom" classname="./test/upgrade/LoadFrom.ts" time="0.033" line="4" col="6">
        </testcase>
    </testsuite>
    <testsuite name="./test/upgrade/PopulateFixForwardOnly.ts" tests="3" disabled="0" errors="0" failures="0">
        <testcase name="fix() with forwardOnly removes self-connections for forward-only creatures" classname="./test/upgrade/PopulateFixForwardOnly.ts" time="0.009" line="13" col="6">
        </testcase>
        <testcase name="fix() without forwardOnly does NOT remove self-connections (pre-fix behaviour)" classname="./test/upgrade/PopulateFixForwardOnly.ts" time="0.000" line="42" col="6">
        </testcase>
        <testcase name="populatePopulation pattern: clone + fix with forwardOnly removes self-connections" classname="./test/upgrade/PopulateFixForwardOnly.ts" time="0.002" line="73" col="6">
        </testcase>
    </testsuite>
    <testsuite name="./test/upgrade/UpgradeFourXRepair.ts" tests="3" disabled="0" errors="0" failures="0">
        <testcase name="upgrade(): prunes stale memetic weight toIds before validating 4.x creature" classname="./test/upgrade/UpgradeFourXRepair.ts" time="0.007" line="7" col="6">
        </testcase>
        <testcase name="upgrade(): throws on corrupted 4.x creature with back connection" classname="./test/upgrade/UpgradeFourXRepair.ts" time="0.004" line="40" col="6">
        </testcase>
        <testcase name="upgrade(): repairs self-connection in 4.x forward-only creature" classname="./test/upgrade/UpgradeFourXRepair.ts" time="0.002" line="66" col="6">
        </testcase>
    </testsuite>
    <testsuite name="./test/upgrade/UpgradeOneTwo.ts" tests="7" disabled="0" errors="0" failures="0">
        <testcase name="upgradeOne - adds semanticVersion 1.0.0 to creature without version" classname="./test/upgrade/UpgradeOneTwo.ts" time="0.001" line="10" col="6">
        </testcase>
        <testcase name="upgradeOne - preserves existing creature data" classname="./test/upgrade/UpgradeOneTwo.ts" time="0.000" line="26" col="6">
        </testcase>
        <testcase name="upgradeOne - throws when already at version 1.x" classname="./test/upgrade/UpgradeOneTwo.ts" time="0.000" line="46" col="6">
        </testcase>
        <testcase name="upgradeTwo - upgrades 1.x creature to 2.0.0" classname="./test/upgrade/UpgradeOneTwo.ts" time="0.004" line="67" col="6">
        </testcase>
        <testcase name="upgradeTwo - throws when already at version 2.x" classname="./test/upgrade/UpgradeOneTwo.ts" time="0.000" line="87" col="6">
        </testcase>
        <testcase name="upgradeTwo - upgraded creature is valid" classname="./test/upgrade/UpgradeOneTwo.ts" time="0.000" line="108" col="6">
        </testcase>
        <testcase name="upgradeTwo - full upgrade path from 0.x through 1.x to 2.x" classname="./test/upgrade/UpgradeOneTwo.ts" time="0.000" line="129" col="6">
        </testcase>
    </testsuite>
    <testsuite name="./test/upgrade/UpgradeRepairsForwardOnlyCorruption.ts" tests="1" disabled="0" errors="0" failures="0">
        <testcase name="upgrade(): throws on corrupted 4.x forward-only creature with back connection" classname="./test/upgrade/UpgradeRepairsForwardOnlyCorruption.ts" time="0.009" line="11" col="6">
        </testcase>
    </testsuite>
    <testsuite name="./test/upgrade/UpgradeRepairsIfConditionsForwardOnly.ts" tests="1" disabled="0" errors="0" failures="0">
        <testcase name="prepareCreatureForBreeding recovers 4.x forward-only IF_CONDITIONS (strip-class damage)" classname="./test/upgrade/UpgradeRepairsIfConditionsForwardOnly.ts" time="0.011" line="7" col="6">
        </testcase>
    </testsuite>
    <testsuite name="./test/upgrade/UpgradeRepairsNoInwardForwardOnly.ts" tests="1" disabled="0" errors="0" failures="0">
        <testcase name="prepareCreatureForBreeding recovers 4.x forward-only NO_INWARD via fix()" classname="./test/upgrade/UpgradeRepairsNoInwardForwardOnly.ts" time="0.011" line="7" col="6">
        </testcase>
    </testsuite>
    <testsuite name="./test/upgrade/UpgradeRepairsNoOutwardForwardOnly.ts" tests="1" disabled="0" errors="0" failures="0">
        <testcase name="prepareCreatureForBreeding recovers 4.x forward-only NO_OUTWARD (orphan constant) via fix()" classname="./test/upgrade/UpgradeRepairsNoOutwardForwardOnly.ts" time="0.013" line="7" col="6">
        </testcase>
    </testsuite>
    <testsuite name="./test/upgrade/UpgradeRepairsSelfConnectionForwardOnly.ts" tests="3" disabled="0" errors="0" failures="0">
        <testcase name="validateFourX repairs self-connection synapses in forward-only creatures" classname="./test/upgrade/UpgradeRepairsSelfConnectionForwardOnly.ts" time="0.011" line="18" col="6">
        </testcase>
        <testcase name="upgrade() repairs self-connection in pre-4.x creature loaded as forward-only" classname="./test/upgrade/UpgradeRepairsSelfConnectionForwardOnly.ts" time="0.001" line="45" col="6">
        </testcase>
        <testcase name="prepareCreatureForBreeding repairs multiple self-connections" classname="./test/upgrade/UpgradeRepairsSelfConnectionForwardOnly.ts" time="0.001" line="73" col="6">
        </testcase>
    </testsuite>
    <testsuite name="./test/upgrade/UpgradeVersionRouting.ts" tests="6" disabled="0" errors="0" failures="0">
        <testcase name="getMajorVersion - extracts major version from string" classname="./test/upgrade/UpgradeVersionRouting.ts" time="0.001" line="8" col="6">
        </testcase>
        <testcase name="getMajorVersion - returns 0 for undefined or invalid" classname="./test/upgrade/UpgradeVersionRouting.ts" time="0.000" line="16" col="6">
        </testcase>
        <testcase name="upgrade - 2.x with forwardOnly true upgrades to 4.x" classname="./test/upgrade/UpgradeVersionRouting.ts" time="0.004" line="22" col="6">
        </testcase>
        <testcase name="upgrade - 2.x without forwardOnly stays at 2.x" classname="./test/upgrade/UpgradeVersionRouting.ts" time="0.000" line="41" col="6">
        </testcase>
        <testcase name="upgrade - 4.x creature stays at 4.x" classname="./test/upgrade/UpgradeVersionRouting.ts" time="0.000" line="59" col="6">
        </testcase>
        <testcase name="upgrade - 0.x creature upgrades through full path to 2.x+" classname="./test/upgrade/UpgradeVersionRouting.ts" time="0.000" line="79" col="6">
        </testcase>
    </testsuite>
    <testsuite name="./test/utils/BloomFilter.ts" tests="14" disabled="0" errors="0" failures="0">
        <testcase name="BloomFilter - basic construction" classname="./test/utils/BloomFilter.ts" time="0.000" line="31" col="6">
        </testcase>
        <testcase name="BloomFilter - add and mayContain basic functionality" classname="./test/utils/BloomFilter.ts" time="0.000" line="41" col="6">
        </testcase>
        <testcase name="BloomFilter - no false negatives" classname="./test/utils/BloomFilter.ts" time="0.001" line="58" col="6">
        </testcase>
        <testcase name="BloomFilter - false positive rate within expected bounds" classname="./test/utils/BloomFilter.ts" time="0.048" line="78" col="6">
        </testcase>
        <testcase name="BloomFilter - clear resets state" classname="./test/utils/BloomFilter.ts" time="0.000" line="123" col="6">
        </testcase>
        <testcase name="BloomFilter - works with UUID-like strings" classname="./test/utils/BloomFilter.ts" time="0.000" line="145" col="6">
        </testcase>
        <testcase name="BloomFilter - optimal parameters calculation" classname="./test/utils/BloomFilter.ts" time="0.000" line="171" col="6">
        </testcase>
        <testcase name="BloomFilter - handles empty and special strings" classname="./test/utils/BloomFilter.ts" time="0.000" line="180" col="6">
        </testcase>
        <testcase name="BloomFilter - size getter returns configured size" classname="./test/utils/BloomFilter.ts" time="0.000" line="200" col="6">
        </testcase>
        <testcase name="BloomFilter - count getter tracks added items" classname="./test/utils/BloomFilter.ts" time="0.000" line="205" col="6">
        </testcase>
        <testcase name="BloomFilter - factory method creates optimally sized filter" classname="./test/utils/BloomFilter.ts" time="0.002" line="223" col="6">
        </testcase>
        <testcase name="BloomFilter - named constants have expected values" classname="./test/utils/BloomFilter.ts" time="0.000" line="240" col="6">
        </testcase>
        <testcase name="BloomFilter - default constructor uses named constants" classname="./test/utils/BloomFilter.ts" time="0.000" line="258" col="6">
        </testcase>
        <testcase name="BloomFilter - default constructor produces same results as explicit constants" classname="./test/utils/BloomFilter.ts" time="0.000" line="267" col="6">
        </testcase>
    </testsuite>
    <testsuite name="./test/upgrade/VersionThree.ts" tests="16" disabled="0" errors="0" failures="0">
        <testcase name="SEMANTIC_MAJOR_VERSION should be 4" classname="./test/upgrade/VersionThree.ts" time="0.000" line="20" col="6">
        </testcase>
        <testcase name="upgrade should not modify 2.x creatures with undefined forwardOnly" classname="./test/upgrade/VersionThree.ts" time="0.006" line="30" col="6">
        </testcase>
        <testcase name="upgrade should not modify 2.x.x creatures with patch versions and undefined forwardOnly" classname="./test/upgrade/VersionThree.ts" time="0.000" line="46" col="6">
        </testcase>
        <testcase name="upgrade should upgrade 2.x creatures with forwardOnly: true to 4.x" classname="./test/upgrade/VersionThree.ts" time="0.003" line="64" col="6">
        </testcase>
        <testcase name="upgrade should promote 2.x creatures with forwardOnly: false to 4.x" classname="./test/upgrade/VersionThree.ts" time="0.000" line="87" col="6">
        </testcase>
        <testcase name="upgrade should validate and not modify valid 3.x creatures" classname="./test/upgrade/VersionThree.ts" time="0.000" line="110" col="6">
        </testcase>
        <testcase name="upgrade should validate and not modify 3.x.x creatures with patch versions" classname="./test/upgrade/VersionThree.ts" time="0.000" line="125" col="6">
        </testcase>
        <testcase name="upgrade should log warning but not modify 3.x creature with self-connection" classname="./test/upgrade/VersionThree.ts" time="0.002" line="142" col="6">
        </testcase>
        <testcase name="upgrade should validate and not modify valid 4.x creatures" classname="./test/upgrade/VersionThree.ts" time="0.001" line="178" col="6">
        </testcase>
        <testcase name="upgrade should repair self-connection in 4.x forward-only creature" classname="./test/upgrade/VersionThree.ts" time="0.002" line="198" col="6">
        </testcase>
        <testcase name="upgrade should validate and not modify future 10.x creatures" classname="./test/upgrade/VersionThree.ts" time="0.000" line="216" col="6">
        </testcase>
        <testcase name="upgrade should upgrade 1.x creatures to 2.x when forwardOnly undefined" classname="./test/upgrade/VersionThree.ts" time="0.002" line="233" col="6">
        </testcase>
        <testcase name="upgrade should upgrade 1.x creatures with forwardOnly: true to 4.x" classname="./test/upgrade/VersionThree.ts" time="0.000" line="249" col="6">
        </testcase>
        <testcase name="upgrade should handle 0.x creatures by upgrading to 2.x when forwardOnly undefined" classname="./test/upgrade/VersionThree.ts" time="0.000" line="267" col="6">
        </testcase>
        <testcase name="upgrade should handle creatures without semanticVersion by upgrading to 2.x" classname="./test/upgrade/VersionThree.ts" time="0.000" line="283" col="6">
        </testcase>
        <testcase name="upgrade should handle creatures with invalid version format by upgrading to 2.x" classname="./test/upgrade/VersionThree.ts" time="0.000" line="301" col="6">
        </testcase>
    </testsuite>
    <testsuite name="./test/utils/CreatureStructuralHash.ts" tests="5" disabled="0" errors="0" failures="0">
        <testcase name="computeCreatureStructuralHash: stable for the same JSON" classname="./test/utils/CreatureStructuralHash.ts" time="0.001" line="25" col="6">
        </testcase>
        <testcase name="computeCreatureStructuralHash: hex digits only, length 8" classname="./test/utils/CreatureStructuralHash.ts" time="0.000" line="34" col="6">
        </testcase>
        <testcase name="computeCreatureStructuralHash: insensitive to synapse order" classname="./test/utils/CreatureStructuralHash.ts" time="0.000" line="39" col="6">
        </testcase>
        <testcase name="computeCreatureStructuralHash: differs when topology changes" classname="./test/utils/CreatureStructuralHash.ts" time="0.000" line="49" col="6">
        </testcase>
        <testcase name="computeCreatureStructuralHash: differs when input/output change" classname="./test/utils/CreatureStructuralHash.ts" time="0.000" line="60" col="6">
        </testcase>
    </testsuite>
    <testsuite name="./test/utils/BufferPool.ts" tests="15" disabled="0" errors="0" failures="0">
        <testcase name="BufferPool: starts empty with zero buffers" classname="./test/utils/BufferPool.ts" time="0.001" line="24" col="6">
        </testcase>
        <testcase name="BufferPool: acquire returns buffer of correct size" classname="./test/utils/BufferPool.ts" time="0.000" line="32" col="6">
        </testcase>
        <testcase name="BufferPool: release allows buffer reuse" classname="./test/utils/BufferPool.ts" time="0.000" line="41" col="6">
        </testcase>
        <testcase name="BufferPool: different sizes tracked separately" classname="./test/utils/BufferPool.ts" time="0.000" line="63" col="6">
        </testcase>
        <testcase name="BufferPool: acquired buffers are zeroed" classname="./test/utils/BufferPool.ts" time="0.000" line="96" col="6">
        </testcase>
        <testcase name="BufferPool: clear removes all buffers" classname="./test/utils/BufferPool.ts" time="0.000" line="120" col="6">
        </testcase>
        <testcase name="BufferPool: creates new buffer when no match available" classname="./test/utils/BufferPool.ts" time="0.000" line="145" col="6">
        </testcase>
        <testcase name="BufferPool: multiple buffers of same size" classname="./test/utils/BufferPool.ts" time="0.000" line="165" col="6">
        </testcase>
        <testcase name="BufferPool: acquireMany returns correct number of buffers" classname="./test/utils/BufferPool.ts" time="0.000" line="197" col="6">
        </testcase>
        <testcase name="BufferPool: releaseMany releases all buffers" classname="./test/utils/BufferPool.ts" time="0.000" line="211" col="6">
        </testcase>
        <testcase name="BufferPool: respects maximum capacity" classname="./test/utils/BufferPool.ts" time="0.000" line="224" col="6">
        </testcase>
        <testcase name="BufferPool: withBuffer provides scoped access" classname="./test/utils/BufferPool.ts" time="0.000" line="242" col="6">
        </testcase>
        <testcase name="BufferPool: acquireExact only matches exact size" classname="./test/utils/BufferPool.ts" time="0.000" line="265" col="6">
        </testcase>
        <testcase name="BufferPool: statistics tracking" classname="./test/utils/BufferPool.ts" time="0.000" line="280" col="6">
        </testcase>
        <testcase name="BufferPool: global instance accessible" classname="./test/utils/BufferPool.ts" time="0.000" line="311" col="6">
        </testcase>
    </testsuite>
    <testsuite name="./test/utils/ErrorSerialisation.ts" tests="13" disabled="0" errors="0" failures="0">
        <testcase name="toErrorMessage extracts message from Error instance" classname="./test/utils/ErrorSerialisation.ts" time="0.001" line="4" col="6">
        </testcase>
        <testcase name="toErrorMessage converts string to string" classname="./test/utils/ErrorSerialisation.ts" time="0.000" line="9" col="6">
        </testcase>
        <testcase name="toErrorMessage converts number to string" classname="./test/utils/ErrorSerialisation.ts" time="0.000" line="13" col="6">
        </testcase>
        <testcase name="toErrorMessage converts null to string" classname="./test/utils/ErrorSerialisation.ts" time="0.000" line="17" col="6">
        </testcase>
        <testcase name="toErrorMessage converts undefined to string" classname="./test/utils/ErrorSerialisation.ts" time="0.000" line="21" col="6">
        </testcase>
        <testcase name="toErrorMessage converts object to string" classname="./test/utils/ErrorSerialisation.ts" time="0.000" line="25" col="6">
        </testcase>
        <testcase name="toErrorMessage handles Error subclass" classname="./test/utils/ErrorSerialisation.ts" time="0.000" line="30" col="6">
        </testcase>
        <testcase name="toError returns Error instance unchanged" classname="./test/utils/ErrorSerialisation.ts" time="0.000" line="35" col="6">
        </testcase>
        <testcase name="toError wraps string in Error" classname="./test/utils/ErrorSerialisation.ts" time="0.000" line="42" col="6">
        </testcase>
        <testcase name="toError wraps number in Error" classname="./test/utils/ErrorSerialisation.ts" time="0.000" line="48" col="6">
        </testcase>
        <testcase name="toError wraps null in Error" classname="./test/utils/ErrorSerialisation.ts" time="0.000" line="54" col="6">
        </testcase>
        <testcase name="toError wraps undefined in Error" classname="./test/utils/ErrorSerialisation.ts" time="0.000" line="60" col="6">
        </testcase>
        <testcase name="toError preserves Error subclass" classname="./test/utils/ErrorSerialisation.ts" time="0.000" line="66" col="6">
        </testcase>
    </testsuite>
    <testsuite name="./test/utils/Diagnostics.ts" tests="7" disabled="0" errors="0" failures="0">
        <testcase name="writeDiagnostics: writes error file with Error object" classname="./test/utils/Diagnostics.ts" time="0.006" line="21" col="6">
        </testcase>
        <testcase name="writeDiagnostics: writes error file with non-Error object" classname="./test/utils/Diagnostics.ts" time="0.004" line="45" col="6">
        </testcase>
        <testcase name="writeDiagnostics: writes creature JSON from object" classname="./test/utils/Diagnostics.ts" time="0.005" line="61" col="6">
        </testcase>
        <testcase name="writeDiagnostics: writes creature JSON from string" classname="./test/utils/Diagnostics.ts" time="0.004" line="87" col="6">
        </testcase>
        <testcase name="writeDiagnostics: writes mother, father, offspring files" classname="./test/utils/Diagnostics.ts" time="0.009" line="106" col="6">
        </testcase>
        <testcase name="writeDiagnostics: writes context file" classname="./test/utils/Diagnostics.ts" time="0.006" line="133" col="6">
        </testcase>
        <testcase name="writeDiagnostics: works without prefix" classname="./test/utils/Diagnostics.ts" time="0.002" line="154" col="6">
        </testcase>
    </testsuite>
    <testsuite name="./test/utils/ForEachSideEffects.ts" tests="2" disabled="0" errors="0" failures="0">
        <testcase name="ForEachSideEffects - DeDuplicator applies side effects to all creatures" classname="./test/utils/ForEachSideEffects.ts" time="0.012" line="24" col="6">
        </testcase>
        <testcase name="ForEachSideEffects - all creatures processed in sequence" classname="./test/utils/ForEachSideEffects.ts" time="0.002" line="107" col="6">
        </testcase>
    </testsuite>
    <testsuite name="./test/utils/Logger.ts" tests="10" disabled="0" errors="0" failures="0">
        <testcase name="createConsoleLogger: default level filters debug" classname="./test/utils/Logger.ts" time="0.001" line="10" col="6">
        </testcase>
        <testcase name="createConsoleLogger: debug level emits all" classname="./test/utils/Logger.ts" time="0.000" line="47" col="6">
        </testcase>
        <testcase name="createConsoleLogger: error level filters info and warn" classname="./test/utils/Logger.ts" time="0.000" line="77" col="6">
        </testcase>
        <testcase name="createConsoleLogger: none level silences everything" classname="./test/utils/Logger.ts" time="0.000" line="107" col="6">
        </testcase>
        <testcase name="createConsoleLogger: warn level filters debug and info" classname="./test/utils/Logger.ts" time="0.000" line="137" col="6">
        </testcase>
        <testcase name="SILENT_LOGGER: emits nothing" classname="./test/utils/Logger.ts" time="0.000" line="167" col="6">
        </testcase>
        <testcase name="getLogger/setLogger: round-trip" classname="./test/utils/Logger.ts" time="0.000" line="175" col="6">
        </testcase>
        <testcase name="setLogger: custom logger receives messages" classname="./test/utils/Logger.ts" time="0.000" line="191" col="6">
        </testcase>
        <testcase name="createConsoleLogger: passes arguments through" classname="./test/utils/Logger.ts" time="0.000" line="225" col="6">
        </testcase>
        <testcase name="createConsoleLogger: each level maps to correct console method" classname="./test/utils/Logger.ts" time="0.000" line="242" col="6">
        </testcase>
    </testsuite>
    <testsuite name="./test/utils/NoStdLogDependency.ts" tests="8" disabled="0" errors="0" failures="0">
        <testcase name="BANNED_LOG_IMPORT_RE flags `from &quot;@std/log&quot;`" classname="./test/utils/NoStdLogDependency.ts" time="0.000" line="54" col="6">
        </testcase>
        <testcase name="BANNED_LOG_IMPORT_RE flags `from &quot;jsr:@std/log&quot;`" classname="./test/utils/NoStdLogDependency.ts" time="0.000" line="61" col="6">
        </testcase>
        <testcase name="BANNED_LOG_IMPORT_RE flags submodule imports" classname="./test/utils/NoStdLogDependency.ts" time="0.000" line="66" col="6">
        </testcase>
        <testcase name="BANNED_LOG_IMPORT_RE flags side-effect imports" classname="./test/utils/NoStdLogDependency.ts" time="0.000" line="71" col="6">
        </testcase>
        <testcase name="BANNED_LOG_IMPORT_RE does not false-positive on benign &apos;log&apos; usages" classname="./test/utils/NoStdLogDependency.ts" time="0.000" line="76" col="6">
        </testcase>
        <testcase name="findBannedLogImports reports line numbers for offending sources" classname="./test/utils/NoStdLogDependency.ts" time="0.000" line="96" col="6">
        </testcase>
        <testcase name="deno.json imports do not include @std/log" classname="./test/utils/NoStdLogDependency.ts" time="0.001" line="110" col="6">
        </testcase>
        <testcase name="no source file imports @std/log" classname="./test/utils/NoStdLogDependency.ts" time="0.237" line="167" col="6">
        </testcase>
    </testsuite>
    <testsuite name="./test/utils/NumericValidation.ts" tests="15" disabled="0" errors="0" failures="0">
        <testcase name="assertFiniteNonNegative accepts zero" classname="./test/utils/NumericValidation.ts" time="0.001" line="18" col="6">
        </testcase>
        <testcase name="assertFiniteNonNegative accepts positive number" classname="./test/utils/NumericValidation.ts" time="0.000" line="22" col="6">
        </testcase>
        <testcase name="assertFiniteNonNegative accepts small positive number" classname="./test/utils/NumericValidation.ts" time="0.000" line="26" col="6">
        </testcase>
        <testcase name="assertFiniteNonNegative rejects NaN" classname="./test/utils/NumericValidation.ts" time="0.001" line="30" col="6">
        </testcase>
        <testcase name="assertFiniteNonNegative rejects positive Infinity" classname="./test/utils/NumericValidation.ts" time="0.000" line="38" col="6">
        </testcase>
        <testcase name="assertFiniteNonNegative rejects negative Infinity" classname="./test/utils/NumericValidation.ts" time="0.000" line="46" col="6">
        </testcase>
        <testcase name="assertFiniteNonNegative rejects negative number" classname="./test/utils/NumericValidation.ts" time="0.001" line="54" col="6">
        </testcase>
        <testcase name="assertFiniteNonNegative includes value in negative message" classname="./test/utils/NumericValidation.ts" time="0.000" line="62" col="6">
        </testcase>
        <testcase name="assertFiniteNonNegative includes value in not-finite message" classname="./test/utils/NumericValidation.ts" time="0.000" line="70" col="6">
        </testcase>
        <testcase name="assertFiniteNumber accepts zero" classname="./test/utils/NumericValidation.ts" time="0.000" line="80" col="6">
        </testcase>
        <testcase name="assertFiniteNumber accepts positive number" classname="./test/utils/NumericValidation.ts" time="0.000" line="84" col="6">
        </testcase>
        <testcase name="assertFiniteNumber accepts negative number" classname="./test/utils/NumericValidation.ts" time="0.000" line="88" col="6">
        </testcase>
        <testcase name="assertFiniteNumber rejects NaN" classname="./test/utils/NumericValidation.ts" time="0.000" line="92" col="6">
        </testcase>
        <testcase name="assertFiniteNumber rejects positive Infinity" classname="./test/utils/NumericValidation.ts" time="0.000" line="100" col="6">
        </testcase>
        <testcase name="assertFiniteNumber rejects negative Infinity" classname="./test/utils/NumericValidation.ts" time="0.000" line="108" col="6">
        </testcase>
    </testsuite>
    <testsuite name="./test/utils/OverflowGuardStats.ts" tests="6" disabled="0" errors="0" failures="0">
        <testcase name="clampAndTrack: in-range value passes through, counter unchanged" classname="./test/utils/OverflowGuardStats.ts" time="0.001" line="21" col="6">
        </testcase>
        <testcase name="clampAndTrack: positive overflow is clamped and counted" classname="./test/utils/OverflowGuardStats.ts" time="0.000" line="31" col="6">
        </testcase>
        <testcase name="clampAndTrack: negative overflow is clamped with sign preserved" classname="./test/utils/OverflowGuardStats.ts" time="0.000" line="40" col="6">
        </testcase>
        <testcase name="clampAndTrack: counters are isolated per source" classname="./test/utils/OverflowGuardStats.ts" time="0.000" line="47" col="6">
        </testcase>
        <testcase name="clampAndTrack: resetOverflowGuardStats clears counters" classname="./test/utils/OverflowGuardStats.ts" time="0.000" line="59" col="6">
        </testcase>
        <testcase name="clampAndTrack: returned stats snapshot is defensive copy" classname="./test/utils/OverflowGuardStats.ts" time="0.000" line="67" col="6">
        </testcase>
    </testsuite>
    <testsuite name="./test/utils/RandomNumberGenerator.ts" tests="21" disabled="0" errors="0" failures="0">
        <testcase name="SeededRng: same seed produces same sequence" classname="./test/utils/RandomNumberGenerator.ts" time="0.004" line="16" col="6">
        </testcase>
        <testcase name="SeededRng: different seeds produce different sequences" classname="./test/utils/RandomNumberGenerator.ts" time="0.000" line="26" col="6">
        </testcase>
        <testcase name="SeededRng: random() returns values in [0, 1)" classname="./test/utils/RandomNumberGenerator.ts" time="0.028" line="36" col="6">
        </testcase>
        <testcase name="SeededRng: randomInt returns values in range" classname="./test/utils/RandomNumberGenerator.ts" time="0.002" line="45" col="6">
        </testcase>
        <testcase name="SeededRng: randomInt covers all values in range" classname="./test/utils/RandomNumberGenerator.ts" time="0.004" line="55" col="6">
        </testcase>
        <testcase name="SeededRng: choice returns elements from array" classname="./test/utils/RandomNumberGenerator.ts" time="0.000" line="64" col="6">
        </testcase>
        <testcase name="SeededRng: choice throws ValidationError on empty array" classname="./test/utils/RandomNumberGenerator.ts" time="0.001" line="73" col="6">
        </testcase>
        <testcase name="SeededRng: seeded property is true" classname="./test/utils/RandomNumberGenerator.ts" time="0.000" line="82" col="6">
        </testcase>
        <testcase name="UnseededRng: seeded property is false" classname="./test/utils/RandomNumberGenerator.ts" time="0.000" line="87" col="6">
        </testcase>
        <testcase name="UnseededRng: random() returns values in [0, 1)" classname="./test/utils/RandomNumberGenerator.ts" time="0.002" line="92" col="6">
        </testcase>
        <testcase name="UnseededRng: randomInt returns values in range" classname="./test/utils/RandomNumberGenerator.ts" time="0.005" line="101" col="6">
        </testcase>
        <testcase name="Global RNG: get/set round-trip" classname="./test/utils/RandomNumberGenerator.ts" time="0.000" line="110" col="6">
        </testcase>
        <testcase name="SeededRng: reproducible choice sequence" classname="./test/utils/RandomNumberGenerator.ts" time="0.000" line="121" col="6">
        </testcase>
        <testcase name="SeededRng: seed 0 treated as valid" classname="./test/utils/RandomNumberGenerator.ts" time="0.000" line="132" col="6">
        </testcase>
        <testcase name="SeededRng: large seed value" classname="./test/utils/RandomNumberGenerator.ts" time="0.000" line="139" col="6">
        </testcase>
        <testcase name="SeededRng: generates diverse values (not stuck)" classname="./test/utils/RandomNumberGenerator.ts" time="0.000" line="145" col="6">
        </testcase>
        <testcase name="SeededRng: uniform distribution (chi-squared)" classname="./test/utils/RandomNumberGenerator.ts" time="0.015" line="157" col="6">
        </testcase>
        <testcase name="SeededRng: randomInt min equals max" classname="./test/utils/RandomNumberGenerator.ts" time="0.000" line="182" col="6">
        </testcase>
        <testcase name="SeededRng: choice with single element" classname="./test/utils/RandomNumberGenerator.ts" time="0.000" line="189" col="6">
        </testcase>
        <testcase name="Global RNG: default is unseeded" classname="./test/utils/RandomNumberGenerator.ts" time="0.000" line="194" col="6">
        </testcase>
        <testcase name="SeededRng: interleaved operations are reproducible" classname="./test/utils/RandomNumberGenerator.ts" time="0.000" line="205" col="6">
        </testcase>
    </testsuite>
    <testsuite name="./test/utils/ReleasableRef.ts" tests="7" disabled="0" errors="0" failures="0">
        <testcase name="clearForGc - clears a set reference to null" classname="./test/utils/ReleasableRef.ts" time="0.000" line="12" col="6">
        </testcase>
        <testcase name="clearForGc - clears an already-null reference (no-op)" classname="./test/utils/ReleasableRef.ts" time="0.000" line="22" col="6">
        </testcase>
        <testcase name="clearForGc - clears a required (non-nullable) field" classname="./test/utils/ReleasableRef.ts" time="0.000" line="30" col="6">
        </testcase>
        <testcase name="clearForGc - leaves sibling fields untouched" classname="./test/utils/ReleasableRef.ts" time="0.000" line="53" col="6">
        </testcase>
        <testcase name="clearForGc - happy-path round-trip (set, clear, set)" classname="./test/utils/ReleasableRef.ts" time="0.000" line="68" col="6">
        </testcase>
        <testcase name="clearForGc - works on nested objects (clears one level)" classname="./test/utils/ReleasableRef.ts" time="0.000" line="83" col="6">
        </testcase>
        <testcase name="no @ts-ignore GC-cleanup directives remain in src/" classname="./test/utils/ReleasableRef.ts" time="0.032" line="95" col="6">
        </testcase>
    </testsuite>
    <testsuite name="./test/utils/SyncV5.ts" tests="1" disabled="0" errors="0" failures="0">
        <testcase name="SyncV5" classname="./test/utils/SyncV5.ts" time="0.002" line="5" col="6">
        </testcase>
    </testsuite>
    <testsuite name="./test/utils/TagUtils.ts" tests="11" disabled="0" errors="0" failures="0">
        <testcase name="dedupeTagsByNameValue returns undefined for undefined input" classname="./test/utils/TagUtils.ts" time="0.001" line="15" col="6">
        </testcase>
        <testcase name="dedupeTagsByNameValue returns undefined for empty array" classname="./test/utils/TagUtils.ts" time="0.000" line="19" col="6">
        </testcase>
        <testcase name="dedupeTagsByNameValue keeps unique tags" classname="./test/utils/TagUtils.ts" time="0.000" line="23" col="6">
        </testcase>
        <testcase name="dedupeTagsByNameValue removes duplicate tags" classname="./test/utils/TagUtils.ts" time="0.000" line="32" col="6">
        </testcase>
        <testcase name="dedupeTagsByNameValue preserves first occurrence order" classname="./test/utils/TagUtils.ts" time="0.000" line="42" col="6">
        </testcase>
        <testcase name="dedupeTagsByNameValue treats different values as distinct" classname="./test/utils/TagUtils.ts" time="0.000" line="53" col="6">
        </testcase>
        <testcase name="mergeTagsByNameValue returns undefined when both undefined" classname="./test/utils/TagUtils.ts" time="0.000" line="64" col="6">
        </testcase>
        <testcase name="mergeTagsByNameValue returns b when a is undefined" classname="./test/utils/TagUtils.ts" time="0.000" line="68" col="6">
        </testcase>
        <testcase name="mergeTagsByNameValue returns a when b is undefined" classname="./test/utils/TagUtils.ts" time="0.000" line="75" col="6">
        </testcase>
        <testcase name="mergeTagsByNameValue merges and deduplicates" classname="./test/utils/TagUtils.ts" time="0.000" line="82" col="6">
        </testcase>
        <testcase name="mergeTagsByNameValue handles empty arrays as undefined" classname="./test/utils/TagUtils.ts" time="0.000" line="92" col="6">
        </testcase>
    </testsuite>
    <testsuite name="./test/utils/WeightBiasClamp.ts" tests="14" disabled="0" errors="0" failures="0">
        <testcase name="clampWeightBias: zero is unchanged" classname="./test/utils/WeightBiasClamp.ts" time="0.000" line="18" col="6">
        </testcase>
        <testcase name="clampWeightBias: small positive value is unchanged" classname="./test/utils/WeightBiasClamp.ts" time="0.000" line="22" col="6">
        </testcase>
        <testcase name="clampWeightBias: small negative value is unchanged" classname="./test/utils/WeightBiasClamp.ts" time="0.000" line="26" col="6">
        </testcase>
        <testcase name="clampWeightBias: value equal to MAX_SAFE_WEIGHT_BIAS is unchanged" classname="./test/utils/WeightBiasClamp.ts" time="0.000" line="30" col="6">
        </testcase>
        <testcase name="clampWeightBias: positive value above MAX is clamped to MAX" classname="./test/utils/WeightBiasClamp.ts" time="0.000" line="37" col="6">
        </testcase>
        <testcase name="clampWeightBias: negative value below -MAX is clamped to -MAX" classname="./test/utils/WeightBiasClamp.ts" time="0.000" line="44" col="6">
        </testcase>
        <testcase name="clampWeightBias: value just above MAX is clamped" classname="./test/utils/WeightBiasClamp.ts" time="0.000" line="51" col="6">
        </testcase>
        <testcase name="clampWeightBias: NaN is passed through (upstream validators flag it)" classname="./test/utils/WeightBiasClamp.ts" time="0.000" line="58" col="6">
        </testcase>
        <testcase name="clampWeightBias: +Infinity is passed through" classname="./test/utils/WeightBiasClamp.ts" time="0.000" line="62" col="6">
        </testcase>
        <testcase name="clampWeightBias: -Infinity is passed through" classname="./test/utils/WeightBiasClamp.ts" time="0.000" line="66" col="6">
        </testcase>
        <testcase name="clampWeightBiasDetail: in-range value reports clamped=false" classname="./test/utils/WeightBiasClamp.ts" time="0.000" line="70" col="6">
        </testcase>
        <testcase name="clampWeightBiasDetail: overflow value reports clamped=true" classname="./test/utils/WeightBiasClamp.ts" time="0.000" line="76" col="6">
        </testcase>
        <testcase name="clampWeightBiasDetail: negative overflow value reports clamped=true" classname="./test/utils/WeightBiasClamp.ts" time="0.000" line="82" col="6">
        </testcase>
        <testcase name="clampWeightBiasDetail: NaN is passed through with clamped=false" classname="./test/utils/WeightBiasClamp.ts" time="0.000" line="88" col="6">
        </testcase>
    </testsuite>
    <testsuite name="./test/validate/ActivationRange.ts" tests="4" disabled="0" errors="0" failures="0">
        <testcase name="ActivationRange validate rejects out-of-range and non-finite values" classname="./test/validate/ActivationRange.ts" time="0.001" line="4" col="6">
        </testcase>
        <testcase name="ActivationRange validate accepts in-range values without throwing" classname="./test/validate/ActivationRange.ts" time="0.000" line="42" col="6">
        </testcase>
        <testcase name="ActivationRange limit rejects NaN" classname="./test/validate/ActivationRange.ts" time="0.000" line="58" col="6">
        </testcase>
        <testcase name="ActivationRange limit clamps out-of-range values" classname="./test/validate/ActivationRange.ts" time="0.000" line="73" col="6">
        </testcase>
    </testsuite>
    <testsuite name="./test/validate/DebugWriteDiagnostics.ts" tests="1" disabled="0" errors="0" failures="0">
        <testcase name="validate with DEBUG includes diagnostic detail in error message" classname="./test/validate/DebugWriteDiagnostics.ts" time="0.007" line="12" col="6">
        </testcase>
    </testsuite>
    <testsuite name="./test/validate/CreatureValidate.ts" tests="21" disabled="0" errors="0" failures="0">
        <testcase name="validate rejects mismatched neuron count" classname="./test/validate/CreatureValidate.ts" time="0.005" line="13" col="6">
        </testcase>
        <testcase name="validate rejects negative input count" classname="./test/validate/CreatureValidate.ts" time="0.000" line="28" col="6">
        </testcase>
        <testcase name="validate rejects negative output count" classname="./test/validate/CreatureValidate.ts" time="0.000" line="43" col="6">
        </testcase>
        <testcase name="validate rejects constant after hidden (required: input, constant, hidden, output)" classname="./test/validate/CreatureValidate.ts" time="0.001" line="58" col="6">
        </testcase>
        <testcase name="validate accepts computational order: constants then hiddens then outputs" classname="./test/validate/CreatureValidate.ts" time="0.001" line="118" col="6">
        </testcase>
        <testcase name="validate rejects hidden neuron after output neuron" classname="./test/validate/CreatureValidate.ts" time="0.000" line="145" col="6">
        </testcase>
        <testcase name="validate rejects IF neuron without required condition synapses" classname="./test/validate/CreatureValidate.ts" time="0.000" line="189" col="6">
        </testcase>
        <testcase name="validate rejects IF neuron with invalid synapse type combinations" classname="./test/validate/CreatureValidate.ts" time="0.000" line="229" col="6">
        </testcase>
        <testcase name="validate rejects neuron with empty UUID" classname="./test/validate/CreatureValidate.ts" time="0.000" line="307" col="6">
        </testcase>
        <testcase name="validate rejects duplicate UUIDs" classname="./test/validate/CreatureValidate.ts" time="0.002" line="322" col="6">
        </testcase>
        <testcase name="UUID too long" classname="./test/validate/CreatureValidate.ts" time="0.001" line="339" col="6">
        </testcase>
        <testcase name="UUID invalid characters" classname="./test/validate/CreatureValidate.ts" time="0.001" line="358" col="6">
        </testcase>
        <testcase name="invalid input UUID" classname="./test/validate/CreatureValidate.ts" time="0.001" line="375" col="6">
        </testcase>
        <testcase name="validate rejects infinite bias" classname="./test/validate/CreatureValidate.ts" time="0.001" line="392" col="6">
        </testcase>
        <testcase name="validate rejects output neuron with out-of-range index in UUID" classname="./test/validate/CreatureValidate.ts" time="0.000" line="408" col="6">
        </testcase>
        <testcase name="validate rejects mismatched connection count" classname="./test/validate/CreatureValidate.ts" time="0.000" line="424" col="6">
        </testcase>
        <testcase name="validate rejects neuron with incorrect index" classname="./test/validate/CreatureValidate.ts" time="0.000" line="439" col="6">
        </testcase>
        <testcase name="validate rejects recursive synapse when feedbackLoop is false" classname="./test/validate/CreatureValidate.ts" time="0.001" line="456" col="6">
        </testcase>
        <testcase name="Forward-only: default validate allows back + self connections" classname="./test/validate/CreatureValidate.ts" time="0.000" line="478" col="6">
        </testcase>
        <testcase name="Forward-only: validate() rejects back connections when enabled" classname="./test/validate/CreatureValidate.ts" time="0.000" line="494" col="6">
        </testcase>
        <testcase name="Forward-only: validate() rejects self connections when enabled" classname="./test/validate/CreatureValidate.ts" time="0.001" line="515" col="6">
        </testcase>
    </testsuite>
    <testsuite name="./test/validate/FeedbackLoopCondition.ts" tests="1" disabled="0" errors="0" failures="0">
        <testcase name="recursive synapses allowed by default and when feedbackLoop is true" classname="./test/validate/FeedbackLoopCondition.ts" time="0.007" line="19" col="6">
        </testcase>
    </testsuite>
    <testsuite name="./test/validate/SnapshotSchema.ts" tests="12" disabled="0" errors="0" failures="0">
        <testcase name="schema - is valid JSON Schema draft 2020-12" classname="./test/validate/SnapshotSchema.ts" time="0.001" line="33" col="6">
        </testcase>
        <testcase name="schema - neuron definition includes optional id field" classname="./test/validate/SnapshotSchema.ts" time="0.000" line="44" col="6">
        </testcase>
        <testcase name="schema - neuron definition includes optional frozen field" classname="./test/validate/SnapshotSchema.ts" time="0.000" line="56" col="6">
        </testcase>
        <testcase name="schema - synapse definition includes optional fromId and toId" classname="./test/validate/SnapshotSchema.ts" time="0.000" line="67" col="6">
        </testcase>
        <testcase name="schema - synapse definition includes optional frozen field" classname="./test/validate/SnapshotSchema.ts" time="0.000" line="84" col="6">
        </testcase>
        <testcase name="schema - memeticWeight includes optional toId field" classname="./test/validate/SnapshotSchema.ts" time="0.000" line="95" col="6">
        </testcase>
        <testcase name="schema - top-level includes optional hyperparameters" classname="./test/validate/SnapshotSchema.ts" time="0.000" line="102" col="6">
        </testcase>
        <testcase name="schema - legacy UUID-only export fields match schema" classname="./test/validate/SnapshotSchema.ts" time="0.000" line="192" col="6">
        </testcase>
        <testcase name="schema - new dual-format export fields match schema" classname="./test/validate/SnapshotSchema.ts" time="0.003" line="232" col="6">
        </testcase>
        <testcase name="schema - frozen neuron export fields match schema" classname="./test/validate/SnapshotSchema.ts" time="0.000" line="264" col="6">
        </testcase>
        <testcase name="schema - export with hyperparameters matches schema" classname="./test/validate/SnapshotSchema.ts" time="0.000" line="312" col="6">
        </testcase>
        <testcase name="schema - memetic export with toId fields match schema" classname="./test/validate/SnapshotSchema.ts" time="0.000" line="349" col="6">
        </testcase>
    </testsuite>
    <testsuite name="./test/wasm/ActivateAndTraceBatch4Way.ts" tests="7" disabled="0" errors="0" failures="0">
        <testcase name="WASM batch 4-way trace: Module initialisation" classname="./test/wasm/ActivateAndTraceBatch4Way.ts" time="0.000" line="55" col="6">
        </testcase>
        <testcase name="WASM batch 4-way trace: ReLU network matches single-record activateAndTrace" classname="./test/wasm/ActivateAndTraceBatch4Way.ts" time="0.011" line="64" col="6">
        </testcase>
        <testcase name="WASM batch 4-way trace: TANH+LOGISTIC network matches single-record" classname="./test/wasm/ActivateAndTraceBatch4Way.ts" time="0.000" line="136" col="6">
        </testcase>
        <testcase name="WASM batch 4-way trace: MINIMUM aggregate matches single-record" classname="./test/wasm/ActivateAndTraceBatch4Way.ts" time="0.000" line="196" col="6">
        </testcase>
        <testcase name="WASM batch 4-way trace: MAXIMUM aggregate matches single-record" classname="./test/wasm/ActivateAndTraceBatch4Way.ts" time="0.000" line="261" col="6">
        </testcase>
        <testcase name="WASM batch 4-way trace: Multi-layer network matches single-record" classname="./test/wasm/ActivateAndTraceBatch4Way.ts" time="0.001" line="314" col="6">
        </testcase>
        <testcase name="WASM batch 4-way trace with feedback: Stateless reset matches single-record" classname="./test/wasm/ActivateAndTraceBatch4Way.ts" time="0.000" line="383" col="6">
        </testcase>
    </testsuite>
    <testsuite name="./test/wasm/CompileToWasm.ts" tests="14" disabled="0" errors="0" failures="0">
        <testcase name="CompileToWasm: header encodes neuron and input counts correctly" classname="./test/wasm/CompileToWasm.ts" time="0.003" line="31" col="6">
        </testcase>
        <testcase name="CompileToWasm: bias is encoded as little-endian f64" classname="./test/wasm/CompileToWasm.ts" time="0.000" line="60" col="6">
        </testcase>
        <testcase name="CompileToWasm: zero bias is encoded as zero" classname="./test/wasm/CompileToWasm.ts" time="0.000" line="83" col="6">
        </testcase>
        <testcase name="CompileToWasm: squash type is encoded correctly" classname="./test/wasm/CompileToWasm.ts" time="0.000" line="104" col="6">
        </testcase>
        <testcase name="CompileToWasm: synapse count is encoded as u16" classname="./test/wasm/CompileToWasm.ts" time="0.000" line="127" col="6">
        </testcase>
        <testcase name="CompileToWasm: synapse from_index and weight are encoded correctly" classname="./test/wasm/CompileToWasm.ts" time="0.000" line="152" col="6">
        </testcase>
        <testcase name="CompileToWasm: synapse types are encoded correctly" classname="./test/wasm/CompileToWasm.ts" time="0.000" line="192" col="6">
        </testcase>
        <testcase name="CompileToWasm: total binary size matches expected layout" classname="./test/wasm/CompileToWasm.ts" time="0.000" line="256" col="6">
        </testcase>
        <testcase name="CompileToWasm: hidden neurons are compiled correctly" classname="./test/wasm/CompileToWasm.ts" time="0.000" line="288" col="6">
        </testcase>
        <testcase name="CompileToWasm: constant neuron is_constant flag set to 1" classname="./test/wasm/CompileToWasm.ts" time="0.000" line="322" col="6">
        </testcase>
        <testcase name="CompileToWasm: getCompiledCreatureStats returns correct summary" classname="./test/wasm/CompileToWasm.ts" time="0.000" line="362" col="6">
        </testcase>
        <testcase name="CompileToWasm: minimal creature with no hidden neurons compiles" classname="./test/wasm/CompileToWasm.ts" time="0.004" line="393" col="6">
        </testcase>
        <testcase name="CompileToWasm: SynapseTypeCode values match documented format" classname="./test/wasm/CompileToWasm.ts" time="0.000" line="416" col="6">
        </testcase>
        <testcase name="CompileToWasm: multiple hidden neurons produce correct synapse totals" classname="./test/wasm/CompileToWasm.ts" time="0.000" line="427" col="6">
        </testcase>
    </testsuite>
    <testsuite name="./test/wasm/ElasticDistribution.ts" tests="13" disabled="0" errors="0" failures="0">
        <testcase name="wasmDistributeElasticError: prefers higher-activation links" classname="./test/wasm/ElasticDistribution.ts" time="0.001" line="73" col="6">
        </testcase>
        <testcase name="wasmDistributeElasticError: honours safeZoneFactor" classname="./test/wasm/ElasticDistribution.ts" time="0.000" line="80" col="6">
        </testcase>
        <testcase name="wasmDistributeElasticError: weight-based fallback when activations are zero" classname="./test/wasm/ElasticDistribution.ts" time="0.000" line="87" col="6">
        </testcase>
        <testcase name="wasmDistributeElasticError: equal split when both activations and weights are zero" classname="./test/wasm/ElasticDistribution.ts" time="0.000" line="95" col="6">
        </testcase>
        <testcase name="wasmDistributeElasticError: single link gets all error" classname="./test/wasm/ElasticDistribution.ts" time="0.000" line="103" col="6">
        </testcase>
        <testcase name="wasmDistributeElasticError: negative error" classname="./test/wasm/ElasticDistribution.ts" time="0.000" line="109" col="6">
        </testcase>
        <testcase name="wasmDistributeElasticError: zero error returns all zeros" classname="./test/wasm/ElasticDistribution.ts" time="0.000" line="116" col="6">
        </testcase>
        <testcase name="wasmDistributeElasticError: empty links" classname="./test/wasm/ElasticDistribution.ts" time="0.000" line="123" col="6">
        </testcase>
        <testcase name="wasmDistributeElasticError: NaN error returns zeros" classname="./test/wasm/ElasticDistribution.ts" time="0.000" line="127" col="6">
        </testcase>
        <testcase name="wasmDistributeElasticError: weight fallback with negative weights uses absolute value" classname="./test/wasm/ElasticDistribution.ts" time="0.000" line="141" col="6">
        </testcase>
        <testcase name="wasmDistributeElasticError: error conservation with many links" classname="./test/wasm/ElasticDistribution.ts" time="0.000" line="148" col="6">
        </testcase>
        <testcase name="wasmDistributeElasticError: backward compatibility without weight field" classname="./test/wasm/ElasticDistribution.ts" time="0.000" line="180" col="6">
        </testcase>
        <testcase name="wasmDistributeElasticError: activation-based scoring takes priority over weight-based" classname="./test/wasm/ElasticDistribution.ts" time="0.000" line="188" col="6">
        </testcase>
    </testsuite>
    <testsuite name="./test/wasm/EnsureWasmActivation.ts" tests="4" disabled="0" errors="0" failures="0">
        <testcase name="EnsureWasmActivation: succeeds when WASM is already available" classname="./test/wasm/EnsureWasmActivation.ts" time="0.005" line="23" col="6">
        </testcase>
        <testcase name="EnsureWasmActivation: is idempotent" classname="./test/wasm/EnsureWasmActivation.ts" time="0.000" line="33" col="6">
        </testcase>
        <testcase name="EnsureWasmActivation: WASM functions are usable afterwards" classname="./test/wasm/EnsureWasmActivation.ts" time="0.000" line="45" col="6">
        </testcase>
        <testcase name="EnsureWasmActivation: concurrent calls all resolve successfully" classname="./test/wasm/EnsureWasmActivation.ts" time="0.000" line="61" col="6">
        </testcase>
    </testsuite>
    <testsuite name="./test/wasm/DeprecatedSquashTypeCompat.ts" tests="5" disabled="0" errors="0" failures="0">
        <testcase name="Deprecated squash types resolve to correct enum values" classname="./test/wasm/DeprecatedSquashTypeCompat.ts" time="0.001" line="16" col="6">
        </testcase>
        <testcase name="Deprecated squash types have stable numeric values" classname="./test/wasm/DeprecatedSquashTypeCompat.ts" time="0.000" line="23" col="6">
        </testcase>
        <testcase name="Deprecated activation functions are findable via Activations" classname="./test/wasm/DeprecatedSquashTypeCompat.ts" time="0.000" line="30" col="6">
        </testcase>
        <testcase name="Deprecated activation functions have zero mutation probability" classname="./test/wasm/DeprecatedSquashTypeCompat.ts" time="0.000" line="54" col="6">
        </testcase>
        <testcase name="Creature with deprecated MEAN squash can be loaded from JSON" classname="./test/wasm/DeprecatedSquashTypeCompat.ts" time="0.005" line="78" col="6">
        </testcase>
    </testsuite>
    <testsuite name="./test/wasm/EnsureWasmTemplate.ts" tests="7" disabled="0" errors="0" failures="0">
        <testcase name="ensureWasmTemplate: caches template on first call" classname="./test/wasm/EnsureWasmTemplate.ts" time="0.009" line="40" col="6">
        </testcase>
        <testcase name="ensureWasmTemplate: returns true for already-cached topology" classname="./test/wasm/EnsureWasmTemplate.ts" time="0.002" line="58" col="6">
        </testcase>
        <testcase name="hasWasmTemplate: returns false for uncached topology" classname="./test/wasm/EnsureWasmTemplate.ts" time="0.000" line="86" col="6">
        </testcase>
        <testcase name="hasWasmTemplate: returns true after ensureWasmTemplate" classname="./test/wasm/EnsureWasmTemplate.ts" time="0.001" line="97" col="6">
        </testcase>
        <testcase name="ensureWasmTemplate: does not create cachedWasmActivation on creature" classname="./test/wasm/EnsureWasmTemplate.ts" time="0.001" line="109" col="6">
        </testcase>
        <testcase name="ensureWasmTemplate: subsequent getOrCompile is a cache hit" classname="./test/wasm/EnsureWasmTemplate.ts" time="0.001" line="127" col="6">
        </testcase>
        <testcase name="ensureWasmTemplate: pre-computes topology hash on creature" classname="./test/wasm/EnsureWasmTemplate.ts" time="0.001" line="154" col="6">
        </testcase>
    </testsuite>
    <testsuite name="./test/wasm/EphemeralActivation.ts" tests="6" disabled="0" errors="0" failures="0">
        <testcase name="activateEphemeral: produces same output as activate" classname="./test/wasm/EphemeralActivation.ts" time="0.005" line="37" col="6">
        </testcase>
        <testcase name="activateEphemeral: does not cache CompiledNetwork on creature" classname="./test/wasm/EphemeralActivation.ts" time="0.000" line="65" col="6">
        </testcase>
        <testcase name="activateEphemeral: works when creature already has a cached activation" classname="./test/wasm/EphemeralActivation.ts" time="0.000" line="90" col="6">
        </testcase>
        <testcase name="activateEphemeral: does not affect LRU cache count" classname="./test/wasm/EphemeralActivation.ts" time="0.000" line="124" col="6">
        </testcase>
        <testcase name="getCachedWasmActivationCount: returns current entry count" classname="./test/wasm/EphemeralActivation.ts" time="0.000" line="150" col="6">
        </testcase>
        <testcase name="getCachedWasmActivationCount: increases after activate" classname="./test/wasm/EphemeralActivation.ts" time="0.000" line="172" col="6">
        </testcase>
    </testsuite>
    <testsuite name="./test/wasm/FFICleanupLifecycle.ts" tests="3" disabled="3" errors="0" failures="0">
        <testcase name="FFICleanupLifecycle: repeated get_version calls with cleanup all succeed" classname="./test/wasm/FFICleanupLifecycle.ts" time="0.000" line="26" col="6">
            <skipped/>
        </testcase>
        <testcase name="FFICleanupLifecycle: get_version returns consistent results across calls" classname="./test/wasm/FFICleanupLifecycle.ts" time="0.000" line="49" col="6">
            <skipped/>
        </testcase>
        <testcase name="FFICleanupLifecycle: closeRustLibrary and reopen cycle works" classname="./test/wasm/FFICleanupLifecycle.ts" time="0.000" line="74" col="6">
            <skipped/>
        </testcase>
    </testsuite>
    <testsuite name="./test/wasm/FusedCostScoring.ts" tests="7" disabled="0" errors="0" failures="0">
        <testcase name="Fused Cost Scoring: MSE - WASM vs JS equivalence" classname="./test/wasm/FusedCostScoring.ts" time="0.009" line="103" col="6">
        </testcase>
        <testcase name="Fused Cost Scoring: MAE - WASM vs JS equivalence" classname="./test/wasm/FusedCostScoring.ts" time="0.002" line="107" col="6">
        </testcase>
        <testcase name="Fused Cost Scoring: CROSS_ENTROPY - WASM vs JS equivalence" classname="./test/wasm/FusedCostScoring.ts" time="0.001" line="111" col="6">
        </testcase>
        <testcase name="Fused Cost Scoring: MAPE - WASM vs JS equivalence" classname="./test/wasm/FusedCostScoring.ts" time="0.001" line="115" col="6">
        </testcase>
        <testcase name="Fused Cost Scoring: MSLE - WASM vs JS equivalence" classname="./test/wasm/FusedCostScoring.ts" time="0.001" line="119" col="6">
        </testcase>
        <testcase name="Fused Cost Scoring: HINGE - WASM vs JS equivalence" classname="./test/wasm/FusedCostScoring.ts" time="0.001" line="123" col="6">
        </testcase>
        <testcase name="Fused Cost Scoring: Empty records returns zero" classname="./test/wasm/FusedCostScoring.ts" time="0.000" line="127" col="6">
        </testcase>
    </testsuite>
    <testsuite name="./test/wasm/FusedErrorDistribution.ts" tests="7" disabled="0" errors="0" failures="0">
        <testcase name="fusedErrorDistribution: matches separate approach for ReLU neuron with mixed upstream squashes" classname="./test/wasm/FusedErrorDistribution.ts" time="0.002" line="69" col="6">
        </testcase>
        <testcase name="fusedErrorDistribution: single synapse matches separate approach" classname="./test/wasm/FusedErrorDistribution.ts" time="0.000" line="121" col="6">
        </testcase>
        <testcase name="fusedErrorDistribution: handles zero error (target equals current)" classname="./test/wasm/FusedErrorDistribution.ts" time="0.000" line="163" col="6">
        </testcase>
        <testcase name="fusedErrorDistribution: all saturated links fall back to equal split" classname="./test/wasm/FusedErrorDistribution.ts" time="0.000" line="195" col="6">
        </testcase>
        <testcase name="fusedErrorDistribution: large synapse count matches separate approach" classname="./test/wasm/FusedErrorDistribution.ts" time="0.000" line="246" col="6">
        </testcase>
        <testcase name="fusedErrorDistribution: negative error distributes correctly" classname="./test/wasm/FusedErrorDistribution.ts" time="0.000" line="321" col="6">
        </testcase>
        <testcase name="fusedErrorDistribution: safeZoneFactors returned match batch call" classname="./test/wasm/FusedErrorDistribution.ts" time="0.000" line="368" col="6">
        </testcase>
    </testsuite>
    <testsuite name="./test/wasm/FusedCostScoring8Way.ts" tests="12" disabled="0" errors="0" failures="0">
        <testcase name="8-Way Fused Cost Scoring: Initialise WASM" classname="./test/wasm/FusedCostScoring8Way.ts" time="0.000" line="71" col="6">
        </testcase>
        <testcase name="8-Way Fused Cost Scoring: MSE - WASM vs JS equivalence" classname="./test/wasm/FusedCostScoring8Way.ts" time="0.009" line="75" col="6">
        </testcase>
        <testcase name="8-Way Fused Cost Scoring: MAE - WASM vs JS equivalence" classname="./test/wasm/FusedCostScoring8Way.ts" time="0.001" line="124" col="6">
        </testcase>
        <testcase name="8-Way Fused Cost Scoring: CROSS_ENTROPY - WASM vs JS equivalence" classname="./test/wasm/FusedCostScoring8Way.ts" time="0.001" line="169" col="6">
        </testcase>
        <testcase name="8-Way Fused Cost Scoring: MAPE - WASM vs JS equivalence" classname="./test/wasm/FusedCostScoring8Way.ts" time="0.000" line="214" col="6">
        </testcase>
        <testcase name="8-Way Fused Cost Scoring: MSLE - WASM vs JS equivalence" classname="./test/wasm/FusedCostScoring8Way.ts" time="0.001" line="259" col="6">
        </testcase>
        <testcase name="8-Way Fused Cost Scoring: HINGE - WASM vs JS equivalence" classname="./test/wasm/FusedCostScoring8Way.ts" time="0.000" line="305" col="6">
        </testcase>
        <testcase name="8-Way Fused Cost Scoring: Exact 8 records (boundary condition)" classname="./test/wasm/FusedCostScoring8Way.ts" time="0.000" line="351" col="6">
        </testcase>
        <testcase name="8-Way Fused Cost Scoring: 9 records (8 + 1 remainder)" classname="./test/wasm/FusedCostScoring8Way.ts" time="0.000" line="396" col="6">
        </testcase>
        <testcase name="8-Way Fused Cost Scoring: 11 records (8 + 3 remainder)" classname="./test/wasm/FusedCostScoring8Way.ts" time="0.000" line="441" col="6">
        </testcase>
        <testcase name="8-Way Fused Cost Scoring: 15 records (8 + 4 + 3 remainder)" classname="./test/wasm/FusedCostScoring8Way.ts" time="0.000" line="488" col="6">
        </testcase>
        <testcase name="8-Way Fused Cost Scoring: Large dataset (256 records)" classname="./test/wasm/FusedCostScoring8Way.ts" time="0.002" line="535" col="6">
        </testcase>
    </testsuite>
    <testsuite name="./test/wasm/JsrWorkerInitDocumented.ts" tests="3" disabled="0" errors="0" failures="0">
        <testcase name="Issue #2545: documented JSR-worker helpers are exported from mod.ts" classname="./test/wasm/JsrWorkerInitDocumented.ts" time="0.001" line="26" col="6">
        </testcase>
        <testcase name="Issue #2545: parent loads the payload and worker boot helper accepts it" classname="./test/wasm/JsrWorkerInitDocumented.ts" time="0.002" line="37" col="6">
        </testcase>
        <testcase name="Issue #2545: payload is JSON-postMessage friendly (no functions, no host objects)" classname="./test/wasm/JsrWorkerInitDocumented.ts" time="0.000" line="60" col="6">
        </testcase>
    </testsuite>
    <testsuite name="./test/wasm/PreComputedSquashTypes.ts" tests="6" disabled="0" errors="0" failures="0">
        <testcase name="cachedSquashType returns correct type for each neuron" classname="./test/wasm/PreComputedSquashTypes.ts" time="0.002" line="14" col="6">
        </testcase>
        <testcase name="cachedSquashType matches getSquashType for all squash names" classname="./test/wasm/PreComputedSquashTypes.ts" time="0.000" line="63" col="6">
        </testcase>
        <testcase name="cachedSquashType is invalidated by setSquash()" classname="./test/wasm/PreComputedSquashTypes.ts" time="0.000" line="131" col="6">
        </testcase>
        <testcase name="cachedSquashType is stable across multiple calls" classname="./test/wasm/PreComputedSquashTypes.ts" time="0.000" line="167" col="6">
        </testcase>
        <testcase name="cachedSquashType for input neurons returns Identity" classname="./test/wasm/PreComputedSquashTypes.ts" time="0.000" line="191" col="6">
        </testcase>
        <testcase name="propagate still produces correct results with cached squash types" classname="./test/wasm/PreComputedSquashTypes.ts" time="0.008" line="210" col="6">
        </testcase>
    </testsuite>
    <testsuite name="./test/wasm/NoWasmFeatureFlags.ts" tests="2" disabled="0" errors="0" failures="0">
        <testcase name="No WASM feature flags: WASM activation is unconditionally available" classname="./test/wasm/NoWasmFeatureFlags.ts" time="0.000" line="13" col="6">
        </testcase>
        <testcase name="No WASM feature flags: all standard squash functions are WASM-supported" classname="./test/wasm/NoWasmFeatureFlags.ts" time="0.000" line="23" col="6">
        </testcase>
    </testsuite>
    <testsuite name="./test/wasm/ProducerCompileGuard.ts" tests="5" disabled="0" errors="0" failures="0">
        <testcase name="Issue #2636: GRQ-3-shaped creature emitted by AddNeuron compiles to WASM" classname="./test/wasm/ProducerCompileGuard.ts" time="1.069" line="65" col="6">
        </testcase>
        <testcase name="Issue #2636: ensureProducerOutputCompiles rejects a creature whose header makes num_inputs &gt; num_neurons" classname="./test/wasm/ProducerCompileGuard.ts" time="0.002" line="87" col="6">
        </testcase>
        <testcase name="Issue #2636: Offspring.breed returns undefined when the bred topology cannot be compiled" classname="./test/wasm/ProducerCompileGuard.ts" time="0.017" line="114" col="6">
        </testcase>
        <testcase name="Issue #2636: Mutator.repairAfterMutation returns true for valid creatures" classname="./test/wasm/ProducerCompileGuard.ts" time="0.010" line="138" col="6">
        </testcase>
        <testcase name="Issue #2636: Mutator.repairAfterMutation reverts when the post-repair creature fails WASM compile" classname="./test/wasm/ProducerCompileGuard.ts" time="0.000" line="152" col="6">
        </testcase>
    </testsuite>
    <testsuite name="./test/wasm/SafeZoneAdjustmentBatch.ts" tests="8" disabled="0" errors="0" failures="0">
        <testcase name="SafeZoneAdjustmentBatch: empty batch returns empty result" classname="./test/wasm/SafeZoneAdjustmentBatch.ts" time="0.001" line="26" col="6">
        </testcase>
        <testcase name="SafeZoneAdjustmentBatch: single element matches scalar" classname="./test/wasm/SafeZoneAdjustmentBatch.ts" time="0.000" line="39" col="6">
        </testcase>
        <testcase name="SafeZoneAdjustmentBatch: mixed squash types match scalar calls" classname="./test/wasm/SafeZoneAdjustmentBatch.ts" time="0.000" line="60" col="6">
        </testcase>
        <testcase name="SafeZoneAdjustmentBatch: aggregate functions return zero" classname="./test/wasm/SafeZoneAdjustmentBatch.ts" time="0.000" line="129" col="6">
        </testcase>
        <testcase name="SafeZoneAdjustmentBatch: high-level wrapper matches low-level for all common squash types" classname="./test/wasm/SafeZoneAdjustmentBatch.ts" time="0.000" line="158" col="6">
        </testcase>
        <testcase name="SafeZoneAdjustmentBatch: non-finite raw input returns zero" classname="./test/wasm/SafeZoneAdjustmentBatch.ts" time="0.000" line="242" col="6">
        </testcase>
        <testcase name="SafeZoneAdjustmentBatch: negative error with saturated neurons" classname="./test/wasm/SafeZoneAdjustmentBatch.ts" time="0.000" line="267" col="6">
        </testcase>
        <testcase name="SafeZoneAdjustmentBatch: large batch (100 synapses) matches scalar" classname="./test/wasm/SafeZoneAdjustmentBatch.ts" time="0.000" line="318" col="6">
        </testcase>
    </testsuite>
    <testsuite name="./test/wasm/SimdExpansionViability.ts" tests="11" disabled="0" errors="0" failures="0">
        <testcase name="Issue #2277 — Candidate 1: Loss functions produce valid errors" classname="./test/wasm/SimdExpansionViability.ts" time="0.001" line="99" col="6">
        </testcase>
        <testcase name="Issue #2277 — Candidate 1: Loss functions handle various output sizes" classname="./test/wasm/SimdExpansionViability.ts" time="0.000" line="126" col="6">
        </testcase>
        <testcase name="Issue #2277 — Candidate 2: Weight accumulation updates synapse state" classname="./test/wasm/SimdExpansionViability.ts" time="0.000" line="155" col="6">
        </testcase>
        <testcase name="Issue #2277 — Candidate 2: Batch weight accumulation matches single" classname="./test/wasm/SimdExpansionViability.ts" time="0.000" line="176" col="6">
        </testcase>
        <testcase name="Issue #2277 — Candidate 2: Bias batch accumulation updates neuron state" classname="./test/wasm/SimdExpansionViability.ts" time="0.000" line="224" col="6">
        </testcase>
        <testcase name="Issue #2277 — Candidate 3: Score calculation via WASM path" classname="./test/wasm/SimdExpansionViability.ts" time="0.004" line="257" col="6">
        </testcase>
        <testcase name="Issue #2277 — Candidate 4: Population average score is correct" classname="./test/wasm/SimdExpansionViability.ts" time="0.000" line="284" col="6">
        </testcase>
        <testcase name="Issue #2277 — Candidate 4: Score sorting preserves all elements" classname="./test/wasm/SimdExpansionViability.ts" time="0.000" line="299" col="6">
        </testcase>
        <testcase name="Issue #2277 — Candidate 5: Set intersection count is correct" classname="./test/wasm/SimdExpansionViability.ts" time="0.000" line="325" col="6">
        </testcase>
        <testcase name="Issue #2277 — Candidate 5: Empty sets have full compatibility" classname="./test/wasm/SimdExpansionViability.ts" time="0.000" line="344" col="6">
        </testcase>
        <testcase name="Issue #2277 — Candidate 5: Disjoint sets have zero compatibility" classname="./test/wasm/SimdExpansionViability.ts" time="0.000" line="353" col="6">
        </testcase>
    </testsuite>
    <testsuite name="./test/wasm/TopologyExport.ts" tests="5" disabled="1" errors="0" failures="0">
        <testcase name="exportTopologyDot returns a non-empty digraph with one edge per synapse" classname="./test/wasm/TopologyExport.ts" time="0.006" line="68" col="6">
        </testcase>
        <testcase name="exportTopologyJson neuron and synapse counts match the source creature" classname="./test/wasm/TopologyExport.ts" time="0.001" line="99" col="6">
        </testcase>
        <testcase name="exportTopologyDot reports a clear error when the pinned core rev predates PR #32" classname="./test/wasm/TopologyExport.ts" time="0.000" line="138" col="6">
            <skipped/>
        </testcase>
        <testcase name="exportTopologyDot reports a clear error when WASM is unavailable" classname="./test/wasm/TopologyExport.ts" time="0.001" line="158" col="6">
        </testcase>
        <testcase name="exportTopologyJson reports a clear error when WASM is unavailable" classname="./test/wasm/TopologyExport.ts" time="0.000" line="172" col="6">
        </testcase>
    </testsuite>
    <testsuite name="./test/wasm/WasmActivateInto.ts" tests="8" disabled="0" errors="0" failures="0">
        <testcase name="WASM activate_into: Module initialisation" classname="./test/wasm/WasmActivateInto.ts" time="0.000" line="55" col="6">
        </testcase>
        <testcase name="WASM activate_into: Simple ReLU network produces same output as activate()" classname="./test/wasm/WasmActivateInto.ts" time="0.006" line="64" col="6">
        </testcase>
        <testcase name="WASM activate_into: Multiple activations reuse the same buffer" classname="./test/wasm/WasmActivateInto.ts" time="0.001" line="110" col="6">
        </testcase>
        <testcase name="WASM activate_into: Works with all standard squash functions" classname="./test/wasm/WasmActivateInto.ts" time="0.003" line="165" col="6">
        </testcase>
        <testcase name="WASM activate_into: Works with aggregate functions (MINIMUM, MAXIMUM, IF)" classname="./test/wasm/WasmActivateInto.ts" time="0.000" line="220" col="6">
        </testcase>
        <testcase name="WASM activate_into: Validates input and output buffer lengths" classname="./test/wasm/WasmActivateInto.ts" time="0.000" line="302" col="6">
        </testcase>
        <testcase name="WASM activate_into: Works with larger network" classname="./test/wasm/WasmActivateInto.ts" time="0.029" line="351" col="6">
        </testcase>
        <testcase name="WASM activate_into: Throws if activation has been freed" classname="./test/wasm/WasmActivateInto.ts" time="0.003" line="441" col="6">
        </testcase>
    </testsuite>
    <testsuite name="./test/wasm/WasmAutoInit.ts" tests="2" disabled="0" errors="0" failures="0">
        <testcase name="WasmAutoInit: WASM is available after module import" classname="./test/wasm/WasmAutoInit.ts" time="0.000" line="19" col="6">
        </testcase>
        <testcase name="WasmAutoInit: isProbablyWorkerScope returns false in main thread" classname="./test/wasm/WasmAutoInit.ts" time="0.000" line="32" col="6">
        </testcase>
    </testsuite>
    <testsuite name="./test/wasm/WasmActivationErrors.ts" tests="21" disabled="0" errors="0" failures="0">
        <testcase name="WasmActivationErrors: activate throws WasmError after free" classname="./test/wasm/WasmActivationErrors.ts" time="0.007" line="28" col="6">
        </testcase>
        <testcase name="WasmActivationErrors: activateView throws WasmError after free" classname="./test/wasm/WasmActivationErrors.ts" time="0.000" line="42" col="6">
        </testcase>
        <testcase name="WasmActivationErrors: activateInto throws WasmError after free" classname="./test/wasm/WasmActivationErrors.ts" time="0.000" line="56" col="6">
        </testcase>
        <testcase name="WasmActivationErrors: activateIntoWithFeedback throws WasmError after free" classname="./test/wasm/WasmActivationErrors.ts" time="0.000" line="74" col="6">
        </testcase>
        <testcase name="WasmActivationErrors: activateWithState throws WasmError after free" classname="./test/wasm/WasmActivationErrors.ts" time="0.000" line="93" col="6">
        </testcase>
        <testcase name="WasmActivationErrors: activateAndTrace throws WasmError after free" classname="./test/wasm/WasmActivationErrors.ts" time="0.000" line="107" col="6">
        </testcase>
        <testcase name="WasmActivationErrors: activateAndTraceWithFeedback throws WasmError after free" classname="./test/wasm/WasmActivationErrors.ts" time="0.000" line="121" col="6">
        </testcase>
        <testcase name="WasmActivationErrors: activateAndTraceBatch4Way throws WasmError after free" classname="./test/wasm/WasmActivationErrors.ts" time="0.000" line="139" col="6">
        </testcase>
        <testcase name="WasmActivationErrors: activateAndTraceBatch4WayWithFeedback throws WasmError after free" classname="./test/wasm/WasmActivationErrors.ts" time="0.000" line="159" col="6">
        </testcase>
        <testcase name="WasmActivationErrors: mseSumBatchPacked throws WasmError after free" classname="./test/wasm/WasmActivationErrors.ts" time="0.000" line="179" col="6">
        </testcase>
        <testcase name="WasmActivationErrors: maeSumBatchPacked throws WasmError after free" classname="./test/wasm/WasmActivationErrors.ts" time="0.000" line="194" col="6">
        </testcase>
        <testcase name="WasmActivationErrors: crossEntropySumBatchPacked throws WasmError after free" classname="./test/wasm/WasmActivationErrors.ts" time="0.000" line="209" col="6">
        </testcase>
        <testcase name="WasmActivationErrors: mapeSumBatchPacked throws WasmError after free" classname="./test/wasm/WasmActivationErrors.ts" time="0.000" line="224" col="6">
        </testcase>
        <testcase name="WasmActivationErrors: msleSumBatchPacked throws WasmError after free" classname="./test/wasm/WasmActivationErrors.ts" time="0.000" line="239" col="6">
        </testcase>
        <testcase name="WasmActivationErrors: hingeSumBatchPacked throws WasmError after free" classname="./test/wasm/WasmActivationErrors.ts" time="0.000" line="254" col="6">
        </testcase>
        <testcase name="WasmActivationErrors: activate throws WasmError on input length mismatch" classname="./test/wasm/WasmActivationErrors.ts" time="0.000" line="271" col="6">
        </testcase>
        <testcase name="WasmActivationErrors: activateView throws WasmError on input length mismatch" classname="./test/wasm/WasmActivationErrors.ts" time="0.000" line="284" col="6">
        </testcase>
        <testcase name="WasmActivationErrors: activateInto throws WasmError on input length mismatch" classname="./test/wasm/WasmActivationErrors.ts" time="0.000" line="296" col="6">
        </testcase>
        <testcase name="WasmActivationErrors: activateInto throws WasmError on output buffer length mismatch" classname="./test/wasm/WasmActivationErrors.ts" time="0.000" line="309" col="6">
        </testcase>
        <testcase name="WasmActivationErrors: activateAndTrace throws WasmError on input length mismatch" classname="./test/wasm/WasmActivationErrors.ts" time="0.000" line="325" col="6">
        </testcase>
        <testcase name="WasmActivationErrors: activateAndTraceBatch4Way throws WasmError on input length mismatch" classname="./test/wasm/WasmActivationErrors.ts" time="0.000" line="337" col="6">
        </testcase>
    </testsuite>
    <testsuite name="./test/wasm/WasmBackpropagation.ts" tests="10" disabled="0" errors="0" failures="0">
        <testcase name="WASM Backpropagation: Module initialisation" classname="./test/wasm/WasmBackpropagation.ts" time="0.000" line="32" col="6">
        </testcase>
        <testcase name="WASM Backpropagation: isWasmSquashSupported" classname="./test/wasm/WasmBackpropagation.ts" time="0.000" line="41" col="6">
        </testcase>
        <testcase name="WASM Backpropagation: squash function produces correct results" classname="./test/wasm/WasmBackpropagation.ts" time="0.000" line="62" col="6">
        </testcase>
        <testcase name="WASM Backpropagation: unSquash function produces correct results" classname="./test/wasm/WasmBackpropagation.ts" time="0.000" line="87" col="6">
        </testcase>
        <testcase name="WASM Backpropagation: calculateError function produces finite results" classname="./test/wasm/WasmBackpropagation.ts" time="0.000" line="117" col="6">
        </testcase>
        <testcase name="WASM Backpropagation: safeZoneAdjustment function produces valid results" classname="./test/wasm/WasmBackpropagation.ts" time="0.000" line="164" col="6">
        </testcase>
        <testcase name="WASM Backpropagation: Training iteration executes without error" classname="./test/wasm/WasmBackpropagation.ts" time="0.012" line="193" col="6">
        </testcase>
        <testcase name="WASM Backpropagation: Cloned networks produce same initial output" classname="./test/wasm/WasmBackpropagation.ts" time="0.003" line="245" col="6">
        </testcase>
        <testcase name="WASM Backpropagation: All standard squash functions work with WASM wrapper" classname="./test/wasm/WasmBackpropagation.ts" time="0.000" line="339" col="6">
        </testcase>
        <testcase name="WASM Backpropagation: Network with multiple squash types processes training" classname="./test/wasm/WasmBackpropagation.ts" time="0.001" line="410" col="6">
        </testcase>
    </testsuite>
    <testsuite name="./test/wasm/WasmBatchOps.ts" tests="12" disabled="0" errors="0" failures="0">
        <testcase name="validateTopologyBatch: validates multiple valid topologies" classname="./test/wasm/WasmBatchOps.ts" time="0.007" line="151" col="6">
        </testcase>
        <testcase name="validateTopologyBatch: empty array returns empty results" classname="./test/wasm/WasmBatchOps.ts" time="0.000" line="168" col="6">
        </testcase>
        <testcase name="validateTopologyBatch: single topology works" classname="./test/wasm/WasmBatchOps.ts" time="0.000" line="173" col="6">
        </testcase>
        <testcase name="validateTopologyBatch: detects invalid topology in batch" classname="./test/wasm/WasmBatchOps.ts" time="0.000" line="183" col="6">
        </testcase>
        <testcase name="validateTopologyBatch: handles four topologies" classname="./test/wasm/WasmBatchOps.ts" time="0.000" line="209" col="6">
        </testcase>
        <testcase name="calculateWeightBatch4Way: matches individual calculateWeight calls" classname="./test/wasm/WasmBatchOps.ts" time="0.001" line="230" col="6">
        </testcase>
        <testcase name="calculateWeightBatch4Way: handles zero-count states" classname="./test/wasm/WasmBatchOps.ts" time="0.000" line="261" col="6">
        </testcase>
        <testcase name="calculateWeightBatch4Way: handles mixed zero and non-zero counts" classname="./test/wasm/WasmBatchOps.ts" time="0.000" line="280" col="6">
        </testcase>
        <testcase name="calculateBiasBatch4Way: matches individual calculateBias calls" classname="./test/wasm/WasmBatchOps.ts" time="0.000" line="312" col="6">
        </testcase>
        <testcase name="calculateBiasBatch4Way: zero-count returns current bias" classname="./test/wasm/WasmBatchOps.ts" time="0.000" line="347" col="6">
        </testcase>
        <testcase name="calculateBiasBatch4Way: noChange returns current bias" classname="./test/wasm/WasmBatchOps.ts" time="0.000" line="369" col="6">
        </testcase>
        <testcase name="calculateBiasBatch4Way: mixed noChange and active biases" classname="./test/wasm/WasmBatchOps.ts" time="0.000" line="391" col="6">
        </testcase>
    </testsuite>
    <testsuite name="./test/wasm/WasmCachePreWarmer.ts" tests="9" disabled="0" errors="0" failures="0">
        <testcase name="WasmCachePreWarmer: pre-computes topology hashes" classname="./test/wasm/WasmCachePreWarmer.ts" time="0.011" line="56" col="6">
        </testcase>
        <testcase name="WasmCachePreWarmer: pre-compiles WASM templates for unique topologies" classname="./test/wasm/WasmCachePreWarmer.ts" time="0.004" line="88" col="6">
        </testcase>
        <testcase name="WasmCachePreWarmer: skips already-cached topologies" classname="./test/wasm/WasmCachePreWarmer.ts" time="0.002" line="111" col="6">
        </testcase>
        <testcase name="WasmCachePreWarmer: skips creatures with existing scores" classname="./test/wasm/WasmCachePreWarmer.ts" time="0.001" line="140" col="6">
        </testcase>
        <testcase name="WasmCachePreWarmer: handles empty population" classname="./test/wasm/WasmCachePreWarmer.ts" time="0.000" line="161" col="6">
        </testcase>
        <testcase name="WasmCachePreWarmer: handles population where all have scores" classname="./test/wasm/WasmCachePreWarmer.ts" time="0.002" line="175" col="6">
        </testcase>
        <testcase name="WasmCachePreWarmer: does not cause excessive cache eviction" classname="./test/wasm/WasmCachePreWarmer.ts" time="0.013" line="194" col="6">
        </testcase>
        <testcase name="WasmCachePreWarmer: topology hashes are reusable after pre-warming" classname="./test/wasm/WasmCachePreWarmer.ts" time="0.001" line="233" col="6">
        </testcase>
        <testcase name="WasmCachePreWarmer: multiple creatures with same topology only compile once" classname="./test/wasm/WasmCachePreWarmer.ts" time="0.003" line="256" col="6">
        </testcase>
    </testsuite>
    <testsuite name="./test/wasm/WasmCalculateErrorAdvanced.ts" tests="14" disabled="0" errors="0" failures="0">
        <testcase name="WASM CalculateError: Bipolar" classname="./test/wasm/WasmCalculateErrorAdvanced.ts" time="0.001" line="63" col="6">
        </testcase>
        <testcase name="WASM CalculateError: Step" classname="./test/wasm/WasmCalculateErrorAdvanced.ts" time="0.000" line="92" col="6">
        </testcase>
        <testcase name="WASM CalculateError: Complement" classname="./test/wasm/WasmCalculateErrorAdvanced.ts" time="0.000" line="121" col="6">
        </testcase>
        <testcase name="WASM CalculateError: Absolute" classname="./test/wasm/WasmCalculateErrorAdvanced.ts" time="0.000" line="149" col="6">
        </testcase>
        <testcase name="WASM CalculateError: Square" classname="./test/wasm/WasmCalculateErrorAdvanced.ts" time="0.000" line="179" col="6">
        </testcase>
        <testcase name="WASM CalculateError: Cube" classname="./test/wasm/WasmCalculateErrorAdvanced.ts" time="0.000" line="210" col="6">
        </testcase>
        <testcase name="WASM CalculateError: Sqrt" classname="./test/wasm/WasmCalculateErrorAdvanced.ts" time="0.000" line="239" col="6">
        </testcase>
        <testcase name="WASM CalculateError: StdInverse" classname="./test/wasm/WasmCalculateErrorAdvanced.ts" time="0.000" line="271" col="6">
        </testcase>
        <testcase name="WASM CalculateError: Exponential" classname="./test/wasm/WasmCalculateErrorAdvanced.ts" time="0.000" line="303" col="6">
        </testcase>
        <testcase name="WASM CalculateError: LogSigmoid" classname="./test/wasm/WasmCalculateErrorAdvanced.ts" time="0.000" line="335" col="6">
        </testcase>
        <testcase name="WASM CalculateError: ISRU" classname="./test/wasm/WasmCalculateErrorAdvanced.ts" time="0.000" line="365" col="6">
        </testcase>
        <testcase name="WASM CalculateError: Aggregate functions return 0" classname="./test/wasm/WasmCalculateErrorAdvanced.ts" time="0.000" line="399" col="6">
        </testcase>
        <testcase name="WASM CalculateError: Error clamping" classname="./test/wasm/WasmCalculateErrorAdvanced.ts" time="0.000" line="433" col="6">
        </testcase>
        <testcase name="WASM CalculateError: Tiny errors return 0" classname="./test/wasm/WasmCalculateErrorAdvanced.ts" time="0.000" line="462" col="6">
        </testcase>
    </testsuite>
    <testsuite name="./test/wasm/WasmCalculateErrorBasic.ts" tests="22" disabled="0" errors="0" failures="0">
        <testcase name="WASM CalculateError: Module initialisation" classname="./test/wasm/WasmCalculateErrorBasic.ts" time="0.000" line="65" col="6">
        </testcase>
        <testcase name="WASM CalculateError: Identity" classname="./test/wasm/WasmCalculateErrorBasic.ts" time="0.000" line="90" col="6">
        </testcase>
        <testcase name="WASM CalculateError: ReLU" classname="./test/wasm/WasmCalculateErrorBasic.ts" time="0.000" line="118" col="6">
        </testcase>
        <testcase name="WASM CalculateError: ReLU6" classname="./test/wasm/WasmCalculateErrorBasic.ts" time="0.000" line="147" col="6">
        </testcase>
        <testcase name="WASM CalculateError: LeakyReLU" classname="./test/wasm/WasmCalculateErrorBasic.ts" time="0.000" line="176" col="6">
        </testcase>
        <testcase name="WASM CalculateError: SELU" classname="./test/wasm/WasmCalculateErrorBasic.ts" time="0.000" line="204" col="6">
        </testcase>
        <testcase name="WASM CalculateError: ELU" classname="./test/wasm/WasmCalculateErrorBasic.ts" time="0.000" line="232" col="6">
        </testcase>
        <testcase name="WASM CalculateError: LOGISTIC (Sigmoid)" classname="./test/wasm/WasmCalculateErrorBasic.ts" time="0.000" line="264" col="6">
        </testcase>
        <testcase name="WASM CalculateError: TANH" classname="./test/wasm/WasmCalculateErrorBasic.ts" time="0.000" line="294" col="6">
        </testcase>
        <testcase name="WASM CalculateError: HardTanh" classname="./test/wasm/WasmCalculateErrorBasic.ts" time="0.000" line="327" col="6">
        </testcase>
        <testcase name="WASM CalculateError: Softsign" classname="./test/wasm/WasmCalculateErrorBasic.ts" time="0.000" line="356" col="6">
        </testcase>
        <testcase name="WASM CalculateError: Softplus" classname="./test/wasm/WasmCalculateErrorBasic.ts" time="0.000" line="388" col="6">
        </testcase>
        <testcase name="WASM CalculateError: Swish" classname="./test/wasm/WasmCalculateErrorBasic.ts" time="0.000" line="417" col="6">
        </testcase>
        <testcase name="WASM CalculateError: Mish" classname="./test/wasm/WasmCalculateErrorBasic.ts" time="0.000" line="446" col="6">
        </testcase>
        <testcase name="WASM CalculateError: GELU" classname="./test/wasm/WasmCalculateErrorBasic.ts" time="0.000" line="479" col="6">
        </testcase>
        <testcase name="WASM CalculateError: SINE" classname="./test/wasm/WasmCalculateErrorBasic.ts" time="0.000" line="508" col="6">
        </testcase>
        <testcase name="WASM CalculateError: Cosine" classname="./test/wasm/WasmCalculateErrorBasic.ts" time="0.000" line="538" col="6">
        </testcase>
        <testcase name="WASM CalculateError: TAN" classname="./test/wasm/WasmCalculateErrorBasic.ts" time="0.000" line="568" col="6">
        </testcase>
        <testcase name="WASM CalculateError: ArcTan" classname="./test/wasm/WasmCalculateErrorBasic.ts" time="0.000" line="598" col="6">
        </testcase>
        <testcase name="WASM CalculateError: GAUSSIAN" classname="./test/wasm/WasmCalculateErrorBasic.ts" time="0.000" line="628" col="6">
        </testcase>
        <testcase name="WASM CalculateError: BentIdentity" classname="./test/wasm/WasmCalculateErrorBasic.ts" time="0.000" line="659" col="6">
        </testcase>
        <testcase name="WASM CalculateError: BipolarSigmoid" classname="./test/wasm/WasmCalculateErrorBasic.ts" time="0.000" line="687" col="6">
        </testcase>
    </testsuite>
    <testsuite name="./test/wasm/WasmCompilationCache.ts" tests="12" disabled="0" errors="0" failures="0">
        <testcase name="WasmCompilationCache: same topology returns cached module" classname="./test/wasm/WasmCompilationCache.ts" time="0.012" line="67" col="6">
        </testcase>
        <testcase name="WasmCompilationCache: different topology returns different module" classname="./test/wasm/WasmCompilationCache.ts" time="0.002" line="96" col="6">
        </testcase>
        <testcase name="WasmCompilationCache: LRU eviction when cache is full" classname="./test/wasm/WasmCompilationCache.ts" time="0.004" line="129" col="6">
        </testcase>
        <testcase name="WasmCompilationCache: invalidate clears specific entry" classname="./test/wasm/WasmCompilationCache.ts" time="0.001" line="169" col="6">
        </testcase>
        <testcase name="WasmCompilationCache: clear removes all entries" classname="./test/wasm/WasmCompilationCache.ts" time="0.003" line="197" col="6">
        </testcase>
        <testcase name="WasmCompilationCache: invalidateWasmCache causes recompilation on next access" classname="./test/wasm/WasmCompilationCache.ts" time="0.001" line="220" col="6">
        </testcase>
        <testcase name="WasmCompilationCache: different squash functions create different cache entries" classname="./test/wasm/WasmCompilationCache.ts" time="0.001" line="259" col="6">
        </testcase>
        <testcase name="WasmCompilationCache: cache statistics track correctly" classname="./test/wasm/WasmCompilationCache.ts" time="0.001" line="287" col="6">
        </testcase>
        <testcase name="WasmCompilationCache: LRU evicts correct entry after access reorder" classname="./test/wasm/WasmCompilationCache.ts" time="0.002" line="322" col="6">
        </testcase>
        <testcase name="WasmCompilationCache: repeated hits produce correct activation results" classname="./test/wasm/WasmCompilationCache.ts" time="0.001" line="380" col="6">
        </testcase>
        <testcase name="WasmCompilationCache: reducing cache size triggers correct evictions" classname="./test/wasm/WasmCompilationCache.ts" time="0.003" line="423" col="6">
        </testcase>
        <testcase name="WasmCompilationCache: works with minimal creatures" classname="./test/wasm/WasmCompilationCache.ts" time="0.000" line="452" col="6">
        </testcase>
    </testsuite>
    <testsuite name="./test/wasm/WasmCompileFailureRecovery.ts" tests="6" disabled="0" errors="0" failures="0">
        <testcase name="Issue #2483: WasmCreatureActivation.create returns null AND records the trap message on bad binary" classname="./test/wasm/WasmCompileFailureRecovery.ts" time="0.002" line="78" col="6">
        </testcase>
        <testcase name="Issue #2483: repeated bad-binary calls do not throw — they keep returning null" classname="./test/wasm/WasmCompileFailureRecovery.ts" time="0.000" line="103" col="6">
        </testcase>
        <testcase name="Issue #2483: activateWasm surfaces WasmError so training can drop the creature without crashing" classname="./test/wasm/WasmCompileFailureRecovery.ts" time="0.007" line="124" col="6">
        </testcase>
        <testcase name="Issue #2483: a regular creature still creates an activation successfully (control)" classname="./test/wasm/WasmCompileFailureRecovery.ts" time="0.000" line="146" col="6">
        </testcase>
        <testcase name="Issue #2483: findCandidateSquash promotes over-threshold neurons to harmful sink" classname="./test/wasm/WasmCompileFailureRecovery.ts" time="0.002" line="220" col="6">
        </testcase>
        <testcase name="Issue #2483: harmful candidate from squash sink is removable via removeHarmfulNeuron" classname="./test/wasm/WasmCompileFailureRecovery.ts" time="0.003" line="273" col="6">
        </testcase>
    </testsuite>
    <testsuite name="./test/wasm/WasmCompiledNetworkType.ts" tests="9" disabled="0" errors="0" failures="0">
        <testcase name="getCompiledNetworkClass returns a typed constructor" classname="./test/wasm/WasmCompiledNetworkType.ts" time="0.000" line="30" col="6">
        </testcase>
        <testcase name="WasmCompiledNetworkConstructor creates a valid network" classname="./test/wasm/WasmCompiledNetworkType.ts" time="0.003" line="35" col="6">
        </testcase>
        <testcase name="WasmCompiledNetwork.activate returns correct output length" classname="./test/wasm/WasmCompiledNetworkType.ts" time="0.000" line="62" col="6">
        </testcase>
        <testcase name="WasmCompiledNetwork.activate_into produces same output as activate" classname="./test/wasm/WasmCompiledNetworkType.ts" time="0.000" line="77" col="6">
        </testcase>
        <testcase name="WasmCompiledNetwork.activate_view produces same output as activate" classname="./test/wasm/WasmCompiledNetworkType.ts" time="0.000" line="94" col="6">
        </testcase>
        <testcase name="WasmCompiledNetwork.activate_and_trace returns output and neuron data" classname="./test/wasm/WasmCompiledNetworkType.ts" time="0.000" line="111" col="6">
        </testcase>
        <testcase name="WasmCompiledNetwork.reset_state does not throw" classname="./test/wasm/WasmCompiledNetworkType.ts" time="0.000" line="130" col="6">
        </testcase>
        <testcase name="WasmCompiledNetwork.activate results match WasmCreatureActivation" classname="./test/wasm/WasmCompiledNetworkType.ts" time="0.000" line="147" col="6">
        </testcase>
        <testcase name="WasmCompiledNetwork readonly properties match creature topology" classname="./test/wasm/WasmCompiledNetworkType.ts" time="0.000" line="168" col="6">
        </testcase>
    </testsuite>
    <testsuite name="./test/wasm/WasmCreatureActivationCreateTrapGuard.ts" tests="4" disabled="0" errors="0" failures="0">
        <testcase name="Issue #2482: valid baseline binary compiles successfully" classname="./test/wasm/WasmCreatureActivationCreateTrapGuard.ts" time="0.001" line="194" col="6">
        </testcase>
        <testcase name="Issue #2482: num_inputs &gt; num_neurons triggers the production trap" classname="./test/wasm/WasmCreatureActivationCreateTrapGuard.ts" time="0.002" line="208" col="6">
        </testcase>
        <testcase name="Issue #2482: extreme finite weights do NOT trap CompiledNetwork::new" classname="./test/wasm/WasmCreatureActivationCreateTrapGuard.ts" time="0.000" line="275" col="6">
        </testcase>
        <testcase name="Issue #2482: non-finite biases do NOT trap CompiledNetwork::new" classname="./test/wasm/WasmCreatureActivationCreateTrapGuard.ts" time="0.000" line="312" col="6">
        </testcase>
    </testsuite>
    <testsuite name="./test/wasm/WasmCreatureActivationLRU.ts" tests="17" disabled="0" errors="0" failures="0">
        <testcase name="WasmCreatureActivationLRU: default capacity is 512" classname="./test/wasm/WasmCreatureActivationLRU.ts" time="0.000" line="44" col="6">
        </testcase>
        <testcase name="WasmCreatureActivationLRU: setMax updates capacity" classname="./test/wasm/WasmCreatureActivationLRU.ts" time="0.000" line="63" col="6">
        </testcase>
        <testcase name="WasmCreatureActivationLRU: capacity is clamped to minimum of 1" classname="./test/wasm/WasmCreatureActivationLRU.ts" time="0.000" line="76" col="6">
        </testcase>
        <testcase name="WasmCreatureActivationLRU: capacity is floored to integer" classname="./test/wasm/WasmCreatureActivationLRU.ts" time="0.000" line="97" col="6">
        </testcase>
        <testcase name="WasmCreatureActivationLRU: noteUse registers creature in cache" classname="./test/wasm/WasmCreatureActivationLRU.ts" time="0.005" line="115" col="6">
        </testcase>
        <testcase name="WasmCreatureActivationLRU: noteUse for same creature multiple times does not duplicate" classname="./test/wasm/WasmCreatureActivationLRU.ts" time="0.000" line="137" col="6">
        </testcase>
        <testcase name="WasmCreatureActivationLRU: eviction triggers disposeWasm on oldest creature" classname="./test/wasm/WasmCreatureActivationLRU.ts" time="0.000" line="167" col="6">
        </testcase>
        <testcase name="WasmCreatureActivationLRU: evictOldest with count 0 preserves cache" classname="./test/wasm/WasmCreatureActivationLRU.ts" time="0.000" line="210" col="6">
        </testcase>
        <testcase name="WasmCreatureActivationLRU: evictOldest with negative count preserves cache" classname="./test/wasm/WasmCreatureActivationLRU.ts" time="0.000" line="234" col="6">
        </testcase>
        <testcase name="WasmCreatureActivationLRU: evictOldest with count exceeding cache size empties cache" classname="./test/wasm/WasmCreatureActivationLRU.ts" time="0.000" line="258" col="6">
        </testcase>
        <testcase name="WasmCreatureActivationLRU: reducing capacity triggers immediate eviction" classname="./test/wasm/WasmCreatureActivationLRU.ts" time="0.001" line="296" col="6">
        </testcase>
        <testcase name="WasmCreatureActivationLRU: disposeAll returns 0 on empty cache" classname="./test/wasm/WasmCreatureActivationLRU.ts" time="0.000" line="336" col="6">
        </testcase>
        <testcase name="WasmCreatureActivationLRU: disposeAll flushes all entries and calls disposeWasm" classname="./test/wasm/WasmCreatureActivationLRU.ts" time="0.001" line="349" col="6">
        </testcase>
        <testcase name="WasmCreatureActivationLRU: disposeAll is idempotent" classname="./test/wasm/WasmCreatureActivationLRU.ts" time="0.000" line="386" col="6">
        </testcase>
        <testcase name="WasmCreatureActivationLRU: deregister removes creature from cache count" classname="./test/wasm/WasmCreatureActivationLRU.ts" time="0.000" line="411" col="6">
        </testcase>
        <testcase name="WasmCreatureActivationLRU: deregister for unknown creature is a no-op" classname="./test/wasm/WasmCreatureActivationLRU.ts" time="0.000" line="434" col="6">
        </testcase>
        <testcase name="WasmCreatureActivationLRU: dispose() deregisters from LRU via disposeWasm" classname="./test/wasm/WasmCreatureActivationLRU.ts" time="0.000" line="441" col="6">
        </testcase>
    </testsuite>
    <testsuite name="./test/wasm/WasmCreatureActivationTrapGuard.ts" tests="3" disabled="0" errors="0" failures="0">
        <testcase name="Issue #2484: Creature.activateAndTrace surfaces WASM trap as WasmError, not RuntimeError" classname="./test/wasm/WasmCreatureActivationTrapGuard.ts" time="0.010" line="165" col="6">
        </testcase>
        <testcase name="Issue #2484: WasmCreatureActivation.create returns null silently for the production trap shape (no log spam)" classname="./test/wasm/WasmCreatureActivationTrapGuard.ts" time="0.000" line="200" col="6">
        </testcase>
        <testcase name="Issue #2484: a healthy creature still compiles and activates after a bad one trapped" classname="./test/wasm/WasmCreatureActivationTrapGuard.ts" time="0.002" line="260" col="6">
        </testcase>
    </testsuite>
    <testsuite name="./test/wasm/WasmDerivative.ts" tests="35" disabled="0" errors="0" failures="0">
        <testcase name="WASM Derivative: Module initialisation" classname="./test/wasm/WasmDerivative.ts" time="0.000" line="76" col="6">
        </testcase>
        <testcase name="WASM Derivative: Identity" classname="./test/wasm/WasmDerivative.ts" time="0.000" line="102" col="6">
        </testcase>
        <testcase name="WASM Derivative: ReLU" classname="./test/wasm/WasmDerivative.ts" time="0.000" line="114" col="6">
        </testcase>
        <testcase name="WASM Derivative: ReLU6" classname="./test/wasm/WasmDerivative.ts" time="0.000" line="126" col="6">
        </testcase>
        <testcase name="WASM Derivative: LeakyReLU" classname="./test/wasm/WasmDerivative.ts" time="0.000" line="140" col="6">
        </testcase>
        <testcase name="WASM Derivative: SELU" classname="./test/wasm/WasmDerivative.ts" time="0.000" line="152" col="6">
        </testcase>
        <testcase name="WASM Derivative: ELU" classname="./test/wasm/WasmDerivative.ts" time="0.000" line="164" col="6">
        </testcase>
        <testcase name="WASM Derivative: LOGISTIC (Sigmoid)" classname="./test/wasm/WasmDerivative.ts" time="0.000" line="176" col="6">
        </testcase>
        <testcase name="WASM Derivative: TANH" classname="./test/wasm/WasmDerivative.ts" time="0.000" line="188" col="6">
        </testcase>
        <testcase name="WASM Derivative: HardTanh" classname="./test/wasm/WasmDerivative.ts" time="0.000" line="200" col="6">
        </testcase>
        <testcase name="WASM Derivative: Softsign" classname="./test/wasm/WasmDerivative.ts" time="0.000" line="214" col="6">
        </testcase>
        <testcase name="WASM Derivative: Softplus" classname="./test/wasm/WasmDerivative.ts" time="0.000" line="226" col="6">
        </testcase>
        <testcase name="WASM Derivative: Swish" classname="./test/wasm/WasmDerivative.ts" time="0.000" line="238" col="6">
        </testcase>
        <testcase name="WASM Derivative: Mish" classname="./test/wasm/WasmDerivative.ts" time="0.000" line="250" col="6">
        </testcase>
        <testcase name="WASM Derivative: GELU" classname="./test/wasm/WasmDerivative.ts" time="0.000" line="265" col="6">
        </testcase>
        <testcase name="WASM Derivative: SINE" classname="./test/wasm/WasmDerivative.ts" time="0.000" line="277" col="6">
        </testcase>
        <testcase name="WASM Derivative: Cosine" classname="./test/wasm/WasmDerivative.ts" time="0.000" line="289" col="6">
        </testcase>
        <testcase name="WASM Derivative: TAN" classname="./test/wasm/WasmDerivative.ts" time="0.000" line="301" col="6">
        </testcase>
        <testcase name="WASM Derivative: ArcTan" classname="./test/wasm/WasmDerivative.ts" time="0.000" line="315" col="6">
        </testcase>
        <testcase name="WASM Derivative: GAUSSIAN" classname="./test/wasm/WasmDerivative.ts" time="0.000" line="327" col="6">
        </testcase>
        <testcase name="WASM Derivative: BentIdentity" classname="./test/wasm/WasmDerivative.ts" time="0.000" line="339" col="6">
        </testcase>
        <testcase name="WASM Derivative: BipolarSigmoid" classname="./test/wasm/WasmDerivative.ts" time="0.000" line="351" col="6">
        </testcase>
        <testcase name="WASM Derivative: Bipolar" classname="./test/wasm/WasmDerivative.ts" time="0.000" line="363" col="6">
        </testcase>
        <testcase name="WASM Derivative: Step" classname="./test/wasm/WasmDerivative.ts" time="0.000" line="375" col="6">
        </testcase>
        <testcase name="WASM Derivative: Complement" classname="./test/wasm/WasmDerivative.ts" time="0.000" line="389" col="6">
        </testcase>
        <testcase name="WASM Derivative: Absolute" classname="./test/wasm/WasmDerivative.ts" time="0.000" line="401" col="6">
        </testcase>
        <testcase name="WASM Derivative: Square" classname="./test/wasm/WasmDerivative.ts" time="0.000" line="414" col="6">
        </testcase>
        <testcase name="WASM Derivative: Cube" classname="./test/wasm/WasmDerivative.ts" time="0.000" line="426" col="6">
        </testcase>
        <testcase name="WASM Derivative: Sqrt" classname="./test/wasm/WasmDerivative.ts" time="0.000" line="438" col="6">
        </testcase>
        <testcase name="WASM Derivative: StdInverse" classname="./test/wasm/WasmDerivative.ts" time="0.000" line="457" col="6">
        </testcase>
        <testcase name="WASM Derivative: Exponential" classname="./test/wasm/WasmDerivative.ts" time="0.000" line="469" col="6">
        </testcase>
        <testcase name="WASM Derivative: LogSigmoid" classname="./test/wasm/WasmDerivative.ts" time="0.000" line="483" col="6">
        </testcase>
        <testcase name="WASM Derivative: ISRU" classname="./test/wasm/WasmDerivative.ts" time="0.000" line="495" col="6">
        </testcase>
        <testcase name="WASM Derivative: Aggregate functions return 0" classname="./test/wasm/WasmDerivative.ts" time="0.001" line="508" col="6">
        </testcase>
        <testcase name="WASM Derivative: Comprehensive comparison with JS implementations" classname="./test/wasm/WasmDerivative.ts" time="0.001" line="525" col="6">
        </testcase>
    </testsuite>
    <testsuite name="./test/wasm/WasmDisposal.ts" tests="3" disabled="0" errors="0" failures="0">
        <testcase name="WasmDisposal: activate, dispose, re-activate cycle works" classname="./test/wasm/WasmDisposal.ts" time="0.008" line="34" col="6">
        </testcase>
        <testcase name="WasmDisposal: disposeAll frees real WASM activations" classname="./test/wasm/WasmDisposal.ts" time="0.003" line="77" col="6">
        </testcase>
        <testcase name="WasmDisposal: LRU eviction frees WASM and allows re-activation" classname="./test/wasm/WasmDisposal.ts" time="0.001" line="131" col="6">
        </testcase>
    </testsuite>
    <testsuite name="./test/wasm/WasmEvolveDirCoverage.ts" tests="9" disabled="0" errors="0" failures="0">
        <testcase name="WASM evolveDir coverage: activation functions available" classname="./test/wasm/WasmEvolveDirCoverage.ts" time="0.000" line="48" col="6">
        </testcase>
        <testcase name="WASM evolveDir coverage: forward pass produces valid output" classname="./test/wasm/WasmEvolveDirCoverage.ts" time="0.007" line="58" col="6">
        </testcase>
        <testcase name="WASM evolveDir coverage: fitness evaluation via cost functions" classname="./test/wasm/WasmEvolveDirCoverage.ts" time="0.001" line="81" col="6">
        </testcase>
        <testcase name="WASM evolveDir coverage: breeding produces valid offspring" classname="./test/wasm/WasmEvolveDirCoverage.ts" time="0.015" line="127" col="6">
        </testcase>
        <testcase name="WASM evolveDir coverage: breeding with different topologies" classname="./test/wasm/WasmEvolveDirCoverage.ts" time="0.004" line="175" col="6">
        </testcase>
        <testcase name="WASM evolveDir coverage: genetic compatibility score range" classname="./test/wasm/WasmEvolveDirCoverage.ts" time="0.000" line="208" col="6">
        </testcase>
        <testcase name="WASM evolveDir coverage: self-compatibility is perfect" classname="./test/wasm/WasmEvolveDirCoverage.ts" time="0.000" line="229" col="6">
        </testcase>
        <testcase name="WASM evolveDir coverage: mutation preserves creature validity" classname="./test/wasm/WasmEvolveDirCoverage.ts" time="0.008" line="246" col="6">
        </testcase>
        <testcase name="WASM evolveDir coverage: creatures have deterministic UUIDs" classname="./test/wasm/WasmEvolveDirCoverage.ts" time="0.001" line="288" col="6">
        </testcase>
    </testsuite>
    <testsuite name="./test/wasm/WasmFacadeRefactoring.ts" tests="12" disabled="0" errors="0" failures="0">
        <testcase name="wasmSquash delegates correctly for ReLU" classname="./test/wasm/WasmFacadeRefactoring.ts" time="0.000" line="42" col="6">
        </testcase>
        <testcase name="wasmSquash delegates correctly for Logistic" classname="./test/wasm/WasmFacadeRefactoring.ts" time="0.000" line="47" col="6">
        </testcase>
        <testcase name="wasmDerivative returns correct value for Tanh" classname="./test/wasm/WasmFacadeRefactoring.ts" time="0.000" line="51" col="6">
        </testcase>
        <testcase name="wasmUnSquash round-trips with squash for Logistic" classname="./test/wasm/WasmFacadeRefactoring.ts" time="0.000" line="56" col="6">
        </testcase>
        <testcase name="wasmSafeZoneAdjustment returns 1 for LOGISTIC within safe zone" classname="./test/wasm/WasmFacadeRefactoring.ts" time="0.000" line="62" col="6">
        </testcase>
        <testcase name="wasmSafeZoneAdjustmentBatch processes multiple synapses" classname="./test/wasm/WasmFacadeRefactoring.ts" time="0.000" line="68" col="6">
        </testcase>
        <testcase name="wasmCalculateError returns positive error for LOGISTIC when target exceeds current" classname="./test/wasm/WasmFacadeRefactoring.ts" time="0.000" line="85" col="6">
        </testcase>
        <testcase name="wasmFusedErrorDistribution returns expected structure" classname="./test/wasm/WasmFacadeRefactoring.ts" time="0.000" line="94" col="6">
        </testcase>
        <testcase name="wasmGetRange returns valid range for Logistic" classname="./test/wasm/WasmFacadeRefactoring.ts" time="0.000" line="117" col="6">
        </testcase>
        <testcase name="WasmCreatureActivation.fromCreature produces valid activation" classname="./test/wasm/WasmFacadeRefactoring.ts" time="0.003" line="127" col="6">
        </testcase>
        <testcase name="WasmCreatureActivation trace types are accessible" classname="./test/wasm/WasmFacadeRefactoring.ts" time="0.000" line="138" col="6">
        </testcase>
        <testcase name="WasmCreatureActivation activateWithState returns output of correct length" classname="./test/wasm/WasmFacadeRefactoring.ts" time="0.000" line="165" col="6">
        </testcase>
    </testsuite>
    <testsuite name="./test/wasm/WasmModuleLoader.ts" tests="4" disabled="0" errors="0" failures="0">
        <testcase name="WasmModuleLoader: WASM activation is available after init" classname="./test/wasm/WasmModuleLoader.ts" time="0.000" line="36" col="6">
        </testcase>
        <testcase name="WasmModuleLoader: initWasmActivation is idempotent" classname="./test/wasm/WasmModuleLoader.ts" time="0.000" line="44" col="6">
        </testcase>
        <testcase name="WasmModuleLoader: all function getters return non-null after init" classname="./test/wasm/WasmModuleLoader.ts" time="0.000" line="60" col="6">
        </testcase>
        <testcase name="WasmModuleLoader: version function returns a non-empty string" classname="./test/wasm/WasmModuleLoader.ts" time="0.000" line="80" col="6">
        </testcase>
    </testsuite>
    <testsuite name="./test/wasm/WasmInstantiationFailure.ts" tests="2" disabled="0" errors="0" failures="0">
        <testcase name="Issue #2146: activateWasm throws WasmError not AssertionError on instantiation failure" classname="./test/wasm/WasmInstantiationFailure.ts" time="0.007" line="49" col="6">
        </testcase>
        <testcase name="Issue #2146: activateAndTraceWasm throws WasmError not AssertionError on instantiation failure" classname="./test/wasm/WasmInstantiationFailure.ts" time="0.002" line="70" col="6">
        </testcase>
    </testsuite>
    <testsuite name="./test/wasm/WasmMemoryLifecycle.ts" tests="9" disabled="0" errors="0" failures="0">
        <testcase name="WasmMemoryLifecycle: disposeWasm clears cachedWasmActivation" classname="./test/wasm/WasmMemoryLifecycle.ts" time="0.005" line="37" col="6">
        </testcase>
        <testcase name="WasmMemoryLifecycle: disposeWasm is safe to call multiple times" classname="./test/wasm/WasmMemoryLifecycle.ts" time="0.000" line="59" col="6">
        </testcase>
        <testcase name="WasmMemoryLifecycle: disposeWasm clears eligibility cache" classname="./test/wasm/WasmMemoryLifecycle.ts" time="0.000" line="81" col="6">
        </testcase>
        <testcase name="WasmMemoryLifecycle: repeated activate-dispose cycles produce consistent output" classname="./test/wasm/WasmMemoryLifecycle.ts" time="0.001" line="108" col="6">
        </testcase>
        <testcase name="WasmMemoryLifecycle: many creatures activated and disposed leave no cached state" classname="./test/wasm/WasmMemoryLifecycle.ts" time="0.024" line="140" col="6">
        </testcase>
        <testcase name="WasmMemoryLifecycle: ephemeral activation leaves no cached WASM on creature" classname="./test/wasm/WasmMemoryLifecycle.ts" time="0.004" line="170" col="6">
        </testcase>
        <testcase name="WasmMemoryLifecycle: creature.dispose() frees WASM activation" classname="./test/wasm/WasmMemoryLifecycle.ts" time="0.000" line="199" col="6">
        </testcase>
        <testcase name="WasmMemoryLifecycle: sequential activation respects LRU capacity" classname="./test/wasm/WasmMemoryLifecycle.ts" time="0.007" line="221" col="6">
        </testcase>
        <testcase name="WasmMemoryLifecycle: evicted creatures have WASM disposed" classname="./test/wasm/WasmMemoryLifecycle.ts" time="0.004" line="251" col="6">
        </testcase>
    </testsuite>
    <testsuite name="./test/wasm/WasmOnlyActivation.ts" tests="7" disabled="0" errors="0" failures="0">
        <testcase name="WASM-only: squash produces correct values for known activations" classname="./test/wasm/WasmOnlyActivation.ts" time="0.001" line="59" col="6">
        </testcase>
        <testcase name="WASM-only: unSquash produces finite values for all standard activations" classname="./test/wasm/WasmOnlyActivation.ts" time="0.000" line="97" col="6">
        </testcase>
        <testcase name="WASM-only: calculateError returns finite values for all standard activations" classname="./test/wasm/WasmOnlyActivation.ts" time="0.001" line="117" col="6">
        </testcase>
        <testcase name="WASM-only: calculateError returns zero when target equals current activation" classname="./test/wasm/WasmOnlyActivation.ts" time="0.000" line="127" col="6">
        </testcase>
        <testcase name="WASM-only: safeZoneAdjustment works for all standard activations" classname="./test/wasm/WasmOnlyActivation.ts" time="0.000" line="148" col="6">
        </testcase>
        <testcase name="WASM-only: squash/unSquash round-trip for invertible activations" classname="./test/wasm/WasmOnlyActivation.ts" time="0.000" line="162" col="6">
        </testcase>
        <testcase name="WASM-only: JS activation classes retain metadata" classname="./test/wasm/WasmOnlyActivation.ts" time="0.000" line="193" col="6">
        </testcase>
    </testsuite>
    <testsuite name="./test/wasm/WasmOwnershipRecovery.ts" tests="10" disabled="0" errors="0" failures="0">
        <testcase name="WasmOwnershipRecovery: free is idempotent — multiple calls do not throw" classname="./test/wasm/WasmOwnershipRecovery.ts" time="0.006" line="70" col="6">
        </testcase>
        <testcase name="WasmOwnershipRecovery: after free, neurons and synapses return zero" classname="./test/wasm/WasmOwnershipRecovery.ts" time="0.000" line="78" col="6">
        </testcase>
        <testcase name="WasmOwnershipRecovery: Symbol.dispose frees without throwing" classname="./test/wasm/WasmOwnershipRecovery.ts" time="0.001" line="85" col="6">
        </testcase>
        <testcase name="WasmOwnershipRecovery: Creature.dispose handles WASM cleanup without throwing" classname="./test/wasm/WasmOwnershipRecovery.ts" time="0.001" line="95" col="6">
        </testcase>
        <testcase name="WasmOwnershipRecovery: Creature.clearState disposes WASM and allows reuse" classname="./test/wasm/WasmOwnershipRecovery.ts" time="0.000" line="104" col="6">
        </testcase>
        <testcase name="WasmOwnershipRecovery: double Creature.dispose does not throw" classname="./test/wasm/WasmOwnershipRecovery.ts" time="0.000" line="113" col="6">
        </testcase>
        <testcase name="WasmOwnershipRecovery: free() recovers after WASM trap leaves borrow dangling" classname="./test/wasm/WasmOwnershipRecovery.ts" time="0.001" line="122" col="6">
        </testcase>
        <testcase name="WasmOwnershipRecovery: double free after WASM trap is safe" classname="./test/wasm/WasmOwnershipRecovery.ts" time="0.000" line="142" col="6">
        </testcase>
        <testcase name="WasmOwnershipRecovery: Symbol.dispose works after WASM trap" classname="./test/wasm/WasmOwnershipRecovery.ts" time="0.000" line="152" col="6">
        </testcase>
        <testcase name="WasmOwnershipRecovery: callBatchFn poisons activation after WASM trap" classname="./test/wasm/WasmOwnershipRecovery.ts" time="0.000" line="164" col="6">
        </testcase>
    </testsuite>
    <testsuite name="./test/wasm/WasmPayloadAvailability.ts" tests="3" disabled="0" errors="0" failures="0">
        <testcase name="Issue #2112: WASM activation payload is available (sync check)" classname="./test/wasm/WasmPayloadAvailability.ts" time="0.001" line="17" col="6">
        </testcase>
        <testcase name="Issue #2112: WASM activation payload loads synchronously" classname="./test/wasm/WasmPayloadAvailability.ts" time="0.001" line="31" col="6">
        </testcase>
        <testcase name="Issue #2112: WASM activation payload loads asynchronously" classname="./test/wasm/WasmPayloadAvailability.ts" time="0.000" line="48" col="6">
        </testcase>
    </testsuite>
    <testsuite name="./test/wasm/WasmPersistentTrainingState.ts" tests="12" disabled="0" errors="0" failures="0">
        <testcase name="PersistentTrainingState-WeightMatchesSingleCalls" classname="./test/wasm/WasmPersistentTrainingState.ts" time="0.002" line="45" col="6">
        </testcase>
        <testcase name="PersistentTrainingState-BiasMatchesSingleCalls" classname="./test/wasm/WasmPersistentTrainingState.ts" time="0.000" line="124" col="6">
        </testcase>
        <testcase name="PersistentTrainingState-MultipleIterations" classname="./test/wasm/WasmPersistentTrainingState.ts" time="0.000" line="178" col="6">
        </testcase>
        <testcase name="PersistentTrainingState-ResetZeroesState" classname="./test/wasm/WasmPersistentTrainingState.ts" time="0.000" line="245" col="6">
        </testcase>
        <testcase name="PersistentTrainingState-UnpackSynapseState" classname="./test/wasm/WasmPersistentTrainingState.ts" time="0.000" line="279" col="6">
        </testcase>
        <testcase name="PersistentTrainingState-UnpackNeuronState" classname="./test/wasm/WasmPersistentTrainingState.ts" time="0.000" line="309" col="6">
        </testcase>
        <testcase name="PersistentTrainingState-NonFiniteValues" classname="./test/wasm/WasmPersistentTrainingState.ts" time="0.000" line="338" col="6">
        </testcase>
        <testcase name="PersistentTrainingState-MatchesBatch4Way" classname="./test/wasm/WasmPersistentTrainingState.ts" time="0.000" line="372" col="6">
        </testcase>
        <testcase name="PersistentTrainingState-BiasMatchesBatch4Way" classname="./test/wasm/WasmPersistentTrainingState.ts" time="0.000" line="448" col="6">
        </testcase>
        <testcase name="PersistentTrainingState-BulkReadMatchesIndividual" classname="./test/wasm/WasmPersistentTrainingState.ts" time="0.000" line="494" col="6">
        </testcase>
        <testcase name="PersistentTrainingState-InitFreeIsRepeatable" classname="./test/wasm/WasmPersistentTrainingState.ts" time="0.000" line="550" col="6">
        </testcase>
        <testcase name="PersistentTrainingState-ReinitialiseAfterFree" classname="./test/wasm/WasmPersistentTrainingState.ts" time="0.000" line="571" col="6">
        </testcase>
    </testsuite>
    <testsuite name="./test/wasm/WasmPublishIncluded.ts" tests="2" disabled="0" errors="0" failures="0">
        <testcase name="Issue #2112: wasm_activation/pkg files are included in deno publish output" classname="./test/wasm/WasmPublishIncluded.ts" time="10.324" line="11" col="6">
        </testcase>
        <testcase name="Issue #2112: wasm_activation/pkg files exist on disk for local consumers" classname="./test/wasm/WasmPublishIncluded.ts" time="0.000" line="43" col="6">
        </testcase>
    </testsuite>
    <testsuite name="./test/wasm/WasmRangeValidation.ts" tests="12" disabled="0" errors="0" failures="0">
        <testcase name="WASM Range Validation - get_range matches TypeScript for all activations" classname="./test/wasm/WasmRangeValidation.ts" time="0.002" line="64" col="6">
        </testcase>
        <testcase name="WASM Range Validation - validate_range returns true for valid activations" classname="./test/wasm/WasmRangeValidation.ts" time="0.000" line="159" col="6">
        </testcase>
        <testcase name="WASM Range Validation - validate_range returns false for invalid activations" classname="./test/wasm/WasmRangeValidation.ts" time="0.000" line="199" col="6">
        </testcase>
        <testcase name="WASM Range Validation - limit_range clamps values correctly" classname="./test/wasm/WasmRangeValidation.ts" time="0.000" line="236" col="6">
        </testcase>
        <testcase name="WASM Range Validation - limit_range matches TypeScript range.limit()" classname="./test/wasm/WasmRangeValidation.ts" time="0.000" line="278" col="6">
        </testcase>
        <testcase name="WASM Range Validation - aggregate functions have unbounded ranges" classname="./test/wasm/WasmRangeValidation.ts" time="0.000" line="332" col="6">
        </testcase>
        <testcase name="WASM Range Validation - GELU has correct negative lower bound" classname="./test/wasm/WasmRangeValidation.ts" time="0.000" line="354" col="6">
        </testcase>
        <testcase name="WASM Range Validation - LogSigmoid has correct range (-inf, 0]" classname="./test/wasm/WasmRangeValidation.ts" time="0.000" line="366" col="6">
        </testcase>
        <testcase name="WASM Range Validation - ELU has correct range [-1, inf)" classname="./test/wasm/WasmRangeValidation.ts" time="0.000" line="377" col="6">
        </testcase>
        <testcase name="WASM Range Validation - ArcTan has correct range [-π/2, π/2]" classname="./test/wasm/WasmRangeValidation.ts" time="0.000" line="388" col="6">
        </testcase>
        <testcase name="WASM Range Validation - Softplus has correct range (0, 100)" classname="./test/wasm/WasmRangeValidation.ts" time="0.000" line="405" col="6">
        </testcase>
        <testcase name="WASM Range Validation - ISRU has correct range [-1, 1]" classname="./test/wasm/WasmRangeValidation.ts" time="0.000" line="418" col="6">
        </testcase>
    </testsuite>
    <testsuite name="./test/wasm/WasmPropagateTopologicalTrapGuard.ts" tests="1" disabled="0" errors="0" failures="0">
        <testcase name="WasmPropagateTopologicalTrapGuard: backprop loop does not trap (Issue #2460)" classname="./test/wasm/WasmPropagateTopologicalTrapGuard.ts" time="0.059" line="99" col="6">
        </testcase>
    </testsuite>
    <testsuite name="./test/wasm/WasmSafeZoneAdjustmentAdvanced.ts" tests="13" disabled="0" errors="0" failures="0">
        <testcase name="WASM SafeZoneAdjustment: Bipolar returns 0" classname="./test/wasm/WasmSafeZoneAdjustmentAdvanced.ts" time="0.001" line="80" col="6">
        </testcase>
        <testcase name="WASM SafeZoneAdjustment: Step" classname="./test/wasm/WasmSafeZoneAdjustmentAdvanced.ts" time="0.005" line="97" col="6">
        </testcase>
        <testcase name="WASM SafeZoneAdjustment: ABSOLUTE" classname="./test/wasm/WasmSafeZoneAdjustmentAdvanced.ts" time="0.001" line="117" col="6">
        </testcase>
        <testcase name="WASM SafeZoneAdjustment: SQUARE" classname="./test/wasm/WasmSafeZoneAdjustmentAdvanced.ts" time="0.001" line="142" col="6">
        </testcase>
        <testcase name="WASM SafeZoneAdjustment: Cube" classname="./test/wasm/WasmSafeZoneAdjustmentAdvanced.ts" time="0.001" line="162" col="6">
        </testcase>
        <testcase name="WASM SafeZoneAdjustment: SQRT" classname="./test/wasm/WasmSafeZoneAdjustmentAdvanced.ts" time="0.000" line="182" col="6">
        </testcase>
        <testcase name="WASM SafeZoneAdjustment: StdInverse" classname="./test/wasm/WasmSafeZoneAdjustmentAdvanced.ts" time="0.001" line="216" col="6">
        </testcase>
        <testcase name="WASM SafeZoneAdjustment: Exponential" classname="./test/wasm/WasmSafeZoneAdjustmentAdvanced.ts" time="0.001" line="241" col="6">
        </testcase>
        <testcase name="WASM SafeZoneAdjustment: LogSigmoid" classname="./test/wasm/WasmSafeZoneAdjustmentAdvanced.ts" time="0.001" line="266" col="6">
        </testcase>
        <testcase name="WASM SafeZoneAdjustment: ISRU" classname="./test/wasm/WasmSafeZoneAdjustmentAdvanced.ts" time="0.001" line="291" col="6">
        </testcase>
        <testcase name="WASM SafeZoneAdjustment: Aggregate functions return 0" classname="./test/wasm/WasmSafeZoneAdjustmentAdvanced.ts" time="0.001" line="312" col="6">
        </testcase>
        <testcase name="WASM SafeZoneAdjustment: Complement returns 1.0" classname="./test/wasm/WasmSafeZoneAdjustmentAdvanced.ts" time="0.000" line="331" col="6">
        </testcase>
        <testcase name="WASM SafeZoneAdjustment: Non-finite inputs return 0" classname="./test/wasm/WasmSafeZoneAdjustmentAdvanced.ts" time="0.000" line="348" col="6">
        </testcase>
    </testsuite>
    <testsuite name="./test/wasm/WasmSafeZoneAdjustmentBasic.ts" tests="22" disabled="0" errors="0" failures="0">
        <testcase name="WASM SafeZoneAdjustment: Module initialisation" classname="./test/wasm/WasmSafeZoneAdjustmentBasic.ts" time="0.000" line="67" col="6">
        </testcase>
        <testcase name="WASM SafeZoneAdjustment: IDENTITY" classname="./test/wasm/WasmSafeZoneAdjustmentBasic.ts" time="0.001" line="106" col="6">
        </testcase>
        <testcase name="WASM SafeZoneAdjustment: ReLU" classname="./test/wasm/WasmSafeZoneAdjustmentBasic.ts" time="0.000" line="131" col="6">
        </testcase>
        <testcase name="WASM SafeZoneAdjustment: ReLU6" classname="./test/wasm/WasmSafeZoneAdjustmentBasic.ts" time="0.000" line="150" col="6">
        </testcase>
        <testcase name="WASM SafeZoneAdjustment: LeakyReLU" classname="./test/wasm/WasmSafeZoneAdjustmentBasic.ts" time="0.001" line="170" col="6">
        </testcase>
        <testcase name="WASM SafeZoneAdjustment: SELU" classname="./test/wasm/WasmSafeZoneAdjustmentBasic.ts" time="0.001" line="195" col="6">
        </testcase>
        <testcase name="WASM SafeZoneAdjustment: ELU" classname="./test/wasm/WasmSafeZoneAdjustmentBasic.ts" time="0.001" line="215" col="6">
        </testcase>
        <testcase name="WASM SafeZoneAdjustment: LOGISTIC (Sigmoid)" classname="./test/wasm/WasmSafeZoneAdjustmentBasic.ts" time="0.000" line="235" col="6">
        </testcase>
        <testcase name="WASM SafeZoneAdjustment: TANH" classname="./test/wasm/WasmSafeZoneAdjustmentBasic.ts" time="0.000" line="253" col="6">
        </testcase>
        <testcase name="WASM SafeZoneAdjustment: HardTanh" classname="./test/wasm/WasmSafeZoneAdjustmentBasic.ts" time="0.000" line="271" col="6">
        </testcase>
        <testcase name="WASM SafeZoneAdjustment: Softsign" classname="./test/wasm/WasmSafeZoneAdjustmentBasic.ts" time="0.001" line="291" col="6">
        </testcase>
        <testcase name="WASM SafeZoneAdjustment: Softplus" classname="./test/wasm/WasmSafeZoneAdjustmentBasic.ts" time="0.001" line="316" col="6">
        </testcase>
        <testcase name="WASM SafeZoneAdjustment: Swish" classname="./test/wasm/WasmSafeZoneAdjustmentBasic.ts" time="0.001" line="341" col="6">
        </testcase>
        <testcase name="WASM SafeZoneAdjustment: Mish" classname="./test/wasm/WasmSafeZoneAdjustmentBasic.ts" time="0.001" line="361" col="6">
        </testcase>
        <testcase name="WASM SafeZoneAdjustment: GELU" classname="./test/wasm/WasmSafeZoneAdjustmentBasic.ts" time="0.001" line="381" col="6">
        </testcase>
        <testcase name="WASM SafeZoneAdjustment: SINE" classname="./test/wasm/WasmSafeZoneAdjustmentBasic.ts" time="0.001" line="401" col="6">
        </testcase>
        <testcase name="WASM SafeZoneAdjustment: Cosine" classname="./test/wasm/WasmSafeZoneAdjustmentBasic.ts" time="0.001" line="421" col="6">
        </testcase>
        <testcase name="WASM SafeZoneAdjustment: TAN" classname="./test/wasm/WasmSafeZoneAdjustmentBasic.ts" time="0.000" line="441" col="6">
        </testcase>
        <testcase name="WASM SafeZoneAdjustment: ArcTan" classname="./test/wasm/WasmSafeZoneAdjustmentBasic.ts" time="0.001" line="463" col="6">
        </testcase>
        <testcase name="WASM SafeZoneAdjustment: GAUSSIAN" classname="./test/wasm/WasmSafeZoneAdjustmentBasic.ts" time="0.004" line="483" col="6">
        </testcase>
        <testcase name="WASM SafeZoneAdjustment: BentIdentity" classname="./test/wasm/WasmSafeZoneAdjustmentBasic.ts" time="0.001" line="508" col="6">
        </testcase>
        <testcase name="WASM SafeZoneAdjustment: BipolarSigmoid" classname="./test/wasm/WasmSafeZoneAdjustmentBasic.ts" time="0.001" line="533" col="6">
        </testcase>
    </testsuite>
    <testsuite name="./test/wasm/WasmSafeZoneAdjustmentComprehensive.ts" tests="1" disabled="0" errors="0" failures="0">
        <testcase name="WASM SafeZoneAdjustment: Comprehensive comparison" classname="./test/wasm/WasmSafeZoneAdjustmentComprehensive.ts" time="0.006" line="77" col="6">
        </testcase>
    </testsuite>
    <testsuite name="./test/wasm/WasmStructuralValidation.ts" tests="10" disabled="0" errors="0" failures="0">
        <testcase name="validateStructuralIntegrity: valid simple creature returns VALID" classname="./test/wasm/WasmStructuralValidation.ts" time="0.007" line="109" col="6">
        </testcase>
        <testcase name="validateStructuralIntegrity: valid constant creature returns VALID" classname="./test/wasm/WasmStructuralValidation.ts" time="0.000" line="119" col="6">
        </testcase>
        <testcase name="validateStructuralIntegrity: valid IF creature returns VALID" classname="./test/wasm/WasmStructuralValidation.ts" time="0.000" line="129" col="6">
        </testcase>
        <testcase name="detectCycles: acyclic graph returns false" classname="./test/wasm/WasmStructuralValidation.ts" time="0.000" line="143" col="6">
        </testcase>
        <testcase name="detectCycles: acyclic graph with constant neuron returns false" classname="./test/wasm/WasmStructuralValidation.ts" time="0.000" line="152" col="6">
        </testcase>
        <testcase name="detectCycles: IF creature is acyclic" classname="./test/wasm/WasmStructuralValidation.ts" time="0.000" line="161" col="6">
        </testcase>
        <testcase name="TypedTopology.validateStructuralIntegrity: valid creature" classname="./test/wasm/WasmStructuralValidation.ts" time="0.000" line="174" col="6">
        </testcase>
        <testcase name="TypedTopology.detectCycles: acyclic creature" classname="./test/wasm/WasmStructuralValidation.ts" time="0.000" line="184" col="6">
        </testcase>
        <testcase name="TypedTopology.validateStructuralIntegrity: IF creature passes" classname="./test/wasm/WasmStructuralValidation.ts" time="0.000" line="193" col="6">
        </testcase>
        <testcase name="creatureValidate uses structural validation for forward-only creature" classname="./test/wasm/WasmStructuralValidation.ts" time="0.000" line="206" col="6">
        </testcase>
    </testsuite>
    <testsuite name="./test/wasm/WasmTopologyOps.ts" tests="14" disabled="0" errors="0" failures="0">
        <testcase name="validateTopology: valid forward-only creature returns VALID" classname="./test/wasm/WasmTopologyOps.ts" time="0.006" line="101" col="6">
        </testcase>
        <testcase name="validateTopology: larger valid creature returns VALID" classname="./test/wasm/WasmTopologyOps.ts" time="0.001" line="111" col="6">
        </testcase>
        <testcase name="validateTopology: empty creature is valid" classname="./test/wasm/WasmTopologyOps.ts" time="0.000" line="121" col="6">
        </testcase>
        <testcase name="scanAvailableConnections: returns correct slots for simple creature" classname="./test/wasm/WasmTopologyOps.ts" time="0.000" line="145" col="6">
        </testcase>
        <testcase name="scanAvailableConnections: excludes existing connections" classname="./test/wasm/WasmTopologyOps.ts" time="0.000" line="161" col="6">
        </testcase>
        <testcase name="scanAvailableConnections: excludes constant target neurons" classname="./test/wasm/WasmTopologyOps.ts" time="0.000" line="182" col="6">
        </testcase>
        <testcase name="scanAvailableConnections: matches CreatureTopology.computeAvailableConnections" classname="./test/wasm/WasmTopologyOps.ts" time="0.000" line="207" col="6">
        </testcase>
        <testcase name="computeReverseTopologicalOrder: output neurons appear first" classname="./test/wasm/WasmTopologyOps.ts" time="0.000" line="228" col="6">
        </testcase>
        <testcase name="computeReverseTopologicalOrder: excludes input neurons" classname="./test/wasm/WasmTopologyOps.ts" time="0.000" line="244" col="6">
        </testcase>
        <testcase name="computeReverseTopologicalOrder: outputs appear before their producers" classname="./test/wasm/WasmTopologyOps.ts" time="0.000" line="258" col="6">
        </testcase>
        <testcase name="computeReverseTopologicalOrder: handles creature with constant neuron" classname="./test/wasm/WasmTopologyOps.ts" time="0.000" line="291" col="6">
        </testcase>
        <testcase name="computeReverseTopologicalOrder: all non-input neurons are included" classname="./test/wasm/WasmTopologyOps.ts" time="0.000" line="304" col="6">
        </testcase>
        <testcase name="computeReverseTopologicalOrder: empty creature returns only output" classname="./test/wasm/WasmTopologyOps.ts" time="0.000" line="319" col="6">
        </testcase>
        <testcase name="computeReverseTopologicalOrder: disconnected neurons still appear" classname="./test/wasm/WasmTopologyOps.ts" time="0.000" line="340" col="6">
        </testcase>
    </testsuite>
    <testsuite name="./test/wasm/WasmUnSquash.ts" tests="36" disabled="0" errors="0" failures="0">
        <testcase name="WASM UnSquash: Module initialisation" classname="./test/wasm/WasmUnSquash.ts" time="0.000" line="79" col="6">
        </testcase>
        <testcase name="WASM UnSquash: Identity" classname="./test/wasm/WasmUnSquash.ts" time="0.000" line="185" col="6">
        </testcase>
        <testcase name="WASM UnSquash: ReLU" classname="./test/wasm/WasmUnSquash.ts" time="0.000" line="200" col="6">
        </testcase>
        <testcase name="WASM UnSquash: ReLU6" classname="./test/wasm/WasmUnSquash.ts" time="0.000" line="217" col="6">
        </testcase>
        <testcase name="WASM UnSquash: LeakyReLU" classname="./test/wasm/WasmUnSquash.ts" time="0.000" line="236" col="6">
        </testcase>
        <testcase name="WASM UnSquash: SELU" classname="./test/wasm/WasmUnSquash.ts" time="0.000" line="251" col="6">
        </testcase>
        <testcase name="WASM UnSquash: ELU" classname="./test/wasm/WasmUnSquash.ts" time="0.000" line="270" col="6">
        </testcase>
        <testcase name="WASM UnSquash: LOGISTIC" classname="./test/wasm/WasmUnSquash.ts" time="0.000" line="286" col="6">
        </testcase>
        <testcase name="WASM UnSquash: TANH" classname="./test/wasm/WasmUnSquash.ts" time="0.000" line="302" col="6">
        </testcase>
        <testcase name="WASM UnSquash: HardTanh" classname="./test/wasm/WasmUnSquash.ts" time="0.000" line="318" col="6">
        </testcase>
        <testcase name="WASM UnSquash: Softsign" classname="./test/wasm/WasmUnSquash.ts" time="0.000" line="337" col="6">
        </testcase>
        <testcase name="WASM UnSquash: Softplus" classname="./test/wasm/WasmUnSquash.ts" time="0.000" line="353" col="6">
        </testcase>
        <testcase name="WASM UnSquash: Swish" classname="./test/wasm/WasmUnSquash.ts" time="0.000" line="368" col="6">
        </testcase>
        <testcase name="WASM UnSquash: Mish" classname="./test/wasm/WasmUnSquash.ts" time="0.000" line="389" col="6">
        </testcase>
        <testcase name="WASM UnSquash: GELU" classname="./test/wasm/WasmUnSquash.ts" time="0.000" line="409" col="6">
        </testcase>
        <testcase name="WASM UnSquash: Sine" classname="./test/wasm/WasmUnSquash.ts" time="0.000" line="429" col="6">
        </testcase>
        <testcase name="WASM UnSquash: Cosine" classname="./test/wasm/WasmUnSquash.ts" time="0.000" line="452" col="6">
        </testcase>
        <testcase name="WASM UnSquash: Tan" classname="./test/wasm/WasmUnSquash.ts" time="0.000" line="475" col="6">
        </testcase>
        <testcase name="WASM UnSquash: ArcTan" classname="./test/wasm/WasmUnSquash.ts" time="0.000" line="486" col="6">
        </testcase>
        <testcase name="WASM UnSquash: Gaussian" classname="./test/wasm/WasmUnSquash.ts" time="0.000" line="502" col="6">
        </testcase>
        <testcase name="WASM UnSquash: BentIdentity" classname="./test/wasm/WasmUnSquash.ts" time="0.000" line="519" col="6">
        </testcase>
        <testcase name="WASM UnSquash: BipolarSigmoid" classname="./test/wasm/WasmUnSquash.ts" time="0.000" line="536" col="6">
        </testcase>
        <testcase name="WASM UnSquash: Bipolar" classname="./test/wasm/WasmUnSquash.ts" time="0.000" line="557" col="6">
        </testcase>
        <testcase name="WASM UnSquash: Step" classname="./test/wasm/WasmUnSquash.ts" time="0.000" line="577" col="6">
        </testcase>
        <testcase name="WASM UnSquash: Complement" classname="./test/wasm/WasmUnSquash.ts" time="0.000" line="592" col="6">
        </testcase>
        <testcase name="WASM UnSquash: Absolute" classname="./test/wasm/WasmUnSquash.ts" time="0.000" line="607" col="6">
        </testcase>
        <testcase name="WASM UnSquash: Square" classname="./test/wasm/WasmUnSquash.ts" time="0.000" line="628" col="6">
        </testcase>
        <testcase name="WASM UnSquash: Cube" classname="./test/wasm/WasmUnSquash.ts" time="0.000" line="649" col="6">
        </testcase>
        <testcase name="WASM UnSquash: Sqrt" classname="./test/wasm/WasmUnSquash.ts" time="0.000" line="660" col="6">
        </testcase>
        <testcase name="WASM UnSquash: StdInverse" classname="./test/wasm/WasmUnSquash.ts" time="0.000" line="679" col="6">
        </testcase>
        <testcase name="WASM UnSquash: Exponential" classname="./test/wasm/WasmUnSquash.ts" time="0.000" line="696" col="6">
        </testcase>
        <testcase name="WASM UnSquash: LogSigmoid" classname="./test/wasm/WasmUnSquash.ts" time="0.000" line="712" col="6">
        </testcase>
        <testcase name="WASM UnSquash: ISRU" classname="./test/wasm/WasmUnSquash.ts" time="0.000" line="727" col="6">
        </testcase>
        <testcase name="WASM UnSquash: Aggregate functions use hint" classname="./test/wasm/WasmUnSquash.ts" time="0.000" line="741" col="6">
        </testcase>
        <testcase name="WASM UnSquash: Comprehensive roundtrip test" classname="./test/wasm/WasmUnSquash.ts" time="0.000" line="771" col="6">
        </testcase>
        <testcase name="WASM UnSquash: Edge cases and numerical stability" classname="./test/wasm/WasmUnSquash.ts" time="0.000" line="864" col="6">
        </testcase>
    </testsuite>
    <testsuite name="./test/wasm/WorkerActivation.ts" tests="1" disabled="0" errors="0" failures="0">
        <testcase name="Creature.activate() works in a Deno Worker without env vars" classname="./test/wasm/WorkerActivation.ts" time="8.375" line="11" col="6">
        </testcase>
    </testsuite>
    <testsuite name="./test/wasm/WorkerMemoryIsolation.ts" tests="3" disabled="0" errors="0" failures="0">
        <testcase name="WorkerMemoryIsolation: worker activates creature and terminates cleanly" classname="./test/wasm/WorkerMemoryIsolation.ts" time="8.994" line="82" col="6">
        </testcase>
        <testcase name="WorkerMemoryIsolation: multiple worker cycles complete without errors" classname="./test/wasm/WorkerMemoryIsolation.ts" time="8.983" line="98" col="6">
        </testcase>
        <testcase name="WorkerMemoryIsolation: worker dispose does not affect parent WASM state" classname="./test/wasm/WorkerMemoryIsolation.ts" time="4.329" line="121" col="6">
        </testcase>
    </testsuite>
    <testsuite name="./test/workers/LongRunningTaskTracking.ts" tests="9" disabled="0" errors="0" failures="0">
        <testcase name="isRunningLongTask: returns false when idle" classname="./test/workers/LongRunningTaskTracking.ts" time="0.001" line="116" col="6">
        </testcase>
        <testcase name="isRunningLongTask: returns true during a long-running task" classname="./test/workers/LongRunningTaskTracking.ts" time="0.000" line="122" col="6">
        </testcase>
        <testcase name="isRunningLongTask: returns false during short-lived tasks" classname="./test/workers/LongRunningTaskTracking.ts" time="0.000" line="143" col="6">
        </testcase>
        <testcase name="isRunningLongTask: tracks multiple concurrent long tasks" classname="./test/workers/LongRunningTaskTracking.ts" time="0.000" line="163" col="6">
        </testcase>
        <testcase name="isRunningLongTask: mixed short and long tasks" classname="./test/workers/LongRunningTaskTracking.ts" time="0.000" line="185" col="6">
        </testcase>
        <testcase name="isRunningLongTask: isBusy behaviour unchanged" classname="./test/workers/LongRunningTaskTracking.ts" time="0.000" line="210" col="6">
        </testcase>
        <testcase name="isRunningLongTask: decrements on init failure (error case)" classname="./test/workers/LongRunningTaskTracking.ts" time="0.000" line="228" col="6">
        </testcase>
        <testcase name="isRunningLongTask: idle → discover → idle transition" classname="./test/workers/LongRunningTaskTracking.ts" time="0.000" line="265" col="6">
        </testcase>
        <testcase name="isRunningLongTask: idle → train → idle transition" classname="./test/workers/LongRunningTaskTracking.ts" time="0.000" line="285" col="6">
        </testcase>
    </testsuite>
    <testsuite name="./test/workers/WasmActivationPayload.ts" tests="7" disabled="0" errors="0" failures="0">
        <testcase name="WasmActivationPayload: isWasmActivationPayloadAvailable returns boolean" classname="./test/workers/WasmActivationPayload.ts" time="0.003" line="15" col="6">
        </testcase>
        <testcase name="WasmActivationPayload: loadWasmActivationInitPayload returns payload or null" classname="./test/workers/WasmActivationPayload.ts" time="0.001" line="20" col="6">
        </testcase>
        <testcase name="WasmActivationPayload: sync loader is idempotent (returns cached payload)" classname="./test/workers/WasmActivationPayload.ts" time="0.000" line="41" col="6">
        </testcase>
        <testcase name="WasmActivationPayload: async loader returns payload" classname="./test/workers/WasmActivationPayload.ts" time="0.000" line="56" col="6">
        </testcase>
        <testcase name="WasmActivationPayload: async loader de-duplicates concurrent calls" classname="./test/workers/WasmActivationPayload.ts" time="0.000" line="63" col="6">
        </testcase>
        <testcase name="WasmActivationPayload: fetchWasmForWorkers completes without error" classname="./test/workers/WasmActivationPayload.ts" time="0.000" line="79" col="6">
        </testcase>
        <testcase name="WasmActivationPayload: availability matches sync load result" classname="./test/workers/WasmActivationPayload.ts" time="0.000" line="87" col="6">
        </testcase>
    </testsuite>
    <testsuite name="./test/workers/WasmWorkerInit.ts" tests="5" disabled="0" errors="0" failures="0">
        <testcase name="WasmWorkerInit: returns without error when payload missing and WASM not required" classname="./test/workers/WasmWorkerInit.ts" time="0.001" line="16" col="6">
        </testcase>
        <testcase name="WasmWorkerInit: idempotent when WASM already initialised" classname="./test/workers/WasmWorkerInit.ts" time="0.000" line="21" col="6">
        </testcase>
        <testcase name="WasmWorkerInit: idempotent with both required values" classname="./test/workers/WasmWorkerInit.ts" time="0.000" line="28" col="6">
        </testcase>
        <testcase name="WasmWorkerInit: WasmError has correct shape for missing payload" classname="./test/workers/WasmWorkerInit.ts" time="0.000" line="34" col="6">
        </testcase>
        <testcase name="WasmWorkerInit: WasmError has correct shape for init failure" classname="./test/workers/WasmWorkerInit.ts" time="0.000" line="47" col="6">
        </testcase>
    </testsuite>
    <testsuite name="./test/workers/Worker.ts" tests="4" disabled="0" errors="0" failures="0">
        <testcase name="busyWorker" classname="./test/workers/Worker.ts" time="1.012" line="6" col="6">
        </testcase>
        <testcase name="busyDirect" classname="./test/workers/Worker.ts" time="1.005" line="25" col="6">
        </testcase>
        <testcase name="idleListener is called when worker becomes idle" classname="./test/workers/Worker.ts" time="0.018" line="30" col="6">
        </testcase>
        <testcase name="deferred requests are queued while worker initializes" classname="./test/workers/Worker.ts" time="0.013" line="58" col="6">
        </testcase>
    </testsuite>
    <testsuite name="./test/workers/WorkerHandlerBase.ts" tests="8" disabled="0" errors="0" failures="0">
        <testcase name="WorkerHandlerBase: starts not busy" classname="./test/workers/WorkerHandlerBase.ts" time="0.001" line="95" col="6">
        </testcase>
        <testcase name="WorkerHandlerBase: makePromise increments busyCount and resolves" classname="./test/workers/WorkerHandlerBase.ts" time="0.000" line="105" col="6">
        </testcase>
        <testcase name="WorkerHandlerBase: idle listener fires when work completes" classname="./test/workers/WorkerHandlerBase.ts" time="0.000" line="130" col="6">
        </testcase>
        <testcase name="WorkerHandlerBase: makePromiseDeferred waits for ready" classname="./test/workers/WorkerHandlerBase.ts" time="0.000" line="154" col="6">
        </testcase>
        <testcase name="WorkerHandlerBase: makePromiseDeferred rejects when init fails" classname="./test/workers/WorkerHandlerBase.ts" time="0.001" line="185" col="6">
        </testcase>
        <testcase name="WorkerHandlerBase: terminate cleans up resources" classname="./test/workers/WorkerHandlerBase.ts" time="0.000" line="209" col="6">
        </testcase>
        <testcase name="WorkerHandlerBase: multiple concurrent tasks track busyCount" classname="./test/workers/WorkerHandlerBase.ts" time="0.000" line="229" col="6">
        </testcase>
        <testcase name="WorkerHandlerBase: waitUntilReady resolves after init" classname="./test/workers/WorkerHandlerBase.ts" time="0.000" line="256" col="6">
        </testcase>
    </testsuite>
    <testsuite name="./test/workers/WorkerHandlerBaseInitTimeout.ts" tests="5" disabled="0" errors="0" failures="0">
        <testcase name="getInitTimeoutMs: returns default 60000 when env not set" classname="./test/workers/WorkerHandlerBaseInitTimeout.ts" time="0.000" line="9" col="6">
        </testcase>
        <testcase name="getInitTimeoutMs: returns custom value from env" classname="./test/workers/WorkerHandlerBaseInitTimeout.ts" time="0.000" line="22" col="6">
        </testcase>
        <testcase name="getInitTimeoutMs: returns default for values below 1000" classname="./test/workers/WorkerHandlerBaseInitTimeout.ts" time="0.000" line="37" col="6">
        </testcase>
        <testcase name="getInitTimeoutMs: returns default for non-numeric env value" classname="./test/workers/WorkerHandlerBaseInitTimeout.ts" time="0.000" line="52" col="6">
        </testcase>
        <testcase name="getInitTimeoutMs: returns default for empty string" classname="./test/workers/WorkerHandlerBaseInitTimeout.ts" time="0.000" line="67" col="6">
        </testcase>
    </testsuite>
    <testsuite name="./test/workers/workerEntryPoint.ts" tests="3" disabled="0" errors="0" failures="0">
        <testcase name="workerEntryPoint: echo message processing round-trip via MockWorker" classname="./test/workers/workerEntryPoint.ts" time="0.007" line="42" col="6">
        </testcase>
        <testcase name="workerEntryPoint: error response includes taskID for unknown message type" classname="./test/workers/workerEntryPoint.ts" time="0.002" line="55" col="6">
        </testcase>
        <testcase name="workerEntryPoint: init message error response includes status" classname="./test/workers/workerEntryPoint.ts" time="0.000" line="67" col="6">
        </testcase>
    </testsuite>
</testsuites>
